Component: ARM Compiler 5.06 update 7 (build 960) Tool: armlink [4d3601]

==============================================================================

Section Cross References

    stm32f4xx_it.o(.text) refers to stm32f4xx_usart.o(.text) for USART_GetITStatus
    stm32f4xx_it.o(.text) refers to stm32f4xx_dma.o(.text) for DMA_ClearITPendingBit
    stm32f4xx_it.o(.text) refers to main.o(.text) for get_Gamepad_Bluetouch
    stm32f4xx_it.o(.text) refers to stm32f4xx_tim.o(.text) for TIM_ClearITPendingBit
    stm32f4xx_it.o(.text) refers to stm32f4xx_exti.o(.text) for EXTI_GetITStatus
    stm32f4xx_it.o(.text) refers to stm32f4xx_gpio.o(.text) for GPIO_ToggleBits
    stm32f4xx_it.o(.text) refers to main.o(.bss) for RX_USART1
    stm32f4xx_it.o(.text) refers to main.o(.data) for IMU
    stm32f4xx_it.o(.text) refers to main.o(.data) for NGHIENG
    stm32f4xx_it.o(.text) refers to main.o(.data) for DO_LON
    stm32f4xx_it.o(.text) refers to main.o(.data) for num_over_t5
    stm32f4xx_it.o(.text) refers to main.o(.data) for sieu_am
    main.o(.text) refers to strlen.o(.text) for strlen
    main.o(.text) refers to stm32f4xx_dma.o(.text) for DMA_Cmd
    main.o(.text) refers to stm32f4xx_usart.o(.text) for USART_SendData
    main.o(.text) refers to printf3.o(i.__0sprintf$3) for __2sprintf
    main.o(.text) refers to strcat.o(.text) for strcat
    main.o(.text) refers to stm32f4xx_gpio.o(.text) for GPIO_ReadInputDataBit
    main.o(.text) refers to main.o(.bss) for .bss
    main.o(.text) refers to stm32f4xx_tim.o(.text) for TIM_GetCounter
    main.o(.text) refers to stm32f4xx_rcc.o(.text) for RCC_AHB1PeriphClockCmd
    main.o(.text) refers to misc.o(.text) for NVIC_PriorityGroupConfig
    main.o(.text) refers to main.o(.data) for .data
    main.o(.text) refers to stm32f4xx_adc.o(.text) for ADC_CommonInit
    main.o(.text) refers to stm32f4xx_syscfg.o(.text) for SYSCFG_EXTILineConfig
    main.o(.text) refers to stm32f4xx_exti.o(.text) for EXTI_Init
    main.o(.text) refers to dflti.o(.text) for __aeabi_i2d
    main.o(.text) refers to dmul.o(.text) for __aeabi_dmul
    main.o(.text) refers to dadd.o(.text) for __aeabi_dsub
    main.o(.text) refers to ddiv.o(.text) for __aeabi_ddiv
    main.o(.text) refers to d2f.o(.text) for __aeabi_d2f
    main.o(.text) refers to f2d.o(.text) for __aeabi_f2d
    main.o(.text) refers to sin.o(i.__hardfp_sin) for __hardfp_sin
    main.o(.text) refers to tasks.o(.text) for vTaskDelay
    system_stm32f4xx.o(.text) refers to system_stm32f4xx.o(.data) for .data
    startup_stm32f4xx.o(RESET) refers to startup_stm32f4xx.o(STACK) for __initial_sp
    startup_stm32f4xx.o(RESET) refers to startup_stm32f4xx.o(.text) for Reset_Handler
    startup_stm32f4xx.o(RESET) refers to stm32f4xx_it.o(.text) for NMI_Handler
    startup_stm32f4xx.o(RESET) refers to port.o(.emb_text) for SVC_Handler
    startup_stm32f4xx.o(RESET) refers to port.o(.text) for SysTick_Handler
    startup_stm32f4xx.o(.text) refers to system_stm32f4xx.o(.text) for SystemInit
    startup_stm32f4xx.o(.text) refers to entry.o(.ARM.Collect$$$$00000000) for __main
    stm32f4xx_gpio.o(.text) refers to stm32f4xx_rcc.o(.text) for RCC_AHB1PeriphResetCmd
    stm32f4xx_rcc.o(.text) refers to stm32f4xx_rcc.o(.data) for .data
    stm32f4xx_adc.o(.text) refers to stm32f4xx_rcc.o(.text) for RCC_APB2PeriphResetCmd
    stm32f4xx_spi.o(.text) refers to stm32f4xx_rcc.o(.text) for RCC_APB2PeriphResetCmd
    stm32f4xx_tim.o(.text) refers to stm32f4xx_rcc.o(.text) for RCC_APB2PeriphResetCmd
    stm32f4xx_usart.o(.text) refers to stm32f4xx_rcc.o(.text) for RCC_APB2PeriphResetCmd
    stm32f4xx_syscfg.o(.text) refers to stm32f4xx_rcc.o(.text) for RCC_APB2PeriphResetCmd
    stm32f4xx_i2c.o(.text) refers to stm32f4xx_rcc.o(.text) for RCC_APB1PeriphResetCmd
    croutine.o(.text) refers to heap_2.o(.text) for pvPortMalloc
    croutine.o(.text) refers to list.o(.text) for vListInitialise
    croutine.o(.text) refers to tasks.o(.text) for xTaskGetTickCount
    croutine.o(.text) refers to port.o(.emb_text) for ulPortSetInterruptMask
    croutine.o(.text) refers to croutine.o(.data) for .data
    croutine.o(.text) refers to croutine.o(.bss) for .bss
    queue.o(.text) refers to port.o(.text) for vPortEnterCritical
    queue.o(.text) refers to list.o(.text) for vListInitialise
    queue.o(.text) refers to port.o(.emb_text) for ulPortSetInterruptMask
    queue.o(.text) refers to tasks.o(.text) for xTaskRemoveFromEventList
    queue.o(.text) refers to heap_2.o(.text) for pvPortMalloc
    queue.o(.text) refers to memcpya.o(.text) for __aeabi_memcpy
    queue.o(.text) refers to queue.o(.bss) for .bss
    timers.o(.text) refers to list.o(.text) for vListInsert
    timers.o(.text) refers to queue.o(.text) for xQueueGenericSendFromISR
    timers.o(.text) refers to tasks.o(.text) for xTaskGetSchedulerState
    timers.o(.text) refers to port.o(.text) for vPortEnterCritical
    timers.o(.text) refers to port.o(.emb_text) for ulPortSetInterruptMask
[...]
    .data                                    0x200001a0   Section        4  main.o(.data)
    .data                                    0x200001a4   Section        4  main.o(.data)
    .data                                    0x200001a8   Section        4  main.o(.data)
    .data                                    0x200001ac   Section        4  main.o(.data)
    .data                                    0x200001b0   Section       20  system_stm32f4xx.o(.data)
    .data                                    0x200001c4   Section       16  stm32f4xx_rcc.o(.data)
    APBAHBPrescTable                         0x200001c4   Data          16  stm32f4xx_rcc.o(.data)
    .data                                    0x200001d4   Section       16  timers.o(.data)
    xTimerQueue                              0x200001d4   Data           4  timers.o(.data)
    xLastTime                                0x200001d8   Data           4  timers.o(.data)
    pxCurrentTimerList                       0x200001dc   Data           4  timers.o(.data)
    pxOverflowTimerList                      0x200001e0   Data           4  timers.o(.data)
    .data                                    0x200001e4   Section        4  port.o(.data)
    uxCriticalNesting                        0x200001e4   Data           4  port.o(.data)
    .data                                    0x200001e8   Section       24  heap_2.o(.data)
    xFreeBytesRemaining                      0x200001e8   Data           4  heap_2.o(.data)
    xHeapHasBeenInitialised                  0x200001ec   Data           4  heap_2.o(.data)
    xStart                                   0x200001f0   Data           8  heap_2.o(.data)
    xEnd                                     0x200001f8   Data           8  heap_2.o(.data)
    .data                                    0x20000200   Section       60  tasks.o(.data)
    uxTasksDeleted                           0x20000204   Data           4  tasks.o(.data)
    uxCurrentNumberOfTasks                   0x20000208   Data           4  tasks.o(.data)
    xTickCount                               0x2000020c   Data           4  tasks.o(.data)
    uxTopUsedPriority                        0x20000210   Data           4  tasks.o(.data)
    uxTopReadyPriority                       0x20000214   Data           4  tasks.o(.data)
    xSchedulerRunning                        0x20000218   Data           4  tasks.o(.data)
    uxSchedulerSuspended                     0x2000021c   Data           4  tasks.o(.data)
    uxMissedTicks                            0x20000220   Data           4  tasks.o(.data)
    xMissedYield                             0x20000224   Data           4  tasks.o(.data)
    xNumOfOverflows                          0x20000228   Data           4  tasks.o(.data)
    uxTaskNumber                             0x2000022c   Data           4  tasks.o(.data)
    xNextTaskUnblockTime                     0x20000230   Data           4  tasks.o(.data)
    pxDelayedTaskList                        0x20000234   Data           4  tasks.o(.data)
    pxOverflowDelayedTaskList                0x20000238   Data           4  tasks.o(.data)
    .data                                    0x2000023c   Section        4  errno.o(.data)
    _errno                                   0x2000023c   Data           4  errno.o(.data)
    .bss                                     0x20000240   Section      256  main.o(.bss)
    .bss                                     0x20000340   Section       64  queue.o(.bss)
    .bss                                     0x20000380   Section       40  timers.o(.bss)
    xActiveTimerList1                        0x20000380   Data          20  timers.o(.bss)
    xActiveTimerList2                        0x20000394   Data          20  timers.o(.bss)
    .bss                                     0x200003a8   Section    10240  heap_2.o(.bss)
    xHeap                                    0x200003a8   Data       10240  heap_2.o(.bss)
    .bss                                     0x20002ba8   Section      240  tasks.o(.bss)
    pcStatusString                           0x20002ba8   Data          40  tasks.o(.bss)
    pxReadyTasksLists                        0x20002bd0   Data         100  tasks.o(.bss)
    xDelayedTaskList1                        0x20002c34   Data          20  tasks.o(.bss)
    xDelayedTaskList2                        0x20002c48   Data          20  tasks.o(.bss)
    xPendingReadyList                        0x20002c5c   Data          20  tasks.o(.bss)
    xTasksWaitingTermination                 0x20002c70   Data          20  tasks.o(.bss)
    xSuspendedTaskList                       0x20002c84   Data          20  tasks.o(.bss)
    STACK                                    0x20002c98   Section     1024  startup_stm32f4xx.o(STACK)

    Global Symbols

    Symbol Name                              Value     Ov Type        Size  Object(Section)

    BuildAttributes$$THM_ISAv4$E$P$D$K$B$S$7EM$VFPi3$EXTD16$VFPS$VFMA$PE$A:L22UL41UL21$X:L11$S22US41US21$IEEE1$IW$USESV6$~STKCKD$USESV7$~SHL$OTIME$ROPI$IEEEX$EBA8$MICROLIB$REQ8$PRES8$EABIv2 0x00000000   Number         0  anon$$obj.o ABSOLUTE
    __ARM_use_no_argv                        0x00000000   Number         0  main.o ABSOLUTE
    _printf_a                                0x00000000   Number         0  stubs.o ABSOLUTE
    _printf_c                                0x00000000   Number         0  stubs.o ABSOLUTE
    _printf_charcount                        0x00000000   Number         0  stubs.o ABSOLUTE
    _printf_d                                0x00000000   Number         0  stubs.o ABSOLUTE
    _printf_e                                0x00000000   Number         0  stubs.o ABSOLUTE
    _printf_f                                0x00000000   Number         0  stubs.o ABSOLUTE
    _printf_flags                            0x00000000   Number         0  stubs.o ABSOLUTE
    _printf_fp_dec                           0x00000000   Number         0  stubs.o ABSOLUTE
    _printf_fp_hex                           0x00000000   Number         0  stubs.o ABSOLUTE
    _printf_g                                0x00000000   Number         0  stubs.o ABSOLUTE
    _printf_i                                0x00000000   Number         0  stubs.o ABSOLUTE
    _printf_int_dec                          0x00000000   Number         0  stubs.o ABSOLUTE
    _printf_l                                0x00000000   Number         0  stubs.o ABSOLUTE
    _printf_lc                               0x00000000   Number         0  stubs.o ABSOLUTE
    _printf_ll                               0x00000000   Number         0  stubs.o ABSOLUTE
    _printf_lld                              0x00000000   Number         0  stubs.o ABSOLUTE
    _printf_lli                              0x00000000   Number         0  stubs.o ABSOLUTE
    _printf_llo                              0x00000000   Number         0  stubs.o ABSOLUTE
    _printf_llu                              0x00000000   Number         0  stubs.o ABSOLUTE
    _printf_llx                              0x00000000   Number         0  stubs.o ABSOLUTE
    _printf_longlong_dec                     0x00000000   Number         0  stubs.o ABSOLUTE
    _printf_longlong_hex                     0x00000000   Number         0  stubs.o ABSOLUTE
    _printf_longlong_oct                     0x00000000   Number         0  stubs.o ABSOLUTE
    _printf_ls                               0x00000000   Number         0  stubs.o ABSOLUTE
    _printf_mbtowc                           0x00000000   Number         0  stubs.o ABSOLUTE
    _printf_n                                0x00000000   Number         0  stubs.o ABSOLUTE
    _printf_o                                0x00000000   Number         0  stubs.o ABSOLUTE
    _printf_p                                0x00000000   Number         0  stubs.o ABSOLUTE
    _printf_percent                          0x00000000   Number         0  stubs.o ABSOLUTE
    _printf_pre_padding                      0x00000000   Number         0  stubs.o ABSOLUTE
    _printf_return_value                     0x00000000   Number         0  stubs.o ABSOLUTE
    _printf_s                                0x00000000   Number         0  stubs.o ABSOLUTE
    _printf_sizespec                         0x00000000   Number         0  stubs.o ABSOLUTE
    _printf_str                              0x00000000   Number         0  stubs.o ABSOLUTE
    _printf_truncate_signed                  0x00000000   Number         0  stubs.o ABSOLUTE
    _printf_truncate_unsigned                0x00000000   Number         0  stubs.o ABSOLUTE
    _printf_u                                0x00000000   Number         0  stubs.o ABSOLUTE
    _printf_wc                               0x00000000   Number         0  stubs.o ABSOLUTE
    _printf_wctomb                           0x00000000   Number         0  stubs.o ABSOLUTE
    _printf_widthprec                        0x00000000   Number         0  stubs.o ABSOLUTE
    _printf_x                                0x00000000   Number         0  stubs.o ABSOLUTE
    __arm_fini_                               - Undefined Weak Reference
    __cpp_initialize__aeabi_                  - Undefined Weak Reference
    __cxa_finalize                            - Undefined Weak Reference
    _clock_init                               - Undefined Weak Reference
    _microlib_exit                            - Undefined Weak Reference
    __Vectors_Size                           0x00000188   Number         0  startup_stm32f4xx.o ABSOLUTE
    __Vectors                                0x08000000   Data           4  startup_stm32f4xx.o(RESET)
    __Vectors_End                            0x08000188   Data           0  startup_stm32f4xx.o(RESET)
    __main                                   0x08000189   Thumb Code     0  entry.o(.ARM.Collect$$$$00000000)
    _main_stk                                0x08000189   Thumb Code     0  entry2.o(.ARM.Collect$$$$00000001)
    _main_scatterload                        0x0800018d   Thumb Code     0  entry5.o(.ARM.Collect$$$$00000004)
    __main_after_scatterload                 0x08000191   Thumb Code     0  entry5.o(.ARM.Collect$$$$00000004)
    _main_clock                              0x08000191   Thumb Code     0  entry7b.o(.ARM.Collect$$$$00000008)
    _main_cpp_init                           0x08000191   Thumb Code     0  entry8b.o(.ARM.Collect$$$$0000000A)
    _main_init                               0x08000191   Thumb Code     0  entry9a.o(.ARM.Collect$$$$0000000B)
    __rt_lib_shutdown_fini                   0x08000199   Thumb Code     0  entry12b.o(.ARM.Collect$$$$0000000E)
    __rt_final_cpp                           0x0800019d   Thumb Code     0  entry10a.o(.ARM.Collect$$$$0000000F)
    __rt_final_exit                          0x0800019d   Thumb Code     0  entry11a.o(.ARM.Collect$$$$00000011)
    SVC_Handler                              0x080001a1   Thumb Code    24  port.o(.emb_text)
    __asm___6_port_c_39a90d8d__prvStartFirstTask 0x080001bd   Thumb Code    16  port.o(.emb_text)
    __asm___6_port_c_39a90d8d__prvEnableVFP  0x080001d1   Thumb Code    16  port.o(.emb_text)
    PendSV_Handler                           0x080001e5   Thumb Code    76  port.o(.emb_text)
    ulPortSetInterruptMask                   0x08000235   Thumb Code    14  port.o(.emb_text)
    vPortClearInterruptMask                  0x08000243   Thumb Code     6  port.o(.emb_text)
    NMI_Handler                              0x08000249   Thumb Code     2  stm32f4xx_it.o(.text)
    HardFault_Handler                        0x0800024b   Thumb Code     2  stm32f4xx_it.o(.text)
    MemManage_Handler                        0x0800024d   Thumb Code     2  stm32f4xx_it.o(.text)
    BusFault_Handler                         0x0800024f   Thumb Code     2  stm32f4xx_it.o(.text)
    UsageFault_Handler                       0x08000251   Thumb Code     2  stm32f4xx_it.o(.text)
    DebugMon_Handler                         0x08000253   Thumb Code     2  stm32f4xx_it.o(.text)
    USART1_IRQHandler                        0x08000259   Thumb Code    32  stm32f4xx_it.o(.text)
    DMA1_Stream4_IRQHandler                  0x08000279   Thumb Code     8  stm32f4xx_it.o(.text)
    DMA1_Stream6_IRQHandler                  0x08000281   Thumb Code    34  stm32f4xx_it.o(.text)
    DMA2_Stream2_IRQHandler                  0x080002a3   Thumb Code    50  stm32f4xx_it.o(.text)
    DMA2_Stream5_IRQHandler                  0x080002d5   Thumb Code    10  stm32f4xx_it.o(.text)
    DMA1_Stream1_IRQHandler                  0x080002df   Thumb Code    62  stm32f4xx_it.o(.text)
    DMA1_Stream0_IRQHandler                  0x0800031d   Thumb Code    34  stm32f4xx_it.o(.text)
    DMA1_Stream7_IRQHandler                  0x0800033f   Thumb Code    42  stm32f4xx_it.o(.text)
    DMA1_Stream2_IRQHandler                  0x08000369   Thumb Code    10  stm32f4xx_it.o(.text)
    TIM6_DAC_IRQHandler                      0x08000373   Thumb Code     8  stm32f4xx_it.o(.text)
    TIM7_IRQHandler                          0x0800037b   Thumb Code    18  stm32f4xx_it.o(.text)
    TIM1_UP_TIM10_IRQHandler                 0x0800038d   Thumb Code    32  stm32f4xx_it.o(.text)
    TIM1_TRG_COM_TIM11_IRQHandler            0x080003ad   Thumb Code     2  stm32f4xx_it.o(.text)
    TIM2_IRQHandler                          0x080003af   Thumb Code    32  stm32f4xx_it.o(.text)
    TIM3_IRQHandler                          0x080003cf   Thumb Code    32  stm32f4xx_it.o(.text)
    TIM4_IRQHandler                          0x080003ef   Thumb Code    32  stm32f4xx_it.o(.text)
    TIM5_IRQHandler                          0x0800040f   Thumb Code    32  stm32f4xx_it.o(.text)
    SPI1_IRQHandler                          0x0800042f   Thumb Code     2  stm32f4xx_it.o(.text)
    SPI3_IRQHandler                          0x08000431   Thumb Code     2  stm32f4xx_it.o(.text)
    EXTI2_IRQHandler                         0x08000433   Thumb Code    76  stm32f4xx_it.o(.text)
    EXTI3_IRQHandler                         0x0800047f   Thumb Code     2  stm32f4xx_it.o(.text)
    HMI_ky_tu                                0x080004fd   Thumb Code    36  main.o(.text)
    HMISends                                 0x08000521   Thumb Code    40  main.o(.text)
    HMISendb                                 0x08000549   Thumb Code    42  main.o(.text)
    gui_so                                   0x08000573   Thumb Code   120  main.o(.text)
    gui_chu                                  0x080005eb   Thumb Code    58  main.o(.text)
    HMI_DMI                                  0x08000625   Thumb Code   190  main.o(.text)
    HMI_PUTS                                 0x080006e3   Thumb Code   182  main.o(.text)
    gui_line                                 0x08000799   Thumb Code   300  main.o(.text)
    HMI_PUT_j                                0x080008c5   Thumb Code   222  main.o(.text)
    ENCODER_FL                               0x080009a3   Thumb Code    84  main.o(.text)
    ENCODER_FR                               0x080009f7   Thumb Code    80  main.o(.text)
    ENCODER_TONG                             0x08000a47   Thumb Code    28  main.o(.text)
    delay_us                                 0x08000a63   Thumb Code    24  main.o(.text)
    delay_ms                                 0x08000a7b   Thumb Code    24  main.o(.text)
    Config_out_mode                          0x08000a93   Thumb Code   102  main.o(.text)
    Config_in_mode                           0x08000af9   Thumb Code    90  main.o(.text)
    Config_int_time6                         0x08000b53   Thumb Code   112  main.o(.text)
    Config_int_time7                         0x08000bc3   Thumb Code   114  main.o(.text)
    Config_pwm_time_t8                       0x08000c35   Thumb Code   208  main.o(.text)
    Config_pwm_time_t5                       0x08000d05   Thumb Code   244  main.o(.text)
    Config_pwm_time_t4                       0x08000df9   Thumb Code   198  main.o(.text)
    Config_pwm_time_t9                       0x08000ebf   Thumb Code   186  main.o(.text)
    Config_encoder_timer2_timer3             0x08000f79   Thumb Code   374  main.o(.text)
    Config_encoder_timer1                    0x080010ef   Thumb Code   272  main.o(.text)
    Config_encoder_timer4                    0x080011ff   Thumb Code   236  main.o(.text)
    Config_encoder_timer5                    0x080012eb   Thumb Code   228  main.o(.text)
    Config_ADC1_DMA                          0x080013cf   Thumb Code   314  main.o(.text)
    Config_int_uart1_rx                      0x08001509   Thumb Code    40  main.o(.text)
    UART1_DMA_RX                             0x08001531   Thumb Code   306  main.o(.text)
    UART2_DMA_TX                             0x08001663   Thumb Code   268  main.o(.text)
    UART3_DMA_RX                             0x0800176f   Thumb Code   268  main.o(.text)
    UART4_DMA_RX                             0x0800187b   Thumb Code   266  main.o(.text)
    UART5_DMA_TX                             0x08001985   Thumb Code   338  main.o(.text)
    ngat_ngoai                               0x08001ad7   Thumb Code   104  main.o(.text)
    SEND_UART                                0x08001b3f   Thumb Code   106  main.o(.text)
    RESET_ENCODER_CHAY                       0x08001ba9   Thumb Code    20  main.o(.text)
    RESET_ENCODER                            0x08001bbd   Thumb Code    34  main.o(.text)
    RESET_ENCODER_XOAY                       0x08001bdf   Thumb Code    14  main.o(.text)
    RESET_ENCODER_BAN                        0x08001bed   Thumb Code    12  main.o(.text)
    run_read_gyro_uart1                      0x08001bf9   Thumb Code    40  main.o(.text)
    run_read_gyro_uart3                      0x08001c21   Thumb Code    40  main.o(.text)
    HMI_TRAN                                 0x08001c49   Thumb Code  1456  main.o(.text)
    DATA_SPEED_RUN_LOOP                      0x080021f9   Thumb Code     8  main.o(.text)
    HMI_RUN_LOOP                             0x08002201   Thumb Code    28  main.o(.text)
    SPIxmit                                  0x0800221d   Thumb Code   100  main.o(.text)
    gp_update_btn                            0x08002281   Thumb Code   108  main.o(.text)
    gp_get_mode                              0x080022ed   Thumb Code    58  main.o(.text)
    get_Gamepad_Bluetouch                    0x08002327   Thumb Code    68  main.o(.text)
    fixError_Gamepad_Bluetouch               0x0800236b   Thumb Code    50  main.o(.text)
    gp_get_mode_uart                         0x0800239d   Thumb Code     8  main.o(.text)
    wantExit                                 0x080023a5   Thumb Code    18  main.o(.text)
    choBanTay                                0x080023b7   Thumb Code    18  main.o(.text)
    setMotor                                 0x080023c9   Thumb Code   130  main.o(.text)
    setAllMotor                              0x0800244b   Thumb Code    10  main.o(.text)
    robotLock                                0x08002455   Thumb Code    10  main.o(.text)
    robotIsStop                              0x0800245f   Thumb Code    28  main.o(.text)
    robotIsRun                               0x0800247b   Thumb Code    22  main.o(.text)
    robotResetIMU                            0x08002491   Thumb Code     4  main.o(.text)
    robotAngle                               0x08002495   Thumb Code    10  main.o(.text)
    roundF                                   0x0800249f   Thumb Code    36  main.o(.text)
    fixMotorValue                            0x080024c3   Thumb Code   114  main.o(.text)
    absF                                     0x08002535   Thumb Code    16  main.o(.text)
    absI                                     0x08002545   Thumb Code     8  main.o(.text)
    giaToc                                   0x0800254d   Thumb Code    42  main.o(.text)
    maxF3                                    0x08002577   Thumb Code    94  main.o(.text)
    robotSpeed                               0x080025d5   Thumb Code     8  main.o(.text)
    robotFixAngle                            0x080025dd   Thumb Code     8  main.o(.text)
    calculateMotor                           0x080025e5   Thumb Code   424  main.o(.text)
    robotStop                                0x0800278d   Thumb Code    48  main.o(.text)
    robotRotateStop                          0x080027bd   Thumb Code    50  main.o(.text)
    robotSetACC                              0x080027ef   Thumb Code    14  main.o(.text)
    robotCurve                               0x080027fd   Thumb Code   102  main.o(.text)
    robotRotate                              0x08002863   Thumb Code   112  main.o(.text)
    robotRotateFree                          0x080028d3   Thumb Code     8  main.o(.text)
    robotRun                                 0x080028db   Thumb Code     6  main.o(.text)
    robotRunAngle                            0x080028e1   Thumb Code   216  main.o(.text)
    robotAngleAnalytics                      0x080029b9   Thumb Code   108  main.o(.text)
    robotDirectionAnalytics                  0x08002a25   Thumb Code   396  main.o(.text)
    ac_Stop                                  0x08002bb1   Thumb Code    60  main.o(.text)
    ac_SpeedACC                              0x08002bed   Thumb Code    24  main.o(.text)
    robotAnalytics                           0x08002c05   Thumb Code   176  main.o(.text)
    Bam_thanh_laser_phai                     0x08002cb5   Thumb Code    84  main.o(.text)
    Bam_thanh_laser_phai_lui                 0x08002d09   Thumb Code   100  main.o(.text)
    Bam_thanh_laser_trai                     0x08002d6d   Thumb Code    84  main.o(.text)
    Bam_thanh_laser_trai_lui                 0x08002dc1   Thumb Code    92  main.o(.text)
    robotGamePadControl                      0x08002e1d   Thumb Code   396  main.o(.text)
    ADCValue_Control                         0x08002fa9   Thumb Code   292  main.o(.text)
    Cho_Mam_Xoay                             0x080030cd   Thumb Code    28  main.o(.text)
    bam_Thanh_Lazer_Trai_0do                 0x080030e9   Thumb Code    74  main.o(.text)
    bam_Thanh_Lazer_Trai_SAN_XANH            0x08003133   Thumb Code    74  main.o(.text)
    bam_Thanh_Lazer_Trai                     0x0800317d   Thumb Code    62  main.o(.text)
    bam_Thanh_Lazer_Phai                     0x080031bb   Thumb Code    62  main.o(.text)
    test_cylinder                            0x080031f9   Thumb Code    70  main.o(.text)
    giu_Mam_Xoay                             0x0800323f   Thumb Code   104  main.o(.text)
    Quay_mam                                 0x080032a7   Thumb Code    46  main.o(.text)
    Di_Chuyen_Truc_X                         0x080032d5   Thumb Code    34  main.o(.text)
    Quay_Mam                                 0x080032f7   Thumb Code    34  main.o(.text)
    Giu_Truc_Y                               0x08003319   Thumb Code   104  main.o(.text)
    Nang_ha_Y                                0x08003381   Thumb Code    46  main.o(.text)
    Giu_Truc_X                               0x080033af   Thumb Code   104  main.o(.text)
    Ra_vao_X                                 0x08003417   Thumb Code    46  main.o(.text)
    GAP_BONG                                 0x08003445   Thumb Code    96  main.o(.text)
    USART_SendSTRING                         0x080034a5   Thumb Code   102  main.o(.text)
    DO_BONG                                  0x0800350b   Thumb Code   202  main.o(.text)
    TimBongTuDo_OLD                          0x080035d5   Thumb Code   862  main.o(.text)
    TimBongTuDo                              0x08003933   Thumb Code   924  main.o(.text)
    Tha_Bong_Vao_Silo                        0x08003ccf   Thumb Code   386  main.o(.text)
    Chay_Bo_Bong                             0x08003e51   Thumb Code   186  main.o(.text)
    XUAT_PHAT_SAN_XANH                       0x08003f0b   Thumb Code   522  main.o(.text)
    retry_sanxanh                            0x08004115   Thumb Code   364  main.o(.text)
    ThaBong_Xanh                             0x08004281   Thumb Code   670  main.o(.text)
    Ve_gap_bong_xanh                         0x0800451f   Thumb Code   376  main.o(.text)
    XUAT_PHAT_SAN_DO                         0x08004697   Thumb Code   480  main.o(.text)
    retry_sando                              0x08004877   Thumb Code   354  main.o(.text)
    ThaBong_Do                               0x080049d9   Thumb Code   716  main.o(.text)
    Ve_gap_bong_do                           0x08004ca5   Thumb Code   322  main.o(.text)
    main                                     0x08005081   Thumb Code    80  main.o(.text)
    SystemInit                               0x080051a7   Thumb Code    62  system_stm32f4xx.o(.text)
    SystemCoreClockUpdate                    0x080051e5   Thumb Code   108  system_stm32f4xx.o(.text)
    Reset_Handler                            0x08005275   Thumb Code     8  startup_stm32f4xx.o(.text)
    ADC_IRQHandler                           0x0800528f   Thumb Code     0  startup_stm32f4xx.o(.text)
    CAN1_RX0_IRQHandler                      0x0800528f   Thumb Code     0  startup_stm32f4xx.o(.text)
    CAN1_RX1_IRQHandler                      0x0800528f   Thumb Code     0  startup_stm32f4xx.o(.text)
    CAN1_SCE_IRQHandler                      0x0800528f   Thumb Code     0  startup_stm32f4xx.o(.text)
    CAN1_TX_IRQHandler                       0x0800528f   Thumb Code     0  startup_stm32f4xx.o(.text)
    CAN2_RX0_IRQHandler                      0x0800528f   Thumb Code     0  startup_stm32f4xx.o(.text)
    CAN2_RX1_IRQHandler                      0x0800528f   Thumb Code     0  startup_stm32f4xx.o(.text)
    CAN2_SCE_IRQHandler                      0x0800528f   Thumb Code     0  startup_stm32f4xx.o(.text)
    CAN2_TX_IRQHandler                       0x0800528f   Thumb Code     0  startup_stm32f4xx.o(.text)
    CRYP_IRQHandler                          0x0800528f   Thumb Code     0  startup_stm32f4xx.o(.text)
    DCMI_IRQHandler                          0x0800528f   Thumb Code     0  startup_stm32f4xx.o(.text)
    DMA1_Stream3_IRQHandler                  0x0800528f   Thumb Code     0  startup_stm32f4xx.o(.text)
    DMA1_Stream5_IRQHandler                  0x0800528f   Thumb Code     0  startup_stm32f4xx.o(.text)
    DMA2_Stream0_IRQHandler                  0x0800528f   Thumb Code     0  startup_stm32f4xx.o(.text)
    DMA2_Stream1_IRQHandler                  0x0800528f   Thumb Code     0  startup_stm32f4xx.o(.text)
    DMA2_Stream3_IRQHandler                  0x0800528f   Thumb Code     0  startup_stm32f4xx.o(.text)
    DMA2_Stream4_IRQHandler                  0x0800528f   Thumb Code     0  startup_stm32f4xx.o(.text)
    DMA2_Stream6_IRQHandler                  0x0800528f   Thumb Code     0  startup_stm32f4xx.o(.text)
    DMA2_Stream7_IRQHandler                  0x0800528f   Thumb Code     0  startup_stm32f4xx.o(.text)
    ETH_IRQHandler                           0x0800528f   Thumb Code     0  startup_stm32f4xx.o(.text)
    ETH_WKUP_IRQHandler                      0x0800528f   Thumb Code     0  startup_stm32f4xx.o(.text)
    EXTI0_IRQHandler                         0x0800528f   Thumb Code     0  startup_stm32f4xx.o(.text)
    EXTI15_10_IRQHandler                     0x0800528f   Thumb Code     0  startup_stm32f4xx.o(.text)
    EXTI1_IRQHandler                         0x0800528f   Thumb Code     0  startup_stm32f4xx.o(.text)
    EXTI4_IRQHandler                         0x0800528f   Thumb Code     0  startup_stm32f4xx.o(.text)
    EXTI9_5_IRQHandler                       0x0800528f   Thumb Code     0  startup_stm32f4xx.o(.text)
    FLASH_IRQHandler                         0x0800528f   Thumb Code     0  startup_stm32f4xx.o(.text)
    FPU_IRQHandler                           0x0800528f   Thumb Code     0  startup_stm32f4xx.o(.text)
    FSMC_IRQHandler                          0x0800528f   Thumb Code     0  startup_stm32f4xx.o(.text)
    HASH_RNG_IRQHandler                      0x0800528f   Thumb Code     0  startup_stm32f4xx.o(.text)
    I2C1_ER_IRQHandler                       0x0800528f   Thumb Code     0  startup_stm32f4xx.o(.text)
    I2C1_EV_IRQHandler                       0x0800528f   Thumb Code     0  startup_stm32f4xx.o(.text)
    I2C2_ER_IRQHandler                       0x0800528f   Thumb Code     0  startup_stm32f4xx.o(.text)
    I2C2_EV_IRQHandler                       0x0800528f   Thumb Code     0  startup_stm32f4xx.o(.text)
    I2C3_ER_IRQHandler                       0x0800528f   Thumb Code     0  startup_stm32f4xx.o(.text)
    I2C3_EV_IRQHandler                       0x0800528f   Thumb Code     0  startup_stm32f4xx.o(.text)
    OTG_FS_IRQHandler                        0x0800528f   Thumb Code     0  startup_stm32f4xx.o(.text)
    OTG_FS_WKUP_IRQHandler                   0x0800528f   Thumb Code     0  startup_stm32f4xx.o(.text)
    OTG_HS_EP1_IN_IRQHandler                 0x0800528f   Thumb Code     0  startup_stm32f4xx.o(.text)
    OTG_HS_EP1_OUT_IRQHandler                0x0800528f   Thumb Code     0  startup_stm32f4xx.o(.text)
    OTG_HS_IRQHandler                        0x0800528f   Thumb Code     0  startup_stm32f4xx.o(.text)
    OTG_HS_WKUP_IRQHandler                   0x0800528f   Thumb Code     0  startup_stm32f4xx.o(.text)
    PVD_IRQHandler                           0x0800528f   Thumb Code     0  startup_stm32f4xx.o(.text)
    RCC_IRQHandler                           0x0800528f   Thumb Code     0  startup_stm32f4xx.o(.text)
    RTC_Alarm_IRQHandler                     0x0800528f   Thumb Code     0  startup_stm32f4xx.o(.text)
    RTC_WKUP_IRQHandler                      0x0800528f   Thumb Code     0  startup_stm32f4xx.o(.text)
    SDIO_IRQHandler                          0x0800528f   Thumb Code     0  startup_stm32f4xx.o(.text)
    SPI2_IRQHandler                          0x0800528f   Thumb Code     0  startup_stm32f4xx.o(.text)
    TAMP_STAMP_IRQHandler                    0x0800528f   Thumb Code     0  startup_stm32f4xx.o(.text)
    TIM1_BRK_TIM9_IRQHandler                 0x0800528f   Thumb Code     0  startup_stm32f4xx.o(.text)
    TIM1_CC_IRQHandler                       0x0800528f   Thumb Code     0  startup_stm32f4xx.o(.text)
    TIM8_BRK_TIM12_IRQHandler                0x0800528f   Thumb Code     0  startup_stm32f4xx.o(.text)
    TIM8_CC_IRQHandler                       0x0800528f   Thumb Code     0  startup_stm32f4xx.o(.text)
    TIM8_TRG_COM_TIM14_IRQHandler            0x0800528f   Thumb Code     0  startup_stm32f4xx.o(.text)
    TIM8_UP_TIM13_IRQHandler                 0x0800528f   Thumb Code     0  startup_stm32f4xx.o(.text)
    UART4_IRQHandler                         0x0800528f   Thumb Code     0  startup_stm32f4xx.o(.text)
    UART5_IRQHandler                         0x0800528f   Thumb Code     0  startup_stm32f4xx.o(.text)
    USART2_IRQHandler                        0x0800528f   Thumb Code     0  startup_stm32f4xx.o(.text)
    USART3_IRQHandler                        0x0800528f   Thumb Code     0  startup_stm32f4xx.o(.text)
    USART6_IRQHandler                        0x0800528f   Thumb Code     0  startup_stm32f4xx.o(.text)
    WWDG_IRQHandler                          0x0800528f   Thumb Code     0  startup_stm32f4xx.o(.text)
    NVIC_PriorityGroupConfig                 0x08005299   Thumb Code    10  misc.o(.text)
    NVIC_Init                                0x080052a3   Thumb Code    96  misc.o(.text)
    NVIC_SetVectorTable                      0x08005303   Thumb Code    14  misc.o(.text)
    NVIC_SystemLPConfig                      0x08005311   Thumb Code    20  misc.o(.text)
    SysTick_CLKSourceConfig                  0x08005325   Thumb Code    24  misc.o(.text)
    GPIO_DeInit                              0x08005349   Thumb Code   192  stm32f4xx_gpio.o(.text)
    GPIO_Init                                0x08005409   Thumb Code   162  stm32f4xx_gpio.o(.text)
    GPIO_StructInit                          0x080054ab   Thumb Code    18  stm32f4xx_gpio.o(.text)
    GPIO_PinLockConfig                       0x080054bd   Thumb Code    24  stm32f4xx_gpio.o(.text)
    GPIO_ReadInputDataBit                    0x080054d5   Thumb Code    14  stm32f4xx_gpio.o(.text)
    GPIO_ReadInputData                       0x080054e3   Thumb Code     6  stm32f4xx_gpio.o(.text)
    GPIO_ReadOutputDataBit                   0x080054e9   Thumb Code    14  stm32f4xx_gpio.o(.text)
    GPIO_ReadOutputData                      0x080054f7   Thumb Code     6  stm32f4xx_gpio.o(.text)
    GPIO_SetBits                             0x080054fd   Thumb Code     4  stm32f4xx_gpio.o(.text)
    GPIO_ResetBits                           0x08005501   Thumb Code     4  stm32f4xx_gpio.o(.text)
    GPIO_WriteBit                            0x08005505   Thumb Code    10  stm32f4xx_gpio.o(.text)
    GPIO_Write                               0x0800550f   Thumb Code     4  stm32f4xx_gpio.o(.text)
    GPIO_ToggleBits                          0x08005513   Thumb Code     8  stm32f4xx_gpio.o(.text)
    GPIO_PinAFConfig                         0x0800551b   Thumb Code    32  stm32f4xx_gpio.o(.text)
    RCC_DeInit                               0x08005561   Thumb Code    48  stm32f4xx_rcc.o(.text)
    RCC_HSEConfig                            0x08005591   Thumb Code    12  stm32f4xx_rcc.o(.text)
    RCC_GetFlagStatus                        0x0800559d   Thumb Code    46  stm32f4xx_rcc.o(.text)
    RCC_WaitForHSEStartUp                    0x080055cb   Thumb Code    44  stm32f4xx_rcc.o(.text)
    RCC_AdjustHSICalibrationValue            0x080055f7   Thumb Code    16  stm32f4xx_rcc.o(.text)
    RCC_HSICmd                               0x08005607   Thumb Code     6  stm32f4xx_rcc.o(.text)
    RCC_LSEConfig                            0x0800560d   Thumb Code    24  stm32f4xx_rcc.o(.text)
    RCC_LSICmd                               0x08005625   Thumb Code     6  stm32f4xx_rcc.o(.text)
    RCC_PLLConfig                            0x0800562b   Thumb Code    32  stm32f4xx_rcc.o(.text)
    RCC_PLLCmd                               0x0800564b   Thumb Code     6  stm32f4xx_rcc.o(.text)
    RCC_PLLI2SConfig                         0x08005651   Thumb Code    14  stm32f4xx_rcc.o(.text)
    RCC_PLLI2SCmd                            0x0800565f   Thumb Code     6  stm32f4xx_rcc.o(.text)
    RCC_ClockSecuritySystemCmd               0x08005665   Thumb Code     6  stm32f4xx_rcc.o(.text)
    RCC_MCO1Config                           0x0800566b   Thumb Code    18  stm32f4xx_rcc.o(.text)
    RCC_MCO2Config                           0x0800567d   Thumb Code    18  stm32f4xx_rcc.o(.text)
    RCC_SYSCLKConfig                         0x0800568f   Thumb Code    16  stm32f4xx_rcc.o(.text)
    RCC_GetSYSCLKSource                      0x0800569f   Thumb Code    12  stm32f4xx_rcc.o(.text)
    RCC_HCLKConfig                           0x080056ab   Thumb Code    16  stm32f4xx_rcc.o(.text)
    RCC_PCLK1Config                          0x080056bb   Thumb Code    16  stm32f4xx_rcc.o(.text)
    RCC_PCLK2Config                          0x080056cb   Thumb Code    18  stm32f4xx_rcc.o(.text)
    RCC_GetClocksFreq                        0x080056dd   Thumb Code   134  stm32f4xx_rcc.o(.text)
    RCC_RTCCLKConfig                         0x08005763   Thumb Code    42  stm32f4xx_rcc.o(.text)
    RCC_RTCCLKCmd                            0x0800578d   Thumb Code     8  stm32f4xx_rcc.o(.text)
    RCC_BackupResetCmd                       0x08005795   Thumb Code     8  stm32f4xx_rcc.o(.text)
    RCC_I2SCLKConfig                         0x0800579d   Thumb Code     8  stm32f4xx_rcc.o(.text)
    RCC_AHB1PeriphClockCmd                   0x080057a5   Thumb Code    20  stm32f4xx_rcc.o(.text)
    RCC_AHB2PeriphClockCmd                   0x080057b9   Thumb Code    20  stm32f4xx_rcc.o(.text)
    RCC_AHB3PeriphClockCmd                   0x080057cd   Thumb Code    20  stm32f4xx_rcc.o(.text)
    RCC_APB1PeriphClockCmd                   0x080057e1   Thumb Code    20  stm32f4xx_rcc.o(.text)
    RCC_APB2PeriphClockCmd                   0x080057f5   Thumb Code    20  stm32f4xx_rcc.o(.text)
    RCC_AHB1PeriphResetCmd                   0x08005809   Thumb Code    20  stm32f4xx_rcc.o(.text)
    RCC_AHB2PeriphResetCmd                   0x0800581d   Thumb Code    20  stm32f4xx_rcc.o(.text)
    RCC_AHB3PeriphResetCmd                   0x08005831   Thumb Code    20  stm32f4xx_rcc.o(.text)
    RCC_APB1PeriphResetCmd                   0x08005845   Thumb Code    20  stm32f4xx_rcc.o(.text)
    RCC_APB2PeriphResetCmd                   0x08005859   Thumb Code    20  stm32f4xx_rcc.o(.text)
    RCC_AHB1PeriphClockLPModeCmd             0x0800586d   Thumb Code    20  stm32f4xx_rcc.o(.text)
    RCC_AHB2PeriphClockLPModeCmd             0x08005881   Thumb Code    20  stm32f4xx_rcc.o(.text)
    RCC_AHB3PeriphClockLPModeCmd             0x08005895   Thumb Code    20  stm32f4xx_rcc.o(.text)
    RCC_APB1PeriphClockLPModeCmd             0x080058a9   Thumb Code    20  stm32f4xx_rcc.o(.text)
    RCC_APB2PeriphClockLPModeCmd             0x080058bd   Thumb Code    20  stm32f4xx_rcc.o(.text)
    RCC_ITConfig                             0x080058d1   Thumb Code    20  stm32f4xx_rcc.o(.text)
    RCC_ClearFlag                            0x080058e5   Thumb Code    14  stm32f4xx_rcc.o(.text)
    RCC_GetITStatus                          0x080058f3   Thumb Code    18  stm32f4xx_rcc.o(.text)
    RCC_ClearITPendingBit                    0x08005905   Thumb Code     8  stm32f4xx_rcc.o(.text)
    ADC_DeInit                               0x08005931   Thumb Code    24  stm32f4xx_adc.o(.text)
    ADC_Init                                 0x08005949   Thumb Code    66  stm32f4xx_adc.o(.text)
    ADC_StructInit                           0x0800598b   Thumb Code    20  stm32f4xx_adc.o(.text)
    ADC_CommonInit                           0x0800599f   Thumb Code    34  stm32f4xx_adc.o(.text)
    ADC_CommonStructInit                     0x080059c1   Thumb Code    12  stm32f4xx_adc.o(.text)
    ADC_Cmd                                  0x080059cd   Thumb Code    20  stm32f4xx_adc.o(.text)
    ADC_AnalogWatchdogCmd                    0x080059e1   Thumb Code    12  stm32f4xx_adc.o(.text)
    ADC_AnalogWatchdogThresholdsConfig       0x080059ed   Thumb Code     6  stm32f4xx_adc.o(.text)
    ADC_AnalogWatchdogSingleChannelConfig    0x080059f3   Thumb Code    12  stm32f4xx_adc.o(.text)
    ADC_TempSensorVrefintCmd                 0x080059ff   Thumb Code    26  stm32f4xx_adc.o(.text)
    ADC_VBATCmd                              0x08005a19   Thumb Code    26  stm32f4xx_adc.o(.text)
    ADC_RegularChannelConfig                 0x08005a33   Thumb Code   116  stm32f4xx_adc.o(.text)
    ADC_SoftwareStartConv                    0x08005aa7   Thumb Code    10  stm32f4xx_adc.o(.text)
    ADC_GetSoftwareStartConvStatus           0x08005ab1   Thumb Code    14  stm32f4xx_adc.o(.text)
    ADC_EOCOnEachRegularChannelCmd           0x08005abf   Thumb Code    20  stm32f4xx_adc.o(.text)
    ADC_ContinuousModeCmd                    0x08005ad3   Thumb Code    20  stm32f4xx_adc.o(.text)
    ADC_DiscModeChannelCountConfig           0x08005ae7   Thumb Code    16  stm32f4xx_adc.o(.text)
    ADC_DiscModeCmd                          0x08005af7   Thumb Code    20  stm32f4xx_adc.o(.text)
    ADC_GetConversionValue                   0x08005b0b   Thumb Code     6  stm32f4xx_adc.o(.text)
    ADC_GetMultiModeConversionValue          0x08005b11   Thumb Code     8  stm32f4xx_adc.o(.text)
    ADC_DMACmd                               0x08005b19   Thumb Code    20  stm32f4xx_adc.o(.text)
    ADC_DMARequestAfterLastTransferCmd       0x08005b2d   Thumb Code    20  stm32f4xx_adc.o(.text)
    ADC_MultiModeDMARequestAfterLastTransferCmd 0x08005b41   Thumb Code    26  stm32f4xx_adc.o(.text)
    ADC_InjectedChannelConfig                0x08005b5b   Thumb Code    74  stm32f4xx_adc.o(.text)
    ADC_InjectedSequencerLengthConfig        0x08005ba5   Thumb Code    16  stm32f4xx_adc.o(.text)
    ADC_SetInjectedOffset                    0x08005bb5   Thumb Code    10  stm32f4xx_adc.o(.text)
    ADC_ExternalTrigInjectedConvConfig       0x08005bbf   Thumb Code    12  stm32f4xx_adc.o(.text)
    ADC_ExternalTrigInjectedConvEdgeConfig   0x08005bcb   Thumb Code    12  stm32f4xx_adc.o(.text)
    ADC_SoftwareStartInjectedConv            0x08005bd7   Thumb Code    10  stm32f4xx_adc.o(.text)
    ADC_GetSoftwareStartInjectedConvCmdStatus 0x08005be1   Thumb Code    14  stm32f4xx_adc.o(.text)
    ADC_AutoInjectedConvCmd                  0x08005bef   Thumb Code    20  stm32f4xx_adc.o(.text)
    ADC_InjectedDiscModeCmd                  0x08005c03   Thumb Code    20  stm32f4xx_adc.o(.text)
    ADC_GetInjectedConversionValue           0x08005c17   Thumb Code    14  stm32f4xx_adc.o(.text)
    ADC_ITConfig                             0x08005c25   Thumb Code    18  stm32f4xx_adc.o(.text)
    ADC_GetFlagStatus                        0x08005c37   Thumb Code    14  stm32f4xx_adc.o(.text)
    ADC_ClearFlag                            0x08005c45   Thumb Code     6  stm32f4xx_adc.o(.text)
    ADC_GetITStatus                          0x08005c4b   Thumb Code    30  stm32f4xx_adc.o(.text)
    ADC_ClearITPendingBit                    0x08005c69   Thumb Code     8  stm32f4xx_adc.o(.text)
    DMA_DeInit                               0x08005c85   Thumb Code   272  stm32f4xx_dma.o(.text)
    DMA_Init                                 0x08005d95   Thumb Code    80  stm32f4xx_dma.o(.text)
    DMA_StructInit                           0x08005de5   Thumb Code    34  stm32f4xx_dma.o(.text)
    DMA_Cmd                                  0x08005e07   Thumb Code    20  stm32f4xx_dma.o(.text)
    DMA_PeriphIncOffsetSizeConfig            0x08005e1b   Thumb Code    20  stm32f4xx_dma.o(.text)
    DMA_FlowControllerConfig                 0x08005e2f   Thumb Code    20  stm32f4xx_dma.o(.text)
    DMA_SetCurrDataCounter                   0x08005e43   Thumb Code     4  stm32f4xx_dma.o(.text)
    DMA_GetCurrDataCounter                   0x08005e47   Thumb Code     6  stm32f4xx_dma.o(.text)
    DMA_DoubleBufferModeConfig               0x08005e4d   Thumb Code    22  stm32f4xx_dma.o(.text)
    DMA_DoubleBufferModeCmd                  0x08005e63   Thumb Code    20  stm32f4xx_dma.o(.text)
    DMA_MemoryTargetConfig                   0x08005e77   Thumb Code    10  stm32f4xx_dma.o(.text)
    DMA_GetCurrentMemoryTarget               0x08005e81   Thumb Code    14  stm32f4xx_dma.o(.text)
    DMA_GetCmdStatus                         0x08005e8f   Thumb Code    14  stm32f4xx_dma.o(.text)
    DMA_GetFIFOStatus                        0x08005e9d   Thumb Code     8  stm32f4xx_dma.o(.text)
    DMA_GetFlagStatus                        0x08005ea5   Thumb Code    42  stm32f4xx_dma.o(.text)
    DMA_ClearFlag                            0x08005ecf   Thumb Code    34  stm32f4xx_dma.o(.text)
    DMA_ITConfig                             0x08005ef1   Thumb Code    44  stm32f4xx_dma.o(.text)
    DMA_GetITStatus                          0x08005f1d   Thumb Code    70  stm32f4xx_dma.o(.text)
    DMA_ClearITPendingBit                    0x08005f63   Thumb Code    34  stm32f4xx_dma.o(.text)
    EXTI_DeInit                              0x08005fa5   Thumb Code    28  stm32f4xx_exti.o(.text)
    EXTI_Init                                0x08005fc1   Thumb Code   108  stm32f4xx_exti.o(.text)
    EXTI_StructInit                          0x0800602d   Thumb Code    14  stm32f4xx_exti.o(.text)
    EXTI_GenerateSWInterrupt                 0x0800603b   Thumb Code    12  stm32f4xx_exti.o(.text)
    EXTI_GetFlagStatus                       0x08006047   Thumb Code    18  stm32f4xx_exti.o(.text)
    EXTI_ClearFlag                           0x08006059   Thumb Code     8  stm32f4xx_exti.o(.text)
    EXTI_GetITStatus                         0x08006061   Thumb Code    28  stm32f4xx_exti.o(.text)
    EXTI_ClearITPendingBit                   0x0800607d   Thumb Code     8  stm32f4xx_exti.o(.text)
    TIM_DeInit                               0x0800608d   Thumb Code   284  stm32f4xx_tim.o(.text)
    TIM_TimeBaseInit                         0x080061a9   Thumb Code    96  stm32f4xx_tim.o(.text)
    TIM_TimeBaseStructInit                   0x08006209   Thumb Code    18  stm32f4xx_tim.o(.text)
    TIM_PrescalerConfig                      0x0800621b   Thumb Code     6  stm32f4xx_tim.o(.text)
    TIM_CounterModeConfig                    0x08006221   Thumb Code    12  stm32f4xx_tim.o(.text)
    TIM_SetCounter                           0x0800622d   Thumb Code     4  stm32f4xx_tim.o(.text)
    TIM_SetAutoreload                        0x08006231   Thumb Code     4  stm32f4xx_tim.o(.text)
    TIM_GetCounter                           0x08006235   Thumb Code     4  stm32f4xx_tim.o(.text)
    TIM_GetPrescaler                         0x08006239   Thumb Code     4  stm32f4xx_tim.o(.text)
    TIM_UpdateDisableConfig                  0x0800623d   Thumb Code    20  stm32f4xx_tim.o(.text)
    TIM_UpdateRequestConfig                  0x08006251   Thumb Code    20  stm32f4xx_tim.o(.text)
    TIM_ARRPreloadConfig                     0x08006265   Thumb Code    20  stm32f4xx_tim.o(.text)
    TIM_SelectOnePulseMode                   0x08006279   Thumb Code    16  stm32f4xx_tim.o(.text)
    TIM_SetClockDivision                     0x08006289   Thumb Code    16  stm32f4xx_tim.o(.text)
    TIM_Cmd                                  0x08006299   Thumb Code    20  stm32f4xx_tim.o(.text)
    TIM_OC1Init                              0x080062ad   Thumb Code    88  stm32f4xx_tim.o(.text)
    TIM_OC2Init                              0x08006305   Thumb Code   120  stm32f4xx_tim.o(.text)
    TIM_OC3Init                              0x0800637d   Thumb Code   116  stm32f4xx_tim.o(.text)
    TIM_OC4Init                              0x080063f1   Thumb Code    88  stm32f4xx_tim.o(.text)
    TIM_OCStructInit                         0x08006449   Thumb Code    20  stm32f4xx_tim.o(.text)
    TIM_SelectOCxM                           0x0800645d   Thumb Code   130  stm32f4xx_tim.o(.text)
    TIM_SetCompare1                          0x080064df   Thumb Code     4  stm32f4xx_tim.o(.text)
    TIM_SetCompare2                          0x080064e3   Thumb Code     4  stm32f4xx_tim.o(.text)
    TIM_SetCompare3                          0x080064e7   Thumb Code     4  stm32f4xx_tim.o(.text)
    TIM_SetCompare4                          0x080064eb   Thumb Code     4  stm32f4xx_tim.o(.text)
    TIM_ForcedOC1Config                      0x080064ef   Thumb Code    12  stm32f4xx_tim.o(.text)
    TIM_ForcedOC2Config                      0x080064fb   Thumb Code    20  stm32f4xx_tim.o(.text)
    TIM_ForcedOC3Config                      0x0800650f   Thumb Code    12  stm32f4xx_tim.o(.text)
    TIM_ForcedOC4Config                      0x0800651b   Thumb Code    20  stm32f4xx_tim.o(.text)
    TIM_OC1PreloadConfig                     0x0800652f   Thumb Code    12  stm32f4xx_tim.o(.text)
    TIM_OC2PreloadConfig                     0x0800653b   Thumb Code    20  stm32f4xx_tim.o(.text)
    TIM_OC3PreloadConfig                     0x0800654f   Thumb Code    12  stm32f4xx_tim.o(.text)
    TIM_OC4PreloadConfig                     0x0800655b   Thumb Code    20  stm32f4xx_tim.o(.text)
    TIM_OC1FastConfig                        0x0800656f   Thumb Code    12  stm32f4xx_tim.o(.text)
    TIM_OC2FastConfig                        0x0800657b   Thumb Code    20  stm32f4xx_tim.o(.text)
    TIM_OC3FastConfig                        0x0800658f   Thumb Code    12  stm32f4xx_tim.o(.text)
    TIM_OC4FastConfig                        0x0800659b   Thumb Code    20  stm32f4xx_tim.o(.text)
    TIM_ClearOC1Ref                          0x080065af   Thumb Code    12  stm32f4xx_tim.o(.text)
    TIM_ClearOC2Ref                          0x080065bb   Thumb Code    20  stm32f4xx_tim.o(.text)
    TIM_ClearOC3Ref                          0x080065cf   Thumb Code    12  stm32f4xx_tim.o(.text)
    TIM_ClearOC4Ref                          0x080065db   Thumb Code    20  stm32f4xx_tim.o(.text)
    TIM_OC1PolarityConfig                    0x080065ef   Thumb Code    12  stm32f4xx_tim.o(.text)
    TIM_OC1NPolarityConfig                   0x080065fb   Thumb Code    12  stm32f4xx_tim.o(.text)
    TIM_OC2PolarityConfig                    0x08006607   Thumb Code    20  stm32f4xx_tim.o(.text)
    TIM_OC2NPolarityConfig                   0x0800661b   Thumb Code    20  stm32f4xx_tim.o(.text)
    TIM_OC3PolarityConfig                    0x0800662f   Thumb Code    20  stm32f4xx_tim.o(.text)
    TIM_OC3NPolarityConfig                   0x08006643   Thumb Code    20  stm32f4xx_tim.o(.text)
    TIM_OC4PolarityConfig                    0x08006657   Thumb Code    20  stm32f4xx_tim.o(.text)
    TIM_CCxCmd                               0x0800666b   Thumb Code    22  stm32f4xx_tim.o(.text)
    TIM_CCxNCmd                              0x08006681   Thumb Code    22  stm32f4xx_tim.o(.text)
    TIM_SetIC4Prescaler                      0x08006697   Thumb Code    24  stm32f4xx_tim.o(.text)
    TIM_SetIC3Prescaler                      0x080066af   Thumb Code    16  stm32f4xx_tim.o(.text)
    TIM_SetIC2Prescaler                      0x080066bf   Thumb Code    24  stm32f4xx_tim.o(.text)
    TIM_SetIC1Prescaler                      0x0800670d   Thumb Code    16  stm32f4xx_tim.o(.text)
    TIM_ICInit                               0x0800671d   Thumb Code   164  stm32f4xx_tim.o(.text)
    TIM_ICStructInit                         0x080067c1   Thumb Code    16  stm32f4xx_tim.o(.text)
    TIM_PWMIConfig                           0x080067d1   Thumb Code   104  stm32f4xx_tim.o(.text)
    TIM_GetCapture1                          0x08006839   Thumb Code     4  stm32f4xx_tim.o(.text)
    TIM_GetCapture2                          0x0800683d   Thumb Code     4  stm32f4xx_tim.o(.text)
    TIM_GetCapture3                          0x08006841   Thumb Code     4  stm32f4xx_tim.o(.text)
    TIM_GetCapture4                          0x08006845   Thumb Code     4  stm32f4xx_tim.o(.text)
    TIM_BDTRConfig                           0x08006849   Thumb Code    34  stm32f4xx_tim.o(.text)
    TIM_BDTRStructInit                       0x0800686b   Thumb Code    18  stm32f4xx_tim.o(.text)
    TIM_CtrlPWMOutputs                       0x0800687d   Thumb Code    22  stm32f4xx_tim.o(.text)
    TIM_SelectCOM                            0x08006893   Thumb Code    20  stm32f4xx_tim.o(.text)
    TIM_CCPreloadControl                     0x080068a7   Thumb Code    20  stm32f4xx_tim.o(.text)
    TIM_ITConfig                             0x080068bb   Thumb Code    16  stm32f4xx_tim.o(.text)
    TIM_GenerateEvent                        0x080068cb   Thumb Code     4  stm32f4xx_tim.o(.text)
    TIM_GetFlagStatus                        0x080068cf   Thumb Code    14  stm32f4xx_tim.o(.text)
    TIM_ClearFlag                            0x080068dd   Thumb Code     6  stm32f4xx_tim.o(.text)
    TIM_GetITStatus                          0x080068e3   Thumb Code    24  stm32f4xx_tim.o(.text)
    TIM_ClearITPendingBit                    0x080068fb   Thumb Code     6  stm32f4xx_tim.o(.text)
    TIM_DMAConfig                            0x08006901   Thumb Code     8  stm32f4xx_tim.o(.text)
    TIM_DMACmd                               0x08006909   Thumb Code    16  stm32f4xx_tim.o(.text)
    TIM_SelectCCDMA                          0x08006919   Thumb Code    20  stm32f4xx_tim.o(.text)
    TIM_InternalClockConfig                  0x0800692d   Thumb Code    10  stm32f4xx_tim.o(.text)
    TIM_SelectInputTrigger                   0x08006937   Thumb Code    12  stm32f4xx_tim.o(.text)
    TIM_ITRxExternalClockConfig              0x08006943   Thumb Code    18  stm32f4xx_tim.o(.text)
    TIM_TIxExternalClockConfig               0x08006955   Thumb Code    46  stm32f4xx_tim.o(.text)
    TIM_ETRConfig                            0x08006983   Thumb Code    24  stm32f4xx_tim.o(.text)
    TIM_ETRClockMode1Config                  0x0800699b   Thumb Code    18  stm32f4xx_tim.o(.text)
    TIM_ETRClockMode2Config                  0x080069ad   Thumb Code    18  stm32f4xx_tim.o(.text)
    TIM_SelectOutputTrigger                  0x080069bf   Thumb Code    16  stm32f4xx_tim.o(.text)
    TIM_SelectSlaveMode                      0x080069cf   Thumb Code    16  stm32f4xx_tim.o(.text)
    TIM_SelectMasterSlaveMode                0x080069df   Thumb Code    16  stm32f4xx_tim.o(.text)
    TIM_EncoderInterfaceConfig               0x080069ef   Thumb Code    50  stm32f4xx_tim.o(.text)
    TIM_SelectHallSensor                     0x08006a21   Thumb Code    20  stm32f4xx_tim.o(.text)
    TIM_RemapConfig                          0x08006a35   Thumb Code     6  stm32f4xx_tim.o(.text)
    USART_DeInit                             0x08006a69   Thumb Code   114  stm32f4xx_usart.o(.text)
    USART_Init                               0x08006adb   Thumb Code   164  stm32f4xx_usart.o(.text)
    USART_StructInit                         0x08006b7f   Thumb Code    22  stm32f4xx_usart.o(.text)
    USART_ClockInit                          0x08006b95   Thumb Code    28  stm32f4xx_usart.o(.text)
    USART_ClockStructInit                    0x08006bb1   Thumb Code    12  stm32f4xx_usart.o(.text)
    USART_Cmd                                0x08006bbd   Thumb Code    20  stm32f4xx_usart.o(.text)
    USART_SetPrescaler                       0x08006bd1   Thumb Code    16  stm32f4xx_usart.o(.text)
    USART_OverSampling8Cmd                   0x08006be1   Thumb Code    20  stm32f4xx_usart.o(.text)
    USART_OneBitMethodCmd                    0x08006bf5   Thumb Code    20  stm32f4xx_usart.o(.text)
    USART_SendData                           0x08006c09   Thumb Code     8  stm32f4xx_usart.o(.text)
    USART_ReceiveData                        0x08006c11   Thumb Code     8  stm32f4xx_usart.o(.text)
    USART_SetAddress                         0x08006c19   Thumb Code    16  stm32f4xx_usart.o(.text)
    USART_ReceiverWakeUpCmd                  0x08006c29   Thumb Code    20  stm32f4xx_usart.o(.text)
    USART_WakeUpConfig                       0x08006c3d   Thumb Code    16  stm32f4xx_usart.o(.text)
    USART_LINBreakDetectLengthConfig         0x08006c4d   Thumb Code    16  stm32f4xx_usart.o(.text)
    USART_LINCmd                             0x08006c5d   Thumb Code    20  stm32f4xx_usart.o(.text)
    USART_SendBreak                          0x08006c71   Thumb Code    10  stm32f4xx_usart.o(.text)
    USART_HalfDuplexCmd                      0x08006c7b   Thumb Code    20  stm32f4xx_usart.o(.text)
    USART_SetGuardTime                       0x08006c8f   Thumb Code    16  stm32f4xx_usart.o(.text)
    USART_SmartCardCmd                       0x08006c9f   Thumb Code    20  stm32f4xx_usart.o(.text)
    USART_SmartCardNACKCmd                   0x08006cb3   Thumb Code    20  stm32f4xx_usart.o(.text)
    USART_IrDAConfig                         0x08006cc7   Thumb Code    16  stm32f4xx_usart.o(.text)
    USART_IrDACmd                            0x08006cd7   Thumb Code    20  stm32f4xx_usart.o(.text)
    USART_DMACmd                             0x08006ceb   Thumb Code    16  stm32f4xx_usart.o(.text)
    USART_ITConfig                           0x08006cfb   Thumb Code    48  stm32f4xx_usart.o(.text)
    USART_GetFlagStatus                      0x08006d2b   Thumb Code    14  stm32f4xx_usart.o(.text)
    USART_ClearFlag                          0x08006d39   Thumb Code     6  stm32f4xx_usart.o(.text)
    USART_GetITStatus                        0x08006d3f   Thumb Code    62  stm32f4xx_usart.o(.text)
    USART_ClearITPendingBit                  0x08006d7d   Thumb Code    12  stm32f4xx_usart.o(.text)
    SYSCFG_DeInit                            0x08006da1   Thumb Code    24  stm32f4xx_syscfg.o(.text)
    SYSCFG_MemoryRemapConfig                 0x08006db9   Thumb Code     6  stm32f4xx_syscfg.o(.text)
    SYSCFG_EXTILineConfig                    0x08006dbf   Thumb Code    42  stm32f4xx_syscfg.o(.text)
    SYSCFG_ETH_MediaInterfaceConfig          0x08006de9   Thumb Code     8  stm32f4xx_syscfg.o(.text)
    SYSCFG_CompensationCellCmd               0x08006df1   Thumb Code     6  stm32f4xx_syscfg.o(.text)
    SYSCFG_GetCompensationCellStatus         0x08006df7   Thumb Code    16  stm32f4xx_syscfg.o(.text)
    vListInitialise                          0x08006e19   Thumb Code    22  list.o(.text)
    vListInitialiseItem                      0x08006e2f   Thumb Code     6  list.o(.text)
    vListInsertEnd                           0x08006e35   Thumb Code    28  list.o(.text)
    vListInsert                              0x08006e51   Thumb Code    48  list.o(.text)
    uxListRemove                             0x08006e81   Thumb Code    38  list.o(.text)
    xQueueGenericReset                       0x08006ea9   Thumb Code    98  queue.o(.text)
    xQueueGenericCreate                      0x08006f0b   Thumb Code    70  queue.o(.text)
    xQueueGenericSend                        0x0800700f   Thumb Code   232  queue.o(.text)
    xQueueCreateMutex                        0x080070f7   Thumb Code    80  queue.o(.text)
    xQueueGiveMutexRecursive                 0x08007147   Thumb Code    52  queue.o(.text)
    xQueueGenericReceive                     0x080071a3   Thumb Code   286  queue.o(.text)
    xQueueTakeMutexRecursive                 0x080072c1   Thumb Code    58  queue.o(.text)
    xQueueCreateCountingSemaphore            0x080072fb   Thumb Code    24  queue.o(.text)
    xQueueGenericSendFromISR                 0x08007313   Thumb Code   114  queue.o(.text)
    xQueueReceiveFromISR                     0x08007385   Thumb Code   112  queue.o(.text)
    uxQueueMessagesWaiting                   0x080073f5   Thumb Code    26  queue.o(.text)
    uxQueueMessagesWaitingFromISR            0x0800740f   Thumb Code    14  queue.o(.text)
    vQueueDelete                             0x0800741d   Thumb Code    58  queue.o(.text)
    ucQueueGetQueueNumber                    0x08007457   Thumb Code     6  queue.o(.text)
    vQueueSetQueueNumber                     0x0800745d   Thumb Code     6  queue.o(.text)
    ucQueueGetQueueType                      0x08007463   Thumb Code     6  queue.o(.text)
    xQueueIsQueueEmptyFromISR                0x08007469   Thumb Code    22  queue.o(.text)
    xQueueIsQueueFullFromISR                 0x0800747f   Thumb Code    26  queue.o(.text)
    vQueueAddToRegistry                      0x08007499   Thumb Code    34  queue.o(.text)
    vQueueWaitForMessageRestricted           0x080074bb   Thumb Code    54  queue.o(.text)
    xTimerGenericCommand                     0x08007529   Thumb Code    66  timers.o(.text)
    xTimerCreateTimerTask                    0x080075e3   Thumb Code    50  timers.o(.text)
    xTimerCreate                             0x08007615   Thumb Code    62  timers.o(.text)
    xTimerIsTimerActive                      0x08007653   Thumb Code    26  timers.o(.text)
    pvTimerGetTimerID                        0x0800766d   Thumb Code     4  timers.o(.text)
    pxPortInitialiseStack                    0x0800780d   Thumb Code    34  port.o(.text)
    vPortSetupTimerInterrupt                 0x0800782f   Thumb Code    26  port.o(.text)
    xPortStartScheduler                      0x08007849   Thumb Code    52  port.o(.text)
    vPortEndScheduler                        0x0800787d   Thumb Code     2  port.o(.text)
    vPortYieldFromISR                        0x0800787f   Thumb Code    12  port.o(.text)
    vPortEnterCritical                       0x0800788b   Thumb Code    16  port.o(.text)
    vPortExitCritical                        0x0800789b   Thumb Code    16  port.o(.text)
    SysTick_Handler                          0x080078ab   Thumb Code    30  port.o(.text)
    pvPortMalloc                             0x080078d9   Thumb Code   170  heap_2.o(.text)
    vPortFree                                0x08007983   Thumb Code    56  heap_2.o(.text)
    xPortGetFreeHeapSize                     0x080079bb   Thumb Code     6  heap_2.o(.text)
    vPortInitialiseBlocks                    0x080079c1   Thumb Code     2  heap_2.o(.text)
    xTaskGenericCreate                       0x080079cd   Thumb Code   366  tasks.o(.text)
    vTaskDelete                              0x08007b3b   Thumb Code    92  tasks.o(.text)
    vTaskIncrementTick                       0x08007b97   Thumb Code   162  tasks.o(.text)
    xTaskResumeAll                           0x08007c39   Thumb Code   172  tasks.o(.text)
    vTaskSuspendAll                          0x08007d15   Thumb Code    10  tasks.o(.text)
    vTaskDelayUntil                          0x08007d1f   Thumb Code    92  tasks.o(.text)
    vTaskDelay                               0x08007d7b   Thumb Code    48  tasks.o(.text)
    uxTaskPriorityGet                        0x08007dab   Thumb Code    24  tasks.o(.text)
    vTaskPrioritySet                         0x08007dc3   Thumb Code   148  tasks.o(.text)
    vTaskSwitchContext                       0x08007e57   Thumb Code    88  tasks.o(.text)
    vTaskSuspend                             0x08007eaf   Thumb Code    96  tasks.o(.text)
    xTaskIsTaskSuspended                     0x08007f0f   Thumb Code    40  tasks.o(.text)
    vTaskResume                              0x08007f37   Thumb Code    94  tasks.o(.text)
    xTaskResumeFromISR                       0x08007f95   Thumb Code   110  tasks.o(.text)
    vTaskStartScheduler                      0x08008019   Thumb Code    70  tasks.o(.text)
    vTaskEndScheduler                        0x0800805f   Thumb Code    20  tasks.o(.text)
    xTaskGetTickCount                        0x08008073   Thumb Code    18  tasks.o(.text)
    xTaskGetTickCountFromISR                 0x08008085   Thumb Code    18  tasks.o(.text)
    uxTaskGetNumberOfTasks                   0x08008097   Thumb Code     6  tasks.o(.text)
    vTaskList                                0x0800810f   Thumb Code   134  tasks.o(.text)
    vTaskPlaceOnEventList                    0x08008195   Thumb Code    58  tasks.o(.text)
    vTaskPlaceOnEventListRestricted          0x080081cf   Thumb Code    40  tasks.o(.text)
    xTaskRemoveFromEventList                 0x080081f7   Thumb Code    90  tasks.o(.text)
    vTaskSetTimeOutState                     0x08008251   Thumb Code    22  tasks.o(.text)
    xTaskCheckForTimeOut                     0x08008267   Thumb Code   134  tasks.o(.text)
    vTaskMissedYield                         0x080082ed   Thumb Code     8  tasks.o(.text)
    uxTaskGetTaskNumber                      0x080082f5   Thumb Code     8  tasks.o(.text)
    vTaskSetTaskNumber                       0x080082fd   Thumb Code     8  tasks.o(.text)
    xTaskGetCurrentTaskHandle                0x08008305   Thumb Code     6  tasks.o(.text)
    xTaskGetSchedulerState                   0x0800830b   Thumb Code    22  tasks.o(.text)
    vTaskPriorityInherit                     0x08008321   Thumb Code    92  tasks.o(.text)
    vTaskPriorityDisinherit                  0x0800837d   Thumb Code    64  tasks.o(.text)
    __aeabi_memcpy                           0x08008415   Thumb Code    36  memcpya.o(.text)
    __aeabi_memcpy4                          0x08008415   Thumb Code     0  memcpya.o(.text)
    __aeabi_memcpy8                          0x08008415   Thumb Code     0  memcpya.o(.text)
    __aeabi_memset                           0x08008439   Thumb Code    14  memseta.o(.text)
    __aeabi_memset4                          0x08008439   Thumb Code     0  memseta.o(.text)
    __aeabi_memset8                          0x08008439   Thumb Code     0  memseta.o(.text)
    __aeabi_memclr                           0x08008447   Thumb Code     4  memseta.o(.text)
    __aeabi_memclr4                          0x08008447   Thumb Code     0  memseta.o(.text)
    __aeabi_memclr8                          0x08008447   Thumb Code     0  memseta.o(.text)
    _memset$wrapper                          0x0800844b   Thumb Code    18  memseta.o(.text)
    strcat                                   0x0800845d   Thumb Code    24  strcat.o(.text)
    strncpy                                  0x08008475   Thumb Code    24  strncpy.o(.text)
    strlen                                   0x0800848d   Thumb Code    14  strlen.o(.text)
    __aeabi_dadd                             0x0800849b   Thumb Code   322  dadd.o(.text)
    __aeabi_dsub                             0x080085dd   Thumb Code     6  dadd.o(.text)
    __aeabi_drsub                            0x080085e3   Thumb Code     6  dadd.o(.text)
    __aeabi_dmul                             0x080085e9   Thumb Code   228  dmul.o(.text)
    __aeabi_ddiv                             0x080086cd   Thumb Code   222  ddiv.o(.text)
    __aeabi_i2d                              0x080087ab   Thumb Code    34  dflti.o(.text)
    __aeabi_f2d                              0x080087cd   Thumb Code    38  f2d.o(.text)
    __aeabi_d2f                              0x080087f3   Thumb Code    56  d2f.o(.text)
    __aeabi_uidiv                            0x0800882b   Thumb Code     0  uidiv.o(.text)
    __aeabi_uidivmod                         0x0800882b   Thumb Code    44  uidiv.o(.text)
    __aeabi_llsl                             0x08008857   Thumb Code    30  llshl.o(.text)
    _ll_shift_l                              0x08008857   Thumb Code     0  llshl.o(.text)
    __aeabi_lasr                             0x08008875   Thumb Code    36  llsshr.o(.text)
    _ll_sshift_r                             0x08008875   Thumb Code     0  llsshr.o(.text)
    __I$use$fp                               0x08008899   Thumb Code     0  iusefp.o(.text)
    _float_round                             0x08008899   Thumb Code    18  fepilogue.o(.text)
    _float_epilogue                          0x080088ab   Thumb Code    92  fepilogue.o(.text)
    _double_round                            0x08008907   Thumb Code    30  depilogue.o(.text)
    _double_epilogue                         0x08008925   Thumb Code   156  depilogue.o(.text)
    __scatterload                            0x080089c1   Thumb Code    28  init.o(.text)
    __scatterload_rt2                        0x080089c1   Thumb Code     0  init.o(.text)
    __aeabi_llsr                             0x080089e5   Thumb Code    32  llushr.o(.text)
    _ll_ushift_r                             0x080089e5   Thumb Code     0  llushr.o(.text)
    __aeabi_ui2d                             0x08008a05   Thumb Code    26  dfltui.o(.text)
    __aeabi_d2iz                             0x08008a1f   Thumb Code    62  dfixi.o(.text)
    __decompress                             0x08008a5d   Thumb Code     0  __dczerorl2.o(.text)
    __decompress1                            0x08008a5d   Thumb Code    86  __dczerorl2.o(.text)
    __0sprintf$3                             0x08008ab5   Thumb Code    34  printf3.o(i.__0sprintf$3)
    __1sprintf$3                             0x08008ab5   Thumb Code     0  printf3.o(i.__0sprintf$3)
    __2sprintf                               0x08008ab5   Thumb Code     0  printf3.o(i.__0sprintf$3)
    __ARM_fpclassify                         0x08008add   Thumb Code    48  fpclassify.o(i.__ARM_fpclassify)
    __hardfp_sin                             0x08008b11   Thumb Code   180  sin.o(i.__hardfp_sin)
    __ieee754_rem_pio2                       0x08008bd9   Thumb Code   938  rred.o(i.__ieee754_rem_pio2)
    __kernel_cos                             0x08009011   Thumb Code   322  cos_i.o(i.__kernel_cos)
    __kernel_poly                            0x08009181   Thumb Code   248  poly.o(i.__kernel_poly)
    __kernel_sin                             0x08009279   Thumb Code   280  sin_i.o(i.__kernel_sin)
    __mathlib_dbl_infnan                     0x080093a9   Thumb Code    20  dunder.o(i.__mathlib_dbl_infnan)
    __mathlib_dbl_invalid                    0x080093c1   Thumb Code    24  dunder.o(i.__mathlib_dbl_invalid)
    __mathlib_dbl_underflow                  0x080093e1   Thumb Code    24  dunder.o(i.__mathlib_dbl_underflow)
    __scatterload_copy                       0x08009401   Thumb Code    14  handlers.o(i.__scatterload_copy)
    __scatterload_null                       0x0800940f   Thumb Code     2  handlers.o(i.__scatterload_null)
    __scatterload_zeroinit                   0x08009411   Thumb Code    14  handlers.o(i.__scatterload_zeroinit)
    __set_errno                              0x08009421   Thumb Code     6  errno.o(i.__set_errno)
    fabs                                     0x080095ef   Thumb Code    24  fabs.o(i.fabs)
    Region$$Table$$Base                      0x08009728   Number         0  anon$$obj.o(Region$$Table)
    Region$$Table$$Limit                     0x08009748   Number         0  anon$$obj.o(Region$$Table)
    Vi_tri                                   0x20000000   Data           1  main.o(.data)
    Home                                     0x20000001   Data           1  main.o(.data)
    data_tx_gyro                             0x20000002   Data           1  main.o(.data)
    en_gyro                                  0x20000003   Data           1  main.o(.data)
    dataTxGyro                               0x20000004   Data           1  main.o(.data)
    enGyro                                   0x20000005   Data           1  main.o(.data)
    bien_xi_lanh_nang                        0x20000006   Data           1  main.o(.data)
    MauSan                                   0x20000008   Data           2  main.o(.data)
    RobotMode                                0x2000000a   Data           2  main.o(.data)
    IMU                                      0x2000000c   Data           2  main.o(.data)
    num_over_t1                              0x20000010   Data           4  main.o(.data)
    num_over_t2                              0x20000014   Data           4  main.o(.data)
    num_over_t3                              0x20000018   Data           4  main.o(.data)
    BienTroTrucYValue                        0x2000001c   Data           4  main.o(.data)
    BienTroMamXoayValue                      0x20000020   Data           4  main.o(.data)
    i                                        0x20000024   Data           4  main.o(.data)
    taget_BT_Xoay                            0x20000028   Data           4  main.o(.data)
    Min_BT_Xoay                              0x2000002c   Data           4  main.o(.data)
    Max_BT_Xoay                              0x20000030   Data           4  main.o(.data)
    BT_Xoay_Gap_Bong                         0x20000034   Data           4  main.o(.data)
    BT_Xoay_Bo_Bong                          0x20000038   Data           4  main.o(.data)
    Max_BT_Truc_Y                            0x2000003c   Data           4  main.o(.data)
    taget_BT_Truc_Y                          0x20000040   Data           4  main.o(.data)
    Min_BT_Truc_Y                            0x20000044   Data           4  main.o(.data)
    Max_BT_Truc_X                            0x20000048   Data           4  main.o(.data)
    taget_BT_Truc_X                          0x2000004c   Data           4  main.o(.data)
    BT_Truc_X_Tha_Bong                       0x20000050   Data           4  main.o(.data)
    Min_BT_Truc_X                            0x20000054   Data           4  main.o(.data)
    errorFixCouter                           0x20000058   Data           4  main.o(.data)
    robotLimitSpeed                          0x2000005c   Data           4  main.o(.data)
    f05                                      0x20000060   Data           4  main.o(.data)
    f6                                       0x20000064   Data           4  main.o(.data)
    f10                                      0x20000068   Data           4  main.o(.data)
    f30                                      0x2000006c   Data           4  main.o(.data)
    f60                                      0x20000070   Data           4  main.o(.data)
    f120                                     0x20000074   Data           4  main.o(.data)
    i100                                     0x20000078   Data           4  main.o(.data)
    khoangCachGocFix                         0x2000007c   Data           4  main.o(.data)
    _robotY                                  0x20000080   Data           4  main.o(.data)
    _robotX                                  0x20000084   Data           4  main.o(.data)
    _lockRobot                               0x20000088   Data           4  main.o(.data)
    motorLock                                0x2000008c   Data           4  main.o(.data)
    motorLockRepeat                          0x20000090   Data           4  main.o(.data)
    radian                                   0x20000094   Data           4  main.o(.data)
    _robotChange                             0x20000098   Data           4  main.o(.data)
    _robotRotatePoint                        0x2000009c   Data           4  main.o(.data)
    _robotCurrentSpeed                       0x200000a0   Data           4  main.o(.data)
    _robotRunSpeed                           0x200000a4   Data           4  main.o(.data)
    _robotMaxSpeed                           0x200000a8   Data           4  main.o(.data)
    _robotAccStop                            0x200000ac   Data           4  main.o(.data)
    _robotCounter                            0x200000b0   Data           4  main.o(.data)
    _robotAngle                              0x200000b4   Data           4  main.o(.data)
    _robotRunAngle                           0x200000b8   Data           4  main.o(.data)
    _robotRotateAngle                        0x200000bc   Data           4  main.o(.data)
    _robotIMUInit                            0x200000c0   Data           4  main.o(.data)
    _robotRotate                             0x200000c4   Data           4  main.o(.data)
    _robotCurve                              0x200000c8   Data           4  main.o(.data)
    _robotAngleCounterFix                    0x200000cc   Data           4  main.o(.data)
    _robotAngleToFix                         0x200000d0   Data           4  main.o(.data)
    _robotIMUAngle                           0x200000d4   Data           4  main.o(.data)
    _IMUAngle_Before                         0x200000d8   Data           4  main.o(.data)
    _robotDelayGiamToc                       0x200000dc   Data           4  main.o(.data)
    _robotRun0h                              0x200000e0   Data           4  main.o(.data)
    _robotRun4h                              0x200000e4   Data           4  main.o(.data)
    _robotRun8h                              0x200000e8   Data           4  main.o(.data)
    speed_temp                               0x200000ec   Data           4  main.o(.data)
    viTriThaBong                             0x200000f0   Data           4  main.o(.data)
    HMI_LOOP                                 0x2000012c   Data           4  main.o(.data)
    num_over_t4                              0x20000130   Data           4  main.o(.data)
    lazeTruocValue                           0x20000134   Data           4  main.o(.data)
    lazeSauValue                             0x20000138   Data           4  main.o(.data)
    lazeTraiValue                            0x2000013c   Data           4  main.o(.data)
    lazePhaiValue                            0x20000140   Data           4  main.o(.data)
    BienTroTrucXValue                        0x20000144   Data           4  main.o(.data)
    TAM_X                                    0x20000148   Data           4  main.o(.data)
    SILO_THA_BONG                            0x2000014c   Data           4  main.o(.data)
    TAM_Y                                    0x20000150   Data           4  main.o(.data)
    DATA_SPEED                               0x20000154   Data          60  main.o(.data)
    GP_BTN                                   0x20000190   Data          15  main.o(.data)
    num_over_t5                              0x200001a0   Data           4  main.o(.data)
    sieu_am                                  0x200001a4   Data           4  main.o(.data)
    NGHIENG                                  0x200001a8   Data           4  main.o(.data)
    DO_LON                                   0x200001ac   Data           4  main.o(.data)
    SystemCoreClock                          0x200001b0   Data           4  system_stm32f4xx.o(.data)
    AHBPrescTable                            0x200001b4   Data          16  system_stm32f4xx.o(.data)
    pxCurrentTCB                             0x20000200   Data           4  tasks.o(.data)
    buf                                      0x20000240   Data          50  main.o(.bss)
    ky_tu_1                                  0x20000272   Data          40  main.o(.bss)
    ky_tu_2                                  0x2000029a   Data          40  main.o(.bss)
    Buffer_HMI                               0x200002c2   Data          50  main.o(.bss)
    _ADC1_Value                              0x200002f4   Data          16  main.o(.bss)
    RX_USART1                                0x20000304   Data          15  main.o(.bss)
    RX_USART2                                0x20000313   Data          15  main.o(.bss)
    MANG_GAME                                0x20000322   Data          10  main.o(.bss)
    ViTriLazeThaBong                         0x2000032c   Data          20  main.o(.bss)
    xQueueRegistry                           0x20000340   Data          64  queue.o(.bss)
    __initial_sp                             0x20003098   Data           0  startup_stm32f4xx.o(STACK)



==============================================================================

Memory Map of the image

  Image Entry point : 0x08000189

  Load Region LR_IROM1 (Base: 0x08000000, Size: 0x00009988, Max: 0x00080000, ABSOLUTE, COMPRESSED[0x000097d4])

    Execution Region ER_IROM1 (Exec base: 0x08000000, Load base: 0x08000000, Size: 0x00009748, Max: 0x00080000, ABSOLUTE)

    Exec Addr    Load Addr    Size         Type   Attr      Idx    E Section Name        Object

    0x08000000   0x08000000   0x00000188   Data   RO          352    RESET               startup_stm32f4xx.o
    0x08000188   0x08000188   0x00000000   Code   RO          688  * .ARM.Collect$$$$00000000  mc_w.l(entry.o)
    0x08000188   0x08000188   0x00000004   Code   RO         1004    .ARM.Collect$$$$00000001  mc_w.l(entry2.o)
    0x0800018c   0x0800018c   0x00000004   Code   RO         1007    .ARM.Collect$$$$00000004  mc_w.l(entry5.o)
    0x08000190   0x08000190   0x00000000   Code   RO         1009    .ARM.Collect$$$$00000008  mc_w.l(entry7b.o)
    0x08000190   0x08000190   0x00000000   Code   RO         1011    .ARM.Collect$$$$0000000A  mc_w.l(entry8b.o)
    0x08000190   0x08000190   0x00000008   Code   RO         1012    .ARM.Collect$$$$0000000B  mc_w.l(entry9a.o)
    0x08000198   0x08000198   0x00000004   Code   RO         1019    .ARM.Collect$$$$0000000E  mc_w.l(entry12b.o)
    0x0800019c   0x0800019c   0x00000000   Code   RO         1014    .ARM.Collect$$$$0000000F  mc_w.l(entry10a.o)
    0x0800019c   0x0800019c   0x00000000   Code   RO         1016    .ARM.Collect$$$$00000011  mc_w.l(entry11a.o)
    0x0800019c   0x0800019c   0x00000004   Code   RO         1005    .ARM.Collect$$$$00002712  mc_w.l(entry2.o)
    0x080001a0   0x080001a0   0x000000a8   Code   RO          619    .emb_text           port.o
    0x08000248   0x08000248   0x000002b4   Code   RO            2    .text               stm32f4xx_it.o
    0x080004fc   0x080004fc   0x00004c08   Code   RO          140    .text               main.o
    0x08005104   0x08005104   0x00000170   Code   RO          329    .text               system_stm32f4xx.o
    0x08005274   0x08005274   0x00000024   Code   RO          353    .text               startup_stm32f4xx.o
    0x08005298   0x08005298   0x000000b0   Code   RO          358    .text               misc.o
    0x08005348   0x08005348   0x00000218   Code   RO          374    .text               stm32f4xx_gpio.o
    0x08005560   0x08005560   0x000003d0   Code   RO          390    .text               stm32f4xx_rcc.o
    0x08005930   0x08005930   0x00000354   Code   RO          408    .text               stm32f4xx_adc.o
    0x08005c84   0x08005c84   0x00000320   Code   RO          424    .text               stm32f4xx_dma.o
    0x08005fa4   0x08005fa4   0x000000e8   Code   RO          440    .text               stm32f4xx_exti.o
    0x0800608c   0x0800608c   0x000009dc   Code   RO          472    .text               stm32f4xx_tim.o
    0x08006a68   0x08006a68   0x00000338   Code   RO          489    .text               stm32f4xx_usart.o
    0x08006da0   0x08006da0   0x00000078   Code   RO          505    .text               stm32f4xx_syscfg.o
    0x08006e18   0x08006e18   0x0000008e   Code   RO          562    .text               list.o
    0x08006ea6   0x08006ea6   0x00000002   PAD
    0x08006ea8   0x08006ea8   0x0000064c   Code   RO          580    .text               queue.o
    0x080074f4   0x080074f4   0x00000318   Code   RO          598    .text               timers.o
    0x0800780c   0x0800780c   0x000000cc   Code   RO          620    .text               port.o
    0x080078d8   0x080078d8   0x000000f4   Code   RO          638    .text               heap_2.o
    0x080079cc   0x080079cc   0x00000a48   Code   RO          653    .text               tasks.o
    0x08008414   0x08008414   0x00000024   Code   RO          691    .text               mc_w.l(memcpya.o)
    0x08008438   0x08008438   0x00000024   Code   RO          693    .text               mc_w.l(memseta.o)
    0x0800845c   0x0800845c   0x00000018   Code   RO          695    .text               mc_w.l(strcat.o)
    0x08008474   0x08008474   0x00000018   Code   RO          697    .text               mc_w.l(strncpy.o)
    0x0800848c   0x0800848c   0x0000000e   Code   RO          699    .text               mc_w.l(strlen.o)
    0x0800849a   0x0800849a   0x0000014e   Code   RO          964    .text               mf_w.l(dadd.o)
    0x080085e8   0x080085e8   0x000000e4   Code   RO          966    .text               mf_w.l(dmul.o)
    0x080086cc   0x080086cc   0x000000de   Code   RO          968    .text               mf_w.l(ddiv.o)
    0x080087aa   0x080087aa   0x00000022   Code   RO          970    .text               mf_w.l(dflti.o)
    0x080087cc   0x080087cc   0x00000026   Code   RO          972    .text               mf_w.l(f2d.o)
    0x080087f2   0x080087f2   0x00000038   Code   RO          974    .text               mf_w.l(d2f.o)
    0x0800882a   0x0800882a   0x0000002c   Code   RO         1023    .text               mc_w.l(uidiv.o)
    0x08008856   0x08008856   0x0000001e   Code   RO         1027    .text               mc_w.l(llshl.o)
    0x08008874   0x08008874   0x00000024   Code   RO         1029    .text               mc_w.l(llsshr.o)
    0x08008898   0x08008898   0x00000000   Code   RO         1038    .text               mc_w.l(iusefp.o)
    0x08008898   0x08008898   0x0000006e   Code   RO         1039    .text               mf_w.l(fepilogue.o)
    0x08008906   0x08008906   0x000000ba   Code   RO         1041    .text               mf_w.l(depilogue.o)
    0x080089c0   0x080089c0   0x00000024   Code   RO         1059    .text               mc_w.l(init.o)
    0x080089e4   0x080089e4   0x00000020   Code   RO         1062    .text               mc_w.l(llushr.o)
    0x08008a04   0x08008a04   0x0000001a   Code   RO         1065    .text               mf_w.l(dfltui.o)
    0x08008a1e   0x08008a1e   0x0000003e   Code   RO         1067    .text               mf_w.l(dfixi.o)
    0x08008a5c   0x08008a5c   0x00000056   Code   RO         1077    .text               mc_w.l(__dczerorl2.o)
    0x08008ab2   0x08008ab2   0x00000002   PAD
    0x08008ab4   0x08008ab4   0x00000028   Code   RO          794    i.__0sprintf$3      mc_w.l(printf3.o)
    0x08008adc   0x08008adc   0x00000030   Code   RO         1055    i.__ARM_fpclassify  m_wm.l(fpclassify.o)
    0x08008b0c   0x08008b0c   0x00000004   PAD
    0x08008b10   0x08008b10   0x000000c8   Code   RO          676    i.__hardfp_sin      m_wm.l(sin.o)
    0x08008bd8   0x08008bd8   0x00000438   Code   RO          993    i.__ieee754_rem_pio2  m_wm.l(rred.o)
    0x08009010   0x08009010   0x00000170   Code   RO          976    i.__kernel_cos      m_wm.l(cos_i.o)
    0x08009180   0x08009180   0x000000f8   Code   RO         1057    i.__kernel_poly     m_wm.l(poly.o)
    0x08009278   0x08009278   0x00000130   Code   RO          998    i.__kernel_sin      m_wm.l(sin_i.o)
    0x080093a8   0x080093a8   0x00000014   Code   RO          980    i.__mathlib_dbl_infnan  m_wm.l(dunder.o)
    0x080093bc   0x080093bc   0x00000004   PAD
    0x080093c0   0x080093c0   0x00000020   Code   RO          982    i.__mathlib_dbl_invalid  m_wm.l(dunder.o)
    0x080093e0   0x080093e0   0x00000020   Code   RO          985    i.__mathlib_dbl_underflow  m_wm.l(dunder.o)
    0x08009400   0x08009400   0x0000000e   Code   RO         1071    i.__scatterload_copy  mc_w.l(handlers.o)
    0x0800940e   0x0800940e   0x00000002   Code   RO         1072    i.__scatterload_null  mc_w.l(handlers.o)
    0x08009410   0x08009410   0x0000000e   Code   RO         1073    i.__scatterload_zeroinit  mc_w.l(handlers.o)
    0x0800941e   0x0800941e   0x00000002   PAD
    0x08009420   0x08009420   0x0000000c   Code   RO         1033    i.__set_errno       mc_w.l(errno.o)
    0x0800942c   0x0800942c   0x000001b8   Code   RO          799    i._printf_core      mc_w.l(printf3.o)
    0x080095e4   0x080095e4   0x0000000a   Code   RO          801    i._sputc            mc_w.l(printf3.o)
    0x080095ee   0x080095ee   0x00000018   Code   RO         1051    i.fabs              m_wm.l(fabs.o)
    0x08009606   0x08009606   0x00000002   PAD
    0x08009608   0x08009608   0x00000030   Data   RO          977    .constdata          m_wm.l(cos_i.o)
    0x08009638   0x08009638   0x000000c8   Data   RO          995    .constdata          m_wm.l(rred.o)
    0x08009700   0x08009700   0x00000028   Data   RO          999    .constdata          m_wm.l(sin_i.o)
    0x08009728   0x08009728   0x00000020   Data   RO         1069    Region$$Table       anon$$obj.o


    Execution Region RW_IRAM1 (Exec base: 0x20000000, Load base: 0x08009748, Size: 0x00003098, Max: 0x00020000, ABSOLUTE, COMPRESSED[0x0000008c])

    Exec Addr    Load Addr    Size         Type   Attr      Idx    E Section Name        Object

    0x20000000   COMPRESSED   0x0000019f   Data   RW          144    .data               main.o
    0x2000019f   COMPRESSED   0x00000001   PAD
    0x200001a0   COMPRESSED   0x00000004   Data   RW          145    .data               main.o
    0x200001a4   COMPRESSED   0x00000004   Data   RW          172    .data               main.o
    0x200001a8   COMPRESSED   0x00000004   Data   RW          175    .data               main.o
    0x200001ac   COMPRESSED   0x00000004   Data   RW          176    .data               main.o
    0x200001b0   COMPRESSED   0x00000014   Data   RW          330    .data               system_stm32f4xx.o
    0x200001c4   COMPRESSED   0x00000010   Data   RW          391    .data               stm32f4xx_rcc.o
    0x200001d4   COMPRESSED   0x00000010   Data   RW          600    .data               timers.o
    0x200001e4   COMPRESSED   0x00000004   Data   RW          621    .data               port.o
    0x200001e8   COMPRESSED   0x00000018   Data   RW          640    .data               heap_2.o
    0x20000200   COMPRESSED   0x0000003c   Data   RW          655    .data               tasks.o
    0x2000023c   COMPRESSED   0x00000004   Data   RW         1034    .data               mc_w.l(errno.o)
    0x20000240        -       0x00000100   Zero   RW          141    .bss                main.o
    0x20000340        -       0x00000040   Zero   RW          581    .bss                queue.o
    0x20000380        -       0x00000028   Zero   RW          599    .bss                timers.o
    0x200003a8        -       0x00002800   Zero   RW          639    .bss                heap_2.o
    0x20002ba8        -       0x000000f0   Zero   RW          654    .bss                tasks.o
    0x20002c98        -       0x00000400   Zero   RW          350    STACK               startup_stm32f4xx.o


==============================================================================

Image component sizes


      Code (inc. data)   RO Data    RW Data    ZI Data      Debug   Object Name

       244         10          0         24      10240       3820   heap_2.o
       142          0          0          0          0       3658   list.o
     19464       1054          0        431        256     329998   main.o
       176         12          0          0          0       2197   misc.o
       372         32          0          4          0       4960   port.o
      1612          4          0          0         64      11788   queue.o
        36          8        392          0       1024        984   startup_stm32f4xx.o
       852         20          0          0          0      11086   stm32f4xx_adc.o
       800         32          0          0          0       7217   stm32f4xx_dma.o
       232          8          0          0          0       2699   stm32f4xx_exti.o
       536         38          0          0          0       4749   stm32f4xx_gpio.o
       692        124          0          0          0     292809   stm32f4xx_it.o
       976         36          0         16          0      11747   stm32f4xx_rcc.o
       120         18          0          0          0       1867   stm32f4xx_syscfg.o
      2524         52          0          0          0      23282   stm32f4xx_tim.o
       824         24          0          0          0       8412   stm32f4xx_usart.o
       368         36          0         20          0       2095   system_stm32f4xx.o
      2632         62          0         60        240      16755   tasks.o
       792         22          0         16         40      10880   timers.o

    ----------------------------------------------------------------------
     33396       1592        424        572      11864     751003   Object Totals
         0          0         32          0          0          0   (incl. Generated)
         2          0          0          1          0          0   (incl. Padding)

    ----------------------------------------------------------------------

      Code (inc. data)   RO Data    RW Data    ZI Data      Debug   Library Member Name

       368         46         48          0          0        200   cos_i.o
        84         16          0          0          0        372   dunder.o
        24          0          0          0          0        124   fabs.o
        48          0          0          0          0        124   fpclassify.o
       248          0          0          0          0        152   poly.o
      1080        142        200          0          0        188   rred.o
       200         20          0          0          0        164   sin.o
       304         24         40          0          0        208   sin_i.o
        86          0          0          0          0          0   __dczerorl2.o
         0          0          0          0          0          0   entry.o
         0          0          0          0          0          0   entry10a.o
         0          0          0          0          0          0   entry11a.o
         4          0          0          0          0          0   entry12b.o
         8          4          0          0          0          0   entry2.o
         4          0          0          0          0          0   entry5.o
         0          0          0          0          0          0   entry7b.o
         0          0          0          0          0          0   entry8b.o
         8          4          0          0          0          0   entry9a.o
        12          6          0          4          0         68   errno.o
        30          0          0          0          0          0   handlers.o
        36          8          0          0          0         68   init.o
         0          0          0          0          0          0   iusefp.o
        30          0          0          0          0         68   llshl.o
        36          0          0          0          0         68   llsshr.o
        32          0          0          0          0         68   llushr.o
        36          0          0          0          0         68   memcpya.o
        36          0          0          0          0        108   memseta.o
       490         10          0          0          0        252   printf3.o
        24          0          0          0          0         68   strcat.o
        14          0          0          0          0         68   strlen.o
        24          0          0          0          0         76   strncpy.o
        44          0          0          0          0         80   uidiv.o
        56          0          0          0          0         88   d2f.o
       334          0          0          0          0        148   dadd.o
       222          0          0          0          0        100   ddiv.o
       186          0          0          0          0        176   depilogue.o
        62          0          0          0          0         80   dfixi.o
        34          0          0          0          0         76   dflti.o
        26          0          0          0          0         76   dfltui.o
       228          0          0          0          0         96   dmul.o
        38          0          0          0          0         68   f2d.o
       110          0          0          0          0        168   fepilogue.o

    ----------------------------------------------------------------------
      4620        280        288          4          0       3668   Library Totals
        14          0          0          0          0          0   (incl. Padding)

    ----------------------------------------------------------------------

      Code (inc. data)   RO Data    RW Data    ZI Data      Debug   Library Name

      2356        248        288          0          0       1532   m_wm.l
       954         32          0          4          0       1060   mc_w.l
      1296          0          0          0          0       1076   mf_w.l

    ----------------------------------------------------------------------
      4620        280        288          4          0       3668   Library Totals

    ----------------------------------------------------------------------

==============================================================================


      Code (inc. data)   RO Data    RW Data    ZI Data      Debug   

     38016       1872        712        576      11864     746763   Grand Totals
     38016       1872        712        140      11864     746763   ELF Image Totals (compressed)
     38016       1872        712        140          0          0   ROM Totals

==============================================================================

    Total RO  Size (Code + RO Data)                38728 (  37.82kB)
    Total RW  Size (RW Data + ZI Data)             12440 (  12.15kB)
    Total ROM Size (Code + RO Data + RW Data)      38868 (  37.96kB)

==============================================================================

