Component: ARM Compiler 5.06 (build 20) Tool: armlink [4d35a3]

==============================================================================

Section Cross References

    stm32f4xx_it.o(.text) refers to stm32f4xx_usart.o(.text) for USART_GetITStatus
    stm32f4xx_it.o(.text) refers to stm32f4xx_dma.o(.text) for DMA_ClearITPendingBit
    stm32f4xx_it.o(.text) refers to main.o(.text) for get_Gamepad_Bluetouch
    stm32f4xx_it.o(.text) refers to stm32f4xx_tim.o(.text) for TIM_ClearITPendingBit
    stm32f4xx_it.o(.text) refers to stm32f4xx_exti.o(.text) for EXTI_GetITStatus
    stm32f4xx_it.o(.text) refers to stm32f4xx_gpio.o(.text) for GPIO_ToggleBits
    stm32f4xx_it.o(.text) refers to main.o(.bss) for RX_USART1
    stm32f4xx_it.o(.text) refers to main.o(.data) for IMU
    stm32f4xx_it.o(.text) refers to main.o(.data) for num_over_t4
    stm32f4xx_it.o(.text) refers to main.o(.data) for num_over_t5
    stm32f4xx_it.o(.text) refers to main.o(.data) for sieu_am
    main.o(.text) refers to strlen.o(.text) for strlen
    main.o(.text) refers to stm32f4xx_dma.o(.text) for DMA_Cmd
    main.o(.text) refers to stm32f4xx_usart.o(.text) for USART_SendData
    main.o(.text) refers to printf3.o(i.__0sprintf$3) for __2sprintf
    main.o(.text) refers to strcat.o(.text) for strcat
    main.o(.text) refers to stm32f4xx_gpio.o(.text) for GPIO_ReadInputDataBit
    main.o(.text) refers to main.o(.bss) for .bss
    main.o(.text) refers to rand.o(.text) for rand
    main.o(.text) refers to stm32f4xx_tim.o(.text) for TIM_GetCounter
    main.o(.text) refers to stm32f4xx_rcc.o(.text) for RCC_AHB1PeriphClockCmd
    main.o(.text) refers to misc.o(.text) for NVIC_PriorityGroupConfig
    main.o(.text) refers to main.o(.data) for .data
    main.o(.text) refers to stm32f4xx_adc.o(.text) for ADC_CommonInit
    main.o(.text) refers to stm32f4xx_syscfg.o(.text) for SYSCFG_EXTILineConfig
    main.o(.text) refers to stm32f4xx_exti.o(.text) for EXTI_Init
    main.o(.text) refers to dflti.o(.text) for __aeabi_i2d
    main.o(.text) refers to dmul.o(.text) for __aeabi_dmul
    main.o(.text) refers to dadd.o(.text) for __aeabi_dsub
    main.o(.text) refers to ddiv.o(.text) for __aeabi_ddiv
    main.o(.text) refers to d2f.o(.text) for __aeabi_d2f
    main.o(.text) refers to f2d.o(.text) for __aeabi_f2d
    main.o(.text) refers to sin.o(i.__hardfp_sin) for __hardfp_sin
    main.o(.text) refers to tasks.o(.text) for vTaskDelay
    system_stm32f4xx.o(.text) refers to system_stm32f4xx.o(.data) for .data
    startup_stm32f4xx.o(RESET) refers to startup_stm32f4xx.o(STACK) for __initial_sp
    startup_stm32f4xx.o(RESET) refers to startup_stm32f4xx.o(.text) for Reset_Handler
    startup_stm32f4xx.o(RESET) refers to stm32f4xx_it.o(.text) for NMI_Handler
    startup_stm32f4xx.o(RESET) refers to port.o(.emb_text) for SVC_Handler
    startup_stm32f4xx.o(RESET) refers to port.o(.text) for SysTick_Handler
    startup_stm32f4xx.o(.text) refers to system_stm32f4xx.o(.text) for SystemInit
    startup_stm32f4xx.o(.text) refers to entry.o(.ARM.Collect$$$$00000000) for __main
    stm32f4xx_gpio.o(.text) refers to stm32f4xx_rcc.o(.text) for RCC_AHB1PeriphResetCmd
    stm32f4xx_rcc.o(.text) refers to stm32f4xx_rcc.o(.data) for .data
    stm32f4xx_adc.o(.text) refers to stm32f4xx_rcc.o(.text) for RCC_APB2PeriphResetCmd
    stm32f4xx_spi.o(.text) refers to stm32f4xx_rcc.o(.text) for RCC_APB2PeriphResetCmd
    stm32f4xx_tim.o(.text) refers to stm32f4xx_rcc.o(.text) for RCC_APB2PeriphResetCmd
    stm32f4xx_usart.o(.text) refers to stm32f4xx_rcc.o(.text) for RCC_APB2PeriphResetCmd
    stm32f4xx_syscfg.o(.text) refers to stm32f4xx_rcc.o(.text) for RCC_APB2PeriphResetCmd
    croutine.o(.text) refers to heap_2.o(.text) for pvPortMalloc
    croutine.o(.text) refers to list.o(.text) for vListInitialise
    croutine.o(.text) refers to tasks.o(.text) for xTaskGetTickCount
    croutine.o(.text) refers to port.o(.emb_text) for ulPortSetInterruptMask
    croutine.o(.text) refers to croutine.o(.data) for .data
    croutine.o(.text) refers to croutine.o(.bss) for .bss
    queue.o(.text) refers to port.o(.text) for vPortEnterCritical
    queue.o(.text) refers to list.o(.text) for vListInitialise
    queue.o(.text) refers to port.o(.emb_text) for ulPortSetInterruptMask
    queue.o(.text) refers to tasks.o(.text) for xTaskRemoveFromEventList
    queue.o(.text) refers to heap_2.o(.text) for pvPortMalloc
    queue.o(.text) refers to memcpya.o(.text) for __aeabi_memcpy
    queue.o(.text) refers to queue.o(.bss) for .bss
    timers.o(.text) refers to list.o(.text) for vListInsert
    timers.o(.text) refers to queue.o(.text) for xQueueGenericSendFromISR
    timers.o(.text) refers to tasks.o(.text) for xTaskGetSchedulerState
    timers.o(.text) refers to port.o(.text) for vPortEnterCritical
    timers.o(.text) refers to port.o(.emb_text) for ulPortSetInterruptMask
    timers.o(.text) refers to heap_2.o(.text) for pvPortMalloc
    timers.o(.text) refers to timers.o(.data) for .data
[...]
    i.__mathlib_dbl_underflow                0x080087b0   Section        0  dunder.o(i.__mathlib_dbl_underflow)
    i.__scatterload_copy                     0x080087d0   Section       14  handlers.o(i.__scatterload_copy)
    i.__scatterload_null                     0x080087de   Section        2  handlers.o(i.__scatterload_null)
    i.__scatterload_zeroinit                 0x080087e0   Section       14  handlers.o(i.__scatterload_zeroinit)
    i.__set_errno                            0x080087f0   Section        0  errno.o(i.__set_errno)
    i._printf_core                           0x080087fc   Section        0  printf3.o(i._printf_core)
    _printf_core                             0x080087fd   Thumb Code   436  printf3.o(i._printf_core)
    i._sputc                                 0x080089b4   Section        0  printf3.o(i._sputc)
    _sputc                                   0x080089b5   Thumb Code    10  printf3.o(i._sputc)
    i.fabs                                   0x080089be   Section        0  fabs.o(i.fabs)
    .constdata                               0x080089d8   Section       48  cos_i.o(.constdata)
    C                                        0x080089d8   Data          48  cos_i.o(.constdata)
    .constdata                               0x08008a08   Section      200  rred.o(.constdata)
    pio2s                                    0x08008a08   Data          48  rred.o(.constdata)
    twooverpi                                0x08008a38   Data         152  rred.o(.constdata)
    .constdata                               0x08008ad0   Section       40  sin_i.o(.constdata)
    S                                        0x08008ad0   Data          40  sin_i.o(.constdata)
    .data                                    0x20000000   Section      383  main.o(.data)
    lazeTruocCouter                          0x200000dc   Data           4  main.o(.data)
    laze0H_SUM                               0x200000e0   Data           4  main.o(.data)
    lazeNgang_Counter_do                     0x200000e4   Data           4  main.o(.data)
    laze4H_SUM                               0x200000e8   Data           4  main.o(.data)
    lazeNgang_Counter_xanh                   0x200000ec   Data           4  main.o(.data)
    laze8H_SUM                               0x200000f0   Data           4  main.o(.data)
    .data                                    0x20000180   Section        4  main.o(.data)
    .data                                    0x20000184   Section        4  main.o(.data)
    .data                                    0x20000188   Section        4  main.o(.data)
    .data                                    0x2000018c   Section       20  system_stm32f4xx.o(.data)
    .data                                    0x200001a0   Section       16  stm32f4xx_rcc.o(.data)
    APBAHBPrescTable                         0x200001a0   Data          16  stm32f4xx_rcc.o(.data)
    .data                                    0x200001b0   Section       16  timers.o(.data)
    xTimerQueue                              0x200001b0   Data           4  timers.o(.data)
    xLastTime                                0x200001b4   Data           4  timers.o(.data)
    pxCurrentTimerList                       0x200001b8   Data           4  timers.o(.data)
    pxOverflowTimerList                      0x200001bc   Data           4  timers.o(.data)
    .data                                    0x200001c0   Section        4  port.o(.data)
    uxCriticalNesting                        0x200001c0   Data           4  port.o(.data)
    .data                                    0x200001c4   Section       24  heap_2.o(.data)
    xFreeBytesRemaining                      0x200001c4   Data           4  heap_2.o(.data)
    xHeapHasBeenInitialised                  0x200001c8   Data           4  heap_2.o(.data)
    xStart                                   0x200001cc   Data           8  heap_2.o(.data)
    xEnd                                     0x200001d4   Data           8  heap_2.o(.data)
    .data                                    0x200001dc   Section       60  tasks.o(.data)
    uxTasksDeleted                           0x200001e0   Data           4  tasks.o(.data)
    uxCurrentNumberOfTasks                   0x200001e4   Data           4  tasks.o(.data)
    xTickCount                               0x200001e8   Data           4  tasks.o(.data)
    uxTopUsedPriority                        0x200001ec   Data           4  tasks.o(.data)
    uxTopReadyPriority                       0x200001f0   Data           4  tasks.o(.data)
    xSchedulerRunning                        0x200001f4   Data           4  tasks.o(.data)
    uxSchedulerSuspended                     0x200001f8   Data           4  tasks.o(.data)
    uxMissedTicks                            0x200001fc   Data           4  tasks.o(.data)
    xMissedYield                             0x20000200   Data           4  tasks.o(.data)
    xNumOfOverflows                          0x20000204   Data           4  tasks.o(.data)
    uxTaskNumber                             0x20000208   Data           4  tasks.o(.data)
    xNextTaskUnblockTime                     0x2000020c   Data           4  tasks.o(.data)
    pxDelayedTaskList                        0x20000210   Data           4  tasks.o(.data)
    pxOverflowDelayedTaskList                0x20000214   Data           4  tasks.o(.data)
    .data                                    0x20000218   Section        4  rand.o(.data)
    _rand_state                              0x20000218   Data           4  rand.o(.data)
    .data                                    0x2000021c   Section        4  errno.o(.data)
    _errno                                   0x2000021c   Data           4  errno.o(.data)
    .bss                                     0x20000220   Section      284  main.o(.bss)
    .bss                                     0x2000033c   Section       64  queue.o(.bss)
    .bss                                     0x2000037c   Section       40  timers.o(.bss)
    xActiveTimerList1                        0x2000037c   Data          20  timers.o(.bss)
    xActiveTimerList2                        0x20000390   Data          20  timers.o(.bss)
    .bss                                     0x200003a8   Section    10240  heap_2.o(.bss)
    xHeap                                    0x200003a8   Data       10240  heap_2.o(.bss)
    .bss                                     0x20002ba8   Section      240  tasks.o(.bss)
    pcStatusString                           0x20002ba8   Data          40  tasks.o(.bss)
    pxReadyTasksLists                        0x20002bd0   Data         100  tasks.o(.bss)
    xDelayedTaskList1                        0x20002c34   Data          20  tasks.o(.bss)
    xDelayedTaskList2                        0x20002c48   Data          20  tasks.o(.bss)
    xPendingReadyList                        0x20002c5c   Data          20  tasks.o(.bss)
    xTasksWaitingTermination                 0x20002c70   Data          20  tasks.o(.bss)
    xSuspendedTaskList                       0x20002c84   Data          20  tasks.o(.bss)
    STACK                                    0x20002c98   Section     1024  startup_stm32f4xx.o(STACK)

    Global Symbols

    Symbol Name                              Value     Ov Type        Size  Object(Section)

    BuildAttributes$$THM_ISAv4$E$P$D$K$B$S$7EM$VFPi3$EXTD16$VFPS$VFMA$PE$A:L22UL41UL21$X:L11$S22US41US21$IEEE1$IW$USESV6$~STKCKD$USESV7$~SHL$OTIME$ROPI$IEEEX$EBA8$MICROLIB$REQ8$PRES8$EABIv2 0x00000000   Number         0  anon$$obj.o ABSOLUTE
    __ARM_use_no_argv                        0x00000000   Number         0  main.o ABSOLUTE
    _printf_a                                0x00000000   Number         0  stubs.o ABSOLUTE
    _printf_c                                0x00000000   Number         0  stubs.o ABSOLUTE
    _printf_charcount                        0x00000000   Number         0  stubs.o ABSOLUTE
    _printf_d                                0x00000000   Number         0  stubs.o ABSOLUTE
    _printf_e                                0x00000000   Number         0  stubs.o ABSOLUTE
    _printf_f                                0x00000000   Number         0  stubs.o ABSOLUTE
    _printf_flags                            0x00000000   Number         0  stubs.o ABSOLUTE
    _printf_fp_dec                           0x00000000   Number         0  stubs.o ABSOLUTE
    _printf_fp_hex                           0x00000000   Number         0  stubs.o ABSOLUTE
    _printf_g                                0x00000000   Number         0  stubs.o ABSOLUTE
    _printf_i                                0x00000000   Number         0  stubs.o ABSOLUTE
    _printf_int_dec                          0x00000000   Number         0  stubs.o ABSOLUTE
    _printf_l                                0x00000000   Number         0  stubs.o ABSOLUTE
    _printf_lc                               0x00000000   Number         0  stubs.o ABSOLUTE
    _printf_ll                               0x00000000   Number         0  stubs.o ABSOLUTE
    _printf_lld                              0x00000000   Number         0  stubs.o ABSOLUTE
    _printf_lli                              0x00000000   Number         0  stubs.o ABSOLUTE
    _printf_llo                              0x00000000   Number         0  stubs.o ABSOLUTE
    _printf_llu                              0x00000000   Number         0  stubs.o ABSOLUTE
    _printf_llx                              0x00000000   Number         0  stubs.o ABSOLUTE
    _printf_longlong_dec                     0x00000000   Number         0  stubs.o ABSOLUTE
    _printf_longlong_hex                     0x00000000   Number         0  stubs.o ABSOLUTE
    _printf_longlong_oct                     0x00000000   Number         0  stubs.o ABSOLUTE
    _printf_ls                               0x00000000   Number         0  stubs.o ABSOLUTE
    _printf_mbtowc                           0x00000000   Number         0  stubs.o ABSOLUTE
    _printf_n                                0x00000000   Number         0  stubs.o ABSOLUTE
    _printf_o                                0x00000000   Number         0  stubs.o ABSOLUTE
    _printf_p                                0x00000000   Number         0  stubs.o ABSOLUTE
    _printf_percent                          0x00000000   Number         0  stubs.o ABSOLUTE
    _printf_pre_padding                      0x00000000   Number         0  stubs.o ABSOLUTE
    _printf_return_value                     0x00000000   Number         0  stubs.o ABSOLUTE
    _printf_s                                0x00000000   Number         0  stubs.o ABSOLUTE
    _printf_sizespec                         0x00000000   Number         0  stubs.o ABSOLUTE
    _printf_str                              0x00000000   Number         0  stubs.o ABSOLUTE
    _printf_truncate_signed                  0x00000000   Number         0  stubs.o ABSOLUTE
    _printf_truncate_unsigned                0x00000000   Number         0  stubs.o ABSOLUTE
    _printf_u                                0x00000000   Number         0  stubs.o ABSOLUTE
    _printf_wc                               0x00000000   Number         0  stubs.o ABSOLUTE
    _printf_wctomb                           0x00000000   Number         0  stubs.o ABSOLUTE
    _printf_widthprec                        0x00000000   Number         0  stubs.o ABSOLUTE
    _printf_x                                0x00000000   Number         0  stubs.o ABSOLUTE
    __cpp_initialize__aeabi_                  - Undefined Weak Reference
    __cxa_finalize                            - Undefined Weak Reference
    _clock_init                               - Undefined Weak Reference
    _microlib_exit                            - Undefined Weak Reference
    __Vectors_Size                           0x00000188   Number         0  startup_stm32f4xx.o ABSOLUTE
    __Vectors                                0x08000000   Data           4  startup_stm32f4xx.o(RESET)
    __Vectors_End                            0x08000188   Data           0  startup_stm32f4xx.o(RESET)
    __main                                   0x08000189   Thumb Code     0  entry.o(.ARM.Collect$$$$00000000)
    _main_stk                                0x08000189   Thumb Code     0  entry2.o(.ARM.Collect$$$$00000001)
    _main_scatterload                        0x0800018d   Thumb Code     0  entry5.o(.ARM.Collect$$$$00000004)
    __main_after_scatterload                 0x08000191   Thumb Code     0  entry5.o(.ARM.Collect$$$$00000004)
    _main_clock                              0x08000191   Thumb Code     0  entry7b.o(.ARM.Collect$$$$00000008)
    _main_cpp_init                           0x08000191   Thumb Code     0  entry8b.o(.ARM.Collect$$$$0000000A)
    _main_init                               0x08000191   Thumb Code     0  entry9a.o(.ARM.Collect$$$$0000000B)
    __rt_final_cpp                           0x08000199   Thumb Code     0  entry10a.o(.ARM.Collect$$$$0000000D)
    __rt_final_exit                          0x08000199   Thumb Code     0  entry11a.o(.ARM.Collect$$$$0000000F)
    SVC_Handler                              0x0800019d   Thumb Code    24  port.o(.emb_text)
    __asm___6_port_c_39a90d8d__prvStartFirstTask 0x080001b9   Thumb Code    16  port.o(.emb_text)
    __asm___6_port_c_39a90d8d__prvEnableVFP  0x080001cd   Thumb Code    16  port.o(.emb_text)
    PendSV_Handler                           0x080001e1   Thumb Code    76  port.o(.emb_text)
    ulPortSetInterruptMask                   0x08000231   Thumb Code    14  port.o(.emb_text)
    vPortClearInterruptMask                  0x0800023f   Thumb Code     6  port.o(.emb_text)
    NMI_Handler                              0x08000245   Thumb Code     2  stm32f4xx_it.o(.text)
    HardFault_Handler                        0x08000247   Thumb Code     2  stm32f4xx_it.o(.text)
    MemManage_Handler                        0x08000249   Thumb Code     2  stm32f4xx_it.o(.text)
    BusFault_Handler                         0x0800024b   Thumb Code     2  stm32f4xx_it.o(.text)
    UsageFault_Handler                       0x0800024d   Thumb Code     2  stm32f4xx_it.o(.text)
    DebugMon_Handler                         0x0800024f   Thumb Code     2  stm32f4xx_it.o(.text)
    USART1_IRQHandler                        0x08000255   Thumb Code    32  stm32f4xx_it.o(.text)
    DMA1_Stream4_IRQHandler                  0x08000275   Thumb Code     8  stm32f4xx_it.o(.text)
    DMA1_Stream6_IRQHandler                  0x0800027d   Thumb Code    34  stm32f4xx_it.o(.text)
    DMA2_Stream2_IRQHandler                  0x0800029f   Thumb Code    26  stm32f4xx_it.o(.text)
    DMA2_Stream5_IRQHandler                  0x080002b9   Thumb Code    10  stm32f4xx_it.o(.text)
    DMA1_Stream1_IRQHandler                  0x080002c3   Thumb Code    62  stm32f4xx_it.o(.text)
    DMA1_Stream0_IRQHandler                  0x08000301   Thumb Code    34  stm32f4xx_it.o(.text)
    DMA1_Stream7_IRQHandler                  0x08000323   Thumb Code    42  stm32f4xx_it.o(.text)
    DMA1_Stream2_IRQHandler                  0x0800034d   Thumb Code    10  stm32f4xx_it.o(.text)
    TIM6_DAC_IRQHandler                      0x08000357   Thumb Code     8  stm32f4xx_it.o(.text)
    TIM7_IRQHandler                          0x0800035f   Thumb Code    18  stm32f4xx_it.o(.text)
    TIM1_UP_TIM10_IRQHandler                 0x08000371   Thumb Code    32  stm32f4xx_it.o(.text)
    TIM1_TRG_COM_TIM11_IRQHandler            0x08000391   Thumb Code     2  stm32f4xx_it.o(.text)
    TIM2_IRQHandler                          0x08000393   Thumb Code    32  stm32f4xx_it.o(.text)
    TIM3_IRQHandler                          0x080003b3   Thumb Code    32  stm32f4xx_it.o(.text)
    TIM4_IRQHandler                          0x080003d3   Thumb Code    32  stm32f4xx_it.o(.text)
    TIM5_IRQHandler                          0x080003f3   Thumb Code    32  stm32f4xx_it.o(.text)
    SPI1_IRQHandler                          0x08000413   Thumb Code     2  stm32f4xx_it.o(.text)
    SPI3_IRQHandler                          0x08000415   Thumb Code     2  stm32f4xx_it.o(.text)
    EXTI2_IRQHandler                         0x08000417   Thumb Code    76  stm32f4xx_it.o(.text)
    EXTI3_IRQHandler                         0x08000463   Thumb Code     2  stm32f4xx_it.o(.text)
    HMI_ky_tu                                0x080004d9   Thumb Code    36  main.o(.text)
    HMISends                                 0x080004fd   Thumb Code    40  main.o(.text)
    HMISendb                                 0x08000525   Thumb Code    42  main.o(.text)
    gui_so                                   0x0800054f   Thumb Code   120  main.o(.text)
    gui_chu                                  0x080005c7   Thumb Code    58  main.o(.text)
    HMI_DMI                                  0x08000601   Thumb Code   190  main.o(.text)
    HMI_PUTS                                 0x080006bf   Thumb Code   182  main.o(.text)
    gui_line                                 0x08000775   Thumb Code   300  main.o(.text)
    HMI_PUT_j                                0x080008a1   Thumb Code   222  main.o(.text)
    random                                   0x0800097f   Thumb Code    26  main.o(.text)
    ENCODER_0H                               0x08000999   Thumb Code    82  main.o(.text)
    ENCODER_4H                               0x080009eb   Thumb Code    80  main.o(.text)
    ENCODER_8H                               0x08000a3b   Thumb Code    82  main.o(.text)
    ENCODER_TONG                             0x08000a8d   Thumb Code    42  main.o(.text)
    delay_us                                 0x08000ab7   Thumb Code    24  main.o(.text)
    delay_ms                                 0x08000acf   Thumb Code    24  main.o(.text)
    Config_out_mode                          0x08000ae7   Thumb Code   102  main.o(.text)
    Config_in_mode                           0x08000b4d   Thumb Code   144  main.o(.text)
    Config_int_time6                         0x08000bdd   Thumb Code   112  main.o(.text)
    Config_int_time7                         0x08000c4d   Thumb Code   114  main.o(.text)
    Config_pwm_time_t8                       0x08000cbf   Thumb Code   250  main.o(.text)
    Config_pwm_time_t4                       0x08000db9   Thumb Code   194  main.o(.text)
    Config_pwm_time_t9                       0x08000e7b   Thumb Code   132  main.o(.text)
    Config_encoder_timer2_timer3             0x08000eff   Thumb Code   374  main.o(.text)
    Config_encoder_timer1                    0x08001075   Thumb Code   272  main.o(.text)
    Config_ADC1_DMA                          0x08001185   Thumb Code   296  main.o(.text)
    Config_int_uart1_rx                      0x080012ad   Thumb Code    40  main.o(.text)
    UART1_DMA_RX                             0x080012d5   Thumb Code   264  main.o(.text)
    UART2_DMA_TX                             0x080013dd   Thumb Code   268  main.o(.text)
    UART3_DMA_RX                             0x080014e9   Thumb Code   316  main.o(.text)
    UART4_DMA_RX                             0x08001625   Thumb Code   266  main.o(.text)
    UART5_DMA_TX                             0x0800172f   Thumb Code   298  main.o(.text)
    ngat_ngoai                               0x08001859   Thumb Code   104  main.o(.text)
    SEND_UART                                0x080018c1   Thumb Code   106  main.o(.text)
    RESET_ENCODER                            0x0800192b   Thumb Code    26  main.o(.text)
    run_read_gyro_uart1                      0x08001945   Thumb Code    40  main.o(.text)
    resetIMU                                 0x0800196d   Thumb Code    20  main.o(.text)
    run_read_gyro_uart3                      0x08001981   Thumb Code    88  main.o(.text)
    HMI_TRAN                                 0x080019d9   Thumb Code   898  main.o(.text)
    DATA_SPEED_RUN_LOOP                      0x08001d5b   Thumb Code     8  main.o(.text)
    HMI_RUN_LOOP                             0x08001d63   Thumb Code    28  main.o(.text)
    SPIxmit                                  0x08001d7f   Thumb Code   420  main.o(.text)
    gp_update_btn                            0x08001f23   Thumb Code   106  main.o(.text)
    gp_get_mode                              0x08001f8d   Thumb Code    58  main.o(.text)
    get_Gamepad_Bluetouch                    0x08001fc7   Thumb Code    66  main.o(.text)
    fixError_Gamepad_Bluetouch               0x08002009   Thumb Code    48  main.o(.text)
    gp_get_mode_uart                         0x08002039   Thumb Code     6  main.o(.text)
    wantExit                                 0x0800203f   Thumb Code    16  main.o(.text)
    wantExit_UP                              0x0800204f   Thumb Code    16  main.o(.text)
    setMotor                                 0x0800205f   Thumb Code    90  main.o(.text)
    setAllMotor                              0x080020b9   Thumb Code    12  main.o(.text)
    robotLock                                0x080020c5   Thumb Code     8  main.o(.text)
    robotIsStop                              0x080020cd   Thumb Code    30  main.o(.text)
    robotIsRun                               0x080020eb   Thumb Code    22  main.o(.text)
    robotResetIMU                            0x08002101   Thumb Code     2  main.o(.text)
    robotAngle                               0x08002103   Thumb Code    10  main.o(.text)
    roundF                                   0x0800210d   Thumb Code    36  main.o(.text)
    fixMotorValue                            0x08002131   Thumb Code   114  main.o(.text)
    absF                                     0x080021a3   Thumb Code    16  main.o(.text)
    absI                                     0x080021b3   Thumb Code     8  main.o(.text)
    giaToc                                   0x080021bb   Thumb Code    40  main.o(.text)
    maxF3                                    0x080021e3   Thumb Code    94  main.o(.text)
    robotSpeed                               0x08002241   Thumb Code     8  main.o(.text)
    robotFixAngle                            0x08002249   Thumb Code     8  main.o(.text)
    calculateMotor                           0x08002251   Thumb Code   438  main.o(.text)
    robotStop                                0x08002407   Thumb Code    50  main.o(.text)
    robotRotateStop                          0x08002439   Thumb Code    48  main.o(.text)
    robotSetACC                              0x08002469   Thumb Code    14  main.o(.text)
    robotCurve                               0x08002477   Thumb Code    60  main.o(.text)
    robotRotate                              0x080024b3   Thumb Code   112  main.o(.text)
    robotRotateFree                          0x08002523   Thumb Code     8  main.o(.text)
    robotRun                                 0x0800252b   Thumb Code     6  main.o(.text)
    robotRunAngle                            0x08002531   Thumb Code   216  main.o(.text)
    robotAngleAnalytics                      0x08002609   Thumb Code    94  main.o(.text)
    robotDirectionAnalytics                  0x08002667   Thumb Code   408  main.o(.text)
    ac_Stop                                  0x080027ff   Thumb Code    68  main.o(.text)
    ac_SpeedACC                              0x08002843   Thumb Code    24  main.o(.text)
    robotAnalytics                           0x0800285b   Thumb Code   162  main.o(.text)
    robotGamePadControl                      0x080028fd   Thumb Code   378  main.o(.text)
    ADCValue_Control                         0x08002a77   Thumb Code   112  main.o(.text)
    test_xl                                  0x08002ae7   Thumb Code   132  main.o(.text)
    testtaygap                               0x08002b6b   Thumb Code     2  main.o(.text)
    testbanhxe                               0x08002b6d   Thumb Code     2  main.o(.text)
    dieuKhienCoCau                           0x08002b6f   Thumb Code     2  main.o(.text)
    bam_thanh_laze_ngang                     0x08002b71   Thumb Code   148  main.o(.text)
    bam_thanh_laze_doc                       0x08002c05   Thumb Code   104  main.o(.text)
    hah                                      0x08002c6d   Thumb Code     2  main.o(.text)
    reset_all                                0x08002c6f   Thumb Code    20  main.o(.text)
    laze_chay_silo                           0x08002c83   Thumb Code    58  main.o(.text)
    tha_bong                                 0x08002cbd   Thumb Code    20  main.o(.text)
    di_chuyen_ve                             0x08002cd1   Thumb Code   640  main.o(.text)
    duong_di_silo                            0x08002f51   Thumb Code   828  main.o(.text)
    di_chuyen                                0x0800328d   Thumb Code   320  main.o(.text)
    nhan_bong_trong_silo                     0x080033cd   Thumb Code   198  main.o(.text)
    kiem_tra_di_chuyen                       0x08003493   Thumb Code   324  main.o(.text)
    di_chuyen_len_1                          0x080035d7   Thumb Code    22  main.o(.text)
    di_chuyen_len_2                          0x080035ed   Thumb Code    22  main.o(.text)
    di_chuyen_len_3                          0x08003603   Thumb Code    22  main.o(.text)
    di_chuyen_len_4                          0x08003619   Thumb Code    22  main.o(.text)
    di_chuyen_len_5                          0x0800362f   Thumb Code    22  main.o(.text)
    do_bong_trong_Analytics                  0x08003645   Thumb Code   112  main.o(.text)
    kiem_tra_dung_tuong_trong_Analystics     0x080036b5   Thumb Code     2  main.o(.text)
    do_bong                                  0x080036b7   Thumb Code   862  main.o(.text)
    XuatPhat                                 0x08003a15   Thumb Code   922  main.o(.text)
    di_chuyen_len_bo_bong_thu_3              0x08003daf   Thumb Code    58  main.o(.text)
    di_chuyen_len                            0x08003de9   Thumb Code   224  main.o(.text)
    quy_trinh_lua_bong_up_silo               0x08003ec9   Thumb Code   154  main.o(.text)
    XuatPhat_1                               0x08003f63   Thumb Code    14  main.o(.text)
    XuatPhat_2                               0x08003f71   Thumb Code     8  main.o(.text)
    XuatPhat_3                               0x08003f79   Thumb Code     8  main.o(.text)
    XuatPhat_4                               0x08003f81   Thumb Code     8  main.o(.text)
    XuatPhat_5                               0x08003f89   Thumb Code     8  main.o(.text)
    XuatPhatRetry                            0x08003f91   Thumb Code   698  main.o(.text)
    retry                                    0x0800424b   Thumb Code   140  main.o(.text)
    THI                                      0x080042d7   Thumb Code    78  main.o(.text)
    test                                     0x08004325   Thumb Code    64  main.o(.text)
    main                                     0x08004423   Thumb Code    58  main.o(.text)
    SystemInit                               0x08004557   Thumb Code    62  system_stm32f4xx.o(.text)
    SystemCoreClockUpdate                    0x08004595   Thumb Code   108  system_stm32f4xx.o(.text)
    Reset_Handler                            0x08004625   Thumb Code     8  startup_stm32f4xx.o(.text)
    ADC_IRQHandler                           0x0800463f   Thumb Code     0  startup_stm32f4xx.o(.text)
    CAN1_RX0_IRQHandler                      0x0800463f   Thumb Code     0  startup_stm32f4xx.o(.text)
    CAN1_RX1_IRQHandler                      0x0800463f   Thumb Code     0  startup_stm32f4xx.o(.text)
    CAN1_SCE_IRQHandler                      0x0800463f   Thumb Code     0  startup_stm32f4xx.o(.text)
    CAN1_TX_IRQHandler                       0x0800463f   Thumb Code     0  startup_stm32f4xx.o(.text)
    CAN2_RX0_IRQHandler                      0x0800463f   Thumb Code     0  startup_stm32f4xx.o(.text)
    CAN2_RX1_IRQHandler                      0x0800463f   Thumb Code     0  startup_stm32f4xx.o(.text)
    CAN2_SCE_IRQHandler                      0x0800463f   Thumb Code     0  startup_stm32f4xx.o(.text)
    CAN2_TX_IRQHandler                       0x0800463f   Thumb Code     0  startup_stm32f4xx.o(.text)
    CRYP_IRQHandler                          0x0800463f   Thumb Code     0  startup_stm32f4xx.o(.text)
    DCMI_IRQHandler                          0x0800463f   Thumb Code     0  startup_stm32f4xx.o(.text)
    DMA1_Stream3_IRQHandler                  0x0800463f   Thumb Code     0  startup_stm32f4xx.o(.text)
    DMA1_Stream5_IRQHandler                  0x0800463f   Thumb Code     0  startup_stm32f4xx.o(.text)
    DMA2_Stream0_IRQHandler                  0x0800463f   Thumb Code     0  startup_stm32f4xx.o(.text)
    DMA2_Stream1_IRQHandler                  0x0800463f   Thumb Code     0  startup_stm32f4xx.o(.text)
    DMA2_Stream3_IRQHandler                  0x0800463f   Thumb Code     0  startup_stm32f4xx.o(.text)
    DMA2_Stream4_IRQHandler                  0x0800463f   Thumb Code     0  startup_stm32f4xx.o(.text)
    DMA2_Stream6_IRQHandler                  0x0800463f   Thumb Code     0  startup_stm32f4xx.o(.text)
    DMA2_Stream7_IRQHandler                  0x0800463f   Thumb Code     0  startup_stm32f4xx.o(.text)
    ETH_IRQHandler                           0x0800463f   Thumb Code     0  startup_stm32f4xx.o(.text)
    ETH_WKUP_IRQHandler                      0x0800463f   Thumb Code     0  startup_stm32f4xx.o(.text)
    EXTI0_IRQHandler                         0x0800463f   Thumb Code     0  startup_stm32f4xx.o(.text)
    EXTI15_10_IRQHandler                     0x0800463f   Thumb Code     0  startup_stm32f4xx.o(.text)
    EXTI1_IRQHandler                         0x0800463f   Thumb Code     0  startup_stm32f4xx.o(.text)
    EXTI4_IRQHandler                         0x0800463f   Thumb Code     0  startup_stm32f4xx.o(.text)
    EXTI9_5_IRQHandler                       0x0800463f   Thumb Code     0  startup_stm32f4xx.o(.text)
    FLASH_IRQHandler                         0x0800463f   Thumb Code     0  startup_stm32f4xx.o(.text)
    FPU_IRQHandler                           0x0800463f   Thumb Code     0  startup_stm32f4xx.o(.text)
    FSMC_IRQHandler                          0x0800463f   Thumb Code     0  startup_stm32f4xx.o(.text)
    HASH_RNG_IRQHandler                      0x0800463f   Thumb Code     0  startup_stm32f4xx.o(.text)
    I2C1_ER_IRQHandler                       0x0800463f   Thumb Code     0  startup_stm32f4xx.o(.text)
    I2C1_EV_IRQHandler                       0x0800463f   Thumb Code     0  startup_stm32f4xx.o(.text)
    I2C2_ER_IRQHandler                       0x0800463f   Thumb Code     0  startup_stm32f4xx.o(.text)
    I2C2_EV_IRQHandler                       0x0800463f   Thumb Code     0  startup_stm32f4xx.o(.text)
    I2C3_ER_IRQHandler                       0x0800463f   Thumb Code     0  startup_stm32f4xx.o(.text)
    I2C3_EV_IRQHandler                       0x0800463f   Thumb Code     0  startup_stm32f4xx.o(.text)
    OTG_FS_IRQHandler                        0x0800463f   Thumb Code     0  startup_stm32f4xx.o(.text)
    OTG_FS_WKUP_IRQHandler                   0x0800463f   Thumb Code     0  startup_stm32f4xx.o(.text)
    OTG_HS_EP1_IN_IRQHandler                 0x0800463f   Thumb Code     0  startup_stm32f4xx.o(.text)
    OTG_HS_EP1_OUT_IRQHandler                0x0800463f   Thumb Code     0  startup_stm32f4xx.o(.text)
    OTG_HS_IRQHandler                        0x0800463f   Thumb Code     0  startup_stm32f4xx.o(.text)
    OTG_HS_WKUP_IRQHandler                   0x0800463f   Thumb Code     0  startup_stm32f4xx.o(.text)
    PVD_IRQHandler                           0x0800463f   Thumb Code     0  startup_stm32f4xx.o(.text)
    RCC_IRQHandler                           0x0800463f   Thumb Code     0  startup_stm32f4xx.o(.text)
    RTC_Alarm_IRQHandler                     0x0800463f   Thumb Code     0  startup_stm32f4xx.o(.text)
    RTC_WKUP_IRQHandler                      0x0800463f   Thumb Code     0  startup_stm32f4xx.o(.text)
    SDIO_IRQHandler                          0x0800463f   Thumb Code     0  startup_stm32f4xx.o(.text)
    SPI2_IRQHandler                          0x0800463f   Thumb Code     0  startup_stm32f4xx.o(.text)
    TAMP_STAMP_IRQHandler                    0x0800463f   Thumb Code     0  startup_stm32f4xx.o(.text)
    TIM1_BRK_TIM9_IRQHandler                 0x0800463f   Thumb Code     0  startup_stm32f4xx.o(.text)
    TIM1_CC_IRQHandler                       0x0800463f   Thumb Code     0  startup_stm32f4xx.o(.text)
    TIM8_BRK_TIM12_IRQHandler                0x0800463f   Thumb Code     0  startup_stm32f4xx.o(.text)
    TIM8_CC_IRQHandler                       0x0800463f   Thumb Code     0  startup_stm32f4xx.o(.text)
    TIM8_TRG_COM_TIM14_IRQHandler            0x0800463f   Thumb Code     0  startup_stm32f4xx.o(.text)
    TIM8_UP_TIM13_IRQHandler                 0x0800463f   Thumb Code     0  startup_stm32f4xx.o(.text)
    UART4_IRQHandler                         0x0800463f   Thumb Code     0  startup_stm32f4xx.o(.text)
    UART5_IRQHandler                         0x0800463f   Thumb Code     0  startup_stm32f4xx.o(.text)
    USART2_IRQHandler                        0x0800463f   Thumb Code     0  startup_stm32f4xx.o(.text)
    USART3_IRQHandler                        0x0800463f   Thumb Code     0  startup_stm32f4xx.o(.text)
    USART6_IRQHandler                        0x0800463f   Thumb Code     0  startup_stm32f4xx.o(.text)
    WWDG_IRQHandler                          0x0800463f   Thumb Code     0  startup_stm32f4xx.o(.text)
    NVIC_PriorityGroupConfig                 0x08004649   Thumb Code    10  misc.o(.text)
    NVIC_Init                                0x08004653   Thumb Code    96  misc.o(.text)
    NVIC_SetVectorTable                      0x080046b3   Thumb Code    14  misc.o(.text)
    NVIC_SystemLPConfig                      0x080046c1   Thumb Code    20  misc.o(.text)
    SysTick_CLKSourceConfig                  0x080046d5   Thumb Code    24  misc.o(.text)
    GPIO_DeInit                              0x080046f9   Thumb Code   192  stm32f4xx_gpio.o(.text)
    GPIO_Init                                0x080047b9   Thumb Code   162  stm32f4xx_gpio.o(.text)
    GPIO_StructInit                          0x0800485b   Thumb Code    18  stm32f4xx_gpio.o(.text)
    GPIO_PinLockConfig                       0x0800486d   Thumb Code    24  stm32f4xx_gpio.o(.text)
    GPIO_ReadInputDataBit                    0x08004885   Thumb Code    14  stm32f4xx_gpio.o(.text)
    GPIO_ReadInputData                       0x08004893   Thumb Code     6  stm32f4xx_gpio.o(.text)
    GPIO_ReadOutputDataBit                   0x08004899   Thumb Code    14  stm32f4xx_gpio.o(.text)
    GPIO_ReadOutputData                      0x080048a7   Thumb Code     6  stm32f4xx_gpio.o(.text)
    GPIO_SetBits                             0x080048ad   Thumb Code     4  stm32f4xx_gpio.o(.text)
    GPIO_ResetBits                           0x080048b1   Thumb Code     4  stm32f4xx_gpio.o(.text)
    GPIO_WriteBit                            0x080048b5   Thumb Code    10  stm32f4xx_gpio.o(.text)
    GPIO_Write                               0x080048bf   Thumb Code     4  stm32f4xx_gpio.o(.text)
    GPIO_ToggleBits                          0x080048c3   Thumb Code     8  stm32f4xx_gpio.o(.text)
    GPIO_PinAFConfig                         0x080048cb   Thumb Code    32  stm32f4xx_gpio.o(.text)
    RCC_DeInit                               0x08004911   Thumb Code    48  stm32f4xx_rcc.o(.text)
    RCC_HSEConfig                            0x08004941   Thumb Code    12  stm32f4xx_rcc.o(.text)
    RCC_GetFlagStatus                        0x0800494d   Thumb Code    46  stm32f4xx_rcc.o(.text)
    RCC_WaitForHSEStartUp                    0x0800497b   Thumb Code    44  stm32f4xx_rcc.o(.text)
    RCC_AdjustHSICalibrationValue            0x080049a7   Thumb Code    16  stm32f4xx_rcc.o(.text)
    RCC_HSICmd                               0x080049b7   Thumb Code     6  stm32f4xx_rcc.o(.text)
    RCC_LSEConfig                            0x080049bd   Thumb Code    24  stm32f4xx_rcc.o(.text)
    RCC_LSICmd                               0x080049d5   Thumb Code     6  stm32f4xx_rcc.o(.text)
    RCC_PLLConfig                            0x080049db   Thumb Code    32  stm32f4xx_rcc.o(.text)
    RCC_PLLCmd                               0x080049fb   Thumb Code     6  stm32f4xx_rcc.o(.text)
    RCC_PLLI2SConfig                         0x08004a01   Thumb Code    14  stm32f4xx_rcc.o(.text)
    RCC_PLLI2SCmd                            0x08004a0f   Thumb Code     6  stm32f4xx_rcc.o(.text)
    RCC_ClockSecuritySystemCmd               0x08004a15   Thumb Code     6  stm32f4xx_rcc.o(.text)
    RCC_MCO1Config                           0x08004a1b   Thumb Code    18  stm32f4xx_rcc.o(.text)
    RCC_MCO2Config                           0x08004a2d   Thumb Code    18  stm32f4xx_rcc.o(.text)
    RCC_SYSCLKConfig                         0x08004a3f   Thumb Code    16  stm32f4xx_rcc.o(.text)
    RCC_GetSYSCLKSource                      0x08004a4f   Thumb Code    12  stm32f4xx_rcc.o(.text)
    RCC_HCLKConfig                           0x08004a5b   Thumb Code    16  stm32f4xx_rcc.o(.text)
    RCC_PCLK1Config                          0x08004a6b   Thumb Code    16  stm32f4xx_rcc.o(.text)
    RCC_PCLK2Config                          0x08004a7b   Thumb Code    18  stm32f4xx_rcc.o(.text)
    RCC_GetClocksFreq                        0x08004a8d   Thumb Code   134  stm32f4xx_rcc.o(.text)
    RCC_RTCCLKConfig                         0x08004b13   Thumb Code    42  stm32f4xx_rcc.o(.text)
    RCC_RTCCLKCmd                            0x08004b3d   Thumb Code     8  stm32f4xx_rcc.o(.text)
    RCC_BackupResetCmd                       0x08004b45   Thumb Code     8  stm32f4xx_rcc.o(.text)
    RCC_I2SCLKConfig                         0x08004b4d   Thumb Code     8  stm32f4xx_rcc.o(.text)
    RCC_AHB1PeriphClockCmd                   0x08004b55   Thumb Code    20  stm32f4xx_rcc.o(.text)
    RCC_AHB2PeriphClockCmd                   0x08004b69   Thumb Code    20  stm32f4xx_rcc.o(.text)
    RCC_AHB3PeriphClockCmd                   0x08004b7d   Thumb Code    20  stm32f4xx_rcc.o(.text)
    RCC_APB1PeriphClockCmd                   0x08004b91   Thumb Code    20  stm32f4xx_rcc.o(.text)
    RCC_APB2PeriphClockCmd                   0x08004ba5   Thumb Code    20  stm32f4xx_rcc.o(.text)
    RCC_AHB1PeriphResetCmd                   0x08004bb9   Thumb Code    20  stm32f4xx_rcc.o(.text)
    RCC_AHB2PeriphResetCmd                   0x08004bcd   Thumb Code    20  stm32f4xx_rcc.o(.text)
    RCC_AHB3PeriphResetCmd                   0x08004be1   Thumb Code    20  stm32f4xx_rcc.o(.text)
    RCC_APB1PeriphResetCmd                   0x08004bf5   Thumb Code    20  stm32f4xx_rcc.o(.text)
    RCC_APB2PeriphResetCmd                   0x08004c09   Thumb Code    20  stm32f4xx_rcc.o(.text)
    RCC_AHB1PeriphClockLPModeCmd             0x08004c1d   Thumb Code    20  stm32f4xx_rcc.o(.text)
    RCC_AHB2PeriphClockLPModeCmd             0x08004c31   Thumb Code    20  stm32f4xx_rcc.o(.text)
    RCC_AHB3PeriphClockLPModeCmd             0x08004c45   Thumb Code    20  stm32f4xx_rcc.o(.text)
    RCC_APB1PeriphClockLPModeCmd             0x08004c59   Thumb Code    20  stm32f4xx_rcc.o(.text)
    RCC_APB2PeriphClockLPModeCmd             0x08004c6d   Thumb Code    20  stm32f4xx_rcc.o(.text)
    RCC_ITConfig                             0x08004c81   Thumb Code    20  stm32f4xx_rcc.o(.text)
    RCC_ClearFlag                            0x08004c95   Thumb Code    14  stm32f4xx_rcc.o(.text)
    RCC_GetITStatus                          0x08004ca3   Thumb Code    18  stm32f4xx_rcc.o(.text)
    RCC_ClearITPendingBit                    0x08004cb5   Thumb Code     8  stm32f4xx_rcc.o(.text)
    ADC_DeInit                               0x08004ce1   Thumb Code    24  stm32f4xx_adc.o(.text)
    ADC_Init                                 0x08004cf9   Thumb Code    66  stm32f4xx_adc.o(.text)
    ADC_StructInit                           0x08004d3b   Thumb Code    20  stm32f4xx_adc.o(.text)
    ADC_CommonInit                           0x08004d4f   Thumb Code    34  stm32f4xx_adc.o(.text)
    ADC_CommonStructInit                     0x08004d71   Thumb Code    12  stm32f4xx_adc.o(.text)
    ADC_Cmd                                  0x08004d7d   Thumb Code    20  stm32f4xx_adc.o(.text)
    ADC_AnalogWatchdogCmd                    0x08004d91   Thumb Code    12  stm32f4xx_adc.o(.text)
    ADC_AnalogWatchdogThresholdsConfig       0x08004d9d   Thumb Code     6  stm32f4xx_adc.o(.text)
    ADC_AnalogWatchdogSingleChannelConfig    0x08004da3   Thumb Code    12  stm32f4xx_adc.o(.text)
    ADC_TempSensorVrefintCmd                 0x08004daf   Thumb Code    26  stm32f4xx_adc.o(.text)
    ADC_VBATCmd                              0x08004dc9   Thumb Code    26  stm32f4xx_adc.o(.text)
    ADC_RegularChannelConfig                 0x08004de3   Thumb Code   116  stm32f4xx_adc.o(.text)
    ADC_SoftwareStartConv                    0x08004e57   Thumb Code    10  stm32f4xx_adc.o(.text)
    ADC_GetSoftwareStartConvStatus           0x08004e61   Thumb Code    14  stm32f4xx_adc.o(.text)
    ADC_EOCOnEachRegularChannelCmd           0x08004e6f   Thumb Code    20  stm32f4xx_adc.o(.text)
    ADC_ContinuousModeCmd                    0x08004e83   Thumb Code    20  stm32f4xx_adc.o(.text)
    ADC_DiscModeChannelCountConfig           0x08004e97   Thumb Code    16  stm32f4xx_adc.o(.text)
    ADC_DiscModeCmd                          0x08004ea7   Thumb Code    20  stm32f4xx_adc.o(.text)
    ADC_GetConversionValue                   0x08004ebb   Thumb Code     6  stm32f4xx_adc.o(.text)
    ADC_GetMultiModeConversionValue          0x08004ec1   Thumb Code     8  stm32f4xx_adc.o(.text)
    ADC_DMACmd                               0x08004ec9   Thumb Code    20  stm32f4xx_adc.o(.text)
    ADC_DMARequestAfterLastTransferCmd       0x08004edd   Thumb Code    20  stm32f4xx_adc.o(.text)
    ADC_MultiModeDMARequestAfterLastTransferCmd 0x08004ef1   Thumb Code    26  stm32f4xx_adc.o(.text)
    ADC_InjectedChannelConfig                0x08004f0b   Thumb Code    74  stm32f4xx_adc.o(.text)
    ADC_InjectedSequencerLengthConfig        0x08004f55   Thumb Code    16  stm32f4xx_adc.o(.text)
    ADC_SetInjectedOffset                    0x08004f65   Thumb Code    10  stm32f4xx_adc.o(.text)
    ADC_ExternalTrigInjectedConvConfig       0x08004f6f   Thumb Code    12  stm32f4xx_adc.o(.text)
    ADC_ExternalTrigInjectedConvEdgeConfig   0x08004f7b   Thumb Code    12  stm32f4xx_adc.o(.text)
    ADC_SoftwareStartInjectedConv            0x08004f87   Thumb Code    10  stm32f4xx_adc.o(.text)
    ADC_GetSoftwareStartInjectedConvCmdStatus 0x08004f91   Thumb Code    14  stm32f4xx_adc.o(.text)
    ADC_AutoInjectedConvCmd                  0x08004f9f   Thumb Code    20  stm32f4xx_adc.o(.text)
    ADC_InjectedDiscModeCmd                  0x08004fb3   Thumb Code    20  stm32f4xx_adc.o(.text)
    ADC_GetInjectedConversionValue           0x08004fc7   Thumb Code    14  stm32f4xx_adc.o(.text)
    ADC_ITConfig                             0x08004fd5   Thumb Code    18  stm32f4xx_adc.o(.text)
    ADC_GetFlagStatus                        0x08004fe7   Thumb Code    14  stm32f4xx_adc.o(.text)
    ADC_ClearFlag                            0x08004ff5   Thumb Code     6  stm32f4xx_adc.o(.text)
    ADC_GetITStatus                          0x08004ffb   Thumb Code    30  stm32f4xx_adc.o(.text)
    ADC_ClearITPendingBit                    0x08005019   Thumb Code     8  stm32f4xx_adc.o(.text)
    DMA_DeInit                               0x08005035   Thumb Code   272  stm32f4xx_dma.o(.text)
    DMA_Init                                 0x08005145   Thumb Code    80  stm32f4xx_dma.o(.text)
    DMA_StructInit                           0x08005195   Thumb Code    34  stm32f4xx_dma.o(.text)
    DMA_Cmd                                  0x080051b7   Thumb Code    20  stm32f4xx_dma.o(.text)
    DMA_PeriphIncOffsetSizeConfig            0x080051cb   Thumb Code    20  stm32f4xx_dma.o(.text)
    DMA_FlowControllerConfig                 0x080051df   Thumb Code    20  stm32f4xx_dma.o(.text)
    DMA_SetCurrDataCounter                   0x080051f3   Thumb Code     4  stm32f4xx_dma.o(.text)
    DMA_GetCurrDataCounter                   0x080051f7   Thumb Code     6  stm32f4xx_dma.o(.text)
    DMA_DoubleBufferModeConfig               0x080051fd   Thumb Code    22  stm32f4xx_dma.o(.text)
    DMA_DoubleBufferModeCmd                  0x08005213   Thumb Code    20  stm32f4xx_dma.o(.text)
    DMA_MemoryTargetConfig                   0x08005227   Thumb Code    10  stm32f4xx_dma.o(.text)
    DMA_GetCurrentMemoryTarget               0x08005231   Thumb Code    14  stm32f4xx_dma.o(.text)
    DMA_GetCmdStatus                         0x0800523f   Thumb Code    14  stm32f4xx_dma.o(.text)
    DMA_GetFIFOStatus                        0x0800524d   Thumb Code     8  stm32f4xx_dma.o(.text)
    DMA_GetFlagStatus                        0x08005255   Thumb Code    42  stm32f4xx_dma.o(.text)
    DMA_ClearFlag                            0x0800527f   Thumb Code    34  stm32f4xx_dma.o(.text)
    DMA_ITConfig                             0x080052a1   Thumb Code    44  stm32f4xx_dma.o(.text)
    DMA_GetITStatus                          0x080052cd   Thumb Code    70  stm32f4xx_dma.o(.text)
    DMA_ClearITPendingBit                    0x08005313   Thumb Code    34  stm32f4xx_dma.o(.text)
    EXTI_DeInit                              0x08005355   Thumb Code    28  stm32f4xx_exti.o(.text)
    EXTI_Init                                0x08005371   Thumb Code   108  stm32f4xx_exti.o(.text)
    EXTI_StructInit                          0x080053dd   Thumb Code    14  stm32f4xx_exti.o(.text)
    EXTI_GenerateSWInterrupt                 0x080053eb   Thumb Code    12  stm32f4xx_exti.o(.text)
    EXTI_GetFlagStatus                       0x080053f7   Thumb Code    18  stm32f4xx_exti.o(.text)
    EXTI_ClearFlag                           0x08005409   Thumb Code     8  stm32f4xx_exti.o(.text)
    EXTI_GetITStatus                         0x08005411   Thumb Code    28  stm32f4xx_exti.o(.text)
    EXTI_ClearITPendingBit                   0x0800542d   Thumb Code     8  stm32f4xx_exti.o(.text)
    TIM_DeInit                               0x0800543d   Thumb Code   284  stm32f4xx_tim.o(.text)
    TIM_TimeBaseInit                         0x08005559   Thumb Code    96  stm32f4xx_tim.o(.text)
    TIM_TimeBaseStructInit                   0x080055b9   Thumb Code    18  stm32f4xx_tim.o(.text)
    TIM_PrescalerConfig                      0x080055cb   Thumb Code     6  stm32f4xx_tim.o(.text)
    TIM_CounterModeConfig                    0x080055d1   Thumb Code    12  stm32f4xx_tim.o(.text)
    TIM_SetCounter                           0x080055dd   Thumb Code     4  stm32f4xx_tim.o(.text)
    TIM_SetAutoreload                        0x080055e1   Thumb Code     4  stm32f4xx_tim.o(.text)
    TIM_GetCounter                           0x080055e5   Thumb Code     4  stm32f4xx_tim.o(.text)
    TIM_GetPrescaler                         0x080055e9   Thumb Code     4  stm32f4xx_tim.o(.text)
    TIM_UpdateDisableConfig                  0x080055ed   Thumb Code    20  stm32f4xx_tim.o(.text)
    TIM_UpdateRequestConfig                  0x08005601   Thumb Code    20  stm32f4xx_tim.o(.text)
    TIM_ARRPreloadConfig                     0x08005615   Thumb Code    20  stm32f4xx_tim.o(.text)
    TIM_SelectOnePulseMode                   0x08005629   Thumb Code    16  stm32f4xx_tim.o(.text)
    TIM_SetClockDivision                     0x08005639   Thumb Code    16  stm32f4xx_tim.o(.text)
    TIM_Cmd                                  0x08005649   Thumb Code    20  stm32f4xx_tim.o(.text)
    TIM_OC1Init                              0x0800565d   Thumb Code    88  stm32f4xx_tim.o(.text)
    TIM_OC2Init                              0x080056b5   Thumb Code   120  stm32f4xx_tim.o(.text)
    TIM_OC3Init                              0x0800572d   Thumb Code   116  stm32f4xx_tim.o(.text)
    TIM_OC4Init                              0x080057a1   Thumb Code    88  stm32f4xx_tim.o(.text)
    TIM_OCStructInit                         0x080057f9   Thumb Code    20  stm32f4xx_tim.o(.text)
    TIM_SelectOCxM                           0x0800580d   Thumb Code   130  stm32f4xx_tim.o(.text)
    TIM_SetCompare1                          0x0800588f   Thumb Code     4  stm32f4xx_tim.o(.text)
    TIM_SetCompare2                          0x08005893   Thumb Code     4  stm32f4xx_tim.o(.text)
    TIM_SetCompare3                          0x08005897   Thumb Code     4  stm32f4xx_tim.o(.text)
    TIM_SetCompare4                          0x0800589b   Thumb Code     4  stm32f4xx_tim.o(.text)
    TIM_ForcedOC1Config                      0x0800589f   Thumb Code    12  stm32f4xx_tim.o(.text)
    TIM_ForcedOC2Config                      0x080058ab   Thumb Code    20  stm32f4xx_tim.o(.text)
    TIM_ForcedOC3Config                      0x080058bf   Thumb Code    12  stm32f4xx_tim.o(.text)
    TIM_ForcedOC4Config                      0x080058cb   Thumb Code    20  stm32f4xx_tim.o(.text)
    TIM_OC1PreloadConfig                     0x080058df   Thumb Code    12  stm32f4xx_tim.o(.text)
    TIM_OC2PreloadConfig                     0x080058eb   Thumb Code    20  stm32f4xx_tim.o(.text)
    TIM_OC3PreloadConfig                     0x080058ff   Thumb Code    12  stm32f4xx_tim.o(.text)
    TIM_OC4PreloadConfig                     0x0800590b   Thumb Code    20  stm32f4xx_tim.o(.text)
    TIM_OC1FastConfig                        0x0800591f   Thumb Code    12  stm32f4xx_tim.o(.text)
    TIM_OC2FastConfig                        0x0800592b   Thumb Code    20  stm32f4xx_tim.o(.text)
    TIM_OC3FastConfig                        0x0800593f   Thumb Code    12  stm32f4xx_tim.o(.text)
    TIM_OC4FastConfig                        0x0800594b   Thumb Code    20  stm32f4xx_tim.o(.text)
    TIM_ClearOC1Ref                          0x0800595f   Thumb Code    12  stm32f4xx_tim.o(.text)
    TIM_ClearOC2Ref                          0x0800596b   Thumb Code    20  stm32f4xx_tim.o(.text)
    TIM_ClearOC3Ref                          0x0800597f   Thumb Code    12  stm32f4xx_tim.o(.text)
    TIM_ClearOC4Ref                          0x0800598b   Thumb Code    20  stm32f4xx_tim.o(.text)
    TIM_OC1PolarityConfig                    0x0800599f   Thumb Code    12  stm32f4xx_tim.o(.text)
    TIM_OC1NPolarityConfig                   0x080059ab   Thumb Code    12  stm32f4xx_tim.o(.text)
    TIM_OC2PolarityConfig                    0x080059b7   Thumb Code    20  stm32f4xx_tim.o(.text)
    TIM_OC2NPolarityConfig                   0x080059cb   Thumb Code    20  stm32f4xx_tim.o(.text)
    TIM_OC3PolarityConfig                    0x080059df   Thumb Code    20  stm32f4xx_tim.o(.text)
    TIM_OC3NPolarityConfig                   0x080059f3   Thumb Code    20  stm32f4xx_tim.o(.text)
    TIM_OC4PolarityConfig                    0x08005a07   Thumb Code    20  stm32f4xx_tim.o(.text)
    TIM_CCxCmd                               0x08005a1b   Thumb Code    22  stm32f4xx_tim.o(.text)
    TIM_CCxNCmd                              0x08005a31   Thumb Code    22  stm32f4xx_tim.o(.text)
    TIM_SetIC4Prescaler                      0x08005a47   Thumb Code    24  stm32f4xx_tim.o(.text)
    TIM_SetIC3Prescaler                      0x08005a5f   Thumb Code    16  stm32f4xx_tim.o(.text)
    TIM_SetIC2Prescaler                      0x08005a6f   Thumb Code    24  stm32f4xx_tim.o(.text)
    TIM_SetIC1Prescaler                      0x08005abd   Thumb Code    16  stm32f4xx_tim.o(.text)
    TIM_ICInit                               0x08005acd   Thumb Code   164  stm32f4xx_tim.o(.text)
    TIM_ICStructInit                         0x08005b71   Thumb Code    16  stm32f4xx_tim.o(.text)
    TIM_PWMIConfig                           0x08005b81   Thumb Code   104  stm32f4xx_tim.o(.text)
    TIM_GetCapture1                          0x08005be9   Thumb Code     4  stm32f4xx_tim.o(.text)
    TIM_GetCapture2                          0x08005bed   Thumb Code     4  stm32f4xx_tim.o(.text)
    TIM_GetCapture3                          0x08005bf1   Thumb Code     4  stm32f4xx_tim.o(.text)
    TIM_GetCapture4                          0x08005bf5   Thumb Code     4  stm32f4xx_tim.o(.text)
    TIM_BDTRConfig                           0x08005bf9   Thumb Code    34  stm32f4xx_tim.o(.text)
    TIM_BDTRStructInit                       0x08005c1b   Thumb Code    18  stm32f4xx_tim.o(.text)
    TIM_CtrlPWMOutputs                       0x08005c2d   Thumb Code    22  stm32f4xx_tim.o(.text)
    TIM_SelectCOM                            0x08005c43   Thumb Code    20  stm32f4xx_tim.o(.text)
    TIM_CCPreloadControl                     0x08005c57   Thumb Code    20  stm32f4xx_tim.o(.text)
    TIM_ITConfig                             0x08005c6b   Thumb Code    16  stm32f4xx_tim.o(.text)
    TIM_GenerateEvent                        0x08005c7b   Thumb Code     4  stm32f4xx_tim.o(.text)
    TIM_GetFlagStatus                        0x08005c7f   Thumb Code    14  stm32f4xx_tim.o(.text)
    TIM_ClearFlag                            0x08005c8d   Thumb Code     6  stm32f4xx_tim.o(.text)
    TIM_GetITStatus                          0x08005c93   Thumb Code    24  stm32f4xx_tim.o(.text)
    TIM_ClearITPendingBit                    0x08005cab   Thumb Code     6  stm32f4xx_tim.o(.text)
    TIM_DMAConfig                            0x08005cb1   Thumb Code     8  stm32f4xx_tim.o(.text)
    TIM_DMACmd                               0x08005cb9   Thumb Code    16  stm32f4xx_tim.o(.text)
    TIM_SelectCCDMA                          0x08005cc9   Thumb Code    20  stm32f4xx_tim.o(.text)
    TIM_InternalClockConfig                  0x08005cdd   Thumb Code    10  stm32f4xx_tim.o(.text)
    TIM_SelectInputTrigger                   0x08005ce7   Thumb Code    12  stm32f4xx_tim.o(.text)
    TIM_ITRxExternalClockConfig              0x08005cf3   Thumb Code    18  stm32f4xx_tim.o(.text)
    TIM_TIxExternalClockConfig               0x08005d05   Thumb Code    46  stm32f4xx_tim.o(.text)
    TIM_ETRConfig                            0x08005d33   Thumb Code    24  stm32f4xx_tim.o(.text)
    TIM_ETRClockMode1Config                  0x08005d4b   Thumb Code    18  stm32f4xx_tim.o(.text)
    TIM_ETRClockMode2Config                  0x08005d5d   Thumb Code    18  stm32f4xx_tim.o(.text)
    TIM_SelectOutputTrigger                  0x08005d6f   Thumb Code    16  stm32f4xx_tim.o(.text)
    TIM_SelectSlaveMode                      0x08005d7f   Thumb Code    16  stm32f4xx_tim.o(.text)
    TIM_SelectMasterSlaveMode                0x08005d8f   Thumb Code    16  stm32f4xx_tim.o(.text)
    TIM_EncoderInterfaceConfig               0x08005d9f   Thumb Code    50  stm32f4xx_tim.o(.text)
    TIM_SelectHallSensor                     0x08005dd1   Thumb Code    20  stm32f4xx_tim.o(.text)
    TIM_RemapConfig                          0x08005de5   Thumb Code     6  stm32f4xx_tim.o(.text)
    USART_DeInit                             0x08005e19   Thumb Code   114  stm32f4xx_usart.o(.text)
    USART_Init                               0x08005e8b   Thumb Code   164  stm32f4xx_usart.o(.text)
    USART_StructInit                         0x08005f2f   Thumb Code    22  stm32f4xx_usart.o(.text)
    USART_ClockInit                          0x08005f45   Thumb Code    28  stm32f4xx_usart.o(.text)
    USART_ClockStructInit                    0x08005f61   Thumb Code    12  stm32f4xx_usart.o(.text)
    USART_Cmd                                0x08005f6d   Thumb Code    20  stm32f4xx_usart.o(.text)
    USART_SetPrescaler                       0x08005f81   Thumb Code    16  stm32f4xx_usart.o(.text)
    USART_OverSampling8Cmd                   0x08005f91   Thumb Code    20  stm32f4xx_usart.o(.text)
    USART_OneBitMethodCmd                    0x08005fa5   Thumb Code    20  stm32f4xx_usart.o(.text)
    USART_SendData                           0x08005fb9   Thumb Code     8  stm32f4xx_usart.o(.text)
    USART_ReceiveData                        0x08005fc1   Thumb Code     8  stm32f4xx_usart.o(.text)
    USART_SetAddress                         0x08005fc9   Thumb Code    16  stm32f4xx_usart.o(.text)
    USART_ReceiverWakeUpCmd                  0x08005fd9   Thumb Code    20  stm32f4xx_usart.o(.text)
    USART_WakeUpConfig                       0x08005fed   Thumb Code    16  stm32f4xx_usart.o(.text)
    USART_LINBreakDetectLengthConfig         0x08005ffd   Thumb Code    16  stm32f4xx_usart.o(.text)
    USART_LINCmd                             0x0800600d   Thumb Code    20  stm32f4xx_usart.o(.text)
    USART_SendBreak                          0x08006021   Thumb Code    10  stm32f4xx_usart.o(.text)
    USART_HalfDuplexCmd                      0x0800602b   Thumb Code    20  stm32f4xx_usart.o(.text)
    USART_SetGuardTime                       0x0800603f   Thumb Code    16  stm32f4xx_usart.o(.text)
    USART_SmartCardCmd                       0x0800604f   Thumb Code    20  stm32f4xx_usart.o(.text)
    USART_SmartCardNACKCmd                   0x08006063   Thumb Code    20  stm32f4xx_usart.o(.text)
    USART_IrDAConfig                         0x08006077   Thumb Code    16  stm32f4xx_usart.o(.text)
    USART_IrDACmd                            0x08006087   Thumb Code    20  stm32f4xx_usart.o(.text)
    USART_DMACmd                             0x0800609b   Thumb Code    16  stm32f4xx_usart.o(.text)
    USART_ITConfig                           0x080060ab   Thumb Code    48  stm32f4xx_usart.o(.text)
    USART_GetFlagStatus                      0x080060db   Thumb Code    14  stm32f4xx_usart.o(.text)
    USART_ClearFlag                          0x080060e9   Thumb Code     6  stm32f4xx_usart.o(.text)
    USART_GetITStatus                        0x080060ef   Thumb Code    62  stm32f4xx_usart.o(.text)
    USART_ClearITPendingBit                  0x0800612d   Thumb Code    12  stm32f4xx_usart.o(.text)
    SYSCFG_DeInit                            0x08006151   Thumb Code    24  stm32f4xx_syscfg.o(.text)
    SYSCFG_MemoryRemapConfig                 0x08006169   Thumb Code     6  stm32f4xx_syscfg.o(.text)
    SYSCFG_EXTILineConfig                    0x0800616f   Thumb Code    42  stm32f4xx_syscfg.o(.text)
    SYSCFG_ETH_MediaInterfaceConfig          0x08006199   Thumb Code     8  stm32f4xx_syscfg.o(.text)
    SYSCFG_CompensationCellCmd               0x080061a1   Thumb Code     6  stm32f4xx_syscfg.o(.text)
    SYSCFG_GetCompensationCellStatus         0x080061a7   Thumb Code    16  stm32f4xx_syscfg.o(.text)
    vListInitialise                          0x080061c9   Thumb Code    22  list.o(.text)
    vListInitialiseItem                      0x080061df   Thumb Code     6  list.o(.text)
    vListInsertEnd                           0x080061e5   Thumb Code    28  list.o(.text)
    vListInsert                              0x08006201   Thumb Code    48  list.o(.text)
    uxListRemove                             0x08006231   Thumb Code    38  list.o(.text)
    xQueueGenericReset                       0x08006259   Thumb Code    98  queue.o(.text)
    xQueueGenericCreate                      0x080062bb   Thumb Code    70  queue.o(.text)
    xQueueGenericSend                        0x080063bf   Thumb Code   232  queue.o(.text)
    xQueueCreateMutex                        0x080064a7   Thumb Code    80  queue.o(.text)
    xQueueGiveMutexRecursive                 0x080064f7   Thumb Code    52  queue.o(.text)
    xQueueGenericReceive                     0x08006553   Thumb Code   286  queue.o(.text)
    xQueueTakeMutexRecursive                 0x08006671   Thumb Code    58  queue.o(.text)
    xQueueCreateCountingSemaphore            0x080066ab   Thumb Code    24  queue.o(.text)
    xQueueGenericSendFromISR                 0x080066c3   Thumb Code   114  queue.o(.text)
    xQueueReceiveFromISR                     0x08006735   Thumb Code   112  queue.o(.text)
    uxQueueMessagesWaiting                   0x080067a5   Thumb Code    26  queue.o(.text)
    uxQueueMessagesWaitingFromISR            0x080067bf   Thumb Code    14  queue.o(.text)
    vQueueDelete                             0x080067cd   Thumb Code    58  queue.o(.text)
    ucQueueGetQueueNumber                    0x08006807   Thumb Code     6  queue.o(.text)
    vQueueSetQueueNumber                     0x0800680d   Thumb Code     6  queue.o(.text)
    ucQueueGetQueueType                      0x08006813   Thumb Code     6  queue.o(.text)
    xQueueIsQueueEmptyFromISR                0x08006819   Thumb Code    22  queue.o(.text)
    xQueueIsQueueFullFromISR                 0x0800682f   Thumb Code    26  queue.o(.text)
    vQueueAddToRegistry                      0x08006849   Thumb Code    34  queue.o(.text)
    vQueueWaitForMessageRestricted           0x0800686b   Thumb Code    54  queue.o(.text)
    xTimerGenericCommand                     0x080068d9   Thumb Code    66  timers.o(.text)
    xTimerCreateTimerTask                    0x08006993   Thumb Code    50  timers.o(.text)
    xTimerCreate                             0x080069c5   Thumb Code    62  timers.o(.text)
    xTimerIsTimerActive                      0x08006a03   Thumb Code    26  timers.o(.text)
    pvTimerGetTimerID                        0x08006a1d   Thumb Code     4  timers.o(.text)
    pxPortInitialiseStack                    0x08006bbd   Thumb Code    34  port.o(.text)
    vPortSetupTimerInterrupt                 0x08006bdf   Thumb Code    26  port.o(.text)
    xPortStartScheduler                      0x08006bf9   Thumb Code    52  port.o(.text)
    vPortEndScheduler                        0x08006c2d   Thumb Code     2  port.o(.text)
    vPortYieldFromISR                        0x08006c2f   Thumb Code    12  port.o(.text)
    vPortEnterCritical                       0x08006c3b   Thumb Code    16  port.o(.text)
    vPortExitCritical                        0x08006c4b   Thumb Code    16  port.o(.text)
    SysTick_Handler                          0x08006c5b   Thumb Code    30  port.o(.text)
    pvPortMalloc                             0x08006c89   Thumb Code   170  heap_2.o(.text)
    vPortFree                                0x08006d33   Thumb Code    56  heap_2.o(.text)
    xPortGetFreeHeapSize                     0x08006d6b   Thumb Code     6  heap_2.o(.text)
    vPortInitialiseBlocks                    0x08006d71   Thumb Code     2  heap_2.o(.text)
    xTaskGenericCreate                       0x08006d7d   Thumb Code   366  tasks.o(.text)
    vTaskDelete                              0x08006eeb   Thumb Code    92  tasks.o(.text)
    vTaskIncrementTick                       0x08006f47   Thumb Code   162  tasks.o(.text)
    xTaskResumeAll                           0x08006fe9   Thumb Code   172  tasks.o(.text)
    vTaskSuspendAll                          0x080070c5   Thumb Code    10  tasks.o(.text)
    vTaskDelayUntil                          0x080070cf   Thumb Code    92  tasks.o(.text)
    vTaskDelay                               0x0800712b   Thumb Code    48  tasks.o(.text)
    uxTaskPriorityGet                        0x0800715b   Thumb Code    24  tasks.o(.text)
    vTaskPrioritySet                         0x08007173   Thumb Code   148  tasks.o(.text)
    vTaskSwitchContext                       0x08007207   Thumb Code    88  tasks.o(.text)
    vTaskSuspend                             0x0800725f   Thumb Code    96  tasks.o(.text)
    xTaskIsTaskSuspended                     0x080072bf   Thumb Code    40  tasks.o(.text)
    vTaskResume                              0x080072e7   Thumb Code    94  tasks.o(.text)
    xTaskResumeFromISR                       0x08007345   Thumb Code   110  tasks.o(.text)
    vTaskStartScheduler                      0x080073c9   Thumb Code    70  tasks.o(.text)
    vTaskEndScheduler                        0x0800740f   Thumb Code    20  tasks.o(.text)
    xTaskGetTickCount                        0x08007423   Thumb Code    18  tasks.o(.text)
    xTaskGetTickCountFromISR                 0x08007435   Thumb Code    18  tasks.o(.text)
    uxTaskGetNumberOfTasks                   0x08007447   Thumb Code     6  tasks.o(.text)
    vTaskList                                0x080074bf   Thumb Code   134  tasks.o(.text)
    vTaskPlaceOnEventList                    0x08007545   Thumb Code    58  tasks.o(.text)
    vTaskPlaceOnEventListRestricted          0x0800757f   Thumb Code    40  tasks.o(.text)
    xTaskRemoveFromEventList                 0x080075a7   Thumb Code    90  tasks.o(.text)
    vTaskSetTimeOutState                     0x08007601   Thumb Code    22  tasks.o(.text)
    xTaskCheckForTimeOut                     0x08007617   Thumb Code   134  tasks.o(.text)
    vTaskMissedYield                         0x0800769d   Thumb Code     8  tasks.o(.text)
    uxTaskGetTaskNumber                      0x080076a5   Thumb Code     8  tasks.o(.text)
    vTaskSetTaskNumber                       0x080076ad   Thumb Code     8  tasks.o(.text)
    xTaskGetCurrentTaskHandle                0x080076b5   Thumb Code     6  tasks.o(.text)
    xTaskGetSchedulerState                   0x080076bb   Thumb Code    22  tasks.o(.text)
    vTaskPriorityInherit                     0x080076d1   Thumb Code    92  tasks.o(.text)
    vTaskPriorityDisinherit                  0x0800772d   Thumb Code    64  tasks.o(.text)
    rand                                     0x080077c5   Thumb Code    20  rand.o(.text)
    srand                                    0x080077d9   Thumb Code     6  rand.o(.text)
    __aeabi_memcpy                           0x080077e9   Thumb Code    36  memcpya.o(.text)
    __aeabi_memcpy4                          0x080077e9   Thumb Code     0  memcpya.o(.text)
    __aeabi_memcpy8                          0x080077e9   Thumb Code     0  memcpya.o(.text)
    __aeabi_memset                           0x0800780d   Thumb Code    14  memseta.o(.text)
    __aeabi_memset4                          0x0800780d   Thumb Code     0  memseta.o(.text)
    __aeabi_memset8                          0x0800780d   Thumb Code     0  memseta.o(.text)
    __aeabi_memclr                           0x0800781b   Thumb Code     4  memseta.o(.text)
    __aeabi_memclr4                          0x0800781b   Thumb Code     0  memseta.o(.text)
    __aeabi_memclr8                          0x0800781b   Thumb Code     0  memseta.o(.text)
    _memset$wrapper                          0x0800781f   Thumb Code    18  memseta.o(.text)
    strcat                                   0x08007831   Thumb Code    24  strcat.o(.text)
    strncpy                                  0x08007849   Thumb Code    24  strncpy.o(.text)
    strlen                                   0x08007861   Thumb Code    14  strlen.o(.text)
    __aeabi_dadd                             0x0800786f   Thumb Code   322  dadd.o(.text)
    __aeabi_dsub                             0x080079b1   Thumb Code     6  dadd.o(.text)
    __aeabi_drsub                            0x080079b7   Thumb Code     6  dadd.o(.text)
    __aeabi_dmul                             0x080079bd   Thumb Code   228  dmul.o(.text)
    __aeabi_ddiv                             0x08007aa1   Thumb Code   222  ddiv.o(.text)
    __aeabi_i2d                              0x08007b7f   Thumb Code    34  dflti.o(.text)
    __aeabi_f2d                              0x08007ba1   Thumb Code    38  f2d.o(.text)
    __aeabi_d2f                              0x08007bc7   Thumb Code    56  d2f.o(.text)
    __aeabi_uidiv                            0x08007bff   Thumb Code     0  uidiv.o(.text)
    __aeabi_uidivmod                         0x08007bff   Thumb Code    44  uidiv.o(.text)
    __aeabi_llsl                             0x08007c2b   Thumb Code    30  llshl.o(.text)
    _ll_shift_l                              0x08007c2b   Thumb Code     0  llshl.o(.text)
    __aeabi_lasr                             0x08007c49   Thumb Code    36  llsshr.o(.text)
    _ll_sshift_r                             0x08007c49   Thumb Code     0  llsshr.o(.text)
    __I$use$fp                               0x08007c6d   Thumb Code     0  iusefp.o(.text)
    _float_round                             0x08007c6d   Thumb Code    18  fepilogue.o(.text)
    _float_epilogue                          0x08007c7f   Thumb Code    92  fepilogue.o(.text)
    _double_round                            0x08007cdb   Thumb Code    30  depilogue.o(.text)
    _double_epilogue                         0x08007cf9   Thumb Code   156  depilogue.o(.text)
    __scatterload                            0x08007d95   Thumb Code    28  init.o(.text)
    __scatterload_rt2                        0x08007d95   Thumb Code     0  init.o(.text)
    __aeabi_llsr                             0x08007db9   Thumb Code    32  llushr.o(.text)
    _ll_ushift_r                             0x08007db9   Thumb Code     0  llushr.o(.text)
    __aeabi_ui2d                             0x08007dd9   Thumb Code    26  dfltui.o(.text)
    __aeabi_d2iz                             0x08007df3   Thumb Code    62  dfixi.o(.text)
    __decompress                             0x08007e31   Thumb Code     0  __dczerorl2.o(.text)
    __decompress1                            0x08007e31   Thumb Code    86  __dczerorl2.o(.text)
    __0sprintf$3                             0x08007e89   Thumb Code    34  printf3.o(i.__0sprintf$3)
    __1sprintf$3                             0x08007e89   Thumb Code     0  printf3.o(i.__0sprintf$3)
    __2sprintf                               0x08007e89   Thumb Code     0  printf3.o(i.__0sprintf$3)
    __ARM_fpclassify                         0x08007eb1   Thumb Code    48  fpclassify.o(i.__ARM_fpclassify)
    __hardfp_sin                             0x08007ee1   Thumb Code   180  sin.o(i.__hardfp_sin)
    __ieee754_rem_pio2                       0x08007fa9   Thumb Code   938  rred.o(i.__ieee754_rem_pio2)
    __kernel_cos                             0x080083e1   Thumb Code   322  cos_i.o(i.__kernel_cos)
    __kernel_poly                            0x08008551   Thumb Code   248  poly.o(i.__kernel_poly)
    __kernel_sin                             0x08008649   Thumb Code   280  sin_i.o(i.__kernel_sin)
    __mathlib_dbl_infnan                     0x08008779   Thumb Code    20  dunder.o(i.__mathlib_dbl_infnan)
    __mathlib_dbl_invalid                    0x08008791   Thumb Code    24  dunder.o(i.__mathlib_dbl_invalid)
    __mathlib_dbl_underflow                  0x080087b1   Thumb Code    24  dunder.o(i.__mathlib_dbl_underflow)
    __scatterload_copy                       0x080087d1   Thumb Code    14  handlers.o(i.__scatterload_copy)
    __scatterload_null                       0x080087df   Thumb Code     2  handlers.o(i.__scatterload_null)
    __scatterload_zeroinit                   0x080087e1   Thumb Code    14  handlers.o(i.__scatterload_zeroinit)
    __set_errno                              0x080087f1   Thumb Code     6  errno.o(i.__set_errno)
    fabs                                     0x080089bf   Thumb Code    24  fabs.o(i.fabs)
    Region$$Table$$Base                      0x08008af8   Number         0  anon$$obj.o(Region$$Table)
    Region$$Table$$Limit                     0x08008b18   Number         0  anon$$obj.o(Region$$Table)
    bit_khoa_ham_chay_thay_tuan              0x20000000   Data           1  main.o(.data)
    bien_di_chuyen                           0x20000001   Data           1  main.o(.data)
    bien_nhan_bong                           0x20000002   Data           1  main.o(.data)
    data_tx_gyro                             0x20000003   Data           1  main.o(.data)
    en_gyro                                  0x20000004   Data           1  main.o(.data)
    dataTxGyro                               0x20000005   Data           1  main.o(.data)
    enGyro                                   0x20000006   Data           1  main.o(.data)
    IMU                                      0x20000008   Data           2  main.o(.data)
    num_over_t1                              0x2000000c   Data           4  main.o(.data)
    num_over_t2                              0x20000010   Data           4  main.o(.data)
    num_over_t3                              0x20000014   Data           4  main.o(.data)
    i                                        0x20000018   Data           4  main.o(.data)
    j                                        0x2000001c   Data           4  main.o(.data)
    end                                      0x20000020   Data           4  main.o(.data)
    bien_cham_tuong                          0x20000024   Data           4  main.o(.data)
    bien_ve_xuat_phat                        0x20000028   Data           4  main.o(.data)
    silo_so                                  0x2000002c   Data           4  main.o(.data)
    silo_vua_chay                            0x20000030   Data           4  main.o(.data)
    test_nut                                 0x20000034   Data           4  main.o(.data)
    bien_nho_silo_co_2_bong                  0x20000038   Data           4  main.o(.data)
    bien_do_bong                             0x2000003c   Data           4  main.o(.data)
    bien_chay_cap_thanh                      0x20000040   Data           4  main.o(.data)
    do_laze_silo                             0x20000044   Data           4  main.o(.data)
    errorFixCouter                           0x20000048   Data           4  main.o(.data)
    robotLimitSpeed                          0x2000004c   Data           4  main.o(.data)
    f05                                      0x20000050   Data           4  main.o(.data)
    f6                                       0x20000054   Data           4  main.o(.data)
    f10                                      0x20000058   Data           4  main.o(.data)
    f30                                      0x2000005c   Data           4  main.o(.data)
    f60                                      0x20000060   Data           4  main.o(.data)
    f120                                     0x20000064   Data           4  main.o(.data)
    i100                                     0x20000068   Data           4  main.o(.data)
    khoangCachGocFix                         0x2000006c   Data           4  main.o(.data)
    _robotY                                  0x20000070   Data           4  main.o(.data)
    _robotX                                  0x20000074   Data           4  main.o(.data)
    _lockRobot                               0x20000078   Data           4  main.o(.data)
    motorLock                                0x2000007c   Data           4  main.o(.data)
    motorLockRepeat                          0x20000080   Data           4  main.o(.data)
    radian                                   0x20000084   Data           4  main.o(.data)
    _robotChange                             0x20000088   Data           4  main.o(.data)
    _robotRotatePoint                        0x2000008c   Data           4  main.o(.data)
    _robotCurrentSpeed                       0x20000090   Data           4  main.o(.data)
    _robotRunSpeed                           0x20000094   Data           4  main.o(.data)
    _robotMaxSpeed                           0x20000098   Data           4  main.o(.data)
    _robotAccStop                            0x2000009c   Data           4  main.o(.data)
    _robotCounter                            0x200000a0   Data           4  main.o(.data)
    _robotAngle                              0x200000a4   Data           4  main.o(.data)
    _robotRunAngle                           0x200000a8   Data           4  main.o(.data)
    _robotRotateAngle                        0x200000ac   Data           4  main.o(.data)
    _robotIMUInit                            0x200000b0   Data           4  main.o(.data)
    _robotRotate                             0x200000b4   Data           4  main.o(.data)
    _robotCurve                              0x200000b8   Data           4  main.o(.data)
    _robotAngleCounterFix                    0x200000bc   Data           4  main.o(.data)
    _robotAngleToFix                         0x200000c0   Data           4  main.o(.data)
    _robotIMUAngle                           0x200000c4   Data           4  main.o(.data)
    _IMUAngle_Before                         0x200000c8   Data           4  main.o(.data)
    _robotDelayGiamToc                       0x200000cc   Data           4  main.o(.data)
    _robotRun0h                              0x200000d0   Data           4  main.o(.data)
    _robotRun4h                              0x200000d4   Data           4  main.o(.data)
    _robotRun8h                              0x200000d8   Data           4  main.o(.data)
    HMI_LOOP                                 0x200000f4   Data           4  main.o(.data)
    laze_0H_Value                            0x200000f8   Data           4  main.o(.data)
    laze_4H_Value                            0x200000fc   Data           4  main.o(.data)
    laze_8H_Value                            0x20000100   Data           4  main.o(.data)
    DATA_SPEED                               0x20000104   Data          60  main.o(.data)
    laze_silo                                0x20000140   Data          48  main.o(.data)
    GP_BTN                                   0x20000170   Data          15  main.o(.data)
    num_over_t4                              0x20000180   Data           4  main.o(.data)
    num_over_t5                              0x20000184   Data           4  main.o(.data)
    sieu_am                                  0x20000188   Data           4  main.o(.data)
    SystemCoreClock                          0x2000018c   Data           4  system_stm32f4xx.o(.data)
    AHBPrescTable                            0x20000190   Data          16  system_stm32f4xx.o(.data)
    pxCurrentTCB                             0x200001dc   Data           4  tasks.o(.data)
    bien_nho_bong_trong_silo                 0x20000220   Data          24  main.o(.bss)
    bien_nho_bong_da_tha_trong_silo          0x20000238   Data          24  main.o(.bss)
    buf                                      0x20000250   Data          50  main.o(.bss)
    ky_tu_1                                  0x20000282   Data          40  main.o(.bss)
    ky_tu_2                                  0x200002aa   Data          40  main.o(.bss)
    Buffer_HMI                               0x200002d2   Data          50  main.o(.bss)
    _ADC1_Value                              0x20000304   Data          16  main.o(.bss)
    RX_USART1                                0x20000314   Data          15  main.o(.bss)
    RX_USART2                                0x20000323   Data          15  main.o(.bss)
    MANG_GAME                                0x20000332   Data          10  main.o(.bss)
    xQueueRegistry                           0x2000033c   Data          64  queue.o(.bss)
    __initial_sp                             0x20003098   Data           0  startup_stm32f4xx.o(STACK)



==============================================================================

Memory Map of the image

  Image Entry point : 0x08000189

  Load Region LR_IROM1 (Base: 0x08000000, Size: 0x00008d38, Max: 0x00080000, ABSOLUTE, COMPRESSED[0x00008ba4])

    Execution Region ER_IROM1 (Base: 0x08000000, Size: 0x00008b18, Max: 0x00080000, ABSOLUTE)

    Base Addr    Size         Type   Attr      Idx    E Section Name        Object

    0x08000000   0x00000188   Data   RO          345    RESET               startup_stm32f4xx.o
    0x08000188   0x00000000   Code   RO          665  * .ARM.Collect$$$$00000000  mc_w.l(entry.o)
    0x08000188   0x00000004   Code   RO          986    .ARM.Collect$$$$00000001  mc_w.l(entry2.o)
    0x0800018c   0x00000004   Code   RO          989    .ARM.Collect$$$$00000004  mc_w.l(entry5.o)
    0x08000190   0x00000000   Code   RO          991    .ARM.Collect$$$$00000008  mc_w.l(entry7b.o)
    0x08000190   0x00000000   Code   RO          993    .ARM.Collect$$$$0000000A  mc_w.l(entry8b.o)
    0x08000190   0x00000008   Code   RO          994    .ARM.Collect$$$$0000000B  mc_w.l(entry9a.o)
    0x08000198   0x00000000   Code   RO          996    .ARM.Collect$$$$0000000D  mc_w.l(entry10a.o)
    0x08000198   0x00000000   Code   RO          998    .ARM.Collect$$$$0000000F  mc_w.l(entry11a.o)
    0x08000198   0x00000004   Code   RO          987    .ARM.Collect$$$$00002712  mc_w.l(entry2.o)
    0x0800019c   0x000000a8   Code   RO          596    .emb_text           port.o
    0x08000244   0x00000294   Code   RO            2    .text               stm32f4xx_it.o
    0x080004d8   0x00003fdc   Code   RO          140    .text               main.o
    0x080044b4   0x00000170   Code   RO          322    .text               system_stm32f4xx.o
    0x08004624   0x00000024   Code   RO          346    .text               startup_stm32f4xx.o
    0x08004648   0x000000b0   Code   RO          351    .text               misc.o
    0x080046f8   0x00000218   Code   RO          367    .text               stm32f4xx_gpio.o
    0x08004910   0x000003d0   Code   RO          383    .text               stm32f4xx_rcc.o
    0x08004ce0   0x00000354   Code   RO          401    .text               stm32f4xx_adc.o
    0x08005034   0x00000320   Code   RO          417    .text               stm32f4xx_dma.o
    0x08005354   0x000000e8   Code   RO          433    .text               stm32f4xx_exti.o
    0x0800543c   0x000009dc   Code   RO          465    .text               stm32f4xx_tim.o
    0x08005e18   0x00000338   Code   RO          482    .text               stm32f4xx_usart.o
    0x08006150   0x00000078   Code   RO          498    .text               stm32f4xx_syscfg.o
    0x080061c8   0x0000008e   Code   RO          539    .text               list.o
    0x08006256   0x00000002   PAD
    0x08006258   0x0000064c   Code   RO          557    .text               queue.o
    0x080068a4   0x00000318   Code   RO          575    .text               timers.o
    0x08006bbc   0x000000cc   Code   RO          597    .text               port.o
    0x08006c88   0x000000f4   Code   RO          615    .text               heap_2.o
    0x08006d7c   0x00000a48   Code   RO          630    .text               tasks.o
    0x080077c4   0x00000024   Code   RO          668    .text               mc_w.l(rand.o)
    0x080077e8   0x00000024   Code   RO          671    .text               mc_w.l(memcpya.o)
    0x0800780c   0x00000024   Code   RO          673    .text               mc_w.l(memseta.o)
    0x08007830   0x00000018   Code   RO          675    .text               mc_w.l(strcat.o)
    0x08007848   0x00000018   Code   RO          677    .text               mc_w.l(strncpy.o)
    0x08007860   0x0000000e   Code   RO          679    .text               mc_w.l(strlen.o)
    0x0800786e   0x0000014e   Code   RO          944    .text               mf_w.l(dadd.o)
    0x080079bc   0x000000e4   Code   RO          946    .text               mf_w.l(dmul.o)
    0x08007aa0   0x000000de   Code   RO          948    .text               mf_w.l(ddiv.o)
    0x08007b7e   0x00000022   Code   RO          952    .text               mf_w.l(dflti.o)
    0x08007ba0   0x00000026   Code   RO          954    .text               mf_w.l(f2d.o)
    0x08007bc6   0x00000038   Code   RO          956    .text               mf_w.l(d2f.o)
    0x08007bfe   0x0000002c   Code   RO         1003    .text               mc_w.l(uidiv.o)
    0x08007c2a   0x0000001e   Code   RO         1007    .text               mc_w.l(llshl.o)
    0x08007c48   0x00000024   Code   RO         1009    .text               mc_w.l(llsshr.o)
    0x08007c6c   0x00000000   Code   RO         1018    .text               mc_w.l(iusefp.o)
    0x08007c6c   0x0000006e   Code   RO         1019    .text               mf_w.l(fepilogue.o)
    0x08007cda   0x000000ba   Code   RO         1021    .text               mf_w.l(depilogue.o)
    0x08007d94   0x00000024   Code   RO         1037    .text               mc_w.l(init.o)
    0x08007db8   0x00000020   Code   RO         1040    .text               mc_w.l(llushr.o)
    0x08007dd8   0x0000001a   Code   RO         1043    .text               mf_w.l(dfltui.o)
    0x08007df2   0x0000003e   Code   RO         1045    .text               mf_w.l(dfixi.o)
    0x08007e30   0x00000056   Code   RO         1055    .text               mc_w.l(__dczerorl2.o)
    0x08007e86   0x00000002   PAD
    0x08007e88   0x00000028   Code   RO          774    i.__0sprintf$3      mc_w.l(printf3.o)
    0x08007eb0   0x00000030   Code   RO         1033    i.__ARM_fpclassify  m_wm.l(fpclassify.o)
    0x08007ee0   0x000000c8   Code   RO          653    i.__hardfp_sin      m_wm.l(sin.o)
    0x08007fa8   0x00000438   Code   RO          975    i.__ieee754_rem_pio2  m_wm.l(rred.o)
    0x080083e0   0x00000170   Code   RO          958    i.__kernel_cos      m_wm.l(cos_i.o)
    0x08008550   0x000000f8   Code   RO         1035    i.__kernel_poly     m_wm.l(poly.o)
    0x08008648   0x00000130   Code   RO          980    i.__kernel_sin      m_wm.l(sin_i.o)
    0x08008778   0x00000014   Code   RO          962    i.__mathlib_dbl_infnan  m_wm.l(dunder.o)
    0x0800878c   0x00000004   PAD
    0x08008790   0x00000020   Code   RO          964    i.__mathlib_dbl_invalid  m_wm.l(dunder.o)
    0x080087b0   0x00000020   Code   RO          967    i.__mathlib_dbl_underflow  m_wm.l(dunder.o)
    0x080087d0   0x0000000e   Code   RO         1049    i.__scatterload_copy  mc_w.l(handlers.o)
    0x080087de   0x00000002   Code   RO         1050    i.__scatterload_null  mc_w.l(handlers.o)
    0x080087e0   0x0000000e   Code   RO         1051    i.__scatterload_zeroinit  mc_w.l(handlers.o)
    0x080087ee   0x00000002   PAD
    0x080087f0   0x0000000c   Code   RO         1013    i.__set_errno       mc_w.l(errno.o)
    0x080087fc   0x000001b8   Code   RO          779    i._printf_core      mc_w.l(printf3.o)
    0x080089b4   0x0000000a   Code   RO          781    i._sputc            mc_w.l(printf3.o)
    0x080089be   0x00000018   Code   RO         1029    i.fabs              m_wm.l(fabs.o)
    0x080089d6   0x00000002   PAD
    0x080089d8   0x00000030   Data   RO          959    .constdata          m_wm.l(cos_i.o)
    0x08008a08   0x000000c8   Data   RO          977    .constdata          m_wm.l(rred.o)
    0x08008ad0   0x00000028   Data   RO          981    .constdata          m_wm.l(sin_i.o)
    0x08008af8   0x00000020   Data   RO         1047    Region$$Table       anon$$obj.o


    Execution Region RW_IRAM1 (Base: 0x20000000, Size: 0x00003098, Max: 0x00020000, ABSOLUTE, COMPRESSED[0x0000008c])

    Base Addr    Size         Type   Attr      Idx    E Section Name        Object

    0x20000000   0x0000017f   Data   RW          144    .data               main.o
    0x2000017f   0x00000001   PAD
    0x20000180   0x00000004   Data   RW          145    .data               main.o
    0x20000184   0x00000004   Data   RW          146    .data               main.o
    0x20000188   0x00000004   Data   RW          169    .data               main.o
    0x2000018c   0x00000014   Data   RW          323    .data               system_stm32f4xx.o
    0x200001a0   0x00000010   Data   RW          384    .data               stm32f4xx_rcc.o
    0x200001b0   0x00000010   Data   RW          577    .data               timers.o
    0x200001c0   0x00000004   Data   RW          598    .data               port.o
    0x200001c4   0x00000018   Data   RW          617    .data               heap_2.o
    0x200001dc   0x0000003c   Data   RW          632    .data               tasks.o
    0x20000218   0x00000004   Data   RW          669    .data               mc_w.l(rand.o)
    0x2000021c   0x00000004   Data   RW         1014    .data               mc_w.l(errno.o)
    0x20000220   0x0000011c   Zero   RW          141    .bss                main.o
    0x2000033c   0x00000040   Zero   RW          558    .bss                queue.o
    0x2000037c   0x00000028   Zero   RW          576    .bss                timers.o
    0x200003a4   0x00000004   PAD
    0x200003a8   0x00002800   Zero   RW          616    .bss                heap_2.o
    0x20002ba8   0x000000f0   Zero   RW          631    .bss                tasks.o
    0x20002c98   0x00000400   Zero   RW          343    STACK               startup_stm32f4xx.o


==============================================================================

Image component sizes


      Code (inc. data)   RO Data    RW Data    ZI Data      Debug   Object Name

       244         10          0         24      10240       3600   heap_2.o
       142          0          0          0          0       3502   list.o
     16348       1022          0        395        284     322494   main.o
       176         12          0          0          0       2049   misc.o
       372         32          0          4          0       4664   port.o
      1612          4          0          0         64      11564   queue.o
        36          8        392          0       1024        908   startup_stm32f4xx.o
       852         20          0          0          0      10938   stm32f4xx_adc.o
       800         32          0          0          0       7073   stm32f4xx_dma.o
       232          8          0          0          0       2551   stm32f4xx_exti.o
       536         38          0          0          0       4605   stm32f4xx_gpio.o
       660        116          0          0          0     292045   stm32f4xx_it.o
       976         36          0         16          0      11527   stm32f4xx_rcc.o
       120         18          0          0          0       1795   stm32f4xx_syscfg.o
      2524         52          0          0          0      23138   stm32f4xx_tim.o
       824         24          0          0          0       8260   stm32f4xx_usart.o
       368         36          0         20          0       1879   system_stm32f4xx.o
      2632         62          0         60        240      16531   tasks.o
       792         22          0         16         40      10508   timers.o

    ----------------------------------------------------------------------
     30248       1552        424        536      11896     739631   Object Totals
         0          0         32          0          0          0   (incl. Generated)
         2          0          0          1          4          0   (incl. Padding)

    ----------------------------------------------------------------------

      Code (inc. data)   RO Data    RW Data    ZI Data      Debug   Library Member Name

       368         46         48          0          0        200   cos_i.o
        84         16          0          0          0        372   dunder.o
        24          0          0          0          0        124   fabs.o
        48          0          0          0          0        124   fpclassify.o
       248          0          0          0          0        152   poly.o
      1080        142        200          0          0        188   rred.o
       200         20          0          0          0        164   sin.o
       304         24         40          0          0        208   sin_i.o
        86          0          0          0          0          0   __dczerorl2.o
         0          0          0          0          0          0   entry.o
         0          0          0          0          0          0   entry10a.o
         0          0          0          0          0          0   entry11a.o
         8          4          0          0          0          0   entry2.o
         4          0          0          0          0          0   entry5.o
         0          0          0          0          0          0   entry7b.o
         0          0          0          0          0          0   entry8b.o
         8          4          0          0          0          0   entry9a.o
        12          6          0          4          0         68   errno.o
        30          0          0          0          0          0   handlers.o
        36          8          0          0          0         68   init.o
         0          0          0          0          0          0   iusefp.o
        30          0          0          0          0         68   llshl.o
        36          0          0          0          0         68   llsshr.o
        32          0          0          0          0         68   llushr.o
        36          0          0          0          0         68   memcpya.o
        36          0          0          0          0        108   memseta.o
       490         10          0          0          0        252   printf3.o
        36         10          0          4          0        136   rand.o
        24          0          0          0          0         68   strcat.o
        14          0          0          0          0         68   strlen.o
        24          0          0          0          0         76   strncpy.o
        44          0          0          0          0         80   uidiv.o
        56          0          0          0          0         88   d2f.o
       334          0          0          0          0        148   dadd.o
       222          0          0          0          0        100   ddiv.o
       186          0          0          0          0        176   depilogue.o
        62          0          0          0          0         80   dfixi.o
        34          0          0          0          0         76   dflti.o
        26          0          0          0          0         76   dfltui.o
       228          0          0          0          0         96   dmul.o
        38          0          0          0          0         68   f2d.o
       110          0          0          0          0        168   fepilogue.o

    ----------------------------------------------------------------------
      4648        290        288          8          0       3804   Library Totals
        10          0          0          0          0          0   (incl. Padding)

    ----------------------------------------------------------------------

      Code (inc. data)   RO Data    RW Data    ZI Data      Debug   Library Name

      2356        248        288          0          0       1532   m_wm.l
       986         42          0          8          0       1196   mc_w.l
      1296          0          0          0          0       1076   mf_w.l

    ----------------------------------------------------------------------
      4648        290        288          8          0       3804   Library Totals

    ----------------------------------------------------------------------

==============================================================================


      Code (inc. data)   RO Data    RW Data    ZI Data      Debug   

     34896       1842        712        544      11896     735323   Grand Totals
     34896       1842        712        140      11896     735323   ELF Image Totals (compressed)
     34896       1842        712        140          0          0   ROM Totals

==============================================================================

    Total RO  Size (Code + RO Data)                35608 (  34.77kB)
    Total RW  Size (RW Data + ZI Data)             12440 (  12.15kB)
    Total ROM Size (Code + RO Data + RW Data)      35748 (  34.91kB)

==============================================================================

