Component: ARM Compiler 5.06 (build 20) Tool: armlink [4d35a3]

==============================================================================

Section Cross References

    stm32f4xx_it.o(.text) refers to stm32f4xx_usart.o(.text) for USART_GetITStatus
    stm32f4xx_it.o(.text) refers to stm32f4xx_dma.o(.text) for DMA_ClearITPendingBit
    stm32f4xx_it.o(.text) refers to main.o(.text) for get_Gamepad_Bluetouch
    stm32f4xx_it.o(.text) refers to stm32f4xx_tim.o(.text) for TIM_ClearITPendingBit
    stm32f4xx_it.o(.text) refers to stm32f4xx_exti.o(.text) for EXTI_GetITStatus
    stm32f4xx_it.o(.text) refers to stm32f4xx_gpio.o(.text) for GPIO_ToggleBits
    stm32f4xx_it.o(.text) refers to main.o(.bss) for RX_USART1
    stm32f4xx_it.o(.text) refers to main.o(.data) for IMU
    stm32f4xx_it.o(.text) refers to main.o(.data) for num_over_t4
    stm32f4xx_it.o(.text) refers to main.o(.data) for num_over_t5
    stm32f4xx_it.o(.text) refers to main.o(.data) for sieu_am
    main.o(.text) refers to strlen.o(.text) for strlen
    main.o(.text) refers to stm32f4xx_dma.o(.text) for DMA_Cmd
    main.o(.text) refers to stm32f4xx_usart.o(.text) for USART_SendData
    main.o(.text) refers to printf3.o(i.__0sprintf$3) for __2sprintf
    main.o(.text) refers to strcat.o(.text) for strcat
    main.o(.text) refers to stm32f4xx_gpio.o(.text) for GPIO_ReadInputDataBit
    main.o(.text) refers to main.o(.bss) for .bss
    main.o(.text) refers to rand.o(.text) for rand
    main.o(.text) refers to stm32f4xx_tim.o(.text) for TIM_GetCounter
    main.o(.text) refers to stm32f4xx_rcc.o(.text) for RCC_AHB1PeriphClockCmd
    main.o(.text) refers to misc.o(.text) for NVIC_PriorityGroupConfig
    main.o(.text) refers to main.o(.data) for .data
    main.o(.text) refers to stm32f4xx_adc.o(.text) for ADC_CommonInit
    main.o(.text) refers to stm32f4xx_syscfg.o(.text) for SYSCFG_EXTILineConfig
    main.o(.text) refers to stm32f4xx_exti.o(.text) for EXTI_Init
    main.o(.text) refers to dflti.o(.text) for __aeabi_i2d
    main.o(.text) refers to dmul.o(.text) for __aeabi_dmul
    main.o(.text) refers to dadd.o(.text) for __aeabi_dsub
    main.o(.text) refers to ddiv.o(.text) for __aeabi_ddiv
    main.o(.text) refers to d2f.o(.text) for __aeabi_d2f
    main.o(.text) refers to f2d.o(.text) for __aeabi_f2d
    main.o(.text) refers to sin.o(i.__hardfp_sin) for __hardfp_sin
    main.o(.text) refers to tasks.o(.text) for vTaskDelay
    system_stm32f4xx.o(.text) refers to system_stm32f4xx.o(.data) for .data
    startup_stm32f4xx.o(RESET) refers to startup_stm32f4xx.o(STACK) for __initial_sp
    startup_stm32f4xx.o(RESET) refers to startup_stm32f4xx.o(.text) for Reset_Handler
    startup_stm32f4xx.o(RESET) refers to stm32f4xx_it.o(.text) for NMI_Handler
    startup_stm32f4xx.o(RESET) refers to port.o(.emb_text) for SVC_Handler
    startup_stm32f4xx.o(RESET) refers to port.o(.text) for SysTick_Handler
    startup_stm32f4xx.o(.text) refers to system_stm32f4xx.o(.text) for SystemInit
    startup_stm32f4xx.o(.text) refers to entry.o(.ARM.Collect$$$$00000000) for __main
    stm32f4xx_gpio.o(.text) refers to stm32f4xx_rcc.o(.text) for RCC_AHB1PeriphResetCmd
    stm32f4xx_rcc.o(.text) refers to stm32f4xx_rcc.o(.data) for .data
    stm32f4xx_adc.o(.text) refers to stm32f4xx_rcc.o(.text) for RCC_APB2PeriphResetCmd
    stm32f4xx_spi.o(.text) refers to stm32f4xx_rcc.o(.text) for RCC_APB2PeriphResetCmd
    stm32f4xx_tim.o(.text) refers to stm32f4xx_rcc.o(.text) for RCC_APB2PeriphResetCmd
    stm32f4xx_usart.o(.text) refers to stm32f4xx_rcc.o(.text) for RCC_APB2PeriphResetCmd
    stm32f4xx_syscfg.o(.text) refers to stm32f4xx_rcc.o(.text) for RCC_APB2PeriphResetCmd
    croutine.o(.text) refers to heap_2.o(.text) for pvPortMalloc
    croutine.o(.text) refers to list.o(.text) for vListInitialise
    croutine.o(.text) refers to tasks.o(.text) for xTaskGetTickCount
    croutine.o(.text) refers to port.o(.emb_text) for ulPortSetInterruptMask
    croutine.o(.text) refers to croutine.o(.data) for .data
    croutine.o(.text) refers to croutine.o(.bss) for .bss
    queue.o(.text) refers to port.o(.text) for vPortEnterCritical
    queue.o(.text) refers to list.o(.text) for vListInitialise
    queue.o(.text) refers to port.o(.emb_text) for ulPortSetInterruptMask
    queue.o(.text) refers to tasks.o(.text) for xTaskRemoveFromEventList
    queue.o(.text) refers to heap_2.o(.text) for pvPortMalloc
    queue.o(.text) refers to memcpya.o(.text) for __aeabi_memcpy
    queue.o(.text) refers to queue.o(.bss) for .bss
    timers.o(.text) refers to list.o(.text) for vListInsert
    timers.o(.text) refers to queue.o(.text) for xQueueGenericSendFromISR
    timers.o(.text) refers to tasks.o(.text) for xTaskGetSchedulerState
    timers.o(.text) refers to port.o(.text) for vPortEnterCritical
    timers.o(.text) refers to port.o(.emb_text) for ulPortSetInterruptMask
    timers.o(.text) refers to heap_2.o(.text) for pvPortMalloc
    timers.o(.text) refers to timers.o(.data) for .data
[...]
    i.__set_errno                            0x08008e30   Section        0  errno.o(i.__set_errno)
    i._printf_core                           0x08008e3c   Section        0  printf3.o(i._printf_core)
    _printf_core                             0x08008e3d   Thumb Code   436  printf3.o(i._printf_core)
    i._sputc                                 0x08008ff4   Section        0  printf3.o(i._sputc)
    _sputc                                   0x08008ff5   Thumb Code    10  printf3.o(i._sputc)
    i.fabs                                   0x08008ffe   Section        0  fabs.o(i.fabs)
    .constdata                               0x08009018   Section       48  cos_i.o(.constdata)
    C                                        0x08009018   Data          48  cos_i.o(.constdata)
    .constdata                               0x08009048   Section      200  rred.o(.constdata)
    pio2s                                    0x08009048   Data          48  rred.o(.constdata)
    twooverpi                                0x08009078   Data         152  rred.o(.constdata)
    .constdata                               0x08009110   Section       40  sin_i.o(.constdata)
    S                                        0x08009110   Data          40  sin_i.o(.constdata)
    .data                                    0x20000000   Section      411  main.o(.data)
    lazeTruocCouter                          0x200000dc   Data           4  main.o(.data)
    laze0H_SUM                               0x200000e0   Data           4  main.o(.data)
    lazeNgang_Counter_do                     0x200000e4   Data           4  main.o(.data)
    laze4H_SUM                               0x200000e8   Data           4  main.o(.data)
    lazeNgang_Counter_xanh                   0x200000ec   Data           4  main.o(.data)
    laze8H_SUM                               0x200000f0   Data           4  main.o(.data)
    .data                                    0x2000019c   Section        4  main.o(.data)
    .data                                    0x200001a0   Section        4  main.o(.data)
    .data                                    0x200001a4   Section        4  main.o(.data)
    .data                                    0x200001a8   Section       20  system_stm32f4xx.o(.data)
    .data                                    0x200001bc   Section       16  stm32f4xx_rcc.o(.data)
    APBAHBPrescTable                         0x200001bc   Data          16  stm32f4xx_rcc.o(.data)
    .data                                    0x200001cc   Section       16  timers.o(.data)
    xTimerQueue                              0x200001cc   Data           4  timers.o(.data)
    xLastTime                                0x200001d0   Data           4  timers.o(.data)
    pxCurrentTimerList                       0x200001d4   Data           4  timers.o(.data)
    pxOverflowTimerList                      0x200001d8   Data           4  timers.o(.data)
    .data                                    0x200001dc   Section        4  port.o(.data)
    uxCriticalNesting                        0x200001dc   Data           4  port.o(.data)
    .data                                    0x200001e0   Section       24  heap_2.o(.data)
    xFreeBytesRemaining                      0x200001e0   Data           4  heap_2.o(.data)
    xHeapHasBeenInitialised                  0x200001e4   Data           4  heap_2.o(.data)
    xStart                                   0x200001e8   Data           8  heap_2.o(.data)
    xEnd                                     0x200001f0   Data           8  heap_2.o(.data)
    .data                                    0x200001f8   Section       60  tasks.o(.data)
    uxTasksDeleted                           0x200001fc   Data           4  tasks.o(.data)
    uxCurrentNumberOfTasks                   0x20000200   Data           4  tasks.o(.data)
    xTickCount                               0x20000204   Data           4  tasks.o(.data)
    uxTopUsedPriority                        0x20000208   Data           4  tasks.o(.data)
    uxTopReadyPriority                       0x2000020c   Data           4  tasks.o(.data)
    xSchedulerRunning                        0x20000210   Data           4  tasks.o(.data)
    uxSchedulerSuspended                     0x20000214   Data           4  tasks.o(.data)
    uxMissedTicks                            0x20000218   Data           4  tasks.o(.data)
    xMissedYield                             0x2000021c   Data           4  tasks.o(.data)
    xNumOfOverflows                          0x20000220   Data           4  tasks.o(.data)
    uxTaskNumber                             0x20000224   Data           4  tasks.o(.data)
    xNextTaskUnblockTime                     0x20000228   Data           4  tasks.o(.data)
    pxDelayedTaskList                        0x2000022c   Data           4  tasks.o(.data)
    pxOverflowDelayedTaskList                0x20000230   Data           4  tasks.o(.data)
    .data                                    0x20000234   Section        4  rand.o(.data)
    _rand_state                              0x20000234   Data           4  rand.o(.data)
    .data                                    0x20000238   Section        4  errno.o(.data)
    _errno                                   0x20000238   Data           4  errno.o(.data)
    .bss                                     0x2000023c   Section      260  main.o(.bss)
    .bss                                     0x20000340   Section       64  queue.o(.bss)
    .bss                                     0x20000380   Section       40  timers.o(.bss)
    xActiveTimerList1                        0x20000380   Data          20  timers.o(.bss)
    xActiveTimerList2                        0x20000394   Data          20  timers.o(.bss)
    .bss                                     0x200003a8   Section    10240  heap_2.o(.bss)
    xHeap                                    0x200003a8   Data       10240  heap_2.o(.bss)
    .bss                                     0x20002ba8   Section      240  tasks.o(.bss)
    pcStatusString                           0x20002ba8   Data          40  tasks.o(.bss)
    pxReadyTasksLists                        0x20002bd0   Data         100  tasks.o(.bss)
    xDelayedTaskList1                        0x20002c34   Data          20  tasks.o(.bss)
    xDelayedTaskList2                        0x20002c48   Data          20  tasks.o(.bss)
    xPendingReadyList                        0x20002c5c   Data          20  tasks.o(.bss)
    xTasksWaitingTermination                 0x20002c70   Data          20  tasks.o(.bss)
    xSuspendedTaskList                       0x20002c84   Data          20  tasks.o(.bss)
    STACK                                    0x20002c98   Section     1024  startup_stm32f4xx.o(STACK)

    Global Symbols

    Symbol Name                              Value     Ov Type        Size  Object(Section)

    BuildAttributes$$THM_ISAv4$E$P$D$K$B$S$7EM$VFPi3$EXTD16$VFPS$VFMA$PE$A:L22UL41UL21$X:L11$S22US41US21$IEEE1$IW$USESV6$~STKCKD$USESV7$~SHL$OTIME$ROPI$IEEEX$EBA8$MICROLIB$REQ8$PRES8$EABIv2 0x00000000   Number         0  anon$$obj.o ABSOLUTE
    __ARM_use_no_argv                        0x00000000   Number         0  main.o ABSOLUTE
    _printf_a                                0x00000000   Number         0  stubs.o ABSOLUTE
    _printf_c                                0x00000000   Number         0  stubs.o ABSOLUTE
    _printf_charcount                        0x00000000   Number         0  stubs.o ABSOLUTE
    _printf_d                                0x00000000   Number         0  stubs.o ABSOLUTE
    _printf_e                                0x00000000   Number         0  stubs.o ABSOLUTE
    _printf_f                                0x00000000   Number         0  stubs.o ABSOLUTE
    _printf_flags                            0x00000000   Number         0  stubs.o ABSOLUTE
    _printf_fp_dec                           0x00000000   Number         0  stubs.o ABSOLUTE
    _printf_fp_hex                           0x00000000   Number         0  stubs.o ABSOLUTE
    _printf_g                                0x00000000   Number         0  stubs.o ABSOLUTE
    _printf_i                                0x00000000   Number         0  stubs.o ABSOLUTE
    _printf_int_dec                          0x00000000   Number         0  stubs.o ABSOLUTE
    _printf_l                                0x00000000   Number         0  stubs.o ABSOLUTE
    _printf_lc                               0x00000000   Number         0  stubs.o ABSOLUTE
    _printf_ll                               0x00000000   Number         0  stubs.o ABSOLUTE
    _printf_lld                              0x00000000   Number         0  stubs.o ABSOLUTE
    _printf_lli                              0x00000000   Number         0  stubs.o ABSOLUTE
    _printf_llo                              0x00000000   Number         0  stubs.o ABSOLUTE
    _printf_llu                              0x00000000   Number         0  stubs.o ABSOLUTE
    _printf_llx                              0x00000000   Number         0  stubs.o ABSOLUTE
    _printf_longlong_dec                     0x00000000   Number         0  stubs.o ABSOLUTE
    _printf_longlong_hex                     0x00000000   Number         0  stubs.o ABSOLUTE
    _printf_longlong_oct                     0x00000000   Number         0  stubs.o ABSOLUTE
    _printf_ls                               0x00000000   Number         0  stubs.o ABSOLUTE
    _printf_mbtowc                           0x00000000   Number         0  stubs.o ABSOLUTE
    _printf_n                                0x00000000   Number         0  stubs.o ABSOLUTE
    _printf_o                                0x00000000   Number         0  stubs.o ABSOLUTE
    _printf_p                                0x00000000   Number         0  stubs.o ABSOLUTE
    _printf_percent                          0x00000000   Number         0  stubs.o ABSOLUTE
    _printf_pre_padding                      0x00000000   Number         0  stubs.o ABSOLUTE
    _printf_return_value                     0x00000000   Number         0  stubs.o ABSOLUTE
    _printf_s                                0x00000000   Number         0  stubs.o ABSOLUTE
    _printf_sizespec                         0x00000000   Number         0  stubs.o ABSOLUTE
    _printf_str                              0x00000000   Number         0  stubs.o ABSOLUTE
    _printf_truncate_signed                  0x00000000   Number         0  stubs.o ABSOLUTE
    _printf_truncate_unsigned                0x00000000   Number         0  stubs.o ABSOLUTE
    _printf_u                                0x00000000   Number         0  stubs.o ABSOLUTE
    _printf_wc                               0x00000000   Number         0  stubs.o ABSOLUTE
    _printf_wctomb                           0x00000000   Number         0  stubs.o ABSOLUTE
    _printf_widthprec                        0x00000000   Number         0  stubs.o ABSOLUTE
    _printf_x                                0x00000000   Number         0  stubs.o ABSOLUTE
    __cpp_initialize__aeabi_                  - Undefined Weak Reference
    __cxa_finalize                            - Undefined Weak Reference
    _clock_init                               - Undefined Weak Reference
    _microlib_exit                            - Undefined Weak Reference
    __Vectors_Size                           0x00000188   Number         0  startup_stm32f4xx.o ABSOLUTE
    __Vectors                                0x08000000   Data           4  startup_stm32f4xx.o(RESET)
    __Vectors_End                            0x08000188   Data           0  startup_stm32f4xx.o(RESET)
    __main                                   0x08000189   Thumb Code     0  entry.o(.ARM.Collect$$$$00000000)
    _main_stk                                0x08000189   Thumb Code     0  entry2.o(.ARM.Collect$$$$00000001)
    _main_scatterload                        0x0800018d   Thumb Code     0  entry5.o(.ARM.Collect$$$$00000004)
    __main_after_scatterload                 0x08000191   Thumb Code     0  entry5.o(.ARM.Collect$$$$00000004)
    _main_clock                              0x08000191   Thumb Code     0  entry7b.o(.ARM.Collect$$$$00000008)
    _main_cpp_init                           0x08000191   Thumb Code     0  entry8b.o(.ARM.Collect$$$$0000000A)
    _main_init                               0x08000191   Thumb Code     0  entry9a.o(.ARM.Collect$$$$0000000B)
    __rt_final_cpp                           0x08000199   Thumb Code     0  entry10a.o(.ARM.Collect$$$$0000000D)
    __rt_final_exit                          0x08000199   Thumb Code     0  entry11a.o(.ARM.Collect$$$$0000000F)
    SVC_Handler                              0x0800019d   Thumb Code    24  port.o(.emb_text)
    __asm___6_port_c_39a90d8d__prvStartFirstTask 0x080001b9   Thumb Code    16  port.o(.emb_text)
    __asm___6_port_c_39a90d8d__prvEnableVFP  0x080001cd   Thumb Code    16  port.o(.emb_text)
    PendSV_Handler                           0x080001e1   Thumb Code    76  port.o(.emb_text)
    ulPortSetInterruptMask                   0x08000231   Thumb Code    14  port.o(.emb_text)
    vPortClearInterruptMask                  0x0800023f   Thumb Code     6  port.o(.emb_text)
    NMI_Handler                              0x08000245   Thumb Code     2  stm32f4xx_it.o(.text)
    HardFault_Handler                        0x08000247   Thumb Code     2  stm32f4xx_it.o(.text)
    MemManage_Handler                        0x08000249   Thumb Code     2  stm32f4xx_it.o(.text)
    BusFault_Handler                         0x0800024b   Thumb Code     2  stm32f4xx_it.o(.text)
    UsageFault_Handler                       0x0800024d   Thumb Code     2  stm32f4xx_it.o(.text)
    DebugMon_Handler                         0x0800024f   Thumb Code     2  stm32f4xx_it.o(.text)
    USART1_IRQHandler                        0x08000255   Thumb Code    32  stm32f4xx_it.o(.text)
    DMA1_Stream4_IRQHandler                  0x08000275   Thumb Code     8  stm32f4xx_it.o(.text)
    DMA1_Stream6_IRQHandler                  0x0800027d   Thumb Code    34  stm32f4xx_it.o(.text)
    DMA2_Stream2_IRQHandler                  0x0800029f   Thumb Code    26  stm32f4xx_it.o(.text)
    DMA2_Stream5_IRQHandler                  0x080002b9   Thumb Code    10  stm32f4xx_it.o(.text)
    DMA1_Stream1_IRQHandler                  0x080002c3   Thumb Code    62  stm32f4xx_it.o(.text)
    DMA1_Stream0_IRQHandler                  0x08000301   Thumb Code    34  stm32f4xx_it.o(.text)
    DMA1_Stream7_IRQHandler                  0x08000323   Thumb Code    42  stm32f4xx_it.o(.text)
    DMA1_Stream2_IRQHandler                  0x0800034d   Thumb Code    10  stm32f4xx_it.o(.text)
    TIM6_DAC_IRQHandler                      0x08000357   Thumb Code     8  stm32f4xx_it.o(.text)
    TIM7_IRQHandler                          0x0800035f   Thumb Code    18  stm32f4xx_it.o(.text)
    TIM1_UP_TIM10_IRQHandler                 0x08000371   Thumb Code    32  stm32f4xx_it.o(.text)
    TIM1_TRG_COM_TIM11_IRQHandler            0x08000391   Thumb Code     2  stm32f4xx_it.o(.text)
    TIM2_IRQHandler                          0x08000393   Thumb Code    32  stm32f4xx_it.o(.text)
    TIM3_IRQHandler                          0x080003b3   Thumb Code    32  stm32f4xx_it.o(.text)
    TIM4_IRQHandler                          0x080003d3   Thumb Code    32  stm32f4xx_it.o(.text)
    TIM5_IRQHandler                          0x080003f3   Thumb Code    32  stm32f4xx_it.o(.text)
    SPI1_IRQHandler                          0x08000413   Thumb Code     2  stm32f4xx_it.o(.text)
    SPI3_IRQHandler                          0x08000415   Thumb Code     2  stm32f4xx_it.o(.text)
    EXTI2_IRQHandler                         0x08000417   Thumb Code    76  stm32f4xx_it.o(.text)
    EXTI3_IRQHandler                         0x08000463   Thumb Code     2  stm32f4xx_it.o(.text)
    HMI_ky_tu                                0x080004d9   Thumb Code    36  main.o(.text)
    HMISends                                 0x080004fd   Thumb Code    40  main.o(.text)
    HMISendb                                 0x08000525   Thumb Code    42  main.o(.text)
    gui_so                                   0x0800054f   Thumb Code   120  main.o(.text)
    gui_chu                                  0x080005c7   Thumb Code    58  main.o(.text)
    HMI_DMI                                  0x08000601   Thumb Code   190  main.o(.text)
    HMI_PUTS                                 0x080006bf   Thumb Code   182  main.o(.text)
    gui_line                                 0x08000775   Thumb Code   300  main.o(.text)
    HMI_PUT_j                                0x080008a1   Thumb Code   222  main.o(.text)
    random                                   0x0800097f   Thumb Code    26  main.o(.text)
    ENCODER_0H                               0x08000999   Thumb Code    82  main.o(.text)
    ENCODER_4H                               0x080009eb   Thumb Code    80  main.o(.text)
    ENCODER_8H                               0x08000a3b   Thumb Code    82  main.o(.text)
    ENCODER_TONG                             0x08000a8d   Thumb Code    42  main.o(.text)
    delay_us                                 0x08000ab7   Thumb Code    24  main.o(.text)
    delay_ms                                 0x08000acf   Thumb Code    24  main.o(.text)
    Config_out_mode                          0x08000ae7   Thumb Code   102  main.o(.text)
    Config_in_mode                           0x08000b4d   Thumb Code   144  main.o(.text)
    Config_int_time6                         0x08000bdd   Thumb Code   112  main.o(.text)
    Config_int_time7                         0x08000c4d   Thumb Code   114  main.o(.text)
    Config_pwm_time_t8                       0x08000cbf   Thumb Code   250  main.o(.text)
    Config_pwm_time_t4                       0x08000db9   Thumb Code   194  main.o(.text)
    Config_pwm_time_t9                       0x08000e7b   Thumb Code   132  main.o(.text)
    Config_encoder_timer2_timer3             0x08000eff   Thumb Code   374  main.o(.text)
    Config_encoder_timer1                    0x08001075   Thumb Code   272  main.o(.text)
    Config_ADC1_DMA                          0x08001185   Thumb Code   296  main.o(.text)
    Config_int_uart1_rx                      0x080012ad   Thumb Code    40  main.o(.text)
    UART1_DMA_RX                             0x080012d5   Thumb Code   264  main.o(.text)
    UART2_DMA_TX                             0x080013dd   Thumb Code   268  main.o(.text)
    UART3_DMA_RX                             0x080014e9   Thumb Code   316  main.o(.text)
    UART4_DMA_RX                             0x08001625   Thumb Code   266  main.o(.text)
    UART5_DMA_TX                             0x0800172f   Thumb Code   298  main.o(.text)
    ngat_ngoai                               0x08001859   Thumb Code   104  main.o(.text)
    SEND_UART                                0x080018c1   Thumb Code   106  main.o(.text)
    RESET_ENCODER                            0x0800192b   Thumb Code    26  main.o(.text)
    run_read_gyro_uart1                      0x08001945   Thumb Code    40  main.o(.text)
    resetIMU                                 0x0800196d   Thumb Code    20  main.o(.text)
    run_read_gyro_uart3                      0x08001981   Thumb Code    88  main.o(.text)
    HMI_TRAN                                 0x080019d9   Thumb Code  1700  main.o(.text)
    DATA_SPEED_RUN_LOOP                      0x0800207d   Thumb Code     8  main.o(.text)
    HMI_RUN_LOOP                             0x08002085   Thumb Code    28  main.o(.text)
    SPIxmit                                  0x080020a1   Thumb Code   100  main.o(.text)
    gp_update_btn                            0x08002105   Thumb Code   106  main.o(.text)
    gp_get_mode                              0x0800216f   Thumb Code    58  main.o(.text)
    get_Gamepad_Bluetouch                    0x080021a9   Thumb Code    68  main.o(.text)
    fixError_Gamepad_Bluetouch               0x080021ed   Thumb Code    50  main.o(.text)
    gp_get_mode_uart                         0x0800221f   Thumb Code     6  main.o(.text)
    wantExit                                 0x08002225   Thumb Code    16  main.o(.text)
    wantExit_UP                              0x08002235   Thumb Code    16  main.o(.text)
    setMotor                                 0x08002245   Thumb Code    92  main.o(.text)
    setAllMotor                              0x080022a1   Thumb Code    12  main.o(.text)
    robotLock                                0x080022ad   Thumb Code    10  main.o(.text)
    robotIsStop                              0x080022b7   Thumb Code    30  main.o(.text)
    robotIsRun                               0x080022d5   Thumb Code    20  main.o(.text)
    robotResetIMU                            0x080022e9   Thumb Code     4  main.o(.text)
    robotAngle                               0x080022ed   Thumb Code    12  main.o(.text)
    roundF                                   0x080022f9   Thumb Code    38  main.o(.text)
    fixMotorValue                            0x0800231f   Thumb Code   326  main.o(.text)
    absF                                     0x08002465   Thumb Code    16  main.o(.text)
    absI                                     0x08002475   Thumb Code     8  main.o(.text)
    giaToc                                   0x0800247d   Thumb Code    40  main.o(.text)
    maxF3                                    0x080024a5   Thumb Code    94  main.o(.text)
    robotSpeed                               0x08002503   Thumb Code     8  main.o(.text)
    robotFixAngle                            0x0800250b   Thumb Code     8  main.o(.text)
    calculateMotor                           0x08002513   Thumb Code   426  main.o(.text)
    robotStop                                0x080026bd   Thumb Code    50  main.o(.text)
    robotRotateStop                          0x080026ef   Thumb Code    50  main.o(.text)
    robotSetACC                              0x08002721   Thumb Code    12  main.o(.text)
    robotCurve                               0x0800272d   Thumb Code    62  main.o(.text)
    robotRotate                              0x0800276b   Thumb Code   114  main.o(.text)
    robotRotateFree                          0x080027dd   Thumb Code     8  main.o(.text)
    robotRun                                 0x080027e5   Thumb Code     6  main.o(.text)
    robotRunAngle                            0x080027eb   Thumb Code   246  main.o(.text)
    robotAngleAnalytics                      0x080028e1   Thumb Code   108  main.o(.text)
    robotDirectionAnalytics                  0x0800294d   Thumb Code   396  main.o(.text)
    ac_Stop                                  0x08002ad9   Thumb Code    70  main.o(.text)
    ac_SpeedACC                              0x08002b1f   Thumb Code    24  main.o(.text)
    robotAnalytics                           0x08002b37   Thumb Code   162  main.o(.text)
    robotGamePadControl                      0x08002bd9   Thumb Code   400  main.o(.text)
    ADCValue_Control                         0x08002d69   Thumb Code   110  main.o(.text)
    test_xl                                  0x08002dd7   Thumb Code   132  main.o(.text)
    testtaygap                               0x08002e5b   Thumb Code     2  main.o(.text)
    testbanhxe                               0x08002e5d   Thumb Code    48  main.o(.text)
    dieuKhienCoCau                           0x08002e8d   Thumb Code    44  main.o(.text)
    bam_thanh_laze_ngang                     0x08002eb9   Thumb Code   186  main.o(.text)
    bam_thanh_laze_doc                       0x08002f73   Thumb Code    76  main.o(.text)
    USART_SendSTRING                         0x08002fbf   Thumb Code    24  main.o(.text)
    hah                                      0x08002fd7   Thumb Code     2  main.o(.text)
    reset_all                                0x08002fd9   Thumb Code    20  main.o(.text)
    laze_chay_silo                           0x08002fed   Thumb Code    58  main.o(.text)
    tha_bong                                 0x08003027   Thumb Code    48  main.o(.text)
    bat_cam                                  0x08003057   Thumb Code   142  main.o(.text)
    di_chuyen_ve                             0x080030e5   Thumb Code   324  main.o(.text)
    kiem_tra_cap_thanh                       0x08003229   Thumb Code   152  main.o(.text)
    duong_di_silo                            0x080032c1   Thumb Code   676  main.o(.text)
    di_chuyen                                0x08003565   Thumb Code   358  main.o(.text)
    nhan_bong_trong_silo                     0x080036cb   Thumb Code   118  main.o(.text)
    kiem_tra_di_chuyen                       0x08003741   Thumb Code   284  main.o(.text)
    di_chuyen_len_1                          0x0800385d   Thumb Code    18  main.o(.text)
    di_chuyen_len_2                          0x0800386f   Thumb Code    18  main.o(.text)
    di_chuyen_len_3                          0x08003881   Thumb Code    18  main.o(.text)
    di_chuyen_len_4                          0x08003893   Thumb Code    18  main.o(.text)
    di_chuyen_len_5                          0x080038a5   Thumb Code    18  main.o(.text)
    do_bong_trong_Analytics                  0x080038b7   Thumb Code   178  main.o(.text)
    kiem_tra_dung_tuong_trong_Analystics     0x08003969   Thumb Code   164  main.o(.text)
    do_bong                                  0x08003a0d   Thumb Code   752  main.o(.text)
    XuatPhat                                 0x08003cfd   Thumb Code  1198  main.o(.text)
    di_chuyen_len_bo_bong_thu_3              0x080041ab   Thumb Code    96  main.o(.text)
    di_chuyen_len                            0x0800420b   Thumb Code   174  main.o(.text)
    quy_trinh_lua_bong_up_silo               0x080042b9   Thumb Code   154  main.o(.text)
    XuatPhatRetry                            0x08004353   Thumb Code   840  main.o(.text)
    retry                                    0x0800469b   Thumb Code    78  main.o(.text)
    THI                                      0x080046e9   Thumb Code   160  main.o(.text)
    bai1                                     0x08004789   Thumb Code   124  main.o(.text)
    bai2                                     0x08004805   Thumb Code   216  main.o(.text)
    test                                     0x080048dd   Thumb Code     4  main.o(.text)
    dung_ct                                  0x080048e1   Thumb Code    38  main.o(.text)
    main                                     0x08004a9b   Thumb Code    58  main.o(.text)
    SystemInit                               0x08004b97   Thumb Code    62  system_stm32f4xx.o(.text)
    SystemCoreClockUpdate                    0x08004bd5   Thumb Code   108  system_stm32f4xx.o(.text)
    Reset_Handler                            0x08004c65   Thumb Code     8  startup_stm32f4xx.o(.text)
    ADC_IRQHandler                           0x08004c7f   Thumb Code     0  startup_stm32f4xx.o(.text)
    CAN1_RX0_IRQHandler                      0x08004c7f   Thumb Code     0  startup_stm32f4xx.o(.text)
    CAN1_RX1_IRQHandler                      0x08004c7f   Thumb Code     0  startup_stm32f4xx.o(.text)
    CAN1_SCE_IRQHandler                      0x08004c7f   Thumb Code     0  startup_stm32f4xx.o(.text)
    CAN1_TX_IRQHandler                       0x08004c7f   Thumb Code     0  startup_stm32f4xx.o(.text)
    CAN2_RX0_IRQHandler                      0x08004c7f   Thumb Code     0  startup_stm32f4xx.o(.text)
    CAN2_RX1_IRQHandler                      0x08004c7f   Thumb Code     0  startup_stm32f4xx.o(.text)
    CAN2_SCE_IRQHandler                      0x08004c7f   Thumb Code     0  startup_stm32f4xx.o(.text)
    CAN2_TX_IRQHandler                       0x08004c7f   Thumb Code     0  startup_stm32f4xx.o(.text)
    CRYP_IRQHandler                          0x08004c7f   Thumb Code     0  startup_stm32f4xx.o(.text)
    DCMI_IRQHandler                          0x08004c7f   Thumb Code     0  startup_stm32f4xx.o(.text)
    DMA1_Stream3_IRQHandler                  0x08004c7f   Thumb Code     0  startup_stm32f4xx.o(.text)
    DMA1_Stream5_IRQHandler                  0x08004c7f   Thumb Code     0  startup_stm32f4xx.o(.text)
    DMA2_Stream0_IRQHandler                  0x08004c7f   Thumb Code     0  startup_stm32f4xx.o(.text)
    DMA2_Stream1_IRQHandler                  0x08004c7f   Thumb Code     0  startup_stm32f4xx.o(.text)
    DMA2_Stream3_IRQHandler                  0x08004c7f   Thumb Code     0  startup_stm32f4xx.o(.text)
    DMA2_Stream4_IRQHandler                  0x08004c7f   Thumb Code     0  startup_stm32f4xx.o(.text)
    DMA2_Stream6_IRQHandler                  0x08004c7f   Thumb Code     0  startup_stm32f4xx.o(.text)
    DMA2_Stream7_IRQHandler                  0x08004c7f   Thumb Code     0  startup_stm32f4xx.o(.text)
    ETH_IRQHandler                           0x08004c7f   Thumb Code     0  startup_stm32f4xx.o(.text)
    ETH_WKUP_IRQHandler                      0x08004c7f   Thumb Code     0  startup_stm32f4xx.o(.text)
    EXTI0_IRQHandler                         0x08004c7f   Thumb Code     0  startup_stm32f4xx.o(.text)
    EXTI15_10_IRQHandler                     0x08004c7f   Thumb Code     0  startup_stm32f4xx.o(.text)
    EXTI1_IRQHandler                         0x08004c7f   Thumb Code     0  startup_stm32f4xx.o(.text)
    EXTI4_IRQHandler                         0x08004c7f   Thumb Code     0  startup_stm32f4xx.o(.text)
    EXTI9_5_IRQHandler                       0x08004c7f   Thumb Code     0  startup_stm32f4xx.o(.text)
    FLASH_IRQHandler                         0x08004c7f   Thumb Code     0  startup_stm32f4xx.o(.text)
    FPU_IRQHandler                           0x08004c7f   Thumb Code     0  startup_stm32f4xx.o(.text)
    FSMC_IRQHandler                          0x08004c7f   Thumb Code     0  startup_stm32f4xx.o(.text)
    HASH_RNG_IRQHandler                      0x08004c7f   Thumb Code     0  startup_stm32f4xx.o(.text)
    I2C1_ER_IRQHandler                       0x08004c7f   Thumb Code     0  startup_stm32f4xx.o(.text)
    I2C1_EV_IRQHandler                       0x08004c7f   Thumb Code     0  startup_stm32f4xx.o(.text)
    I2C2_ER_IRQHandler                       0x08004c7f   Thumb Code     0  startup_stm32f4xx.o(.text)
    I2C2_EV_IRQHandler                       0x08004c7f   Thumb Code     0  startup_stm32f4xx.o(.text)
    I2C3_ER_IRQHandler                       0x08004c7f   Thumb Code     0  startup_stm32f4xx.o(.text)
    I2C3_EV_IRQHandler                       0x08004c7f   Thumb Code     0  startup_stm32f4xx.o(.text)
    OTG_FS_IRQHandler                        0x08004c7f   Thumb Code     0  startup_stm32f4xx.o(.text)
    OTG_FS_WKUP_IRQHandler                   0x08004c7f   Thumb Code     0  startup_stm32f4xx.o(.text)
    OTG_HS_EP1_IN_IRQHandler                 0x08004c7f   Thumb Code     0  startup_stm32f4xx.o(.text)
    OTG_HS_EP1_OUT_IRQHandler                0x08004c7f   Thumb Code     0  startup_stm32f4xx.o(.text)
    OTG_HS_IRQHandler                        0x08004c7f   Thumb Code     0  startup_stm32f4xx.o(.text)
    OTG_HS_WKUP_IRQHandler                   0x08004c7f   Thumb Code     0  startup_stm32f4xx.o(.text)
    PVD_IRQHandler                           0x08004c7f   Thumb Code     0  startup_stm32f4xx.o(.text)
    RCC_IRQHandler                           0x08004c7f   Thumb Code     0  startup_stm32f4xx.o(.text)
    RTC_Alarm_IRQHandler                     0x08004c7f   Thumb Code     0  startup_stm32f4xx.o(.text)
    RTC_WKUP_IRQHandler                      0x08004c7f   Thumb Code     0  startup_stm32f4xx.o(.text)
    SDIO_IRQHandler                          0x08004c7f   Thumb Code     0  startup_stm32f4xx.o(.text)
    SPI2_IRQHandler                          0x08004c7f   Thumb Code     0  startup_stm32f4xx.o(.text)
    TAMP_STAMP_IRQHandler                    0x08004c7f   Thumb Code     0  startup_stm32f4xx.o(.text)
    TIM1_BRK_TIM9_IRQHandler                 0x08004c7f   Thumb Code     0  startup_stm32f4xx.o(.text)
    TIM1_CC_IRQHandler                       0x08004c7f   Thumb Code     0  startup_stm32f4xx.o(.text)
    TIM8_BRK_TIM12_IRQHandler                0x08004c7f   Thumb Code     0  startup_stm32f4xx.o(.text)
    TIM8_CC_IRQHandler                       0x08004c7f   Thumb Code     0  startup_stm32f4xx.o(.text)
    TIM8_TRG_COM_TIM14_IRQHandler            0x08004c7f   Thumb Code     0  startup_stm32f4xx.o(.text)
    TIM8_UP_TIM13_IRQHandler                 0x08004c7f   Thumb Code     0  startup_stm32f4xx.o(.text)
    UART4_IRQHandler                         0x08004c7f   Thumb Code     0  startup_stm32f4xx.o(.text)
    UART5_IRQHandler                         0x08004c7f   Thumb Code     0  startup_stm32f4xx.o(.text)
    USART2_IRQHandler                        0x08004c7f   Thumb Code     0  startup_stm32f4xx.o(.text)
    USART3_IRQHandler                        0x08004c7f   Thumb Code     0  startup_stm32f4xx.o(.text)
    USART6_IRQHandler                        0x08004c7f   Thumb Code     0  startup_stm32f4xx.o(.text)
    WWDG_IRQHandler                          0x08004c7f   Thumb Code     0  startup_stm32f4xx.o(.text)
    NVIC_PriorityGroupConfig                 0x08004c89   Thumb Code    10  misc.o(.text)
    NVIC_Init                                0x08004c93   Thumb Code    96  misc.o(.text)
    NVIC_SetVectorTable                      0x08004cf3   Thumb Code    14  misc.o(.text)
    NVIC_SystemLPConfig                      0x08004d01   Thumb Code    20  misc.o(.text)
    SysTick_CLKSourceConfig                  0x08004d15   Thumb Code    24  misc.o(.text)
    GPIO_DeInit                              0x08004d39   Thumb Code   192  stm32f4xx_gpio.o(.text)
    GPIO_Init                                0x08004df9   Thumb Code   162  stm32f4xx_gpio.o(.text)
    GPIO_StructInit                          0x08004e9b   Thumb Code    18  stm32f4xx_gpio.o(.text)
    GPIO_PinLockConfig                       0x08004ead   Thumb Code    24  stm32f4xx_gpio.o(.text)
    GPIO_ReadInputDataBit                    0x08004ec5   Thumb Code    14  stm32f4xx_gpio.o(.text)
    GPIO_ReadInputData                       0x08004ed3   Thumb Code     6  stm32f4xx_gpio.o(.text)
    GPIO_ReadOutputDataBit                   0x08004ed9   Thumb Code    14  stm32f4xx_gpio.o(.text)
    GPIO_ReadOutputData                      0x08004ee7   Thumb Code     6  stm32f4xx_gpio.o(.text)
    GPIO_SetBits                             0x08004eed   Thumb Code     4  stm32f4xx_gpio.o(.text)
    GPIO_ResetBits                           0x08004ef1   Thumb Code     4  stm32f4xx_gpio.o(.text)
    GPIO_WriteBit                            0x08004ef5   Thumb Code    10  stm32f4xx_gpio.o(.text)
    GPIO_Write                               0x08004eff   Thumb Code     4  stm32f4xx_gpio.o(.text)
    GPIO_ToggleBits                          0x08004f03   Thumb Code     8  stm32f4xx_gpio.o(.text)
    GPIO_PinAFConfig                         0x08004f0b   Thumb Code    32  stm32f4xx_gpio.o(.text)
    RCC_DeInit                               0x08004f51   Thumb Code    48  stm32f4xx_rcc.o(.text)
    RCC_HSEConfig                            0x08004f81   Thumb Code    12  stm32f4xx_rcc.o(.text)
    RCC_GetFlagStatus                        0x08004f8d   Thumb Code    46  stm32f4xx_rcc.o(.text)
    RCC_WaitForHSEStartUp                    0x08004fbb   Thumb Code    44  stm32f4xx_rcc.o(.text)
    RCC_AdjustHSICalibrationValue            0x08004fe7   Thumb Code    16  stm32f4xx_rcc.o(.text)
    RCC_HSICmd                               0x08004ff7   Thumb Code     6  stm32f4xx_rcc.o(.text)
    RCC_LSEConfig                            0x08004ffd   Thumb Code    24  stm32f4xx_rcc.o(.text)
    RCC_LSICmd                               0x08005015   Thumb Code     6  stm32f4xx_rcc.o(.text)
    RCC_PLLConfig                            0x0800501b   Thumb Code    32  stm32f4xx_rcc.o(.text)
    RCC_PLLCmd                               0x0800503b   Thumb Code     6  stm32f4xx_rcc.o(.text)
    RCC_PLLI2SConfig                         0x08005041   Thumb Code    14  stm32f4xx_rcc.o(.text)
    RCC_PLLI2SCmd                            0x0800504f   Thumb Code     6  stm32f4xx_rcc.o(.text)
    RCC_ClockSecuritySystemCmd               0x08005055   Thumb Code     6  stm32f4xx_rcc.o(.text)
    RCC_MCO1Config                           0x0800505b   Thumb Code    18  stm32f4xx_rcc.o(.text)
    RCC_MCO2Config                           0x0800506d   Thumb Code    18  stm32f4xx_rcc.o(.text)
    RCC_SYSCLKConfig                         0x0800507f   Thumb Code    16  stm32f4xx_rcc.o(.text)
    RCC_GetSYSCLKSource                      0x0800508f   Thumb Code    12  stm32f4xx_rcc.o(.text)
    RCC_HCLKConfig                           0x0800509b   Thumb Code    16  stm32f4xx_rcc.o(.text)
    RCC_PCLK1Config                          0x080050ab   Thumb Code    16  stm32f4xx_rcc.o(.text)
    RCC_PCLK2Config                          0x080050bb   Thumb Code    18  stm32f4xx_rcc.o(.text)
    RCC_GetClocksFreq                        0x080050cd   Thumb Code   134  stm32f4xx_rcc.o(.text)
    RCC_RTCCLKConfig                         0x08005153   Thumb Code    42  stm32f4xx_rcc.o(.text)
    RCC_RTCCLKCmd                            0x0800517d   Thumb Code     8  stm32f4xx_rcc.o(.text)
    RCC_BackupResetCmd                       0x08005185   Thumb Code     8  stm32f4xx_rcc.o(.text)
    RCC_I2SCLKConfig                         0x0800518d   Thumb Code     8  stm32f4xx_rcc.o(.text)
    RCC_AHB1PeriphClockCmd                   0x08005195   Thumb Code    20  stm32f4xx_rcc.o(.text)
    RCC_AHB2PeriphClockCmd                   0x080051a9   Thumb Code    20  stm32f4xx_rcc.o(.text)
    RCC_AHB3PeriphClockCmd                   0x080051bd   Thumb Code    20  stm32f4xx_rcc.o(.text)
    RCC_APB1PeriphClockCmd                   0x080051d1   Thumb Code    20  stm32f4xx_rcc.o(.text)
    RCC_APB2PeriphClockCmd                   0x080051e5   Thumb Code    20  stm32f4xx_rcc.o(.text)
    RCC_AHB1PeriphResetCmd                   0x080051f9   Thumb Code    20  stm32f4xx_rcc.o(.text)
    RCC_AHB2PeriphResetCmd                   0x0800520d   Thumb Code    20  stm32f4xx_rcc.o(.text)
    RCC_AHB3PeriphResetCmd                   0x08005221   Thumb Code    20  stm32f4xx_rcc.o(.text)
    RCC_APB1PeriphResetCmd                   0x08005235   Thumb Code    20  stm32f4xx_rcc.o(.text)
    RCC_APB2PeriphResetCmd                   0x08005249   Thumb Code    20  stm32f4xx_rcc.o(.text)
    RCC_AHB1PeriphClockLPModeCmd             0x0800525d   Thumb Code    20  stm32f4xx_rcc.o(.text)
    RCC_AHB2PeriphClockLPModeCmd             0x08005271   Thumb Code    20  stm32f4xx_rcc.o(.text)
    RCC_AHB3PeriphClockLPModeCmd             0x08005285   Thumb Code    20  stm32f4xx_rcc.o(.text)
    RCC_APB1PeriphClockLPModeCmd             0x08005299   Thumb Code    20  stm32f4xx_rcc.o(.text)
    RCC_APB2PeriphClockLPModeCmd             0x080052ad   Thumb Code    20  stm32f4xx_rcc.o(.text)
    RCC_ITConfig                             0x080052c1   Thumb Code    20  stm32f4xx_rcc.o(.text)
    RCC_ClearFlag                            0x080052d5   Thumb Code    14  stm32f4xx_rcc.o(.text)
    RCC_GetITStatus                          0x080052e3   Thumb Code    18  stm32f4xx_rcc.o(.text)
    RCC_ClearITPendingBit                    0x080052f5   Thumb Code     8  stm32f4xx_rcc.o(.text)
    ADC_DeInit                               0x08005321   Thumb Code    24  stm32f4xx_adc.o(.text)
    ADC_Init                                 0x08005339   Thumb Code    66  stm32f4xx_adc.o(.text)
    ADC_StructInit                           0x0800537b   Thumb Code    20  stm32f4xx_adc.o(.text)
    ADC_CommonInit                           0x0800538f   Thumb Code    34  stm32f4xx_adc.o(.text)
    ADC_CommonStructInit                     0x080053b1   Thumb Code    12  stm32f4xx_adc.o(.text)
    ADC_Cmd                                  0x080053bd   Thumb Code    20  stm32f4xx_adc.o(.text)
    ADC_AnalogWatchdogCmd                    0x080053d1   Thumb Code    12  stm32f4xx_adc.o(.text)
    ADC_AnalogWatchdogThresholdsConfig       0x080053dd   Thumb Code     6  stm32f4xx_adc.o(.text)
    ADC_AnalogWatchdogSingleChannelConfig    0x080053e3   Thumb Code    12  stm32f4xx_adc.o(.text)
    ADC_TempSensorVrefintCmd                 0x080053ef   Thumb Code    26  stm32f4xx_adc.o(.text)
    ADC_VBATCmd                              0x08005409   Thumb Code    26  stm32f4xx_adc.o(.text)
    ADC_RegularChannelConfig                 0x08005423   Thumb Code   116  stm32f4xx_adc.o(.text)
    ADC_SoftwareStartConv                    0x08005497   Thumb Code    10  stm32f4xx_adc.o(.text)
    ADC_GetSoftwareStartConvStatus           0x080054a1   Thumb Code    14  stm32f4xx_adc.o(.text)
    ADC_EOCOnEachRegularChannelCmd           0x080054af   Thumb Code    20  stm32f4xx_adc.o(.text)
    ADC_ContinuousModeCmd                    0x080054c3   Thumb Code    20  stm32f4xx_adc.o(.text)
    ADC_DiscModeChannelCountConfig           0x080054d7   Thumb Code    16  stm32f4xx_adc.o(.text)
    ADC_DiscModeCmd                          0x080054e7   Thumb Code    20  stm32f4xx_adc.o(.text)
    ADC_GetConversionValue                   0x080054fb   Thumb Code     6  stm32f4xx_adc.o(.text)
    ADC_GetMultiModeConversionValue          0x08005501   Thumb Code     8  stm32f4xx_adc.o(.text)
    ADC_DMACmd                               0x08005509   Thumb Code    20  stm32f4xx_adc.o(.text)
    ADC_DMARequestAfterLastTransferCmd       0x0800551d   Thumb Code    20  stm32f4xx_adc.o(.text)
    ADC_MultiModeDMARequestAfterLastTransferCmd 0x08005531   Thumb Code    26  stm32f4xx_adc.o(.text)
    ADC_InjectedChannelConfig                0x0800554b   Thumb Code    74  stm32f4xx_adc.o(.text)
    ADC_InjectedSequencerLengthConfig        0x08005595   Thumb Code    16  stm32f4xx_adc.o(.text)
    ADC_SetInjectedOffset                    0x080055a5   Thumb Code    10  stm32f4xx_adc.o(.text)
    ADC_ExternalTrigInjectedConvConfig       0x080055af   Thumb Code    12  stm32f4xx_adc.o(.text)
    ADC_ExternalTrigInjectedConvEdgeConfig   0x080055bb   Thumb Code    12  stm32f4xx_adc.o(.text)
    ADC_SoftwareStartInjectedConv            0x080055c7   Thumb Code    10  stm32f4xx_adc.o(.text)
    ADC_GetSoftwareStartInjectedConvCmdStatus 0x080055d1   Thumb Code    14  stm32f4xx_adc.o(.text)
    ADC_AutoInjectedConvCmd                  0x080055df   Thumb Code    20  stm32f4xx_adc.o(.text)
    ADC_InjectedDiscModeCmd                  0x080055f3   Thumb Code    20  stm32f4xx_adc.o(.text)
    ADC_GetInjectedConversionValue           0x08005607   Thumb Code    14  stm32f4xx_adc.o(.text)
    ADC_ITConfig                             0x08005615   Thumb Code    18  stm32f4xx_adc.o(.text)
    ADC_GetFlagStatus                        0x08005627   Thumb Code    14  stm32f4xx_adc.o(.text)
    ADC_ClearFlag                            0x08005635   Thumb Code     6  stm32f4xx_adc.o(.text)
    ADC_GetITStatus                          0x0800563b   Thumb Code    30  stm32f4xx_adc.o(.text)
    ADC_ClearITPendingBit                    0x08005659   Thumb Code     8  stm32f4xx_adc.o(.text)
    DMA_DeInit                               0x08005675   Thumb Code   272  stm32f4xx_dma.o(.text)
    DMA_Init                                 0x08005785   Thumb Code    80  stm32f4xx_dma.o(.text)
    DMA_StructInit                           0x080057d5   Thumb Code    34  stm32f4xx_dma.o(.text)
    DMA_Cmd                                  0x080057f7   Thumb Code    20  stm32f4xx_dma.o(.text)
    DMA_PeriphIncOffsetSizeConfig            0x0800580b   Thumb Code    20  stm32f4xx_dma.o(.text)
    DMA_FlowControllerConfig                 0x0800581f   Thumb Code    20  stm32f4xx_dma.o(.text)
    DMA_SetCurrDataCounter                   0x08005833   Thumb Code     4  stm32f4xx_dma.o(.text)
    DMA_GetCurrDataCounter                   0x08005837   Thumb Code     6  stm32f4xx_dma.o(.text)
    DMA_DoubleBufferModeConfig               0x0800583d   Thumb Code    22  stm32f4xx_dma.o(.text)
    DMA_DoubleBufferModeCmd                  0x08005853   Thumb Code    20  stm32f4xx_dma.o(.text)
    DMA_MemoryTargetConfig                   0x08005867   Thumb Code    10  stm32f4xx_dma.o(.text)
    DMA_GetCurrentMemoryTarget               0x08005871   Thumb Code    14  stm32f4xx_dma.o(.text)
    DMA_GetCmdStatus                         0x0800587f   Thumb Code    14  stm32f4xx_dma.o(.text)
    DMA_GetFIFOStatus                        0x0800588d   Thumb Code     8  stm32f4xx_dma.o(.text)
    DMA_GetFlagStatus                        0x08005895   Thumb Code    42  stm32f4xx_dma.o(.text)
    DMA_ClearFlag                            0x080058bf   Thumb Code    34  stm32f4xx_dma.o(.text)
    DMA_ITConfig                             0x080058e1   Thumb Code    44  stm32f4xx_dma.o(.text)
    DMA_GetITStatus                          0x0800590d   Thumb Code    70  stm32f4xx_dma.o(.text)
    DMA_ClearITPendingBit                    0x08005953   Thumb Code    34  stm32f4xx_dma.o(.text)
    EXTI_DeInit                              0x08005995   Thumb Code    28  stm32f4xx_exti.o(.text)
    EXTI_Init                                0x080059b1   Thumb Code   108  stm32f4xx_exti.o(.text)
    EXTI_StructInit                          0x08005a1d   Thumb Code    14  stm32f4xx_exti.o(.text)
    EXTI_GenerateSWInterrupt                 0x08005a2b   Thumb Code    12  stm32f4xx_exti.o(.text)
    EXTI_GetFlagStatus                       0x08005a37   Thumb Code    18  stm32f4xx_exti.o(.text)
    EXTI_ClearFlag                           0x08005a49   Thumb Code     8  stm32f4xx_exti.o(.text)
    EXTI_GetITStatus                         0x08005a51   Thumb Code    28  stm32f4xx_exti.o(.text)
    EXTI_ClearITPendingBit                   0x08005a6d   Thumb Code     8  stm32f4xx_exti.o(.text)
    TIM_DeInit                               0x08005a7d   Thumb Code   284  stm32f4xx_tim.o(.text)
    TIM_TimeBaseInit                         0x08005b99   Thumb Code    96  stm32f4xx_tim.o(.text)
    TIM_TimeBaseStructInit                   0x08005bf9   Thumb Code    18  stm32f4xx_tim.o(.text)
    TIM_PrescalerConfig                      0x08005c0b   Thumb Code     6  stm32f4xx_tim.o(.text)
    TIM_CounterModeConfig                    0x08005c11   Thumb Code    12  stm32f4xx_tim.o(.text)
    TIM_SetCounter                           0x08005c1d   Thumb Code     4  stm32f4xx_tim.o(.text)
    TIM_SetAutoreload                        0x08005c21   Thumb Code     4  stm32f4xx_tim.o(.text)
    TIM_GetCounter                           0x08005c25   Thumb Code     4  stm32f4xx_tim.o(.text)
    TIM_GetPrescaler                         0x08005c29   Thumb Code     4  stm32f4xx_tim.o(.text)
    TIM_UpdateDisableConfig                  0x08005c2d   Thumb Code    20  stm32f4xx_tim.o(.text)
    TIM_UpdateRequestConfig                  0x08005c41   Thumb Code    20  stm32f4xx_tim.o(.text)
    TIM_ARRPreloadConfig                     0x08005c55   Thumb Code    20  stm32f4xx_tim.o(.text)
    TIM_SelectOnePulseMode                   0x08005c69   Thumb Code    16  stm32f4xx_tim.o(.text)
    TIM_SetClockDivision                     0x08005c79   Thumb Code    16  stm32f4xx_tim.o(.text)
    TIM_Cmd                                  0x08005c89   Thumb Code    20  stm32f4xx_tim.o(.text)
    TIM_OC1Init                              0x08005c9d   Thumb Code    88  stm32f4xx_tim.o(.text)
    TIM_OC2Init                              0x08005cf5   Thumb Code   120  stm32f4xx_tim.o(.text)
    TIM_OC3Init                              0x08005d6d   Thumb Code   116  stm32f4xx_tim.o(.text)
    TIM_OC4Init                              0x08005de1   Thumb Code    88  stm32f4xx_tim.o(.text)
    TIM_OCStructInit                         0x08005e39   Thumb Code    20  stm32f4xx_tim.o(.text)
    TIM_SelectOCxM                           0x08005e4d   Thumb Code   130  stm32f4xx_tim.o(.text)
    TIM_SetCompare1                          0x08005ecf   Thumb Code     4  stm32f4xx_tim.o(.text)
    TIM_SetCompare2                          0x08005ed3   Thumb Code     4  stm32f4xx_tim.o(.text)
    TIM_SetCompare3                          0x08005ed7   Thumb Code     4  stm32f4xx_tim.o(.text)
    TIM_SetCompare4                          0x08005edb   Thumb Code     4  stm32f4xx_tim.o(.text)
    TIM_ForcedOC1Config                      0x08005edf   Thumb Code    12  stm32f4xx_tim.o(.text)
    TIM_ForcedOC2Config                      0x08005eeb   Thumb Code    20  stm32f4xx_tim.o(.text)
    TIM_ForcedOC3Config                      0x08005eff   Thumb Code    12  stm32f4xx_tim.o(.text)
    TIM_ForcedOC4Config                      0x08005f0b   Thumb Code    20  stm32f4xx_tim.o(.text)
    TIM_OC1PreloadConfig                     0x08005f1f   Thumb Code    12  stm32f4xx_tim.o(.text)
    TIM_OC2PreloadConfig                     0x08005f2b   Thumb Code    20  stm32f4xx_tim.o(.text)
    TIM_OC3PreloadConfig                     0x08005f3f   Thumb Code    12  stm32f4xx_tim.o(.text)
    TIM_OC4PreloadConfig                     0x08005f4b   Thumb Code    20  stm32f4xx_tim.o(.text)
    TIM_OC1FastConfig                        0x08005f5f   Thumb Code    12  stm32f4xx_tim.o(.text)
    TIM_OC2FastConfig                        0x08005f6b   Thumb Code    20  stm32f4xx_tim.o(.text)
    TIM_OC3FastConfig                        0x08005f7f   Thumb Code    12  stm32f4xx_tim.o(.text)
    TIM_OC4FastConfig                        0x08005f8b   Thumb Code    20  stm32f4xx_tim.o(.text)
    TIM_ClearOC1Ref                          0x08005f9f   Thumb Code    12  stm32f4xx_tim.o(.text)
    TIM_ClearOC2Ref                          0x08005fab   Thumb Code    20  stm32f4xx_tim.o(.text)
    TIM_ClearOC3Ref                          0x08005fbf   Thumb Code    12  stm32f4xx_tim.o(.text)
    TIM_ClearOC4Ref                          0x08005fcb   Thumb Code    20  stm32f4xx_tim.o(.text)
    TIM_OC1PolarityConfig                    0x08005fdf   Thumb Code    12  stm32f4xx_tim.o(.text)
    TIM_OC1NPolarityConfig                   0x08005feb   Thumb Code    12  stm32f4xx_tim.o(.text)
    TIM_OC2PolarityConfig                    0x08005ff7   Thumb Code    20  stm32f4xx_tim.o(.text)
    TIM_OC2NPolarityConfig                   0x0800600b   Thumb Code    20  stm32f4xx_tim.o(.text)
    TIM_OC3PolarityConfig                    0x0800601f   Thumb Code    20  stm32f4xx_tim.o(.text)
    TIM_OC3NPolarityConfig                   0x08006033   Thumb Code    20  stm32f4xx_tim.o(.text)
    TIM_OC4PolarityConfig                    0x08006047   Thumb Code    20  stm32f4xx_tim.o(.text)
    TIM_CCxCmd                               0x0800605b   Thumb Code    22  stm32f4xx_tim.o(.text)
    TIM_CCxNCmd                              0x08006071   Thumb Code    22  stm32f4xx_tim.o(.text)
    TIM_SetIC4Prescaler                      0x08006087   Thumb Code    24  stm32f4xx_tim.o(.text)
    TIM_SetIC3Prescaler                      0x0800609f   Thumb Code    16  stm32f4xx_tim.o(.text)
    TIM_SetIC2Prescaler                      0x080060af   Thumb Code    24  stm32f4xx_tim.o(.text)
    TIM_SetIC1Prescaler                      0x080060fd   Thumb Code    16  stm32f4xx_tim.o(.text)
    TIM_ICInit                               0x0800610d   Thumb Code   164  stm32f4xx_tim.o(.text)
    TIM_ICStructInit                         0x080061b1   Thumb Code    16  stm32f4xx_tim.o(.text)
    TIM_PWMIConfig                           0x080061c1   Thumb Code   104  stm32f4xx_tim.o(.text)
    TIM_GetCapture1                          0x08006229   Thumb Code     4  stm32f4xx_tim.o(.text)
    TIM_GetCapture2                          0x0800622d   Thumb Code     4  stm32f4xx_tim.o(.text)
    TIM_GetCapture3                          0x08006231   Thumb Code     4  stm32f4xx_tim.o(.text)
    TIM_GetCapture4                          0x08006235   Thumb Code     4  stm32f4xx_tim.o(.text)
    TIM_BDTRConfig                           0x08006239   Thumb Code    34  stm32f4xx_tim.o(.text)
    TIM_BDTRStructInit                       0x0800625b   Thumb Code    18  stm32f4xx_tim.o(.text)
    TIM_CtrlPWMOutputs                       0x0800626d   Thumb Code    22  stm32f4xx_tim.o(.text)
    TIM_SelectCOM                            0x08006283   Thumb Code    20  stm32f4xx_tim.o(.text)
    TIM_CCPreloadControl                     0x08006297   Thumb Code    20  stm32f4xx_tim.o(.text)
    TIM_ITConfig                             0x080062ab   Thumb Code    16  stm32f4xx_tim.o(.text)
    TIM_GenerateEvent                        0x080062bb   Thumb Code     4  stm32f4xx_tim.o(.text)
    TIM_GetFlagStatus                        0x080062bf   Thumb Code    14  stm32f4xx_tim.o(.text)
    TIM_ClearFlag                            0x080062cd   Thumb Code     6  stm32f4xx_tim.o(.text)
    TIM_GetITStatus                          0x080062d3   Thumb Code    24  stm32f4xx_tim.o(.text)
    TIM_ClearITPendingBit                    0x080062eb   Thumb Code     6  stm32f4xx_tim.o(.text)
    TIM_DMAConfig                            0x080062f1   Thumb Code     8  stm32f4xx_tim.o(.text)
    TIM_DMACmd                               0x080062f9   Thumb Code    16  stm32f4xx_tim.o(.text)
    TIM_SelectCCDMA                          0x08006309   Thumb Code    20  stm32f4xx_tim.o(.text)
    TIM_InternalClockConfig                  0x0800631d   Thumb Code    10  stm32f4xx_tim.o(.text)
    TIM_SelectInputTrigger                   0x08006327   Thumb Code    12  stm32f4xx_tim.o(.text)
    TIM_ITRxExternalClockConfig              0x08006333   Thumb Code    18  stm32f4xx_tim.o(.text)
    TIM_TIxExternalClockConfig               0x08006345   Thumb Code    46  stm32f4xx_tim.o(.text)
    TIM_ETRConfig                            0x08006373   Thumb Code    24  stm32f4xx_tim.o(.text)
    TIM_ETRClockMode1Config                  0x0800638b   Thumb Code    18  stm32f4xx_tim.o(.text)
    TIM_ETRClockMode2Config                  0x0800639d   Thumb Code    18  stm32f4xx_tim.o(.text)
    TIM_SelectOutputTrigger                  0x080063af   Thumb Code    16  stm32f4xx_tim.o(.text)
    TIM_SelectSlaveMode                      0x080063bf   Thumb Code    16  stm32f4xx_tim.o(.text)
    TIM_SelectMasterSlaveMode                0x080063cf   Thumb Code    16  stm32f4xx_tim.o(.text)
    TIM_EncoderInterfaceConfig               0x080063df   Thumb Code    50  stm32f4xx_tim.o(.text)
    TIM_SelectHallSensor                     0x08006411   Thumb Code    20  stm32f4xx_tim.o(.text)
    TIM_RemapConfig                          0x08006425   Thumb Code     6  stm32f4xx_tim.o(.text)
    USART_DeInit                             0x08006459   Thumb Code   114  stm32f4xx_usart.o(.text)
    USART_Init                               0x080064cb   Thumb Code   164  stm32f4xx_usart.o(.text)
    USART_StructInit                         0x0800656f   Thumb Code    22  stm32f4xx_usart.o(.text)
    USART_ClockInit                          0x08006585   Thumb Code    28  stm32f4xx_usart.o(.text)
    USART_ClockStructInit                    0x080065a1   Thumb Code    12  stm32f4xx_usart.o(.text)
    USART_Cmd                                0x080065ad   Thumb Code    20  stm32f4xx_usart.o(.text)
    USART_SetPrescaler                       0x080065c1   Thumb Code    16  stm32f4xx_usart.o(.text)
    USART_OverSampling8Cmd                   0x080065d1   Thumb Code    20  stm32f4xx_usart.o(.text)
    USART_OneBitMethodCmd                    0x080065e5   Thumb Code    20  stm32f4xx_usart.o(.text)
    USART_SendData                           0x080065f9   Thumb Code     8  stm32f4xx_usart.o(.text)
    USART_ReceiveData                        0x08006601   Thumb Code     8  stm32f4xx_usart.o(.text)
    USART_SetAddress                         0x08006609   Thumb Code    16  stm32f4xx_usart.o(.text)
    USART_ReceiverWakeUpCmd                  0x08006619   Thumb Code    20  stm32f4xx_usart.o(.text)
    USART_WakeUpConfig                       0x0800662d   Thumb Code    16  stm32f4xx_usart.o(.text)
    USART_LINBreakDetectLengthConfig         0x0800663d   Thumb Code    16  stm32f4xx_usart.o(.text)
    USART_LINCmd                             0x0800664d   Thumb Code    20  stm32f4xx_usart.o(.text)
    USART_SendBreak                          0x08006661   Thumb Code    10  stm32f4xx_usart.o(.text)
    USART_HalfDuplexCmd                      0x0800666b   Thumb Code    20  stm32f4xx_usart.o(.text)
    USART_SetGuardTime                       0x0800667f   Thumb Code    16  stm32f4xx_usart.o(.text)
    USART_SmartCardCmd                       0x0800668f   Thumb Code    20  stm32f4xx_usart.o(.text)
    USART_SmartCardNACKCmd                   0x080066a3   Thumb Code    20  stm32f4xx_usart.o(.text)
    USART_IrDAConfig                         0x080066b7   Thumb Code    16  stm32f4xx_usart.o(.text)
    USART_IrDACmd                            0x080066c7   Thumb Code    20  stm32f4xx_usart.o(.text)
    USART_DMACmd                             0x080066db   Thumb Code    16  stm32f4xx_usart.o(.text)
    USART_ITConfig                           0x080066eb   Thumb Code    48  stm32f4xx_usart.o(.text)
    USART_GetFlagStatus                      0x0800671b   Thumb Code    14  stm32f4xx_usart.o(.text)
    USART_ClearFlag                          0x08006729   Thumb Code     6  stm32f4xx_usart.o(.text)
    USART_GetITStatus                        0x0800672f   Thumb Code    62  stm32f4xx_usart.o(.text)
    USART_ClearITPendingBit                  0x0800676d   Thumb Code    12  stm32f4xx_usart.o(.text)
    SYSCFG_DeInit                            0x08006791   Thumb Code    24  stm32f4xx_syscfg.o(.text)
    SYSCFG_MemoryRemapConfig                 0x080067a9   Thumb Code     6  stm32f4xx_syscfg.o(.text)
    SYSCFG_EXTILineConfig                    0x080067af   Thumb Code    42  stm32f4xx_syscfg.o(.text)
    SYSCFG_ETH_MediaInterfaceConfig          0x080067d9   Thumb Code     8  stm32f4xx_syscfg.o(.text)
    SYSCFG_CompensationCellCmd               0x080067e1   Thumb Code     6  stm32f4xx_syscfg.o(.text)
    SYSCFG_GetCompensationCellStatus         0x080067e7   Thumb Code    16  stm32f4xx_syscfg.o(.text)
    vListInitialise                          0x08006809   Thumb Code    22  list.o(.text)
    vListInitialiseItem                      0x0800681f   Thumb Code     6  list.o(.text)
    vListInsertEnd                           0x08006825   Thumb Code    28  list.o(.text)
    vListInsert                              0x08006841   Thumb Code    48  list.o(.text)
    uxListRemove                             0x08006871   Thumb Code    38  list.o(.text)
    xQueueGenericReset                       0x08006899   Thumb Code    98  queue.o(.text)
    xQueueGenericCreate                      0x080068fb   Thumb Code    70  queue.o(.text)
    xQueueGenericSend                        0x080069ff   Thumb Code   232  queue.o(.text)
    xQueueCreateMutex                        0x08006ae7   Thumb Code    80  queue.o(.text)
    xQueueGiveMutexRecursive                 0x08006b37   Thumb Code    52  queue.o(.text)
    xQueueGenericReceive                     0x08006b93   Thumb Code   286  queue.o(.text)
    xQueueTakeMutexRecursive                 0x08006cb1   Thumb Code    58  queue.o(.text)
    xQueueCreateCountingSemaphore            0x08006ceb   Thumb Code    24  queue.o(.text)
    xQueueGenericSendFromISR                 0x08006d03   Thumb Code   114  queue.o(.text)
    xQueueReceiveFromISR                     0x08006d75   Thumb Code   112  queue.o(.text)
    uxQueueMessagesWaiting                   0x08006de5   Thumb Code    26  queue.o(.text)
    uxQueueMessagesWaitingFromISR            0x08006dff   Thumb Code    14  queue.o(.text)
    vQueueDelete                             0x08006e0d   Thumb Code    58  queue.o(.text)
    ucQueueGetQueueNumber                    0x08006e47   Thumb Code     6  queue.o(.text)
    vQueueSetQueueNumber                     0x08006e4d   Thumb Code     6  queue.o(.text)
    ucQueueGetQueueType                      0x08006e53   Thumb Code     6  queue.o(.text)
    xQueueIsQueueEmptyFromISR                0x08006e59   Thumb Code    22  queue.o(.text)
    xQueueIsQueueFullFromISR                 0x08006e6f   Thumb Code    26  queue.o(.text)
    vQueueAddToRegistry                      0x08006e89   Thumb Code    34  queue.o(.text)
    vQueueWaitForMessageRestricted           0x08006eab   Thumb Code    54  queue.o(.text)
    xTimerGenericCommand                     0x08006f19   Thumb Code    66  timers.o(.text)
    xTimerCreateTimerTask                    0x08006fd3   Thumb Code    50  timers.o(.text)
    xTimerCreate                             0x08007005   Thumb Code    62  timers.o(.text)
    xTimerIsTimerActive                      0x08007043   Thumb Code    26  timers.o(.text)
    pvTimerGetTimerID                        0x0800705d   Thumb Code     4  timers.o(.text)
    pxPortInitialiseStack                    0x080071fd   Thumb Code    34  port.o(.text)
    vPortSetupTimerInterrupt                 0x0800721f   Thumb Code    26  port.o(.text)
    xPortStartScheduler                      0x08007239   Thumb Code    52  port.o(.text)
    vPortEndScheduler                        0x0800726d   Thumb Code     2  port.o(.text)
    vPortYieldFromISR                        0x0800726f   Thumb Code    12  port.o(.text)
    vPortEnterCritical                       0x0800727b   Thumb Code    16  port.o(.text)
    vPortExitCritical                        0x0800728b   Thumb Code    16  port.o(.text)
    SysTick_Handler                          0x0800729b   Thumb Code    30  port.o(.text)
    pvPortMalloc                             0x080072c9   Thumb Code   170  heap_2.o(.text)
    vPortFree                                0x08007373   Thumb Code    56  heap_2.o(.text)
    xPortGetFreeHeapSize                     0x080073ab   Thumb Code     6  heap_2.o(.text)
    vPortInitialiseBlocks                    0x080073b1   Thumb Code     2  heap_2.o(.text)
    xTaskGenericCreate                       0x080073bd   Thumb Code   366  tasks.o(.text)
    vTaskDelete                              0x0800752b   Thumb Code    92  tasks.o(.text)
    vTaskIncrementTick                       0x08007587   Thumb Code   162  tasks.o(.text)
    xTaskResumeAll                           0x08007629   Thumb Code   172  tasks.o(.text)
    vTaskSuspendAll                          0x08007705   Thumb Code    10  tasks.o(.text)
    vTaskDelayUntil                          0x0800770f   Thumb Code    92  tasks.o(.text)
    vTaskDelay                               0x0800776b   Thumb Code    48  tasks.o(.text)
    uxTaskPriorityGet                        0x0800779b   Thumb Code    24  tasks.o(.text)
    vTaskPrioritySet                         0x080077b3   Thumb Code   148  tasks.o(.text)
    vTaskSwitchContext                       0x08007847   Thumb Code    88  tasks.o(.text)
    vTaskSuspend                             0x0800789f   Thumb Code    96  tasks.o(.text)
    xTaskIsTaskSuspended                     0x080078ff   Thumb Code    40  tasks.o(.text)
    vTaskResume                              0x08007927   Thumb Code    94  tasks.o(.text)
    xTaskResumeFromISR                       0x08007985   Thumb Code   110  tasks.o(.text)
    vTaskStartScheduler                      0x08007a09   Thumb Code    70  tasks.o(.text)
    vTaskEndScheduler                        0x08007a4f   Thumb Code    20  tasks.o(.text)
    xTaskGetTickCount                        0x08007a63   Thumb Code    18  tasks.o(.text)
    xTaskGetTickCountFromISR                 0x08007a75   Thumb Code    18  tasks.o(.text)
    uxTaskGetNumberOfTasks                   0x08007a87   Thumb Code     6  tasks.o(.text)
    vTaskList                                0x08007aff   Thumb Code   134  tasks.o(.text)
    vTaskPlaceOnEventList                    0x08007b85   Thumb Code    58  tasks.o(.text)
    vTaskPlaceOnEventListRestricted          0x08007bbf   Thumb Code    40  tasks.o(.text)
    xTaskRemoveFromEventList                 0x08007be7   Thumb Code    90  tasks.o(.text)
    vTaskSetTimeOutState                     0x08007c41   Thumb Code    22  tasks.o(.text)
    xTaskCheckForTimeOut                     0x08007c57   Thumb Code   134  tasks.o(.text)
    vTaskMissedYield                         0x08007cdd   Thumb Code     8  tasks.o(.text)
    uxTaskGetTaskNumber                      0x08007ce5   Thumb Code     8  tasks.o(.text)
    vTaskSetTaskNumber                       0x08007ced   Thumb Code     8  tasks.o(.text)
    xTaskGetCurrentTaskHandle                0x08007cf5   Thumb Code     6  tasks.o(.text)
    xTaskGetSchedulerState                   0x08007cfb   Thumb Code    22  tasks.o(.text)
    vTaskPriorityInherit                     0x08007d11   Thumb Code    92  tasks.o(.text)
    vTaskPriorityDisinherit                  0x08007d6d   Thumb Code    64  tasks.o(.text)
    rand                                     0x08007e05   Thumb Code    20  rand.o(.text)
    srand                                    0x08007e19   Thumb Code     6  rand.o(.text)
    __aeabi_memcpy                           0x08007e29   Thumb Code    36  memcpya.o(.text)
    __aeabi_memcpy4                          0x08007e29   Thumb Code     0  memcpya.o(.text)
    __aeabi_memcpy8                          0x08007e29   Thumb Code     0  memcpya.o(.text)
    __aeabi_memset                           0x08007e4d   Thumb Code    14  memseta.o(.text)
    __aeabi_memset4                          0x08007e4d   Thumb Code     0  memseta.o(.text)
    __aeabi_memset8                          0x08007e4d   Thumb Code     0  memseta.o(.text)
    __aeabi_memclr                           0x08007e5b   Thumb Code     4  memseta.o(.text)
    __aeabi_memclr4                          0x08007e5b   Thumb Code     0  memseta.o(.text)
    __aeabi_memclr8                          0x08007e5b   Thumb Code     0  memseta.o(.text)
    _memset$wrapper                          0x08007e5f   Thumb Code    18  memseta.o(.text)
    strcat                                   0x08007e71   Thumb Code    24  strcat.o(.text)
    strncpy                                  0x08007e89   Thumb Code    24  strncpy.o(.text)
    strlen                                   0x08007ea1   Thumb Code    14  strlen.o(.text)
    __aeabi_dadd                             0x08007eaf   Thumb Code   322  dadd.o(.text)
    __aeabi_dsub                             0x08007ff1   Thumb Code     6  dadd.o(.text)
    __aeabi_drsub                            0x08007ff7   Thumb Code     6  dadd.o(.text)
    __aeabi_dmul                             0x08007ffd   Thumb Code   228  dmul.o(.text)
    __aeabi_ddiv                             0x080080e1   Thumb Code   222  ddiv.o(.text)
    __aeabi_i2d                              0x080081bf   Thumb Code    34  dflti.o(.text)
    __aeabi_f2d                              0x080081e1   Thumb Code    38  f2d.o(.text)
    __aeabi_d2f                              0x08008207   Thumb Code    56  d2f.o(.text)
    __aeabi_uidiv                            0x0800823f   Thumb Code     0  uidiv.o(.text)
    __aeabi_uidivmod                         0x0800823f   Thumb Code    44  uidiv.o(.text)
    __aeabi_llsl                             0x0800826b   Thumb Code    30  llshl.o(.text)
    _ll_shift_l                              0x0800826b   Thumb Code     0  llshl.o(.text)
    __aeabi_lasr                             0x08008289   Thumb Code    36  llsshr.o(.text)
    _ll_sshift_r                             0x08008289   Thumb Code     0  llsshr.o(.text)
    __I$use$fp                               0x080082ad   Thumb Code     0  iusefp.o(.text)
    _float_round                             0x080082ad   Thumb Code    18  fepilogue.o(.text)
    _float_epilogue                          0x080082bf   Thumb Code    92  fepilogue.o(.text)
    _double_round                            0x0800831b   Thumb Code    30  depilogue.o(.text)
    _double_epilogue                         0x08008339   Thumb Code   156  depilogue.o(.text)
    __scatterload                            0x080083d5   Thumb Code    28  init.o(.text)
    __scatterload_rt2                        0x080083d5   Thumb Code     0  init.o(.text)
    __aeabi_llsr                             0x080083f9   Thumb Code    32  llushr.o(.text)
    _ll_ushift_r                             0x080083f9   Thumb Code     0  llushr.o(.text)
    __aeabi_ui2d                             0x08008419   Thumb Code    26  dfltui.o(.text)
    __aeabi_d2iz                             0x08008433   Thumb Code    62  dfixi.o(.text)
    __decompress                             0x08008471   Thumb Code     0  __dczerorl2.o(.text)
    __decompress1                            0x08008471   Thumb Code    86  __dczerorl2.o(.text)
    __0sprintf$3                             0x080084c9   Thumb Code    34  printf3.o(i.__0sprintf$3)
    __1sprintf$3                             0x080084c9   Thumb Code     0  printf3.o(i.__0sprintf$3)
    __2sprintf                               0x080084c9   Thumb Code     0  printf3.o(i.__0sprintf$3)
    __ARM_fpclassify                         0x080084f1   Thumb Code    48  fpclassify.o(i.__ARM_fpclassify)
    __hardfp_sin                             0x08008521   Thumb Code   180  sin.o(i.__hardfp_sin)
    __ieee754_rem_pio2                       0x080085e9   Thumb Code   938  rred.o(i.__ieee754_rem_pio2)
    __kernel_cos                             0x08008a21   Thumb Code   322  cos_i.o(i.__kernel_cos)
    __kernel_poly                            0x08008b91   Thumb Code   248  poly.o(i.__kernel_poly)
    __kernel_sin                             0x08008c89   Thumb Code   280  sin_i.o(i.__kernel_sin)
    __mathlib_dbl_infnan                     0x08008db9   Thumb Code    20  dunder.o(i.__mathlib_dbl_infnan)
    __mathlib_dbl_invalid                    0x08008dd1   Thumb Code    24  dunder.o(i.__mathlib_dbl_invalid)
    __mathlib_dbl_underflow                  0x08008df1   Thumb Code    24  dunder.o(i.__mathlib_dbl_underflow)
    __scatterload_copy                       0x08008e11   Thumb Code    14  handlers.o(i.__scatterload_copy)
    __scatterload_null                       0x08008e1f   Thumb Code     2  handlers.o(i.__scatterload_null)
    __scatterload_zeroinit                   0x08008e21   Thumb Code    14  handlers.o(i.__scatterload_zeroinit)
    __set_errno                              0x08008e31   Thumb Code     6  errno.o(i.__set_errno)
    fabs                                     0x08008fff   Thumb Code    24  fabs.o(i.fabs)
    Region$$Table$$Base                      0x08009138   Number         0  anon$$obj.o(Region$$Table)
    Region$$Table$$Limit                     0x08009158   Number         0  anon$$obj.o(Region$$Table)
    bit_khoa_ham_chay_thay_tuan              0x20000000   Data           1  main.o(.data)
    bien_di_chuyen                           0x20000001   Data           1  main.o(.data)
    vi_tri_lech                              0x20000002   Data           1  main.o(.data)
    bai                                      0x20000003   Data           1  main.o(.data)
    doc_man_hinh                             0x20000004   Data           1  main.o(.data)
    bien_nhan_bong                           0x20000005   Data           1  main.o(.data)
    data_tx_gyro                             0x20000006   Data           1  main.o(.data)
    en_gyro                                  0x20000007   Data           1  main.o(.data)
    dataTxGyro                               0x20000008   Data           1  main.o(.data)
    enGyro                                   0x20000009   Data           1  main.o(.data)
    MauSan                                   0x2000000a   Data           2  main.o(.data)
    IMU                                      0x2000000c   Data           2  main.o(.data)
    num_over_t1                              0x20000010   Data           4  main.o(.data)
    num_over_t2                              0x20000014   Data           4  main.o(.data)
    num_over_t3                              0x20000018   Data           4  main.o(.data)
    i                                        0x2000001c   Data           4  main.o(.data)
    en                                       0x20000020   Data           4  main.o(.data)
    bien_cham_tuong                          0x20000024   Data           4  main.o(.data)
    bien_ve_xuat_phat                        0x20000028   Data           4  main.o(.data)
    silo_so                                  0x2000002c   Data           4  main.o(.data)
    silo_sap_bo                              0x20000030   Data           4  main.o(.data)
    sai_so_cap_thanh                         0x20000034   Data           4  main.o(.data)
    bien_nho_silo_co_2_bong                  0x20000038   Data           4  main.o(.data)
    bien_do_bong                             0x2000003c   Data           4  main.o(.data)
    bien_chay_cap_thanh                      0x20000040   Data           4  main.o(.data)
    do_laze_silo                             0x20000044   Data           4  main.o(.data)
    errorFixCouter                           0x20000048   Data           4  main.o(.data)
    robotLimitSpeed                          0x2000004c   Data           4  main.o(.data)
    f05                                      0x20000050   Data           4  main.o(.data)
    f6                                       0x20000054   Data           4  main.o(.data)
    f10                                      0x20000058   Data           4  main.o(.data)
    f30                                      0x2000005c   Data           4  main.o(.data)
    f60                                      0x20000060   Data           4  main.o(.data)
    f120                                     0x20000064   Data           4  main.o(.data)
    i100                                     0x20000068   Data           4  main.o(.data)
    khoangCachGocFix                         0x2000006c   Data           4  main.o(.data)
    _robotY                                  0x20000070   Data           4  main.o(.data)
    _robotX                                  0x20000074   Data           4  main.o(.data)
    _lockRobot                               0x20000078   Data           4  main.o(.data)
    motorLock                                0x2000007c   Data           4  main.o(.data)
    motorLockRepeat                          0x20000080   Data           4  main.o(.data)
    radian                                   0x20000084   Data           4  main.o(.data)
    _robotChange                             0x20000088   Data           4  main.o(.data)
    _robotRotatePoint                        0x2000008c   Data           4  main.o(.data)
    _robotCurrentSpeed                       0x20000090   Data           4  main.o(.data)
    _robotRunSpeed                           0x20000094   Data           4  main.o(.data)
    _robotMaxSpeed                           0x20000098   Data           4  main.o(.data)
    _robotAccStop                            0x2000009c   Data           4  main.o(.data)
    _robotCounter                            0x200000a0   Data           4  main.o(.data)
    _robotAngle                              0x200000a4   Data           4  main.o(.data)
    _robotRunAngle                           0x200000a8   Data           4  main.o(.data)
    _robotRotateAngle                        0x200000ac   Data           4  main.o(.data)
    _robotIMUInit                            0x200000b0   Data           4  main.o(.data)
    _robotRotate                             0x200000b4   Data           4  main.o(.data)
    _robotCurve                              0x200000b8   Data           4  main.o(.data)
    _robotAngleCounterFix                    0x200000bc   Data           4  main.o(.data)
    _robotAngleToFix                         0x200000c0   Data           4  main.o(.data)
    _robotIMUAngle                           0x200000c4   Data           4  main.o(.data)
    _IMUAngle_Before                         0x200000c8   Data           4  main.o(.data)
    _robotDelayGiamToc                       0x200000cc   Data           4  main.o(.data)
    _robotRun0h                              0x200000d0   Data           4  main.o(.data)
    _robotRun4h                              0x200000d4   Data           4  main.o(.data)
    _robotRun8h                              0x200000d8   Data           4  main.o(.data)
    HMI_LOOP                                 0x200000f4   Data           4  main.o(.data)
    laze_0H_Value                            0x200000f8   Data           4  main.o(.data)
    laze_4H_Value                            0x200000fc   Data           4  main.o(.data)
    laze_8H_Value                            0x20000100   Data           4  main.o(.data)
    noise                                    0x20000104   Data           4  main.o(.data)
    DATA_SPEED                               0x20000108   Data          60  main.o(.data)
    bien_nho_bong_trong_silo                 0x20000144   Data          24  main.o(.data)
    laze_silo                                0x2000015c   Data          48  main.o(.data)
    GP_BTN                                   0x2000018c   Data          15  main.o(.data)
    num_over_t4                              0x2000019c   Data           4  main.o(.data)
    num_over_t5                              0x200001a0   Data           4  main.o(.data)
    sieu_am                                  0x200001a4   Data           4  main.o(.data)
    SystemCoreClock                          0x200001a8   Data           4  system_stm32f4xx.o(.data)
    AHBPrescTable                            0x200001ac   Data          16  system_stm32f4xx.o(.data)
    pxCurrentTCB                             0x200001f8   Data           4  tasks.o(.data)
    bien_nho_bong_da_tha_trong_silo          0x2000023c   Data          24  main.o(.bss)
    buf                                      0x20000254   Data          50  main.o(.bss)
    ky_tu_1                                  0x20000286   Data          40  main.o(.bss)
    ky_tu_2                                  0x200002ae   Data          40  main.o(.bss)
    Buffer_HMI                               0x200002d6   Data          50  main.o(.bss)
    _ADC1_Value                              0x20000308   Data          16  main.o(.bss)
    RX_USART1                                0x20000318   Data          15  main.o(.bss)
    RX_USART2                                0x20000327   Data          15  main.o(.bss)
    MANG_GAME                                0x20000336   Data          10  main.o(.bss)
    xQueueRegistry                           0x20000340   Data          64  queue.o(.bss)
    __initial_sp                             0x20003098   Data           0  startup_stm32f4xx.o(STACK)



==============================================================================

Memory Map of the image

  Image Entry point : 0x08000189

  Load Region LR_IROM1 (Base: 0x08000000, Size: 0x00009394, Max: 0x00080000, ABSOLUTE, COMPRESSED[0x000091e8])

    Execution Region ER_IROM1 (Base: 0x08000000, Size: 0x00009158, Max: 0x00080000, ABSOLUTE)

    Base Addr    Size         Type   Attr      Idx    E Section Name        Object

    0x08000000   0x00000188   Data   RO          345    RESET               startup_stm32f4xx.o
    0x08000188   0x00000000   Code   RO          665  * .ARM.Collect$$$$00000000  mc_w.l(entry.o)
    0x08000188   0x00000004   Code   RO          984    .ARM.Collect$$$$00000001  mc_w.l(entry2.o)
    0x0800018c   0x00000004   Code   RO          987    .ARM.Collect$$$$00000004  mc_w.l(entry5.o)
    0x08000190   0x00000000   Code   RO          989    .ARM.Collect$$$$00000008  mc_w.l(entry7b.o)
    0x08000190   0x00000000   Code   RO          991    .ARM.Collect$$$$0000000A  mc_w.l(entry8b.o)
    0x08000190   0x00000008   Code   RO          992    .ARM.Collect$$$$0000000B  mc_w.l(entry9a.o)
    0x08000198   0x00000000   Code   RO          994    .ARM.Collect$$$$0000000D  mc_w.l(entry10a.o)
    0x08000198   0x00000000   Code   RO          996    .ARM.Collect$$$$0000000F  mc_w.l(entry11a.o)
    0x08000198   0x00000004   Code   RO          985    .ARM.Collect$$$$00002712  mc_w.l(entry2.o)
    0x0800019c   0x000000a8   Code   RO          596    .emb_text           port.o
    0x08000244   0x00000294   Code   RO            2    .text               stm32f4xx_it.o
    0x080004d8   0x0000461c   Code   RO          140    .text               main.o
    0x08004af4   0x00000170   Code   RO          322    .text               system_stm32f4xx.o
    0x08004c64   0x00000024   Code   RO          346    .text               startup_stm32f4xx.o
    0x08004c88   0x000000b0   Code   RO          351    .text               misc.o
    0x08004d38   0x00000218   Code   RO          367    .text               stm32f4xx_gpio.o
    0x08004f50   0x000003d0   Code   RO          383    .text               stm32f4xx_rcc.o
    0x08005320   0x00000354   Code   RO          401    .text               stm32f4xx_adc.o
    0x08005674   0x00000320   Code   RO          417    .text               stm32f4xx_dma.o
    0x08005994   0x000000e8   Code   RO          433    .text               stm32f4xx_exti.o
    0x08005a7c   0x000009dc   Code   RO          465    .text               stm32f4xx_tim.o
    0x08006458   0x00000338   Code   RO          482    .text               stm32f4xx_usart.o
    0x08006790   0x00000078   Code   RO          498    .text               stm32f4xx_syscfg.o
    0x08006808   0x0000008e   Code   RO          539    .text               list.o
    0x08006896   0x00000002   PAD
    0x08006898   0x0000064c   Code   RO          557    .text               queue.o
    0x08006ee4   0x00000318   Code   RO          575    .text               timers.o
    0x080071fc   0x000000cc   Code   RO          597    .text               port.o
    0x080072c8   0x000000f4   Code   RO          615    .text               heap_2.o
    0x080073bc   0x00000a48   Code   RO          630    .text               tasks.o
    0x08007e04   0x00000024   Code   RO          668    .text               mc_w.l(rand.o)
    0x08007e28   0x00000024   Code   RO          671    .text               mc_w.l(memcpya.o)
    0x08007e4c   0x00000024   Code   RO          673    .text               mc_w.l(memseta.o)
    0x08007e70   0x00000018   Code   RO          675    .text               mc_w.l(strcat.o)
    0x08007e88   0x00000018   Code   RO          677    .text               mc_w.l(strncpy.o)
    0x08007ea0   0x0000000e   Code   RO          679    .text               mc_w.l(strlen.o)
    0x08007eae   0x0000014e   Code   RO          944    .text               mf_w.l(dadd.o)
    0x08007ffc   0x000000e4   Code   RO          946    .text               mf_w.l(dmul.o)
    0x080080e0   0x000000de   Code   RO          948    .text               mf_w.l(ddiv.o)
    0x080081be   0x00000022   Code   RO          950    .text               mf_w.l(dflti.o)
    0x080081e0   0x00000026   Code   RO          952    .text               mf_w.l(f2d.o)
    0x08008206   0x00000038   Code   RO          954    .text               mf_w.l(d2f.o)
    0x0800823e   0x0000002c   Code   RO         1001    .text               mc_w.l(uidiv.o)
    0x0800826a   0x0000001e   Code   RO         1005    .text               mc_w.l(llshl.o)
    0x08008288   0x00000024   Code   RO         1007    .text               mc_w.l(llsshr.o)
    0x080082ac   0x00000000   Code   RO         1016    .text               mc_w.l(iusefp.o)
    0x080082ac   0x0000006e   Code   RO         1017    .text               mf_w.l(fepilogue.o)
    0x0800831a   0x000000ba   Code   RO         1019    .text               mf_w.l(depilogue.o)
    0x080083d4   0x00000024   Code   RO         1037    .text               mc_w.l(init.o)
    0x080083f8   0x00000020   Code   RO         1040    .text               mc_w.l(llushr.o)
    0x08008418   0x0000001a   Code   RO         1043    .text               mf_w.l(dfltui.o)
    0x08008432   0x0000003e   Code   RO         1045    .text               mf_w.l(dfixi.o)
    0x08008470   0x00000056   Code   RO         1055    .text               mc_w.l(__dczerorl2.o)
    0x080084c6   0x00000002   PAD
    0x080084c8   0x00000028   Code   RO          774    i.__0sprintf$3      mc_w.l(printf3.o)
    0x080084f0   0x00000030   Code   RO         1033    i.__ARM_fpclassify  m_wm.l(fpclassify.o)
    0x08008520   0x000000c8   Code   RO          653    i.__hardfp_sin      m_wm.l(sin.o)
    0x080085e8   0x00000438   Code   RO          973    i.__ieee754_rem_pio2  m_wm.l(rred.o)
    0x08008a20   0x00000170   Code   RO          956    i.__kernel_cos      m_wm.l(cos_i.o)
    0x08008b90   0x000000f8   Code   RO         1035    i.__kernel_poly     m_wm.l(poly.o)
    0x08008c88   0x00000130   Code   RO          978    i.__kernel_sin      m_wm.l(sin_i.o)
    0x08008db8   0x00000014   Code   RO          960    i.__mathlib_dbl_infnan  m_wm.l(dunder.o)
    0x08008dcc   0x00000004   PAD
    0x08008dd0   0x00000020   Code   RO          962    i.__mathlib_dbl_invalid  m_wm.l(dunder.o)
    0x08008df0   0x00000020   Code   RO          965    i.__mathlib_dbl_underflow  m_wm.l(dunder.o)
    0x08008e10   0x0000000e   Code   RO         1049    i.__scatterload_copy  mc_w.l(handlers.o)
    0x08008e1e   0x00000002   Code   RO         1050    i.__scatterload_null  mc_w.l(handlers.o)
    0x08008e20   0x0000000e   Code   RO         1051    i.__scatterload_zeroinit  mc_w.l(handlers.o)
    0x08008e2e   0x00000002   PAD
    0x08008e30   0x0000000c   Code   RO         1011    i.__set_errno       mc_w.l(errno.o)
    0x08008e3c   0x000001b8   Code   RO          779    i._printf_core      mc_w.l(printf3.o)
    0x08008ff4   0x0000000a   Code   RO          781    i._sputc            mc_w.l(printf3.o)
    0x08008ffe   0x00000018   Code   RO         1029    i.fabs              m_wm.l(fabs.o)
    0x08009016   0x00000002   PAD
    0x08009018   0x00000030   Data   RO          957    .constdata          m_wm.l(cos_i.o)
    0x08009048   0x000000c8   Data   RO          975    .constdata          m_wm.l(rred.o)
    0x08009110   0x00000028   Data   RO          979    .constdata          m_wm.l(sin_i.o)
    0x08009138   0x00000020   Data   RO         1047    Region$$Table       anon$$obj.o


    Execution Region RW_IRAM1 (Base: 0x20000000, Size: 0x00003098, Max: 0x00020000, ABSOLUTE, COMPRESSED[0x00000090])

    Base Addr    Size         Type   Attr      Idx    E Section Name        Object

    0x20000000   0x0000019b   Data   RW          144    .data               main.o
    0x2000019b   0x00000001   PAD
    0x2000019c   0x00000004   Data   RW          145    .data               main.o
    0x200001a0   0x00000004   Data   RW          146    .data               main.o
    0x200001a4   0x00000004   Data   RW          171    .data               main.o
    0x200001a8   0x00000014   Data   RW          323    .data               system_stm32f4xx.o
    0x200001bc   0x00000010   Data   RW          384    .data               stm32f4xx_rcc.o
    0x200001cc   0x00000010   Data   RW          577    .data               timers.o
    0x200001dc   0x00000004   Data   RW          598    .data               port.o
    0x200001e0   0x00000018   Data   RW          617    .data               heap_2.o
    0x200001f8   0x0000003c   Data   RW          632    .data               tasks.o
    0x20000234   0x00000004   Data   RW          669    .data               mc_w.l(rand.o)
    0x20000238   0x00000004   Data   RW         1012    .data               mc_w.l(errno.o)
    0x2000023c   0x00000104   Zero   RW          141    .bss                main.o
    0x20000340   0x00000040   Zero   RW          558    .bss                queue.o
    0x20000380   0x00000028   Zero   RW          576    .bss                timers.o
    0x200003a8   0x00002800   Zero   RW          616    .bss                heap_2.o
    0x20002ba8   0x000000f0   Zero   RW          631    .bss                tasks.o
    0x20002c98   0x00000400   Zero   RW          343    STACK               startup_stm32f4xx.o


==============================================================================

Image component sizes


      Code (inc. data)   RO Data    RW Data    ZI Data      Debug   Object Name

       244         10          0         24      10240       3600   heap_2.o
       142          0          0          0          0       3502   list.o
     17948       1364          0        423        260     324607   main.o
       176         12          0          0          0       2049   misc.o
       372         32          0          4          0       4664   port.o
      1612          4          0          0         64      11564   queue.o
        36          8        392          0       1024        908   startup_stm32f4xx.o
       852         20          0          0          0      10938   stm32f4xx_adc.o
       800         32          0          0          0       7073   stm32f4xx_dma.o
       232          8          0          0          0       2551   stm32f4xx_exti.o
       536         38          0          0          0       4605   stm32f4xx_gpio.o
       660        116          0          0          0     292045   stm32f4xx_it.o
       976         36          0         16          0      11527   stm32f4xx_rcc.o
       120         18          0          0          0       1795   stm32f4xx_syscfg.o
      2524         52          0          0          0      23138   stm32f4xx_tim.o
       824         24          0          0          0       8260   stm32f4xx_usart.o
       368         36          0         20          0       1879   system_stm32f4xx.o
      2632         62          0         60        240      16531   tasks.o
       792         22          0         16         40      10508   timers.o

    ----------------------------------------------------------------------
     31848       1894        424        564      11868     741744   Object Totals
         0          0         32          0          0          0   (incl. Generated)
         2          0          0          1          0          0   (incl. Padding)

    ----------------------------------------------------------------------

      Code (inc. data)   RO Data    RW Data    ZI Data      Debug   Library Member Name

       368         46         48          0          0        200   cos_i.o
        84         16          0          0          0        372   dunder.o
        24          0          0          0          0        124   fabs.o
        48          0          0          0          0        124   fpclassify.o
       248          0          0          0          0        152   poly.o
      1080        142        200          0          0        188   rred.o
       200         20          0          0          0        164   sin.o
       304         24         40          0          0        208   sin_i.o
        86          0          0          0          0          0   __dczerorl2.o
         0          0          0          0          0          0   entry.o
         0          0          0          0          0          0   entry10a.o
         0          0          0          0          0          0   entry11a.o
         8          4          0          0          0          0   entry2.o
         4          0          0          0          0          0   entry5.o
         0          0          0          0          0          0   entry7b.o
         0          0          0          0          0          0   entry8b.o
         8          4          0          0          0          0   entry9a.o
        12          6          0          4          0         68   errno.o
        30          0          0          0          0          0   handlers.o
        36          8          0          0          0         68   init.o
         0          0          0          0          0          0   iusefp.o
        30          0          0          0          0         68   llshl.o
        36          0          0          0          0         68   llsshr.o
        32          0          0          0          0         68   llushr.o
        36          0          0          0          0         68   memcpya.o
        36          0          0          0          0        108   memseta.o
       490         10          0          0          0        252   printf3.o
        36         10          0          4          0        136   rand.o
        24          0          0          0          0         68   strcat.o
        14          0          0          0          0         68   strlen.o
        24          0          0          0          0         76   strncpy.o
        44          0          0          0          0         80   uidiv.o
        56          0          0          0          0         88   d2f.o
       334          0          0          0          0        148   dadd.o
       222          0          0          0          0        100   ddiv.o
       186          0          0          0          0        176   depilogue.o
        62          0          0          0          0         80   dfixi.o
        34          0          0          0          0         76   dflti.o
        26          0          0          0          0         76   dfltui.o
       228          0          0          0          0         96   dmul.o
        38          0          0          0          0         68   f2d.o
       110          0          0          0          0        168   fepilogue.o

    ----------------------------------------------------------------------
      4648        290        288          8          0       3804   Library Totals
        10          0          0          0          0          0   (incl. Padding)

    ----------------------------------------------------------------------

      Code (inc. data)   RO Data    RW Data    ZI Data      Debug   Library Name

      2356        248        288          0          0       1532   m_wm.l
       986         42          0          8          0       1196   mc_w.l
      1296          0          0          0          0       1076   mf_w.l

    ----------------------------------------------------------------------
      4648        290        288          8          0       3804   Library Totals

    ----------------------------------------------------------------------

==============================================================================


      Code (inc. data)   RO Data    RW Data    ZI Data      Debug   

     36496       2184        712        572      11868     737436   Grand Totals
     36496       2184        712        144      11868     737436   ELF Image Totals (compressed)
     36496       2184        712        144          0          0   ROM Totals

==============================================================================

    Total RO  Size (Code + RO Data)                37208 (  36.34kB)
    Total RW  Size (RW Data + ZI Data)             12440 (  12.15kB)
    Total ROM Size (Code + RO Data + RW Data)      37352 (  36.48kB)

==============================================================================

