Component: ARM Compiler 5.06 (build 20) Tool: armlink [4d35a3]

==============================================================================

Section Cross References

    stm32f4xx_it.o(.text) refers to stm32f4xx_usart.o(.text) for USART_GetITStatus
    stm32f4xx_it.o(.text) refers to stm32f4xx_dma.o(.text) for DMA_ClearITPendingBit
    stm32f4xx_it.o(.text) refers to main.o(.text) for get_Gamepad_Bluetouch
    stm32f4xx_it.o(.text) refers to stm32f4xx_tim.o(.text) for TIM_ClearITPendingBit
    stm32f4xx_it.o(.text) refers to stm32f4xx_exti.o(.text) for EXTI_GetITStatus
    stm32f4xx_it.o(.text) refers to stm32f4xx_gpio.o(.text) for GPIO_ToggleBits
    stm32f4xx_it.o(.text) refers to main.o(.bss) for RX_USART1
    stm32f4xx_it.o(.text) refers to main.o(.data) for IMU
    stm32f4xx_it.o(.text) refers to main.o(.data) for num_over_t4
    stm32f4xx_it.o(.text) refers to main.o(.data) for num_over_t5
    stm32f4xx_it.o(.text) refers to main.o(.data) for sieu_am
    main.o(.text) refers to strlen.o(.text) for strlen
    main.o(.text) refers to stm32f4xx_dma.o(.text) for DMA_Cmd
    main.o(.text) refers to stm32f4xx_usart.o(.text) for USART_SendData
    main.o(.text) refers to printf3.o(i.__0sprintf$3) for __2sprintf
    main.o(.text) refers to strcat.o(.text) for strcat
    main.o(.text) refers to stm32f4xx_gpio.o(.text) for GPIO_ReadInputDataBit
    main.o(.text) refers to main.o(.bss) for .bss
    main.o(.text) refers to rand.o(.text) for rand
    main.o(.text) refers to stm32f4xx_tim.o(.text) for TIM_GetCounter
    main.o(.text) refers to stm32f4xx_rcc.o(.text) for RCC_AHB1PeriphClockCmd
    main.o(.text) refers to misc.o(.text) for NVIC_PriorityGroupConfig
    main.o(.text) refers to main.o(.data) for .data
    main.o(.text) refers to stm32f4xx_adc.o(.text) for ADC_CommonInit
    main.o(.text) refers to stm32f4xx_syscfg.o(.text) for SYSCFG_EXTILineConfig
    main.o(.text) refers to stm32f4xx_exti.o(.text) for EXTI_Init
    main.o(.text) refers to dflti.o(.text) for __aeabi_i2d
    main.o(.text) refers to dmul.o(.text) for __aeabi_dmul
    main.o(.text) refers to dadd.o(.text) for __aeabi_dsub
    main.o(.text) refers to ddiv.o(.text) for __aeabi_ddiv
    main.o(.text) refers to d2f.o(.text) for __aeabi_d2f
    main.o(.text) refers to f2d.o(.text) for __aeabi_f2d
    main.o(.text) refers to sin.o(i.__hardfp_sin) for __hardfp_sin
    main.o(.text) refers to tasks.o(.text) for vTaskDelay
    system_stm32f4xx.o(.text) refers to system_stm32f4xx.o(.data) for .data
    startup_stm32f4xx.o(RESET) refers to startup_stm32f4xx.o(STACK) for __initial_sp
    startup_stm32f4xx.o(RESET) refers to startup_stm32f4xx.o(.text) for Reset_Handler
    startup_stm32f4xx.o(RESET) refers to stm32f4xx_it.o(.text) for NMI_Handler
    startup_stm32f4xx.o(RESET) refers to port.o(.emb_text) for SVC_Handler
    startup_stm32f4xx.o(RESET) refers to port.o(.text) for SysTick_Handler
    startup_stm32f4xx.o(.text) refers to system_stm32f4xx.o(.text) for SystemInit
    startup_stm32f4xx.o(.text) refers to entry.o(.ARM.Collect$$$$00000000) for __main
    stm32f4xx_gpio.o(.text) refers to stm32f4xx_rcc.o(.text) for RCC_AHB1PeriphResetCmd
    stm32f4xx_rcc.o(.text) refers to stm32f4xx_rcc.o(.data) for .data
    stm32f4xx_adc.o(.text) refers to stm32f4xx_rcc.o(.text) for RCC_APB2PeriphResetCmd
    stm32f4xx_spi.o(.text) refers to stm32f4xx_rcc.o(.text) for RCC_APB2PeriphResetCmd
    stm32f4xx_tim.o(.text) refers to stm32f4xx_rcc.o(.text) for RCC_APB2PeriphResetCmd
    stm32f4xx_usart.o(.text) refers to stm32f4xx_rcc.o(.text) for RCC_APB2PeriphResetCmd
    stm32f4xx_syscfg.o(.text) refers to stm32f4xx_rcc.o(.text) for RCC_APB2PeriphResetCmd
    croutine.o(.text) refers to heap_2.o(.text) for pvPortMalloc
    croutine.o(.text) refers to list.o(.text) for vListInitialise
    croutine.o(.text) refers to tasks.o(.text) for xTaskGetTickCount
    croutine.o(.text) refers to port.o(.emb_text) for ulPortSetInterruptMask
    croutine.o(.text) refers to croutine.o(.data) for .data
    croutine.o(.text) refers to croutine.o(.bss) for .bss
    queue.o(.text) refers to port.o(.text) for vPortEnterCritical
    queue.o(.text) refers to list.o(.text) for vListInitialise
    queue.o(.text) refers to port.o(.emb_text) for ulPortSetInterruptMask
    queue.o(.text) refers to tasks.o(.text) for xTaskRemoveFromEventList
    queue.o(.text) refers to heap_2.o(.text) for pvPortMalloc
    queue.o(.text) refers to memcpya.o(.text) for __aeabi_memcpy
    queue.o(.text) refers to queue.o(.bss) for .bss
    timers.o(.text) refers to list.o(.text) for vListInsert
    timers.o(.text) refers to queue.o(.text) for xQueueGenericSendFromISR
    timers.o(.text) refers to tasks.o(.text) for xTaskGetSchedulerState
    timers.o(.text) refers to port.o(.text) for vPortEnterCritical
    timers.o(.text) refers to port.o(.emb_text) for ulPortSetInterruptMask
    timers.o(.text) refers to heap_2.o(.text) for pvPortMalloc
    timers.o(.text) refers to timers.o(.data) for .data
[...]
    i.__kernel_poly                          0x080083e0   Section        0  poly.o(i.__kernel_poly)
    i.__kernel_sin                           0x080084d8   Section        0  sin_i.o(i.__kernel_sin)
    i.__mathlib_dbl_infnan                   0x08008608   Section        0  dunder.o(i.__mathlib_dbl_infnan)
    i.__mathlib_dbl_invalid                  0x08008620   Section        0  dunder.o(i.__mathlib_dbl_invalid)
    i.__mathlib_dbl_underflow                0x08008640   Section        0  dunder.o(i.__mathlib_dbl_underflow)
    i.__scatterload_copy                     0x08008660   Section       14  handlers.o(i.__scatterload_copy)
    i.__scatterload_null                     0x0800866e   Section        2  handlers.o(i.__scatterload_null)
    i.__scatterload_zeroinit                 0x08008670   Section       14  handlers.o(i.__scatterload_zeroinit)
    i.__set_errno                            0x08008680   Section        0  errno.o(i.__set_errno)
    i._printf_core                           0x0800868c   Section        0  printf3.o(i._printf_core)
    _printf_core                             0x0800868d   Thumb Code   436  printf3.o(i._printf_core)
    i._sputc                                 0x08008844   Section        0  printf3.o(i._sputc)
    _sputc                                   0x08008845   Thumb Code    10  printf3.o(i._sputc)
    i.fabs                                   0x0800884e   Section        0  fabs.o(i.fabs)
    .constdata                               0x08008868   Section       48  cos_i.o(.constdata)
    C                                        0x08008868   Data          48  cos_i.o(.constdata)
    .constdata                               0x08008898   Section      200  rred.o(.constdata)
    pio2s                                    0x08008898   Data          48  rred.o(.constdata)
    twooverpi                                0x080088c8   Data         152  rred.o(.constdata)
    .constdata                               0x08008960   Section       40  sin_i.o(.constdata)
    S                                        0x08008960   Data          40  sin_i.o(.constdata)
    .data                                    0x20000000   Section      379  main.o(.data)
    lazeTruocCouter                          0x200000d8   Data           4  main.o(.data)
    laze0H_SUM                               0x200000dc   Data           4  main.o(.data)
    lazeNgang_Counter_do                     0x200000e0   Data           4  main.o(.data)
    laze4H_SUM                               0x200000e4   Data           4  main.o(.data)
    lazeNgang_Counter_xanh                   0x200000e8   Data           4  main.o(.data)
    laze8H_SUM                               0x200000ec   Data           4  main.o(.data)
    .data                                    0x2000017c   Section        4  main.o(.data)
    .data                                    0x20000180   Section        4  main.o(.data)
    .data                                    0x20000184   Section        4  main.o(.data)
    .data                                    0x20000188   Section       20  system_stm32f4xx.o(.data)
    .data                                    0x2000019c   Section       16  stm32f4xx_rcc.o(.data)
    APBAHBPrescTable                         0x2000019c   Data          16  stm32f4xx_rcc.o(.data)
    .data                                    0x200001ac   Section       16  timers.o(.data)
    xTimerQueue                              0x200001ac   Data           4  timers.o(.data)
    xLastTime                                0x200001b0   Data           4  timers.o(.data)
    pxCurrentTimerList                       0x200001b4   Data           4  timers.o(.data)
    pxOverflowTimerList                      0x200001b8   Data           4  timers.o(.data)
    .data                                    0x200001bc   Section        4  port.o(.data)
    uxCriticalNesting                        0x200001bc   Data           4  port.o(.data)
    .data                                    0x200001c0   Section       24  heap_2.o(.data)
    xFreeBytesRemaining                      0x200001c0   Data           4  heap_2.o(.data)
    xHeapHasBeenInitialised                  0x200001c4   Data           4  heap_2.o(.data)
    xStart                                   0x200001c8   Data           8  heap_2.o(.data)
    xEnd                                     0x200001d0   Data           8  heap_2.o(.data)
    .data                                    0x200001d8   Section       60  tasks.o(.data)
    uxTasksDeleted                           0x200001dc   Data           4  tasks.o(.data)
    uxCurrentNumberOfTasks                   0x200001e0   Data           4  tasks.o(.data)
    xTickCount                               0x200001e4   Data           4  tasks.o(.data)
    uxTopUsedPriority                        0x200001e8   Data           4  tasks.o(.data)
    uxTopReadyPriority                       0x200001ec   Data           4  tasks.o(.data)
    xSchedulerRunning                        0x200001f0   Data           4  tasks.o(.data)
    uxSchedulerSuspended                     0x200001f4   Data           4  tasks.o(.data)
    uxMissedTicks                            0x200001f8   Data           4  tasks.o(.data)
    xMissedYield                             0x200001fc   Data           4  tasks.o(.data)
    xNumOfOverflows                          0x20000200   Data           4  tasks.o(.data)
    uxTaskNumber                             0x20000204   Data           4  tasks.o(.data)
    xNextTaskUnblockTime                     0x20000208   Data           4  tasks.o(.data)
    pxDelayedTaskList                        0x2000020c   Data           4  tasks.o(.data)
    pxOverflowDelayedTaskList                0x20000210   Data           4  tasks.o(.data)
    .data                                    0x20000214   Section        4  rand.o(.data)
    _rand_state                              0x20000214   Data           4  rand.o(.data)
    .data                                    0x20000218   Section        4  errno.o(.data)
    _errno                                   0x20000218   Data           4  errno.o(.data)
    .bss                                     0x2000021c   Section      284  main.o(.bss)
    .bss                                     0x20000338   Section       64  queue.o(.bss)
    .bss                                     0x20000378   Section       40  timers.o(.bss)
    xActiveTimerList1                        0x20000378   Data          20  timers.o(.bss)
    xActiveTimerList2                        0x2000038c   Data          20  timers.o(.bss)
    .bss                                     0x200003a0   Section    10240  heap_2.o(.bss)
    xHeap                                    0x200003a0   Data       10240  heap_2.o(.bss)
    .bss                                     0x20002ba0   Section      240  tasks.o(.bss)
    pcStatusString                           0x20002ba0   Data          40  tasks.o(.bss)
    pxReadyTasksLists                        0x20002bc8   Data         100  tasks.o(.bss)
    xDelayedTaskList1                        0x20002c2c   Data          20  tasks.o(.bss)
    xDelayedTaskList2                        0x20002c40   Data          20  tasks.o(.bss)
    xPendingReadyList                        0x20002c54   Data          20  tasks.o(.bss)
    xTasksWaitingTermination                 0x20002c68   Data          20  tasks.o(.bss)
    xSuspendedTaskList                       0x20002c7c   Data          20  tasks.o(.bss)
    STACK                                    0x20002c90   Section     1024  startup_stm32f4xx.o(STACK)

    Global Symbols

    Symbol Name                              Value     Ov Type        Size  Object(Section)

    BuildAttributes$$THM_ISAv4$E$P$D$K$B$S$7EM$VFPi3$EXTD16$VFPS$VFMA$PE$A:L22UL41UL21$X:L11$S22US41US21$IEEE1$IW$USESV6$~STKCKD$USESV7$~SHL$OTIME$ROPI$IEEEX$EBA8$MICROLIB$REQ8$PRES8$EABIv2 0x00000000   Number         0  anon$$obj.o ABSOLUTE
    __ARM_use_no_argv                        0x00000000   Number         0  main.o ABSOLUTE
    _printf_a                                0x00000000   Number         0  stubs.o ABSOLUTE
    _printf_c                                0x00000000   Number         0  stubs.o ABSOLUTE
    _printf_charcount                        0x00000000   Number         0  stubs.o ABSOLUTE
    _printf_d                                0x00000000   Number         0  stubs.o ABSOLUTE
    _printf_e                                0x00000000   Number         0  stubs.o ABSOLUTE
    _printf_f                                0x00000000   Number         0  stubs.o ABSOLUTE
    _printf_flags                            0x00000000   Number         0  stubs.o ABSOLUTE
    _printf_fp_dec                           0x00000000   Number         0  stubs.o ABSOLUTE
    _printf_fp_hex                           0x00000000   Number         0  stubs.o ABSOLUTE
    _printf_g                                0x00000000   Number         0  stubs.o ABSOLUTE
    _printf_i                                0x00000000   Number         0  stubs.o ABSOLUTE
    _printf_int_dec                          0x00000000   Number         0  stubs.o ABSOLUTE
    _printf_l                                0x00000000   Number         0  stubs.o ABSOLUTE
    _printf_lc                               0x00000000   Number         0  stubs.o ABSOLUTE
    _printf_ll                               0x00000000   Number         0  stubs.o ABSOLUTE
    _printf_lld                              0x00000000   Number         0  stubs.o ABSOLUTE
    _printf_lli                              0x00000000   Number         0  stubs.o ABSOLUTE
    _printf_llo                              0x00000000   Number         0  stubs.o ABSOLUTE
    _printf_llu                              0x00000000   Number         0  stubs.o ABSOLUTE
    _printf_llx                              0x00000000   Number         0  stubs.o ABSOLUTE
    _printf_longlong_dec                     0x00000000   Number         0  stubs.o ABSOLUTE
    _printf_longlong_hex                     0x00000000   Number         0  stubs.o ABSOLUTE
    _printf_longlong_oct                     0x00000000   Number         0  stubs.o ABSOLUTE
    _printf_ls                               0x00000000   Number         0  stubs.o ABSOLUTE
    _printf_mbtowc                           0x00000000   Number         0  stubs.o ABSOLUTE
    _printf_n                                0x00000000   Number         0  stubs.o ABSOLUTE
    _printf_o                                0x00000000   Number         0  stubs.o ABSOLUTE
    _printf_p                                0x00000000   Number         0  stubs.o ABSOLUTE
    _printf_percent                          0x00000000   Number         0  stubs.o ABSOLUTE
    _printf_pre_padding                      0x00000000   Number         0  stubs.o ABSOLUTE
    _printf_return_value                     0x00000000   Number         0  stubs.o ABSOLUTE
    _printf_s                                0x00000000   Number         0  stubs.o ABSOLUTE
    _printf_sizespec                         0x00000000   Number         0  stubs.o ABSOLUTE
    _printf_str                              0x00000000   Number         0  stubs.o ABSOLUTE
    _printf_truncate_signed                  0x00000000   Number         0  stubs.o ABSOLUTE
    _printf_truncate_unsigned                0x00000000   Number         0  stubs.o ABSOLUTE
    _printf_u                                0x00000000   Number         0  stubs.o ABSOLUTE
    _printf_wc                               0x00000000   Number         0  stubs.o ABSOLUTE
    _printf_wctomb                           0x00000000   Number         0  stubs.o ABSOLUTE
    _printf_widthprec                        0x00000000   Number         0  stubs.o ABSOLUTE
    _printf_x                                0x00000000   Number         0  stubs.o ABSOLUTE
    __cpp_initialize__aeabi_                  - Undefined Weak Reference
    __cxa_finalize                            - Undefined Weak Reference
    _clock_init                               - Undefined Weak Reference
    _microlib_exit                            - Undefined Weak Reference
    __Vectors_Size                           0x00000188   Number         0  startup_stm32f4xx.o ABSOLUTE
    __Vectors                                0x08000000   Data           4  startup_stm32f4xx.o(RESET)
    __Vectors_End                            0x08000188   Data           0  startup_stm32f4xx.o(RESET)
    __main                                   0x08000189   Thumb Code     0  entry.o(.ARM.Collect$$$$00000000)
    _main_stk                                0x08000189   Thumb Code     0  entry2.o(.ARM.Collect$$$$00000001)
    _main_scatterload                        0x0800018d   Thumb Code     0  entry5.o(.ARM.Collect$$$$00000004)
    __main_after_scatterload                 0x08000191   Thumb Code     0  entry5.o(.ARM.Collect$$$$00000004)
    _main_clock                              0x08000191   Thumb Code     0  entry7b.o(.ARM.Collect$$$$00000008)
    _main_cpp_init                           0x08000191   Thumb Code     0  entry8b.o(.ARM.Collect$$$$0000000A)
    _main_init                               0x08000191   Thumb Code     0  entry9a.o(.ARM.Collect$$$$0000000B)
    __rt_final_cpp                           0x08000199   Thumb Code     0  entry10a.o(.ARM.Collect$$$$0000000D)
    __rt_final_exit                          0x08000199   Thumb Code     0  entry11a.o(.ARM.Collect$$$$0000000F)
    SVC_Handler                              0x0800019d   Thumb Code    24  port.o(.emb_text)
    __asm___6_port_c_39a90d8d__prvStartFirstTask 0x080001b9   Thumb Code    16  port.o(.emb_text)
    __asm___6_port_c_39a90d8d__prvEnableVFP  0x080001cd   Thumb Code    16  port.o(.emb_text)
    PendSV_Handler                           0x080001e1   Thumb Code    76  port.o(.emb_text)
    ulPortSetInterruptMask                   0x08000231   Thumb Code    14  port.o(.emb_text)
    vPortClearInterruptMask                  0x0800023f   Thumb Code     6  port.o(.emb_text)
    NMI_Handler                              0x08000245   Thumb Code     2  stm32f4xx_it.o(.text)
    HardFault_Handler                        0x08000247   Thumb Code     2  stm32f4xx_it.o(.text)
    MemManage_Handler                        0x08000249   Thumb Code     2  stm32f4xx_it.o(.text)
    BusFault_Handler                         0x0800024b   Thumb Code     2  stm32f4xx_it.o(.text)
    UsageFault_Handler                       0x0800024d   Thumb Code     2  stm32f4xx_it.o(.text)
    DebugMon_Handler                         0x0800024f   Thumb Code     2  stm32f4xx_it.o(.text)
    USART1_IRQHandler                        0x08000255   Thumb Code    32  stm32f4xx_it.o(.text)
    DMA1_Stream4_IRQHandler                  0x08000275   Thumb Code     8  stm32f4xx_it.o(.text)
    DMA1_Stream6_IRQHandler                  0x0800027d   Thumb Code    34  stm32f4xx_it.o(.text)
    DMA2_Stream2_IRQHandler                  0x0800029f   Thumb Code    26  stm32f4xx_it.o(.text)
    DMA2_Stream5_IRQHandler                  0x080002b9   Thumb Code    10  stm32f4xx_it.o(.text)
    DMA1_Stream1_IRQHandler                  0x080002c3   Thumb Code    62  stm32f4xx_it.o(.text)
    DMA1_Stream0_IRQHandler                  0x08000301   Thumb Code    34  stm32f4xx_it.o(.text)
    DMA1_Stream7_IRQHandler                  0x08000323   Thumb Code    42  stm32f4xx_it.o(.text)
    DMA1_Stream2_IRQHandler                  0x0800034d   Thumb Code    10  stm32f4xx_it.o(.text)
    TIM6_DAC_IRQHandler                      0x08000357   Thumb Code     8  stm32f4xx_it.o(.text)
    TIM7_IRQHandler                          0x0800035f   Thumb Code    18  stm32f4xx_it.o(.text)
    TIM1_UP_TIM10_IRQHandler                 0x08000371   Thumb Code    32  stm32f4xx_it.o(.text)
    TIM1_TRG_COM_TIM11_IRQHandler            0x08000391   Thumb Code     2  stm32f4xx_it.o(.text)
    TIM2_IRQHandler                          0x08000393   Thumb Code    32  stm32f4xx_it.o(.text)
    TIM3_IRQHandler                          0x080003b3   Thumb Code    32  stm32f4xx_it.o(.text)
    TIM4_IRQHandler                          0x080003d3   Thumb Code    32  stm32f4xx_it.o(.text)
    TIM5_IRQHandler                          0x080003f3   Thumb Code    32  stm32f4xx_it.o(.text)
    SPI1_IRQHandler                          0x08000413   Thumb Code     2  stm32f4xx_it.o(.text)
    SPI3_IRQHandler                          0x08000415   Thumb Code     2  stm32f4xx_it.o(.text)
    EXTI2_IRQHandler                         0x08000417   Thumb Code    76  stm32f4xx_it.o(.text)
    EXTI3_IRQHandler                         0x08000463   Thumb Code     2  stm32f4xx_it.o(.text)
    HMI_ky_tu                                0x080004d9   Thumb Code    36  main.o(.text)
    HMISends                                 0x080004fd   Thumb Code    40  main.o(.text)
    HMISendb                                 0x08000525   Thumb Code    42  main.o(.text)
    gui_so                                   0x0800054f   Thumb Code   120  main.o(.text)
    gui_chu                                  0x080005c7   Thumb Code    58  main.o(.text)
    HMI_DMI                                  0x08000601   Thumb Code   190  main.o(.text)
    HMI_PUTS                                 0x080006bf   Thumb Code   182  main.o(.text)
    gui_line                                 0x08000775   Thumb Code   300  main.o(.text)
    HMI_PUT_j                                0x080008a1   Thumb Code   222  main.o(.text)
    random                                   0x0800097f   Thumb Code    26  main.o(.text)
    ENCODER_0H                               0x08000999   Thumb Code    82  main.o(.text)
    ENCODER_4H                               0x080009eb   Thumb Code    80  main.o(.text)
    ENCODER_8H                               0x08000a3b   Thumb Code    82  main.o(.text)
    ENCODER_TONG                             0x08000a8d   Thumb Code    42  main.o(.text)
    delay_us                                 0x08000ab7   Thumb Code    24  main.o(.text)
    delay_ms                                 0x08000acf   Thumb Code    24  main.o(.text)
    Config_out_mode                          0x08000ae7   Thumb Code   102  main.o(.text)
    Config_in_mode                           0x08000b4d   Thumb Code   144  main.o(.text)
    Config_int_time6                         0x08000bdd   Thumb Code   112  main.o(.text)
    Config_int_time7                         0x08000c4d   Thumb Code   114  main.o(.text)
    Config_pwm_time_t8                       0x08000cbf   Thumb Code   250  main.o(.text)
    Config_pwm_time_t4                       0x08000db9   Thumb Code   194  main.o(.text)
    Config_pwm_time_t9                       0x08000e7b   Thumb Code   132  main.o(.text)
    Config_encoder_timer2_timer3             0x08000eff   Thumb Code   374  main.o(.text)
    Config_encoder_timer1                    0x08001075   Thumb Code   272  main.o(.text)
    Config_ADC1_DMA                          0x08001185   Thumb Code   296  main.o(.text)
    Config_int_uart1_rx                      0x080012ad   Thumb Code    40  main.o(.text)
    UART1_DMA_RX                             0x080012d5   Thumb Code   264  main.o(.text)
    UART2_DMA_TX                             0x080013dd   Thumb Code   268  main.o(.text)
    UART3_DMA_RX                             0x080014e9   Thumb Code   316  main.o(.text)
    UART4_DMA_RX                             0x08001625   Thumb Code   266  main.o(.text)
    UART5_DMA_TX                             0x0800172f   Thumb Code   298  main.o(.text)
    ngat_ngoai                               0x08001859   Thumb Code   104  main.o(.text)
    SEND_UART                                0x080018c1   Thumb Code   106  main.o(.text)
    RESET_ENCODER                            0x0800192b   Thumb Code    26  main.o(.text)
    run_read_gyro_uart1                      0x08001945   Thumb Code    40  main.o(.text)
    resetIMU                                 0x0800196d   Thumb Code    20  main.o(.text)
    run_read_gyro_uart3                      0x08001981   Thumb Code    88  main.o(.text)
    HMI_TRAN                                 0x080019d9   Thumb Code  1428  main.o(.text)
    DATA_SPEED_RUN_LOOP                      0x08001f6d   Thumb Code     8  main.o(.text)
    HMI_RUN_LOOP                             0x08001f75   Thumb Code    28  main.o(.text)
    SPIxmit                                  0x08001f91   Thumb Code   100  main.o(.text)
    gp_update_btn                            0x08001ff5   Thumb Code   108  main.o(.text)
    gp_get_mode                              0x08002061   Thumb Code    58  main.o(.text)
    get_Gamepad_Bluetouch                    0x0800209b   Thumb Code    70  main.o(.text)
    fixError_Gamepad_Bluetouch               0x080020e1   Thumb Code    52  main.o(.text)
    gp_get_mode_uart                         0x08002115   Thumb Code     8  main.o(.text)
    wantExit                                 0x0800211d   Thumb Code    18  main.o(.text)
    wantExit_UP                              0x0800212f   Thumb Code    18  main.o(.text)
    setMotor                                 0x08002141   Thumb Code    92  main.o(.text)
    setAllMotor                              0x0800219d   Thumb Code    12  main.o(.text)
    robotLock                                0x080021a9   Thumb Code    10  main.o(.text)
    robotIsStop                              0x080021b3   Thumb Code    30  main.o(.text)
    robotIsRun                               0x080021d1   Thumb Code    20  main.o(.text)
    robotResetIMU                            0x080021e5   Thumb Code     4  main.o(.text)
    robotAngle                               0x080021e9   Thumb Code    12  main.o(.text)
    roundF                                   0x080021f5   Thumb Code    38  main.o(.text)
    fixMotorValue                            0x0800221b   Thumb Code   114  main.o(.text)
    absF                                     0x0800228d   Thumb Code    16  main.o(.text)
    absI                                     0x0800229d   Thumb Code     8  main.o(.text)
    giaToc                                   0x080022a5   Thumb Code    42  main.o(.text)
    maxF3                                    0x080022cf   Thumb Code    94  main.o(.text)
    robotSpeed                               0x0800232d   Thumb Code     6  main.o(.text)
    robotFixAngle                            0x08002333   Thumb Code     6  main.o(.text)
    calculateMotor                           0x08002339   Thumb Code   466  main.o(.text)
    robotStop                                0x0800250b   Thumb Code    50  main.o(.text)
    robotRotateStop                          0x0800253d   Thumb Code    48  main.o(.text)
    robotSetACC                              0x0800256d   Thumb Code    14  main.o(.text)
    robotCurve                               0x0800257b   Thumb Code    60  main.o(.text)
    robotRotate                              0x080025b7   Thumb Code   112  main.o(.text)
    robotRotateFree                          0x08002627   Thumb Code     8  main.o(.text)
    robotRun                                 0x0800262f   Thumb Code     6  main.o(.text)
    robotRunAngle                            0x08002635   Thumb Code   216  main.o(.text)
    robotAngleAnalytics                      0x0800270d   Thumb Code   108  main.o(.text)
    robotDirectionAnalytics                  0x08002779   Thumb Code   426  main.o(.text)
    ac_Stop                                  0x08002923   Thumb Code    70  main.o(.text)
    ac_SpeedACC                              0x08002969   Thumb Code    26  main.o(.text)
    robotAnalytics                           0x08002983   Thumb Code   164  main.o(.text)
    robotGamePadControl                      0x08002a27   Thumb Code   376  main.o(.text)
    ADCValue_Control                         0x08002b9f   Thumb Code   142  main.o(.text)
    test_xl                                  0x08002c2d   Thumb Code   130  main.o(.text)
    testtaygap                               0x08002caf   Thumb Code     2  main.o(.text)
    testbanhxe                               0x08002cb1   Thumb Code     2  main.o(.text)
    dieuKhienCoCau                           0x08002cb3   Thumb Code    42  main.o(.text)
    bam_thanh_laze_ngang                     0x08002cdd   Thumb Code    20  main.o(.text)
    bam_thanh_laze_doc                       0x08002cf1   Thumb Code    20  main.o(.text)
    hah                                      0x08002d05   Thumb Code     2  main.o(.text)
    reset_all                                0x08002d07   Thumb Code    20  main.o(.text)
    laze_chay_silo                           0x08002d1b   Thumb Code    54  main.o(.text)
    tha_bong                                 0x08002d51   Thumb Code    44  main.o(.text)
    di_chuyen_ve                             0x08002d7d   Thumb Code   406  main.o(.text)
    duong_di_silo                            0x08002f13   Thumb Code   538  main.o(.text)
    di_chuyen                                0x0800312d   Thumb Code   312  main.o(.text)
    nhan_bong_trong_silo                     0x08003265   Thumb Code   198  main.o(.text)
    kiem_tra_di_chuyen                       0x0800332b   Thumb Code   298  main.o(.text)
    di_chuyen_len_1                          0x08003455   Thumb Code    22  main.o(.text)
    di_chuyen_len_2                          0x0800346b   Thumb Code    22  main.o(.text)
    di_chuyen_len_3                          0x08003481   Thumb Code    22  main.o(.text)
    di_chuyen_len_4                          0x08003497   Thumb Code    22  main.o(.text)
    di_chuyen_len_5                          0x080034ad   Thumb Code    22  main.o(.text)
    do_bong_trong_Analytics                  0x080034c3   Thumb Code   128  main.o(.text)
    kiem_tra_dung_tuong_trong_Analystics     0x08003543   Thumb Code    84  main.o(.text)
    do_bong                                  0x08003597   Thumb Code   536  main.o(.text)
    XuatPhat                                 0x080037af   Thumb Code  1136  main.o(.text)
    di_chuyen_len_bo_bong_thu_3              0x08003c1f   Thumb Code    58  main.o(.text)
    di_chuyen_len                            0x08003c59   Thumb Code   140  main.o(.text)
    quy_trinh_lua_bong_up_silo               0x08003ce5   Thumb Code   154  main.o(.text)
    XuatPhatRetry                            0x08003d7f   Thumb Code   808  main.o(.text)
    retry                                    0x080040a7   Thumb Code    78  main.o(.text)
    THI                                      0x080040f5   Thumb Code    80  main.o(.text)
    bai1                                     0x08004145   Thumb Code   100  main.o(.text)
    test                                     0x080041a9   Thumb Code     2  main.o(.text)
    main                                     0x080042a9   Thumb Code    58  main.o(.text)
    SystemInit                               0x080043e7   Thumb Code    62  system_stm32f4xx.o(.text)
    SystemCoreClockUpdate                    0x08004425   Thumb Code   108  system_stm32f4xx.o(.text)
    Reset_Handler                            0x080044b5   Thumb Code     8  startup_stm32f4xx.o(.text)
    ADC_IRQHandler                           0x080044cf   Thumb Code     0  startup_stm32f4xx.o(.text)
    CAN1_RX0_IRQHandler                      0x080044cf   Thumb Code     0  startup_stm32f4xx.o(.text)
    CAN1_RX1_IRQHandler                      0x080044cf   Thumb Code     0  startup_stm32f4xx.o(.text)
    CAN1_SCE_IRQHandler                      0x080044cf   Thumb Code     0  startup_stm32f4xx.o(.text)
    CAN1_TX_IRQHandler                       0x080044cf   Thumb Code     0  startup_stm32f4xx.o(.text)
    CAN2_RX0_IRQHandler                      0x080044cf   Thumb Code     0  startup_stm32f4xx.o(.text)
    CAN2_RX1_IRQHandler                      0x080044cf   Thumb Code     0  startup_stm32f4xx.o(.text)
    CAN2_SCE_IRQHandler                      0x080044cf   Thumb Code     0  startup_stm32f4xx.o(.text)
    CAN2_TX_IRQHandler                       0x080044cf   Thumb Code     0  startup_stm32f4xx.o(.text)
    CRYP_IRQHandler                          0x080044cf   Thumb Code     0  startup_stm32f4xx.o(.text)
    DCMI_IRQHandler                          0x080044cf   Thumb Code     0  startup_stm32f4xx.o(.text)
    DMA1_Stream3_IRQHandler                  0x080044cf   Thumb Code     0  startup_stm32f4xx.o(.text)
    DMA1_Stream5_IRQHandler                  0x080044cf   Thumb Code     0  startup_stm32f4xx.o(.text)
    DMA2_Stream0_IRQHandler                  0x080044cf   Thumb Code     0  startup_stm32f4xx.o(.text)
    DMA2_Stream1_IRQHandler                  0x080044cf   Thumb Code     0  startup_stm32f4xx.o(.text)
    DMA2_Stream3_IRQHandler                  0x080044cf   Thumb Code     0  startup_stm32f4xx.o(.text)
    DMA2_Stream4_IRQHandler                  0x080044cf   Thumb Code     0  startup_stm32f4xx.o(.text)
    DMA2_Stream6_IRQHandler                  0x080044cf   Thumb Code     0  startup_stm32f4xx.o(.text)
    DMA2_Stream7_IRQHandler                  0x080044cf   Thumb Code     0  startup_stm32f4xx.o(.text)
    ETH_IRQHandler                           0x080044cf   Thumb Code     0  startup_stm32f4xx.o(.text)
    ETH_WKUP_IRQHandler                      0x080044cf   Thumb Code     0  startup_stm32f4xx.o(.text)
    EXTI0_IRQHandler                         0x080044cf   Thumb Code     0  startup_stm32f4xx.o(.text)
    EXTI15_10_IRQHandler                     0x080044cf   Thumb Code     0  startup_stm32f4xx.o(.text)
    EXTI1_IRQHandler                         0x080044cf   Thumb Code     0  startup_stm32f4xx.o(.text)
    EXTI4_IRQHandler                         0x080044cf   Thumb Code     0  startup_stm32f4xx.o(.text)
    EXTI9_5_IRQHandler                       0x080044cf   Thumb Code     0  startup_stm32f4xx.o(.text)
    FLASH_IRQHandler                         0x080044cf   Thumb Code     0  startup_stm32f4xx.o(.text)
    FPU_IRQHandler                           0x080044cf   Thumb Code     0  startup_stm32f4xx.o(.text)
    FSMC_IRQHandler                          0x080044cf   Thumb Code     0  startup_stm32f4xx.o(.text)
    HASH_RNG_IRQHandler                      0x080044cf   Thumb Code     0  startup_stm32f4xx.o(.text)
    I2C1_ER_IRQHandler                       0x080044cf   Thumb Code     0  startup_stm32f4xx.o(.text)
    I2C1_EV_IRQHandler                       0x080044cf   Thumb Code     0  startup_stm32f4xx.o(.text)
    I2C2_ER_IRQHandler                       0x080044cf   Thumb Code     0  startup_stm32f4xx.o(.text)
    I2C2_EV_IRQHandler                       0x080044cf   Thumb Code     0  startup_stm32f4xx.o(.text)
    I2C3_ER_IRQHandler                       0x080044cf   Thumb Code     0  startup_stm32f4xx.o(.text)
    I2C3_EV_IRQHandler                       0x080044cf   Thumb Code     0  startup_stm32f4xx.o(.text)
    OTG_FS_IRQHandler                        0x080044cf   Thumb Code     0  startup_stm32f4xx.o(.text)
    OTG_FS_WKUP_IRQHandler                   0x080044cf   Thumb Code     0  startup_stm32f4xx.o(.text)
    OTG_HS_EP1_IN_IRQHandler                 0x080044cf   Thumb Code     0  startup_stm32f4xx.o(.text)
    OTG_HS_EP1_OUT_IRQHandler                0x080044cf   Thumb Code     0  startup_stm32f4xx.o(.text)
    OTG_HS_IRQHandler                        0x080044cf   Thumb Code     0  startup_stm32f4xx.o(.text)
    OTG_HS_WKUP_IRQHandler                   0x080044cf   Thumb Code     0  startup_stm32f4xx.o(.text)
    PVD_IRQHandler                           0x080044cf   Thumb Code     0  startup_stm32f4xx.o(.text)
    RCC_IRQHandler                           0x080044cf   Thumb Code     0  startup_stm32f4xx.o(.text)
    RTC_Alarm_IRQHandler                     0x080044cf   Thumb Code     0  startup_stm32f4xx.o(.text)
    RTC_WKUP_IRQHandler                      0x080044cf   Thumb Code     0  startup_stm32f4xx.o(.text)
    SDIO_IRQHandler                          0x080044cf   Thumb Code     0  startup_stm32f4xx.o(.text)
    SPI2_IRQHandler                          0x080044cf   Thumb Code     0  startup_stm32f4xx.o(.text)
    TAMP_STAMP_IRQHandler                    0x080044cf   Thumb Code     0  startup_stm32f4xx.o(.text)
    TIM1_BRK_TIM9_IRQHandler                 0x080044cf   Thumb Code     0  startup_stm32f4xx.o(.text)
    TIM1_CC_IRQHandler                       0x080044cf   Thumb Code     0  startup_stm32f4xx.o(.text)
    TIM8_BRK_TIM12_IRQHandler                0x080044cf   Thumb Code     0  startup_stm32f4xx.o(.text)
    TIM8_CC_IRQHandler                       0x080044cf   Thumb Code     0  startup_stm32f4xx.o(.text)
    TIM8_TRG_COM_TIM14_IRQHandler            0x080044cf   Thumb Code     0  startup_stm32f4xx.o(.text)
    TIM8_UP_TIM13_IRQHandler                 0x080044cf   Thumb Code     0  startup_stm32f4xx.o(.text)
    UART4_IRQHandler                         0x080044cf   Thumb Code     0  startup_stm32f4xx.o(.text)
    UART5_IRQHandler                         0x080044cf   Thumb Code     0  startup_stm32f4xx.o(.text)
    USART2_IRQHandler                        0x080044cf   Thumb Code     0  startup_stm32f4xx.o(.text)
    USART3_IRQHandler                        0x080044cf   Thumb Code     0  startup_stm32f4xx.o(.text)
    USART6_IRQHandler                        0x080044cf   Thumb Code     0  startup_stm32f4xx.o(.text)
    WWDG_IRQHandler                          0x080044cf   Thumb Code     0  startup_stm32f4xx.o(.text)
    NVIC_PriorityGroupConfig                 0x080044d9   Thumb Code    10  misc.o(.text)
    NVIC_Init                                0x080044e3   Thumb Code    96  misc.o(.text)
    NVIC_SetVectorTable                      0x08004543   Thumb Code    14  misc.o(.text)
    NVIC_SystemLPConfig                      0x08004551   Thumb Code    20  misc.o(.text)
    SysTick_CLKSourceConfig                  0x08004565   Thumb Code    24  misc.o(.text)
    GPIO_DeInit                              0x08004589   Thumb Code   192  stm32f4xx_gpio.o(.text)
    GPIO_Init                                0x08004649   Thumb Code   162  stm32f4xx_gpio.o(.text)
    GPIO_StructInit                          0x080046eb   Thumb Code    18  stm32f4xx_gpio.o(.text)
    GPIO_PinLockConfig                       0x080046fd   Thumb Code    24  stm32f4xx_gpio.o(.text)
    GPIO_ReadInputDataBit                    0x08004715   Thumb Code    14  stm32f4xx_gpio.o(.text)
    GPIO_ReadInputData                       0x08004723   Thumb Code     6  stm32f4xx_gpio.o(.text)
    GPIO_ReadOutputDataBit                   0x08004729   Thumb Code    14  stm32f4xx_gpio.o(.text)
    GPIO_ReadOutputData                      0x08004737   Thumb Code     6  stm32f4xx_gpio.o(.text)
    GPIO_SetBits                             0x0800473d   Thumb Code     4  stm32f4xx_gpio.o(.text)
    GPIO_ResetBits                           0x08004741   Thumb Code     4  stm32f4xx_gpio.o(.text)
    GPIO_WriteBit                            0x08004745   Thumb Code    10  stm32f4xx_gpio.o(.text)
    GPIO_Write                               0x0800474f   Thumb Code     4  stm32f4xx_gpio.o(.text)
    GPIO_ToggleBits                          0x08004753   Thumb Code     8  stm32f4xx_gpio.o(.text)
    GPIO_PinAFConfig                         0x0800475b   Thumb Code    32  stm32f4xx_gpio.o(.text)
    RCC_DeInit                               0x080047a1   Thumb Code    48  stm32f4xx_rcc.o(.text)
    RCC_HSEConfig                            0x080047d1   Thumb Code    12  stm32f4xx_rcc.o(.text)
    RCC_GetFlagStatus                        0x080047dd   Thumb Code    46  stm32f4xx_rcc.o(.text)
    RCC_WaitForHSEStartUp                    0x0800480b   Thumb Code    44  stm32f4xx_rcc.o(.text)
    RCC_AdjustHSICalibrationValue            0x08004837   Thumb Code    16  stm32f4xx_rcc.o(.text)
    RCC_HSICmd                               0x08004847   Thumb Code     6  stm32f4xx_rcc.o(.text)
    RCC_LSEConfig                            0x0800484d   Thumb Code    24  stm32f4xx_rcc.o(.text)
    RCC_LSICmd                               0x08004865   Thumb Code     6  stm32f4xx_rcc.o(.text)
    RCC_PLLConfig                            0x0800486b   Thumb Code    32  stm32f4xx_rcc.o(.text)
    RCC_PLLCmd                               0x0800488b   Thumb Code     6  stm32f4xx_rcc.o(.text)
    RCC_PLLI2SConfig                         0x08004891   Thumb Code    14  stm32f4xx_rcc.o(.text)
    RCC_PLLI2SCmd                            0x0800489f   Thumb Code     6  stm32f4xx_rcc.o(.text)
    RCC_ClockSecuritySystemCmd               0x080048a5   Thumb Code     6  stm32f4xx_rcc.o(.text)
    RCC_MCO1Config                           0x080048ab   Thumb Code    18  stm32f4xx_rcc.o(.text)
    RCC_MCO2Config                           0x080048bd   Thumb Code    18  stm32f4xx_rcc.o(.text)
    RCC_SYSCLKConfig                         0x080048cf   Thumb Code    16  stm32f4xx_rcc.o(.text)
    RCC_GetSYSCLKSource                      0x080048df   Thumb Code    12  stm32f4xx_rcc.o(.text)
    RCC_HCLKConfig                           0x080048eb   Thumb Code    16  stm32f4xx_rcc.o(.text)
    RCC_PCLK1Config                          0x080048fb   Thumb Code    16  stm32f4xx_rcc.o(.text)
    RCC_PCLK2Config                          0x0800490b   Thumb Code    18  stm32f4xx_rcc.o(.text)
    RCC_GetClocksFreq                        0x0800491d   Thumb Code   134  stm32f4xx_rcc.o(.text)
    RCC_RTCCLKConfig                         0x080049a3   Thumb Code    42  stm32f4xx_rcc.o(.text)
    RCC_RTCCLKCmd                            0x080049cd   Thumb Code     8  stm32f4xx_rcc.o(.text)
    RCC_BackupResetCmd                       0x080049d5   Thumb Code     8  stm32f4xx_rcc.o(.text)
    RCC_I2SCLKConfig                         0x080049dd   Thumb Code     8  stm32f4xx_rcc.o(.text)
    RCC_AHB1PeriphClockCmd                   0x080049e5   Thumb Code    20  stm32f4xx_rcc.o(.text)
    RCC_AHB2PeriphClockCmd                   0x080049f9   Thumb Code    20  stm32f4xx_rcc.o(.text)
    RCC_AHB3PeriphClockCmd                   0x08004a0d   Thumb Code    20  stm32f4xx_rcc.o(.text)
    RCC_APB1PeriphClockCmd                   0x08004a21   Thumb Code    20  stm32f4xx_rcc.o(.text)
    RCC_APB2PeriphClockCmd                   0x08004a35   Thumb Code    20  stm32f4xx_rcc.o(.text)
    RCC_AHB1PeriphResetCmd                   0x08004a49   Thumb Code    20  stm32f4xx_rcc.o(.text)
    RCC_AHB2PeriphResetCmd                   0x08004a5d   Thumb Code    20  stm32f4xx_rcc.o(.text)
    RCC_AHB3PeriphResetCmd                   0x08004a71   Thumb Code    20  stm32f4xx_rcc.o(.text)
    RCC_APB1PeriphResetCmd                   0x08004a85   Thumb Code    20  stm32f4xx_rcc.o(.text)
    RCC_APB2PeriphResetCmd                   0x08004a99   Thumb Code    20  stm32f4xx_rcc.o(.text)
    RCC_AHB1PeriphClockLPModeCmd             0x08004aad   Thumb Code    20  stm32f4xx_rcc.o(.text)
    RCC_AHB2PeriphClockLPModeCmd             0x08004ac1   Thumb Code    20  stm32f4xx_rcc.o(.text)
    RCC_AHB3PeriphClockLPModeCmd             0x08004ad5   Thumb Code    20  stm32f4xx_rcc.o(.text)
    RCC_APB1PeriphClockLPModeCmd             0x08004ae9   Thumb Code    20  stm32f4xx_rcc.o(.text)
    RCC_APB2PeriphClockLPModeCmd             0x08004afd   Thumb Code    20  stm32f4xx_rcc.o(.text)
    RCC_ITConfig                             0x08004b11   Thumb Code    20  stm32f4xx_rcc.o(.text)
    RCC_ClearFlag                            0x08004b25   Thumb Code    14  stm32f4xx_rcc.o(.text)
    RCC_GetITStatus                          0x08004b33   Thumb Code    18  stm32f4xx_rcc.o(.text)
    RCC_ClearITPendingBit                    0x08004b45   Thumb Code     8  stm32f4xx_rcc.o(.text)
    ADC_DeInit                               0x08004b71   Thumb Code    24  stm32f4xx_adc.o(.text)
    ADC_Init                                 0x08004b89   Thumb Code    66  stm32f4xx_adc.o(.text)
    ADC_StructInit                           0x08004bcb   Thumb Code    20  stm32f4xx_adc.o(.text)
    ADC_CommonInit                           0x08004bdf   Thumb Code    34  stm32f4xx_adc.o(.text)
    ADC_CommonStructInit                     0x08004c01   Thumb Code    12  stm32f4xx_adc.o(.text)
    ADC_Cmd                                  0x08004c0d   Thumb Code    20  stm32f4xx_adc.o(.text)
    ADC_AnalogWatchdogCmd                    0x08004c21   Thumb Code    12  stm32f4xx_adc.o(.text)
    ADC_AnalogWatchdogThresholdsConfig       0x08004c2d   Thumb Code     6  stm32f4xx_adc.o(.text)
    ADC_AnalogWatchdogSingleChannelConfig    0x08004c33   Thumb Code    12  stm32f4xx_adc.o(.text)
    ADC_TempSensorVrefintCmd                 0x08004c3f   Thumb Code    26  stm32f4xx_adc.o(.text)
    ADC_VBATCmd                              0x08004c59   Thumb Code    26  stm32f4xx_adc.o(.text)
    ADC_RegularChannelConfig                 0x08004c73   Thumb Code   116  stm32f4xx_adc.o(.text)
    ADC_SoftwareStartConv                    0x08004ce7   Thumb Code    10  stm32f4xx_adc.o(.text)
    ADC_GetSoftwareStartConvStatus           0x08004cf1   Thumb Code    14  stm32f4xx_adc.o(.text)
    ADC_EOCOnEachRegularChannelCmd           0x08004cff   Thumb Code    20  stm32f4xx_adc.o(.text)
    ADC_ContinuousModeCmd                    0x08004d13   Thumb Code    20  stm32f4xx_adc.o(.text)
    ADC_DiscModeChannelCountConfig           0x08004d27   Thumb Code    16  stm32f4xx_adc.o(.text)
    ADC_DiscModeCmd                          0x08004d37   Thumb Code    20  stm32f4xx_adc.o(.text)
    ADC_GetConversionValue                   0x08004d4b   Thumb Code     6  stm32f4xx_adc.o(.text)
    ADC_GetMultiModeConversionValue          0x08004d51   Thumb Code     8  stm32f4xx_adc.o(.text)
    ADC_DMACmd                               0x08004d59   Thumb Code    20  stm32f4xx_adc.o(.text)
    ADC_DMARequestAfterLastTransferCmd       0x08004d6d   Thumb Code    20  stm32f4xx_adc.o(.text)
    ADC_MultiModeDMARequestAfterLastTransferCmd 0x08004d81   Thumb Code    26  stm32f4xx_adc.o(.text)
    ADC_InjectedChannelConfig                0x08004d9b   Thumb Code    74  stm32f4xx_adc.o(.text)
    ADC_InjectedSequencerLengthConfig        0x08004de5   Thumb Code    16  stm32f4xx_adc.o(.text)
    ADC_SetInjectedOffset                    0x08004df5   Thumb Code    10  stm32f4xx_adc.o(.text)
    ADC_ExternalTrigInjectedConvConfig       0x08004dff   Thumb Code    12  stm32f4xx_adc.o(.text)
    ADC_ExternalTrigInjectedConvEdgeConfig   0x08004e0b   Thumb Code    12  stm32f4xx_adc.o(.text)
    ADC_SoftwareStartInjectedConv            0x08004e17   Thumb Code    10  stm32f4xx_adc.o(.text)
    ADC_GetSoftwareStartInjectedConvCmdStatus 0x08004e21   Thumb Code    14  stm32f4xx_adc.o(.text)
    ADC_AutoInjectedConvCmd                  0x08004e2f   Thumb Code    20  stm32f4xx_adc.o(.text)
    ADC_InjectedDiscModeCmd                  0x08004e43   Thumb Code    20  stm32f4xx_adc.o(.text)
    ADC_GetInjectedConversionValue           0x08004e57   Thumb Code    14  stm32f4xx_adc.o(.text)
    ADC_ITConfig                             0x08004e65   Thumb Code    18  stm32f4xx_adc.o(.text)
    ADC_GetFlagStatus                        0x08004e77   Thumb Code    14  stm32f4xx_adc.o(.text)
    ADC_ClearFlag                            0x08004e85   Thumb Code     6  stm32f4xx_adc.o(.text)
    ADC_GetITStatus                          0x08004e8b   Thumb Code    30  stm32f4xx_adc.o(.text)
    ADC_ClearITPendingBit                    0x08004ea9   Thumb Code     8  stm32f4xx_adc.o(.text)
    DMA_DeInit                               0x08004ec5   Thumb Code   272  stm32f4xx_dma.o(.text)
    DMA_Init                                 0x08004fd5   Thumb Code    80  stm32f4xx_dma.o(.text)
    DMA_StructInit                           0x08005025   Thumb Code    34  stm32f4xx_dma.o(.text)
    DMA_Cmd                                  0x08005047   Thumb Code    20  stm32f4xx_dma.o(.text)
    DMA_PeriphIncOffsetSizeConfig            0x0800505b   Thumb Code    20  stm32f4xx_dma.o(.text)
    DMA_FlowControllerConfig                 0x0800506f   Thumb Code    20  stm32f4xx_dma.o(.text)
    DMA_SetCurrDataCounter                   0x08005083   Thumb Code     4  stm32f4xx_dma.o(.text)
    DMA_GetCurrDataCounter                   0x08005087   Thumb Code     6  stm32f4xx_dma.o(.text)
    DMA_DoubleBufferModeConfig               0x0800508d   Thumb Code    22  stm32f4xx_dma.o(.text)
    DMA_DoubleBufferModeCmd                  0x080050a3   Thumb Code    20  stm32f4xx_dma.o(.text)
    DMA_MemoryTargetConfig                   0x080050b7   Thumb Code    10  stm32f4xx_dma.o(.text)
    DMA_GetCurrentMemoryTarget               0x080050c1   Thumb Code    14  stm32f4xx_dma.o(.text)
    DMA_GetCmdStatus                         0x080050cf   Thumb Code    14  stm32f4xx_dma.o(.text)
    DMA_GetFIFOStatus                        0x080050dd   Thumb Code     8  stm32f4xx_dma.o(.text)
    DMA_GetFlagStatus                        0x080050e5   Thumb Code    42  stm32f4xx_dma.o(.text)
    DMA_ClearFlag                            0x0800510f   Thumb Code    34  stm32f4xx_dma.o(.text)
    DMA_ITConfig                             0x08005131   Thumb Code    44  stm32f4xx_dma.o(.text)
    DMA_GetITStatus                          0x0800515d   Thumb Code    70  stm32f4xx_dma.o(.text)
    DMA_ClearITPendingBit                    0x080051a3   Thumb Code    34  stm32f4xx_dma.o(.text)
    EXTI_DeInit                              0x080051e5   Thumb Code    28  stm32f4xx_exti.o(.text)
    EXTI_Init                                0x08005201   Thumb Code   108  stm32f4xx_exti.o(.text)
    EXTI_StructInit                          0x0800526d   Thumb Code    14  stm32f4xx_exti.o(.text)
    EXTI_GenerateSWInterrupt                 0x0800527b   Thumb Code    12  stm32f4xx_exti.o(.text)
    EXTI_GetFlagStatus                       0x08005287   Thumb Code    18  stm32f4xx_exti.o(.text)
    EXTI_ClearFlag                           0x08005299   Thumb Code     8  stm32f4xx_exti.o(.text)
    EXTI_GetITStatus                         0x080052a1   Thumb Code    28  stm32f4xx_exti.o(.text)
    EXTI_ClearITPendingBit                   0x080052bd   Thumb Code     8  stm32f4xx_exti.o(.text)
    TIM_DeInit                               0x080052cd   Thumb Code   284  stm32f4xx_tim.o(.text)
    TIM_TimeBaseInit                         0x080053e9   Thumb Code    96  stm32f4xx_tim.o(.text)
    TIM_TimeBaseStructInit                   0x08005449   Thumb Code    18  stm32f4xx_tim.o(.text)
    TIM_PrescalerConfig                      0x0800545b   Thumb Code     6  stm32f4xx_tim.o(.text)
    TIM_CounterModeConfig                    0x08005461   Thumb Code    12  stm32f4xx_tim.o(.text)
    TIM_SetCounter                           0x0800546d   Thumb Code     4  stm32f4xx_tim.o(.text)
    TIM_SetAutoreload                        0x08005471   Thumb Code     4  stm32f4xx_tim.o(.text)
    TIM_GetCounter                           0x08005475   Thumb Code     4  stm32f4xx_tim.o(.text)
    TIM_GetPrescaler                         0x08005479   Thumb Code     4  stm32f4xx_tim.o(.text)
    TIM_UpdateDisableConfig                  0x0800547d   Thumb Code    20  stm32f4xx_tim.o(.text)
    TIM_UpdateRequestConfig                  0x08005491   Thumb Code    20  stm32f4xx_tim.o(.text)
    TIM_ARRPreloadConfig                     0x080054a5   Thumb Code    20  stm32f4xx_tim.o(.text)
    TIM_SelectOnePulseMode                   0x080054b9   Thumb Code    16  stm32f4xx_tim.o(.text)
    TIM_SetClockDivision                     0x080054c9   Thumb Code    16  stm32f4xx_tim.o(.text)
    TIM_Cmd                                  0x080054d9   Thumb Code    20  stm32f4xx_tim.o(.text)
    TIM_OC1Init                              0x080054ed   Thumb Code    88  stm32f4xx_tim.o(.text)
    TIM_OC2Init                              0x08005545   Thumb Code   120  stm32f4xx_tim.o(.text)
    TIM_OC3Init                              0x080055bd   Thumb Code   116  stm32f4xx_tim.o(.text)
    TIM_OC4Init                              0x08005631   Thumb Code    88  stm32f4xx_tim.o(.text)
    TIM_OCStructInit                         0x08005689   Thumb Code    20  stm32f4xx_tim.o(.text)
    TIM_SelectOCxM                           0x0800569d   Thumb Code   130  stm32f4xx_tim.o(.text)
    TIM_SetCompare1                          0x0800571f   Thumb Code     4  stm32f4xx_tim.o(.text)
    TIM_SetCompare2                          0x08005723   Thumb Code     4  stm32f4xx_tim.o(.text)
    TIM_SetCompare3                          0x08005727   Thumb Code     4  stm32f4xx_tim.o(.text)
    TIM_SetCompare4                          0x0800572b   Thumb Code     4  stm32f4xx_tim.o(.text)
    TIM_ForcedOC1Config                      0x0800572f   Thumb Code    12  stm32f4xx_tim.o(.text)
    TIM_ForcedOC2Config                      0x0800573b   Thumb Code    20  stm32f4xx_tim.o(.text)
    TIM_ForcedOC3Config                      0x0800574f   Thumb Code    12  stm32f4xx_tim.o(.text)
    TIM_ForcedOC4Config                      0x0800575b   Thumb Code    20  stm32f4xx_tim.o(.text)
    TIM_OC1PreloadConfig                     0x0800576f   Thumb Code    12  stm32f4xx_tim.o(.text)
    TIM_OC2PreloadConfig                     0x0800577b   Thumb Code    20  stm32f4xx_tim.o(.text)
    TIM_OC3PreloadConfig                     0x0800578f   Thumb Code    12  stm32f4xx_tim.o(.text)
    TIM_OC4PreloadConfig                     0x0800579b   Thumb Code    20  stm32f4xx_tim.o(.text)
    TIM_OC1FastConfig                        0x080057af   Thumb Code    12  stm32f4xx_tim.o(.text)
    TIM_OC2FastConfig                        0x080057bb   Thumb Code    20  stm32f4xx_tim.o(.text)
    TIM_OC3FastConfig                        0x080057cf   Thumb Code    12  stm32f4xx_tim.o(.text)
    TIM_OC4FastConfig                        0x080057db   Thumb Code    20  stm32f4xx_tim.o(.text)
    TIM_ClearOC1Ref                          0x080057ef   Thumb Code    12  stm32f4xx_tim.o(.text)
    TIM_ClearOC2Ref                          0x080057fb   Thumb Code    20  stm32f4xx_tim.o(.text)
    TIM_ClearOC3Ref                          0x0800580f   Thumb Code    12  stm32f4xx_tim.o(.text)
    TIM_ClearOC4Ref                          0x0800581b   Thumb Code    20  stm32f4xx_tim.o(.text)
    TIM_OC1PolarityConfig                    0x0800582f   Thumb Code    12  stm32f4xx_tim.o(.text)
    TIM_OC1NPolarityConfig                   0x0800583b   Thumb Code    12  stm32f4xx_tim.o(.text)
    TIM_OC2PolarityConfig                    0x08005847   Thumb Code    20  stm32f4xx_tim.o(.text)
    TIM_OC2NPolarityConfig                   0x0800585b   Thumb Code    20  stm32f4xx_tim.o(.text)
    TIM_OC3PolarityConfig                    0x0800586f   Thumb Code    20  stm32f4xx_tim.o(.text)
    TIM_OC3NPolarityConfig                   0x08005883   Thumb Code    20  stm32f4xx_tim.o(.text)
    TIM_OC4PolarityConfig                    0x08005897   Thumb Code    20  stm32f4xx_tim.o(.text)
    TIM_CCxCmd                               0x080058ab   Thumb Code    22  stm32f4xx_tim.o(.text)
    TIM_CCxNCmd                              0x080058c1   Thumb Code    22  stm32f4xx_tim.o(.text)
    TIM_SetIC4Prescaler                      0x080058d7   Thumb Code    24  stm32f4xx_tim.o(.text)
    TIM_SetIC3Prescaler                      0x080058ef   Thumb Code    16  stm32f4xx_tim.o(.text)
    TIM_SetIC2Prescaler                      0x080058ff   Thumb Code    24  stm32f4xx_tim.o(.text)
    TIM_SetIC1Prescaler                      0x0800594d   Thumb Code    16  stm32f4xx_tim.o(.text)
    TIM_ICInit                               0x0800595d   Thumb Code   164  stm32f4xx_tim.o(.text)
    TIM_ICStructInit                         0x08005a01   Thumb Code    16  stm32f4xx_tim.o(.text)
    TIM_PWMIConfig                           0x08005a11   Thumb Code   104  stm32f4xx_tim.o(.text)
    TIM_GetCapture1                          0x08005a79   Thumb Code     4  stm32f4xx_tim.o(.text)
    TIM_GetCapture2                          0x08005a7d   Thumb Code     4  stm32f4xx_tim.o(.text)
    TIM_GetCapture3                          0x08005a81   Thumb Code     4  stm32f4xx_tim.o(.text)
    TIM_GetCapture4                          0x08005a85   Thumb Code     4  stm32f4xx_tim.o(.text)
    TIM_BDTRConfig                           0x08005a89   Thumb Code    34  stm32f4xx_tim.o(.text)
    TIM_BDTRStructInit                       0x08005aab   Thumb Code    18  stm32f4xx_tim.o(.text)
    TIM_CtrlPWMOutputs                       0x08005abd   Thumb Code    22  stm32f4xx_tim.o(.text)
    TIM_SelectCOM                            0x08005ad3   Thumb Code    20  stm32f4xx_tim.o(.text)
    TIM_CCPreloadControl                     0x08005ae7   Thumb Code    20  stm32f4xx_tim.o(.text)
    TIM_ITConfig                             0x08005afb   Thumb Code    16  stm32f4xx_tim.o(.text)
    TIM_GenerateEvent                        0x08005b0b   Thumb Code     4  stm32f4xx_tim.o(.text)
    TIM_GetFlagStatus                        0x08005b0f   Thumb Code    14  stm32f4xx_tim.o(.text)
    TIM_ClearFlag                            0x08005b1d   Thumb Code     6  stm32f4xx_tim.o(.text)
    TIM_GetITStatus                          0x08005b23   Thumb Code    24  stm32f4xx_tim.o(.text)
    TIM_ClearITPendingBit                    0x08005b3b   Thumb Code     6  stm32f4xx_tim.o(.text)
    TIM_DMAConfig                            0x08005b41   Thumb Code     8  stm32f4xx_tim.o(.text)
    TIM_DMACmd                               0x08005b49   Thumb Code    16  stm32f4xx_tim.o(.text)
    TIM_SelectCCDMA                          0x08005b59   Thumb Code    20  stm32f4xx_tim.o(.text)
    TIM_InternalClockConfig                  0x08005b6d   Thumb Code    10  stm32f4xx_tim.o(.text)
    TIM_SelectInputTrigger                   0x08005b77   Thumb Code    12  stm32f4xx_tim.o(.text)
    TIM_ITRxExternalClockConfig              0x08005b83   Thumb Code    18  stm32f4xx_tim.o(.text)
    TIM_TIxExternalClockConfig               0x08005b95   Thumb Code    46  stm32f4xx_tim.o(.text)
    TIM_ETRConfig                            0x08005bc3   Thumb Code    24  stm32f4xx_tim.o(.text)
    TIM_ETRClockMode1Config                  0x08005bdb   Thumb Code    18  stm32f4xx_tim.o(.text)
    TIM_ETRClockMode2Config                  0x08005bed   Thumb Code    18  stm32f4xx_tim.o(.text)
    TIM_SelectOutputTrigger                  0x08005bff   Thumb Code    16  stm32f4xx_tim.o(.text)
    TIM_SelectSlaveMode                      0x08005c0f   Thumb Code    16  stm32f4xx_tim.o(.text)
    TIM_SelectMasterSlaveMode                0x08005c1f   Thumb Code    16  stm32f4xx_tim.o(.text)
    TIM_EncoderInterfaceConfig               0x08005c2f   Thumb Code    50  stm32f4xx_tim.o(.text)
    TIM_SelectHallSensor                     0x08005c61   Thumb Code    20  stm32f4xx_tim.o(.text)
    TIM_RemapConfig                          0x08005c75   Thumb Code     6  stm32f4xx_tim.o(.text)
    USART_DeInit                             0x08005ca9   Thumb Code   114  stm32f4xx_usart.o(.text)
    USART_Init                               0x08005d1b   Thumb Code   164  stm32f4xx_usart.o(.text)
    USART_StructInit                         0x08005dbf   Thumb Code    22  stm32f4xx_usart.o(.text)
    USART_ClockInit                          0x08005dd5   Thumb Code    28  stm32f4xx_usart.o(.text)
    USART_ClockStructInit                    0x08005df1   Thumb Code    12  stm32f4xx_usart.o(.text)
    USART_Cmd                                0x08005dfd   Thumb Code    20  stm32f4xx_usart.o(.text)
    USART_SetPrescaler                       0x08005e11   Thumb Code    16  stm32f4xx_usart.o(.text)
    USART_OverSampling8Cmd                   0x08005e21   Thumb Code    20  stm32f4xx_usart.o(.text)
    USART_OneBitMethodCmd                    0x08005e35   Thumb Code    20  stm32f4xx_usart.o(.text)
    USART_SendData                           0x08005e49   Thumb Code     8  stm32f4xx_usart.o(.text)
    USART_ReceiveData                        0x08005e51   Thumb Code     8  stm32f4xx_usart.o(.text)
    USART_SetAddress                         0x08005e59   Thumb Code    16  stm32f4xx_usart.o(.text)
    USART_ReceiverWakeUpCmd                  0x08005e69   Thumb Code    20  stm32f4xx_usart.o(.text)
    USART_WakeUpConfig                       0x08005e7d   Thumb Code    16  stm32f4xx_usart.o(.text)
    USART_LINBreakDetectLengthConfig         0x08005e8d   Thumb Code    16  stm32f4xx_usart.o(.text)
    USART_LINCmd                             0x08005e9d   Thumb Code    20  stm32f4xx_usart.o(.text)
    USART_SendBreak                          0x08005eb1   Thumb Code    10  stm32f4xx_usart.o(.text)
    USART_HalfDuplexCmd                      0x08005ebb   Thumb Code    20  stm32f4xx_usart.o(.text)
    USART_SetGuardTime                       0x08005ecf   Thumb Code    16  stm32f4xx_usart.o(.text)
    USART_SmartCardCmd                       0x08005edf   Thumb Code    20  stm32f4xx_usart.o(.text)
    USART_SmartCardNACKCmd                   0x08005ef3   Thumb Code    20  stm32f4xx_usart.o(.text)
    USART_IrDAConfig                         0x08005f07   Thumb Code    16  stm32f4xx_usart.o(.text)
    USART_IrDACmd                            0x08005f17   Thumb Code    20  stm32f4xx_usart.o(.text)
    USART_DMACmd                             0x08005f2b   Thumb Code    16  stm32f4xx_usart.o(.text)
    USART_ITConfig                           0x08005f3b   Thumb Code    48  stm32f4xx_usart.o(.text)
    USART_GetFlagStatus                      0x08005f6b   Thumb Code    14  stm32f4xx_usart.o(.text)
    USART_ClearFlag                          0x08005f79   Thumb Code     6  stm32f4xx_usart.o(.text)
    USART_GetITStatus                        0x08005f7f   Thumb Code    62  stm32f4xx_usart.o(.text)
    USART_ClearITPendingBit                  0x08005fbd   Thumb Code    12  stm32f4xx_usart.o(.text)
    SYSCFG_DeInit                            0x08005fe1   Thumb Code    24  stm32f4xx_syscfg.o(.text)
    SYSCFG_MemoryRemapConfig                 0x08005ff9   Thumb Code     6  stm32f4xx_syscfg.o(.text)
    SYSCFG_EXTILineConfig                    0x08005fff   Thumb Code    42  stm32f4xx_syscfg.o(.text)
    SYSCFG_ETH_MediaInterfaceConfig          0x08006029   Thumb Code     8  stm32f4xx_syscfg.o(.text)
    SYSCFG_CompensationCellCmd               0x08006031   Thumb Code     6  stm32f4xx_syscfg.o(.text)
    SYSCFG_GetCompensationCellStatus         0x08006037   Thumb Code    16  stm32f4xx_syscfg.o(.text)
    vListInitialise                          0x08006059   Thumb Code    22  list.o(.text)
    vListInitialiseItem                      0x0800606f   Thumb Code     6  list.o(.text)
    vListInsertEnd                           0x08006075   Thumb Code    28  list.o(.text)
    vListInsert                              0x08006091   Thumb Code    48  list.o(.text)
    uxListRemove                             0x080060c1   Thumb Code    38  list.o(.text)
    xQueueGenericReset                       0x080060e9   Thumb Code    98  queue.o(.text)
    xQueueGenericCreate                      0x0800614b   Thumb Code    70  queue.o(.text)
    xQueueGenericSend                        0x0800624f   Thumb Code   232  queue.o(.text)
    xQueueCreateMutex                        0x08006337   Thumb Code    80  queue.o(.text)
    xQueueGiveMutexRecursive                 0x08006387   Thumb Code    52  queue.o(.text)
    xQueueGenericReceive                     0x080063e3   Thumb Code   286  queue.o(.text)
    xQueueTakeMutexRecursive                 0x08006501   Thumb Code    58  queue.o(.text)
    xQueueCreateCountingSemaphore            0x0800653b   Thumb Code    24  queue.o(.text)
    xQueueGenericSendFromISR                 0x08006553   Thumb Code   114  queue.o(.text)
    xQueueReceiveFromISR                     0x080065c5   Thumb Code   112  queue.o(.text)
    uxQueueMessagesWaiting                   0x08006635   Thumb Code    26  queue.o(.text)
    uxQueueMessagesWaitingFromISR            0x0800664f   Thumb Code    14  queue.o(.text)
    vQueueDelete                             0x0800665d   Thumb Code    58  queue.o(.text)
    ucQueueGetQueueNumber                    0x08006697   Thumb Code     6  queue.o(.text)
    vQueueSetQueueNumber                     0x0800669d   Thumb Code     6  queue.o(.text)
    ucQueueGetQueueType                      0x080066a3   Thumb Code     6  queue.o(.text)
    xQueueIsQueueEmptyFromISR                0x080066a9   Thumb Code    22  queue.o(.text)
    xQueueIsQueueFullFromISR                 0x080066bf   Thumb Code    26  queue.o(.text)
    vQueueAddToRegistry                      0x080066d9   Thumb Code    34  queue.o(.text)
    vQueueWaitForMessageRestricted           0x080066fb   Thumb Code    54  queue.o(.text)
    xTimerGenericCommand                     0x08006769   Thumb Code    66  timers.o(.text)
    xTimerCreateTimerTask                    0x08006823   Thumb Code    50  timers.o(.text)
    xTimerCreate                             0x08006855   Thumb Code    62  timers.o(.text)
    xTimerIsTimerActive                      0x08006893   Thumb Code    26  timers.o(.text)
    pvTimerGetTimerID                        0x080068ad   Thumb Code     4  timers.o(.text)
    pxPortInitialiseStack                    0x08006a4d   Thumb Code    34  port.o(.text)
    vPortSetupTimerInterrupt                 0x08006a6f   Thumb Code    26  port.o(.text)
    xPortStartScheduler                      0x08006a89   Thumb Code    52  port.o(.text)
    vPortEndScheduler                        0x08006abd   Thumb Code     2  port.o(.text)
    vPortYieldFromISR                        0x08006abf   Thumb Code    12  port.o(.text)
    vPortEnterCritical                       0x08006acb   Thumb Code    16  port.o(.text)
    vPortExitCritical                        0x08006adb   Thumb Code    16  port.o(.text)
    SysTick_Handler                          0x08006aeb   Thumb Code    30  port.o(.text)
    pvPortMalloc                             0x08006b19   Thumb Code   170  heap_2.o(.text)
    vPortFree                                0x08006bc3   Thumb Code    56  heap_2.o(.text)
    xPortGetFreeHeapSize                     0x08006bfb   Thumb Code     6  heap_2.o(.text)
    vPortInitialiseBlocks                    0x08006c01   Thumb Code     2  heap_2.o(.text)
    xTaskGenericCreate                       0x08006c0d   Thumb Code   366  tasks.o(.text)
    vTaskDelete                              0x08006d7b   Thumb Code    92  tasks.o(.text)
    vTaskIncrementTick                       0x08006dd7   Thumb Code   162  tasks.o(.text)
    xTaskResumeAll                           0x08006e79   Thumb Code   172  tasks.o(.text)
    vTaskSuspendAll                          0x08006f55   Thumb Code    10  tasks.o(.text)
    vTaskDelayUntil                          0x08006f5f   Thumb Code    92  tasks.o(.text)
    vTaskDelay                               0x08006fbb   Thumb Code    48  tasks.o(.text)
    uxTaskPriorityGet                        0x08006feb   Thumb Code    24  tasks.o(.text)
    vTaskPrioritySet                         0x08007003   Thumb Code   148  tasks.o(.text)
    vTaskSwitchContext                       0x08007097   Thumb Code    88  tasks.o(.text)
    vTaskSuspend                             0x080070ef   Thumb Code    96  tasks.o(.text)
    xTaskIsTaskSuspended                     0x0800714f   Thumb Code    40  tasks.o(.text)
    vTaskResume                              0x08007177   Thumb Code    94  tasks.o(.text)
    xTaskResumeFromISR                       0x080071d5   Thumb Code   110  tasks.o(.text)
    vTaskStartScheduler                      0x08007259   Thumb Code    70  tasks.o(.text)
    vTaskEndScheduler                        0x0800729f   Thumb Code    20  tasks.o(.text)
    xTaskGetTickCount                        0x080072b3   Thumb Code    18  tasks.o(.text)
    xTaskGetTickCountFromISR                 0x080072c5   Thumb Code    18  tasks.o(.text)
    uxTaskGetNumberOfTasks                   0x080072d7   Thumb Code     6  tasks.o(.text)
    vTaskList                                0x0800734f   Thumb Code   134  tasks.o(.text)
    vTaskPlaceOnEventList                    0x080073d5   Thumb Code    58  tasks.o(.text)
    vTaskPlaceOnEventListRestricted          0x0800740f   Thumb Code    40  tasks.o(.text)
    xTaskRemoveFromEventList                 0x08007437   Thumb Code    90  tasks.o(.text)
    vTaskSetTimeOutState                     0x08007491   Thumb Code    22  tasks.o(.text)
    xTaskCheckForTimeOut                     0x080074a7   Thumb Code   134  tasks.o(.text)
    vTaskMissedYield                         0x0800752d   Thumb Code     8  tasks.o(.text)
    uxTaskGetTaskNumber                      0x08007535   Thumb Code     8  tasks.o(.text)
    vTaskSetTaskNumber                       0x0800753d   Thumb Code     8  tasks.o(.text)
    xTaskGetCurrentTaskHandle                0x08007545   Thumb Code     6  tasks.o(.text)
    xTaskGetSchedulerState                   0x0800754b   Thumb Code    22  tasks.o(.text)
    vTaskPriorityInherit                     0x08007561   Thumb Code    92  tasks.o(.text)
    vTaskPriorityDisinherit                  0x080075bd   Thumb Code    64  tasks.o(.text)
    rand                                     0x08007655   Thumb Code    20  rand.o(.text)
    srand                                    0x08007669   Thumb Code     6  rand.o(.text)
    __aeabi_memcpy                           0x08007679   Thumb Code    36  memcpya.o(.text)
    __aeabi_memcpy4                          0x08007679   Thumb Code     0  memcpya.o(.text)
    __aeabi_memcpy8                          0x08007679   Thumb Code     0  memcpya.o(.text)
    __aeabi_memset                           0x0800769d   Thumb Code    14  memseta.o(.text)
    __aeabi_memset4                          0x0800769d   Thumb Code     0  memseta.o(.text)
    __aeabi_memset8                          0x0800769d   Thumb Code     0  memseta.o(.text)
    __aeabi_memclr                           0x080076ab   Thumb Code     4  memseta.o(.text)
    __aeabi_memclr4                          0x080076ab   Thumb Code     0  memseta.o(.text)
    __aeabi_memclr8                          0x080076ab   Thumb Code     0  memseta.o(.text)
    _memset$wrapper                          0x080076af   Thumb Code    18  memseta.o(.text)
    strcat                                   0x080076c1   Thumb Code    24  strcat.o(.text)
    strncpy                                  0x080076d9   Thumb Code    24  strncpy.o(.text)
    strlen                                   0x080076f1   Thumb Code    14  strlen.o(.text)
    __aeabi_dadd                             0x080076ff   Thumb Code   322  dadd.o(.text)
    __aeabi_dsub                             0x08007841   Thumb Code     6  dadd.o(.text)
    __aeabi_drsub                            0x08007847   Thumb Code     6  dadd.o(.text)
    __aeabi_dmul                             0x0800784d   Thumb Code   228  dmul.o(.text)
    __aeabi_ddiv                             0x08007931   Thumb Code   222  ddiv.o(.text)
    __aeabi_i2d                              0x08007a0f   Thumb Code    34  dflti.o(.text)
    __aeabi_f2d                              0x08007a31   Thumb Code    38  f2d.o(.text)
    __aeabi_d2f                              0x08007a57   Thumb Code    56  d2f.o(.text)
    __aeabi_uidiv                            0x08007a8f   Thumb Code     0  uidiv.o(.text)
    __aeabi_uidivmod                         0x08007a8f   Thumb Code    44  uidiv.o(.text)
    __aeabi_llsl                             0x08007abb   Thumb Code    30  llshl.o(.text)
    _ll_shift_l                              0x08007abb   Thumb Code     0  llshl.o(.text)
    __aeabi_lasr                             0x08007ad9   Thumb Code    36  llsshr.o(.text)
    _ll_sshift_r                             0x08007ad9   Thumb Code     0  llsshr.o(.text)
    __I$use$fp                               0x08007afd   Thumb Code     0  iusefp.o(.text)
    _float_round                             0x08007afd   Thumb Code    18  fepilogue.o(.text)
    _float_epilogue                          0x08007b0f   Thumb Code    92  fepilogue.o(.text)
    _double_round                            0x08007b6b   Thumb Code    30  depilogue.o(.text)
    _double_epilogue                         0x08007b89   Thumb Code   156  depilogue.o(.text)
    __scatterload                            0x08007c25   Thumb Code    28  init.o(.text)
    __scatterload_rt2                        0x08007c25   Thumb Code     0  init.o(.text)
    __aeabi_llsr                             0x08007c49   Thumb Code    32  llushr.o(.text)
    _ll_ushift_r                             0x08007c49   Thumb Code     0  llushr.o(.text)
    __aeabi_ui2d                             0x08007c69   Thumb Code    26  dfltui.o(.text)
    __aeabi_d2iz                             0x08007c83   Thumb Code    62  dfixi.o(.text)
    __decompress                             0x08007cc1   Thumb Code     0  __dczerorl2.o(.text)
    __decompress1                            0x08007cc1   Thumb Code    86  __dczerorl2.o(.text)
    __0sprintf$3                             0x08007d19   Thumb Code    34  printf3.o(i.__0sprintf$3)
    __1sprintf$3                             0x08007d19   Thumb Code     0  printf3.o(i.__0sprintf$3)
    __2sprintf                               0x08007d19   Thumb Code     0  printf3.o(i.__0sprintf$3)
    __ARM_fpclassify                         0x08007d41   Thumb Code    48  fpclassify.o(i.__ARM_fpclassify)
    __hardfp_sin                             0x08007d71   Thumb Code   180  sin.o(i.__hardfp_sin)
    __ieee754_rem_pio2                       0x08007e39   Thumb Code   938  rred.o(i.__ieee754_rem_pio2)
    __kernel_cos                             0x08008271   Thumb Code   322  cos_i.o(i.__kernel_cos)
    __kernel_poly                            0x080083e1   Thumb Code   248  poly.o(i.__kernel_poly)
    __kernel_sin                             0x080084d9   Thumb Code   280  sin_i.o(i.__kernel_sin)
    __mathlib_dbl_infnan                     0x08008609   Thumb Code    20  dunder.o(i.__mathlib_dbl_infnan)
    __mathlib_dbl_invalid                    0x08008621   Thumb Code    24  dunder.o(i.__mathlib_dbl_invalid)
    __mathlib_dbl_underflow                  0x08008641   Thumb Code    24  dunder.o(i.__mathlib_dbl_underflow)
    __scatterload_copy                       0x08008661   Thumb Code    14  handlers.o(i.__scatterload_copy)
    __scatterload_null                       0x0800866f   Thumb Code     2  handlers.o(i.__scatterload_null)
    __scatterload_zeroinit                   0x08008671   Thumb Code    14  handlers.o(i.__scatterload_zeroinit)
    __set_errno                              0x08008681   Thumb Code     6  errno.o(i.__set_errno)
    fabs                                     0x0800884f   Thumb Code    24  fabs.o(i.fabs)
    Region$$Table$$Base                      0x08008988   Number         0  anon$$obj.o(Region$$Table)
    Region$$Table$$Limit                     0x080089a8   Number         0  anon$$obj.o(Region$$Table)
    bit_khoa_ham_chay_thay_tuan              0x20000000   Data           1  main.o(.data)
    bien_di_chuyen                           0x20000001   Data           1  main.o(.data)
    doc_man_hinh                             0x20000002   Data           1  main.o(.data)
    bien_nhan_bong                           0x20000003   Data           1  main.o(.data)
    data_tx_gyro                             0x20000004   Data           1  main.o(.data)
    en_gyro                                  0x20000005   Data           1  main.o(.data)
    dataTxGyro                               0x20000006   Data           1  main.o(.data)
    enGyro                                   0x20000007   Data           1  main.o(.data)
    IMU                                      0x20000008   Data           2  main.o(.data)
    num_over_t1                              0x2000000c   Data           4  main.o(.data)
    num_over_t2                              0x20000010   Data           4  main.o(.data)
    num_over_t3                              0x20000014   Data           4  main.o(.data)
    i                                        0x20000018   Data           4  main.o(.data)
    j                                        0x2000001c   Data           4  main.o(.data)
    en                                       0x20000020   Data           4  main.o(.data)
    bien_cham_tuong                          0x20000024   Data           4  main.o(.data)
    bien_ve_xuat_phat                        0x20000028   Data           4  main.o(.data)
    silo_so                                  0x2000002c   Data           4  main.o(.data)
    silo_vua_chay                            0x20000030   Data           4  main.o(.data)
    bien_nho_silo_co_2_bong                  0x20000034   Data           4  main.o(.data)
    bien_do_bong                             0x20000038   Data           4  main.o(.data)
    bien_chay_cap_thanh                      0x2000003c   Data           4  main.o(.data)
    do_laze_silo                             0x20000040   Data           4  main.o(.data)
    errorFixCouter                           0x20000044   Data           4  main.o(.data)
    robotLimitSpeed                          0x20000048   Data           4  main.o(.data)
    f05                                      0x2000004c   Data           4  main.o(.data)
    f6                                       0x20000050   Data           4  main.o(.data)
    f10                                      0x20000054   Data           4  main.o(.data)
    f30                                      0x20000058   Data           4  main.o(.data)
    f60                                      0x2000005c   Data           4  main.o(.data)
    f120                                     0x20000060   Data           4  main.o(.data)
    i100                                     0x20000064   Data           4  main.o(.data)
    khoangCachGocFix                         0x20000068   Data           4  main.o(.data)
    _robotY                                  0x2000006c   Data           4  main.o(.data)
    _robotX                                  0x20000070   Data           4  main.o(.data)
    _lockRobot                               0x20000074   Data           4  main.o(.data)
    motorLock                                0x20000078   Data           4  main.o(.data)
    motorLockRepeat                          0x2000007c   Data           4  main.o(.data)
    radian                                   0x20000080   Data           4  main.o(.data)
    _robotChange                             0x20000084   Data           4  main.o(.data)
    _robotRotatePoint                        0x20000088   Data           4  main.o(.data)
    _robotCurrentSpeed                       0x2000008c   Data           4  main.o(.data)
    _robotRunSpeed                           0x20000090   Data           4  main.o(.data)
    _robotMaxSpeed                           0x20000094   Data           4  main.o(.data)
    _robotAccStop                            0x20000098   Data           4  main.o(.data)
    _robotCounter                            0x2000009c   Data           4  main.o(.data)
    _robotAngle                              0x200000a0   Data           4  main.o(.data)
    _robotRunAngle                           0x200000a4   Data           4  main.o(.data)
    _robotRotateAngle                        0x200000a8   Data           4  main.o(.data)
    _robotIMUInit                            0x200000ac   Data           4  main.o(.data)
    _robotRotate                             0x200000b0   Data           4  main.o(.data)
    _robotCurve                              0x200000b4   Data           4  main.o(.data)
    _robotAngleCounterFix                    0x200000b8   Data           4  main.o(.data)
    _robotAngleToFix                         0x200000bc   Data           4  main.o(.data)
    _robotIMUAngle                           0x200000c0   Data           4  main.o(.data)
    _IMUAngle_Before                         0x200000c4   Data           4  main.o(.data)
    _robotDelayGiamToc                       0x200000c8   Data           4  main.o(.data)
    _robotRun0h                              0x200000cc   Data           4  main.o(.data)
    _robotRun4h                              0x200000d0   Data           4  main.o(.data)
    _robotRun8h                              0x200000d4   Data           4  main.o(.data)
    HMI_LOOP                                 0x200000f0   Data           4  main.o(.data)
    laze_0H_Value                            0x200000f4   Data           4  main.o(.data)
    laze_4H_Value                            0x200000f8   Data           4  main.o(.data)
    laze_8H_Value                            0x200000fc   Data           4  main.o(.data)
    DATA_SPEED                               0x20000100   Data          60  main.o(.data)
    laze_silo                                0x2000013c   Data          48  main.o(.data)
    GP_BTN                                   0x2000016c   Data          15  main.o(.data)
    num_over_t4                              0x2000017c   Data           4  main.o(.data)
    num_over_t5                              0x20000180   Data           4  main.o(.data)
    sieu_am                                  0x20000184   Data           4  main.o(.data)
    SystemCoreClock                          0x20000188   Data           4  system_stm32f4xx.o(.data)
    AHBPrescTable                            0x2000018c   Data          16  system_stm32f4xx.o(.data)
    pxCurrentTCB                             0x200001d8   Data           4  tasks.o(.data)
    bien_nho_bong_trong_silo                 0x2000021c   Data          24  main.o(.bss)
    bien_nho_bong_da_tha_trong_silo          0x20000234   Data          24  main.o(.bss)
    buf                                      0x2000024c   Data          50  main.o(.bss)
    ky_tu_1                                  0x2000027e   Data          40  main.o(.bss)
    ky_tu_2                                  0x200002a6   Data          40  main.o(.bss)
    Buffer_HMI                               0x200002ce   Data          50  main.o(.bss)
    _ADC1_Value                              0x20000300   Data          16  main.o(.bss)
    RX_USART1                                0x20000310   Data          15  main.o(.bss)
    RX_USART2                                0x2000031f   Data          15  main.o(.bss)
    MANG_GAME                                0x2000032e   Data          10  main.o(.bss)
    xQueueRegistry                           0x20000338   Data          64  queue.o(.bss)
    __initial_sp                             0x20003090   Data           0  startup_stm32f4xx.o(STACK)



==============================================================================

Memory Map of the image

  Image Entry point : 0x08000189

  Load Region LR_IROM1 (Base: 0x08000000, Size: 0x00008bc4, Max: 0x00080000, ABSOLUTE, COMPRESSED[0x00008a2c])

    Execution Region ER_IROM1 (Base: 0x08000000, Size: 0x000089a8, Max: 0x00080000, ABSOLUTE)

    Base Addr    Size         Type   Attr      Idx    E Section Name        Object

    0x08000000   0x00000188   Data   RO          343    RESET               startup_stm32f4xx.o
    0x08000188   0x00000000   Code   RO          663  * .ARM.Collect$$$$00000000  mc_w.l(entry.o)
    0x08000188   0x00000004   Code   RO          982    .ARM.Collect$$$$00000001  mc_w.l(entry2.o)
    0x0800018c   0x00000004   Code   RO          985    .ARM.Collect$$$$00000004  mc_w.l(entry5.o)
    0x08000190   0x00000000   Code   RO          987    .ARM.Collect$$$$00000008  mc_w.l(entry7b.o)
    0x08000190   0x00000000   Code   RO          989    .ARM.Collect$$$$0000000A  mc_w.l(entry8b.o)
    0x08000190   0x00000008   Code   RO          990    .ARM.Collect$$$$0000000B  mc_w.l(entry9a.o)
    0x08000198   0x00000000   Code   RO          992    .ARM.Collect$$$$0000000D  mc_w.l(entry10a.o)
    0x08000198   0x00000000   Code   RO          994    .ARM.Collect$$$$0000000F  mc_w.l(entry11a.o)
    0x08000198   0x00000004   Code   RO          983    .ARM.Collect$$$$00002712  mc_w.l(entry2.o)
    0x0800019c   0x000000a8   Code   RO          594    .emb_text           port.o
    0x08000244   0x00000294   Code   RO            2    .text               stm32f4xx_it.o
    0x080004d8   0x00003e6c   Code   RO          140    .text               main.o
    0x08004344   0x00000170   Code   RO          320    .text               system_stm32f4xx.o
    0x080044b4   0x00000024   Code   RO          344    .text               startup_stm32f4xx.o
    0x080044d8   0x000000b0   Code   RO          349    .text               misc.o
    0x08004588   0x00000218   Code   RO          365    .text               stm32f4xx_gpio.o
    0x080047a0   0x000003d0   Code   RO          381    .text               stm32f4xx_rcc.o
    0x08004b70   0x00000354   Code   RO          399    .text               stm32f4xx_adc.o
    0x08004ec4   0x00000320   Code   RO          415    .text               stm32f4xx_dma.o
    0x080051e4   0x000000e8   Code   RO          431    .text               stm32f4xx_exti.o
    0x080052cc   0x000009dc   Code   RO          463    .text               stm32f4xx_tim.o
    0x08005ca8   0x00000338   Code   RO          480    .text               stm32f4xx_usart.o
    0x08005fe0   0x00000078   Code   RO          496    .text               stm32f4xx_syscfg.o
    0x08006058   0x0000008e   Code   RO          537    .text               list.o
    0x080060e6   0x00000002   PAD
    0x080060e8   0x0000064c   Code   RO          555    .text               queue.o
    0x08006734   0x00000318   Code   RO          573    .text               timers.o
    0x08006a4c   0x000000cc   Code   RO          595    .text               port.o
    0x08006b18   0x000000f4   Code   RO          613    .text               heap_2.o
    0x08006c0c   0x00000a48   Code   RO          628    .text               tasks.o
    0x08007654   0x00000024   Code   RO          666    .text               mc_w.l(rand.o)
    0x08007678   0x00000024   Code   RO          669    .text               mc_w.l(memcpya.o)
    0x0800769c   0x00000024   Code   RO          671    .text               mc_w.l(memseta.o)
    0x080076c0   0x00000018   Code   RO          673    .text               mc_w.l(strcat.o)
    0x080076d8   0x00000018   Code   RO          675    .text               mc_w.l(strncpy.o)
    0x080076f0   0x0000000e   Code   RO          677    .text               mc_w.l(strlen.o)
    0x080076fe   0x0000014e   Code   RO          942    .text               mf_w.l(dadd.o)
    0x0800784c   0x000000e4   Code   RO          944    .text               mf_w.l(dmul.o)
    0x08007930   0x000000de   Code   RO          946    .text               mf_w.l(ddiv.o)
    0x08007a0e   0x00000022   Code   RO          948    .text               mf_w.l(dflti.o)
    0x08007a30   0x00000026   Code   RO          950    .text               mf_w.l(f2d.o)
    0x08007a56   0x00000038   Code   RO          952    .text               mf_w.l(d2f.o)
    0x08007a8e   0x0000002c   Code   RO          999    .text               mc_w.l(uidiv.o)
    0x08007aba   0x0000001e   Code   RO         1003    .text               mc_w.l(llshl.o)
    0x08007ad8   0x00000024   Code   RO         1005    .text               mc_w.l(llsshr.o)
    0x08007afc   0x00000000   Code   RO         1014    .text               mc_w.l(iusefp.o)
    0x08007afc   0x0000006e   Code   RO         1015    .text               mf_w.l(fepilogue.o)
    0x08007b6a   0x000000ba   Code   RO         1017    .text               mf_w.l(depilogue.o)
    0x08007c24   0x00000024   Code   RO         1035    .text               mc_w.l(init.o)
    0x08007c48   0x00000020   Code   RO         1038    .text               mc_w.l(llushr.o)
    0x08007c68   0x0000001a   Code   RO         1041    .text               mf_w.l(dfltui.o)
    0x08007c82   0x0000003e   Code   RO         1043    .text               mf_w.l(dfixi.o)
    0x08007cc0   0x00000056   Code   RO         1053    .text               mc_w.l(__dczerorl2.o)
    0x08007d16   0x00000002   PAD
    0x08007d18   0x00000028   Code   RO          772    i.__0sprintf$3      mc_w.l(printf3.o)
    0x08007d40   0x00000030   Code   RO         1031    i.__ARM_fpclassify  m_wm.l(fpclassify.o)
    0x08007d70   0x000000c8   Code   RO          651    i.__hardfp_sin      m_wm.l(sin.o)
    0x08007e38   0x00000438   Code   RO          971    i.__ieee754_rem_pio2  m_wm.l(rred.o)
    0x08008270   0x00000170   Code   RO          954    i.__kernel_cos      m_wm.l(cos_i.o)
    0x080083e0   0x000000f8   Code   RO         1033    i.__kernel_poly     m_wm.l(poly.o)
    0x080084d8   0x00000130   Code   RO          976    i.__kernel_sin      m_wm.l(sin_i.o)
    0x08008608   0x00000014   Code   RO          958    i.__mathlib_dbl_infnan  m_wm.l(dunder.o)
    0x0800861c   0x00000004   PAD
    0x08008620   0x00000020   Code   RO          960    i.__mathlib_dbl_invalid  m_wm.l(dunder.o)
    0x08008640   0x00000020   Code   RO          963    i.__mathlib_dbl_underflow  m_wm.l(dunder.o)
    0x08008660   0x0000000e   Code   RO         1047    i.__scatterload_copy  mc_w.l(handlers.o)
    0x0800866e   0x00000002   Code   RO         1048    i.__scatterload_null  mc_w.l(handlers.o)
    0x08008670   0x0000000e   Code   RO         1049    i.__scatterload_zeroinit  mc_w.l(handlers.o)
    0x0800867e   0x00000002   PAD
    0x08008680   0x0000000c   Code   RO         1009    i.__set_errno       mc_w.l(errno.o)
    0x0800868c   0x000001b8   Code   RO          777    i._printf_core      mc_w.l(printf3.o)
    0x08008844   0x0000000a   Code   RO          779    i._sputc            mc_w.l(printf3.o)
    0x0800884e   0x00000018   Code   RO         1027    i.fabs              m_wm.l(fabs.o)
    0x08008866   0x00000002   PAD
    0x08008868   0x00000030   Data   RO          955    .constdata          m_wm.l(cos_i.o)
    0x08008898   0x000000c8   Data   RO          973    .constdata          m_wm.l(rred.o)
    0x08008960   0x00000028   Data   RO          977    .constdata          m_wm.l(sin_i.o)
    0x08008988   0x00000020   Data   RO         1045    Region$$Table       anon$$obj.o


    Execution Region RW_IRAM1 (Base: 0x20000000, Size: 0x00003090, Max: 0x00020000, ABSOLUTE, COMPRESSED[0x00000084])

    Base Addr    Size         Type   Attr      Idx    E Section Name        Object

    0x20000000   0x0000017b   Data   RW          144    .data               main.o
    0x2000017b   0x00000001   PAD
    0x2000017c   0x00000004   Data   RW          145    .data               main.o
    0x20000180   0x00000004   Data   RW          146    .data               main.o
    0x20000184   0x00000004   Data   RW          170    .data               main.o
    0x20000188   0x00000014   Data   RW          321    .data               system_stm32f4xx.o
    0x2000019c   0x00000010   Data   RW          382    .data               stm32f4xx_rcc.o
    0x200001ac   0x00000010   Data   RW          575    .data               timers.o
    0x200001bc   0x00000004   Data   RW          596    .data               port.o
    0x200001c0   0x00000018   Data   RW          615    .data               heap_2.o
    0x200001d8   0x0000003c   Data   RW          630    .data               tasks.o
    0x20000214   0x00000004   Data   RW          667    .data               mc_w.l(rand.o)
    0x20000218   0x00000004   Data   RW         1010    .data               mc_w.l(errno.o)
    0x2000021c   0x0000011c   Zero   RW          141    .bss                main.o
    0x20000338   0x00000040   Zero   RW          556    .bss                queue.o
    0x20000378   0x00000028   Zero   RW          574    .bss                timers.o
    0x200003a0   0x00002800   Zero   RW          614    .bss                heap_2.o
    0x20002ba0   0x000000f0   Zero   RW          629    .bss                tasks.o
    0x20002c90   0x00000400   Zero   RW          341    STACK               startup_stm32f4xx.o


==============================================================================

Image component sizes


      Code (inc. data)   RO Data    RW Data    ZI Data      Debug   Object Name

       244         10          0         24      10240       3600   heap_2.o
       142          0          0          0          0       3502   list.o
     15980       1096          0        391        284     321822   main.o
       176         12          0          0          0       2049   misc.o
       372         32          0          4          0       4664   port.o
      1612          4          0          0         64      11564   queue.o
        36          8        392          0       1024        908   startup_stm32f4xx.o
       852         20          0          0          0      10938   stm32f4xx_adc.o
       800         32          0          0          0       7073   stm32f4xx_dma.o
       232          8          0          0          0       2551   stm32f4xx_exti.o
       536         38          0          0          0       4605   stm32f4xx_gpio.o
       660        116          0          0          0     292045   stm32f4xx_it.o
       976         36          0         16          0      11527   stm32f4xx_rcc.o
       120         18          0          0          0       1795   stm32f4xx_syscfg.o
      2524         52          0          0          0      23138   stm32f4xx_tim.o
       824         24          0          0          0       8260   stm32f4xx_usart.o
       368         36          0         20          0       1879   system_stm32f4xx.o
      2632         62          0         60        240      16531   tasks.o
       792         22          0         16         40      10508   timers.o

    ----------------------------------------------------------------------
     29880       1626        424        532      11892     738959   Object Totals
         0          0         32          0          0          0   (incl. Generated)
         2          0          0          1          0          0   (incl. Padding)

    ----------------------------------------------------------------------

      Code (inc. data)   RO Data    RW Data    ZI Data      Debug   Library Member Name

       368         46         48          0          0        200   cos_i.o
        84         16          0          0          0        372   dunder.o
        24          0          0          0          0        124   fabs.o
        48          0          0          0          0        124   fpclassify.o
       248          0          0          0          0        152   poly.o
      1080        142        200          0          0        188   rred.o
       200         20          0          0          0        164   sin.o
       304         24         40          0          0        208   sin_i.o
        86          0          0          0          0          0   __dczerorl2.o
         0          0          0          0          0          0   entry.o
         0          0          0          0          0          0   entry10a.o
         0          0          0          0          0          0   entry11a.o
         8          4          0          0          0          0   entry2.o
         4          0          0          0          0          0   entry5.o
         0          0          0          0          0          0   entry7b.o
         0          0          0          0          0          0   entry8b.o
         8          4          0          0          0          0   entry9a.o
        12          6          0          4          0         68   errno.o
        30          0          0          0          0          0   handlers.o
        36          8          0          0          0         68   init.o
         0          0          0          0          0          0   iusefp.o
        30          0          0          0          0         68   llshl.o
        36          0          0          0          0         68   llsshr.o
        32          0          0          0          0         68   llushr.o
        36          0          0          0          0         68   memcpya.o
        36          0          0          0          0        108   memseta.o
       490         10          0          0          0        252   printf3.o
        36         10          0          4          0        136   rand.o
        24          0          0          0          0         68   strcat.o
        14          0          0          0          0         68   strlen.o
        24          0          0          0          0         76   strncpy.o
        44          0          0          0          0         80   uidiv.o
        56          0          0          0          0         88   d2f.o
       334          0          0          0          0        148   dadd.o
       222          0          0          0          0        100   ddiv.o
       186          0          0          0          0        176   depilogue.o
        62          0          0          0          0         80   dfixi.o
        34          0          0          0          0         76   dflti.o
        26          0          0          0          0         76   dfltui.o
       228          0          0          0          0         96   dmul.o
        38          0          0          0          0         68   f2d.o
       110          0          0          0          0        168   fepilogue.o

    ----------------------------------------------------------------------
      4648        290        288          8          0       3804   Library Totals
        10          0          0          0          0          0   (incl. Padding)

    ----------------------------------------------------------------------

      Code (inc. data)   RO Data    RW Data    ZI Data      Debug   Library Name

      2356        248        288          0          0       1532   m_wm.l
       986         42          0          8          0       1196   mc_w.l
      1296          0          0          0          0       1076   mf_w.l

    ----------------------------------------------------------------------
      4648        290        288          8          0       3804   Library Totals

    ----------------------------------------------------------------------

==============================================================================


      Code (inc. data)   RO Data    RW Data    ZI Data      Debug   

     34528       1916        712        540      11892     734651   Grand Totals
     34528       1916        712        132      11892     734651   ELF Image Totals (compressed)
     34528       1916        712        132          0          0   ROM Totals

==============================================================================

    Total RO  Size (Code + RO Data)                35240 (  34.41kB)
    Total RW  Size (RW Data + ZI Data)             12432 (  12.14kB)
    Total ROM Size (Code + RO Data + RW Data)      35372 (  34.54kB)

==============================================================================

