Component: ARM Compiler 5.06 update 1 (build 61) Tool: armlink [4d35a8]

==============================================================================

Section Cross References

    gamepad.o(.text) refers to stm32f10x_rcc.o(.text) for RCC_APB2PeriphClockCmd
    gamepad.o(.text) refers to stm32f10x_gpio.o(.text) for GPIO_Init
    gamepad.o(.text) refers to main.o(.text) for delay_us
    gamepad.o(.text) refers to main.o(.data) for GP_BTN
    lcd.o(.text) refers to stm32f10x_rcc.o(.text) for RCC_APB2PeriphClockCmd
    lcd.o(.text) refers to stm32f10x_gpio.o(.text) for GPIO_Init
    main.o(.text) refers to stm32f10x_rcc.o(.text) for RCC_APB2PeriphClockCmd
    main.o(.text) refers to stm32f10x_gpio.o(.text) for GPIO_Init
    main.o(.text) refers to stm32f10x_tim.o(.text) for TIM_TimeBaseInit
    main.o(.text) refers to misc.o(.text) for NVIC_Init
    main.o(.text) refers to main.o(.data) for GPIO_InitStructure
    main.o(.text) refers to main.o(.bss) for TIM_TimeBaseStructure
    main.o(.text) refers to stm32f10x_usart.o(.text) for USART_Init
    main.o(.text) refers to stm32f10x_dma.o(.text) for DMA_DeInit
    main.o(.text) refers to stm32f10x_adc.o(.text) for ADC_Init
    main.o(.text) refers to dflti.o(.text) for __aeabi_i2d
    main.o(.text) refers to dmul.o(.text) for __aeabi_dmul
    main.o(.text) refers to dfixi.o(.text) for __aeabi_d2iz
    main.o(.text) refers to lcd.o(.text) for lcd_GotoXY
    main.o(.text) refers to printf1.o(i.__0printf$1) for __2printf
    main.o(.text) refers to system_stm32f10x.o(.data) for SystemCoreClock
    main.o(.text) refers to gamepad.o(.text) for gamepad_Init
    stm32f10x_it.o(.text) refers to stm32f10x_usart.o(.text) for USART_GetITStatus
    stm32f10x_it.o(.text) refers to main.o(.data) for dataUsart3
    stm32f10x_it.o(.text) refers to stm32f10x_it.o(.data) for tam
    system_stm32f10x.o(.text) refers to system_stm32f10x.o(.data) for SystemCoreClock
    stm32f10x_gpio.o(.text) refers to stm32f10x_rcc.o(.text) for RCC_APB2PeriphResetCmd
    stm32f10x_rcc.o(.text) refers to stm32f10x_rcc.o(.data) for APBAHBPrescTable
    stm32f10x_tim.o(.text) refers to stm32f10x_rcc.o(.text) for RCC_APB2PeriphResetCmd
    stm32f10x_usart.o(.text) refers to stm32f10x_rcc.o(.text) for RCC_APB2PeriphResetCmd
    startup_stm32f10x_hd.o(RESET) refers to startup_stm32f10x_hd.o(STACK) for __initial_sp
    startup_stm32f10x_hd.o(RESET) refers to startup_stm32f10x_hd.o(.text) for Reset_Handler
    startup_stm32f10x_hd.o(RESET) refers to stm32f10x_it.o(.text) for NMI_Handler
    startup_stm32f10x_hd.o(RESET) refers to main.o(.text) for TIM6_IRQHandler
    startup_stm32f10x_hd.o(.text) refers to system_stm32f10x.o(.text) for SystemInit
    startup_stm32f10x_hd.o(.text) refers to entry.o(.ARM.Collect$$$$00000000) for __main
    stm32f10x_adc.o(.text) refers to stm32f10x_rcc.o(.text) for RCC_APB2PeriphResetCmd
    entry.o(.ARM.Collect$$$$00000000) refers (Special) to entry10a.o(.ARM.Collect$$$$0000000D) for __rt_final_cpp
    entry.o(.ARM.Collect$$$$00000000) refers (Special) to entry11a.o(.ARM.Collect$$$$0000000F) for __rt_final_exit
    entry.o(.ARM.Collect$$$$00000000) refers (Special) to entry7b.o(.ARM.Collect$$$$00000008) for _main_clock
    entry.o(.ARM.Collect$$$$00000000) refers (Special) to entry8b.o(.ARM.Collect$$$$0000000A) for _main_cpp_init
    entry.o(.ARM.Collect$$$$00000000) refers (Special) to entry9a.o(.ARM.Collect$$$$0000000B) for _main_init
    entry.o(.ARM.Collect$$$$00000000) refers (Special) to entry5.o(.ARM.Collect$$$$00000004) for _main_scatterload
    entry.o(.ARM.Collect$$$$00000000) refers (Special) to entry2.o(.ARM.Collect$$$$00000001) for _main_stk
    printfb.o(i.__0fprintf$bare) refers to printfb.o(i._printf_core) for _printf_core
    printfb.o(i.__0fprintf$bare) refers to main.o(.text) for fputc
    printfb.o(i.__0printf$bare) refers to printfb.o(i._printf_core) for _printf_core
    printfb.o(i.__0printf$bare) refers to main.o(.text) for fputc
    printfb.o(i.__0printf$bare) refers to stdout.o(.data) for __stdout
    printfb.o(i.__0snprintf$bare) refers to printfb.o(i._printf_core) for _printf_core
    printfb.o(i.__0snprintf$bare) refers to printfb.o(i._snputc) for _snputc
    printfb.o(i.__0sprintf$bare) refers to printfb.o(i._printf_core) for _printf_core
    printfb.o(i.__0sprintf$bare) refers to printfb.o(i._sputc) for _sputc
    printfb.o(i.__0vfprintf$bare) refers to printfb.o(i._printf_core) for _printf_core
    printfb.o(i.__0vfprintf$bare) refers to main.o(.text) for fputc
    printfb.o(i.__0vprintf$bare) refers to printfb.o(i._printf_core) for _printf_core
    printfb.o(i.__0vprintf$bare) refers to main.o(.text) for fputc
    printfb.o(i.__0vprintf$bare) refers to stdout.o(.data) for __stdout
    printfb.o(i.__0vsnprintf$bare) refers to printfb.o(i._printf_core) for _printf_core
    printfb.o(i.__0vsnprintf$bare) refers to printfb.o(i._snputc) for _snputc
    printfb.o(i.__0vsprintf$bare) refers to printfb.o(i._printf_core) for _printf_core
    printfb.o(i.__0vsprintf$bare) refers to printfb.o(i._sputc) for _sputc
    printf0.o(i.__0fprintf$0) refers to printf0.o(i._printf_core) for _printf_core
    printf0.o(i.__0fprintf$0) refers to main.o(.text) for fputc
    printf0.o(i.__0printf$0) refers to printf0.o(i._printf_core) for _printf_core
    printf0.o(i.__0printf$0) refers to main.o(.text) for fputc
    printf0.o(i.__0printf$0) refers to stdout.o(.data) for __stdout
    printf0.o(i.__0snprintf$0) refers to printf0.o(i._printf_core) for _printf_core
    printf0.o(i.__0snprintf$0) refers to printf0.o(i._snputc) for _snputc
    printf0.o(i.__0sprintf$0) refers to printf0.o(i._printf_core) for _printf_core
    printf0.o(i.__0sprintf$0) refers to printf0.o(i._sputc) for _sputc
    printf0.o(i.__0vfprintf$0) refers to printf0.o(i._printf_core) for _printf_core
    printf0.o(i.__0vfprintf$0) refers to main.o(.text) for fputc
    printf0.o(i.__0vprintf$0) refers to printf0.o(i._printf_core) for _printf_core
    printf0.o(i.__0vprintf$0) refers to main.o(.text) for fputc
    printf0.o(i.__0vprintf$0) refers to stdout.o(.data) for __stdout
    printf0.o(i.__0vsnprintf$0) refers to printf0.o(i._printf_core) for _printf_core
    printf0.o(i.__0vsnprintf$0) refers to printf0.o(i._snputc) for _snputc
    printf0.o(i.__0vsprintf$0) refers to printf0.o(i._printf_core) for _printf_core
    printf0.o(i.__0vsprintf$0) refers to printf0.o(i._sputc) for _sputc
    printf1.o(i.__0fprintf$1) refers to printf1.o(i._printf_core) for _printf_core
    printf1.o(i.__0fprintf$1) refers to main.o(.text) for fputc
    printf1.o(i.__0printf$1) refers to printf1.o(i._printf_core) for _printf_core
    printf1.o(i.__0printf$1) refers to main.o(.text) for fputc
    printf1.o(i.__0printf$1) refers to stdout.o(.data) for __stdout
    printf1.o(i.__0snprintf$1) refers to printf1.o(i._printf_core) for _printf_core
    printf1.o(i.__0snprintf$1) refers to printf1.o(i._snputc) for _snputc
    printf1.o(i.__0sprintf$1) refers to printf1.o(i._printf_core) for _printf_core
    printf1.o(i.__0sprintf$1) refers to printf1.o(i._sputc) for _sputc
    printf1.o(i.__0vfprintf$1) refers to printf1.o(i._printf_core) for _printf_core
    printf1.o(i.__0vfprintf$1) refers to main.o(.text) for fputc
    printf1.o(i.__0vprintf$1) refers to printf1.o(i._printf_core) for _printf_core
    printf1.o(i.__0vprintf$1) refers to main.o(.text) for fputc
    printf1.o(i.__0vprintf$1) refers to stdout.o(.data) for __stdout
    printf1.o(i.__0vsnprintf$1) refers to printf1.o(i._printf_core) for _printf_core
    printf1.o(i.__0vsnprintf$1) refers to printf1.o(i._snputc) for _snputc
    printf1.o(i.__0vsprintf$1) refers to printf1.o(i._printf_core) for _printf_core
    printf1.o(i.__0vsprintf$1) refers to printf1.o(i._sputc) for _sputc
    printf1.o(i._printf_core) refers to uidiv.o(.text) for __aeabi_uidivmod
    printf2.o(i.__0fprintf$2) refers to printf2.o(i._printf_core) for _printf_core
    printf2.o(i.__0fprintf$2) refers to main.o(.text) for fputc
    printf2.o(i.__0printf$2) refers to printf2.o(i._printf_core) for _printf_core
    printf2.o(i.__0printf$2) refers to main.o(.text) for fputc
    printf2.o(i.__0printf$2) refers to stdout.o(.data) for __stdout
    printf2.o(i.__0snprintf$2) refers to printf2.o(i._printf_core) for _printf_core
    printf2.o(i.__0snprintf$2) refers to printf2.o(i._snputc) for _snputc
    printf2.o(i.__0sprintf$2) refers to printf2.o(i._printf_core) for _printf_core
    printf2.o(i.__0sprintf$2) refers to printf2.o(i._sputc) for _sputc
    printf2.o(i.__0vfprintf$2) refers to printf2.o(i._printf_core) for _printf_core
    printf2.o(i.__0vfprintf$2) refers to main.o(.text) for fputc
    printf2.o(i.__0vprintf$2) refers to printf2.o(i._printf_core) for _printf_core
    printf2.o(i.__0vprintf$2) refers to main.o(.text) for fputc
    printf2.o(i.__0vprintf$2) refers to stdout.o(.data) for __stdout
    printf2.o(i.__0vsnprintf$2) refers to printf2.o(i._printf_core) for _printf_core
    printf2.o(i.__0vsnprintf$2) refers to printf2.o(i._snputc) for _snputc
    printf2.o(i.__0vsprintf$2) refers to printf2.o(i._printf_core) for _printf_core
    printf2.o(i.__0vsprintf$2) refers to printf2.o(i._sputc) for _sputc
    printf3.o(i.__0fprintf$3) refers to printf3.o(i._printf_core) for _printf_core
    printf3.o(i.__0fprintf$3) refers to main.o(.text) for fputc
    printf3.o(i.__0printf$3) refers to printf3.o(i._printf_core) for _printf_core
    printf3.o(i.__0printf$3) refers to main.o(.text) for fputc
    printf3.o(i.__0printf$3) refers to stdout.o(.data) for __stdout
    printf3.o(i.__0snprintf$3) refers to printf3.o(i._printf_core) for _printf_core
    printf3.o(i.__0snprintf$3) refers to printf3.o(i._snputc) for _snputc
    printf3.o(i.__0sprintf$3) refers to printf3.o(i._printf_core) for _printf_core
    printf3.o(i.__0sprintf$3) refers to printf3.o(i._sputc) for _sputc
    printf3.o(i.__0vfprintf$3) refers to printf3.o(i._printf_core) for _printf_core
    printf3.o(i.__0vfprintf$3) refers to main.o(.text) for fputc
    printf3.o(i.__0vprintf$3) refers to printf3.o(i._printf_core) for _printf_core
    printf3.o(i.__0vprintf$3) refers to main.o(.text) for fputc
    printf3.o(i.__0vprintf$3) refers to stdout.o(.data) for __stdout
    printf3.o(i.__0vsnprintf$3) refers to printf3.o(i._printf_core) for _printf_core
    printf3.o(i.__0vsnprintf$3) refers to printf3.o(i._snputc) for _snputc
    printf3.o(i.__0vsprintf$3) refers to printf3.o(i._printf_core) for _printf_core
    printf3.o(i.__0vsprintf$3) refers to printf3.o(i._sputc) for _sputc
    printf3.o(i._printf_core) refers to uidiv.o(.text) for __aeabi_uidivmod
    printf4.o(i.__0fprintf$4) refers to printf4.o(i._printf_core) for _printf_core
    printf4.o(i.__0fprintf$4) refers to main.o(.text) for fputc
    printf4.o(i.__0printf$4) refers to printf4.o(i._printf_core) for _printf_core
    printf4.o(i.__0printf$4) refers to main.o(.text) for fputc
    printf4.o(i.__0printf$4) refers to stdout.o(.data) for __stdout
    printf4.o(i.__0snprintf$4) refers to printf4.o(i._printf_core) for _printf_core
    printf4.o(i.__0snprintf$4) refers to printf4.o(i._snputc) for _snputc
    printf4.o(i.__0sprintf$4) refers to printf4.o(i._printf_core) for _printf_core
    printf4.o(i.__0sprintf$4) refers to printf4.o(i._sputc) for _sputc
    printf4.o(i.__0vfprintf$4) refers to printf4.o(i._printf_core) for _printf_core
    printf4.o(i.__0vfprintf$4) refers to main.o(.text) for fputc
    printf4.o(i.__0vprintf$4) refers to printf4.o(i._printf_core) for _printf_core
    printf4.o(i.__0vprintf$4) refers to main.o(.text) for fputc
    printf4.o(i.__0vprintf$4) refers to stdout.o(.data) for __stdout
    printf4.o(i.__0vsnprintf$4) refers to printf4.o(i._printf_core) for _printf_core
    printf4.o(i.__0vsnprintf$4) refers to printf4.o(i._snputc) for _snputc
    printf4.o(i.__0vsprintf$4) refers to printf4.o(i._printf_core) for _printf_core
    printf4.o(i.__0vsprintf$4) refers to printf4.o(i._sputc) for _sputc
    printf4.o(i._printf_core) refers to uldiv.o(.text) for __aeabi_uldivmod
    printf5.o(i.__0fprintf$5) refers to printf5.o(i._printf_core) for _printf_core
    printf5.o(i.__0fprintf$5) refers to main.o(.text) for fputc
    printf5.o(i.__0printf$5) refers to printf5.o(i._printf_core) for _printf_core
    printf5.o(i.__0printf$5) refers to main.o(.text) for fputc
    printf5.o(i.__0printf$5) refers to stdout.o(.data) for __stdout
    printf5.o(i.__0snprintf$5) refers to printf5.o(i._printf_core) for _printf_core
    printf5.o(i.__0snprintf$5) refers to printf5.o(i._snputc) for _snputc
    printf5.o(i.__0sprintf$5) refers to printf5.o(i._printf_core) for _printf_core
    printf5.o(i.__0sprintf$5) refers to printf5.o(i._sputc) for _sputc
    printf5.o(i.__0vfprintf$5) refers to printf5.o(i._printf_core) for _printf_core
    printf5.o(i.__0vfprintf$5) refers to main.o(.text) for fputc
    printf5.o(i.__0vprintf$5) refers to printf5.o(i._printf_core) for _printf_core
    printf5.o(i.__0vprintf$5) refers to main.o(.text) for fputc
    printf5.o(i.__0vprintf$5) refers to stdout.o(.data) for __stdout
    printf5.o(i.__0vsnprintf$5) refers to printf5.o(i._printf_core) for _printf_core
    printf5.o(i.__0vsnprintf$5) refers to printf5.o(i._snputc) for _snputc
    printf5.o(i.__0vsprintf$5) refers to printf5.o(i._printf_core) for _printf_core
    printf5.o(i.__0vsprintf$5) refers to printf5.o(i._sputc) for _sputc
    printf5.o(i._printf_core) refers to uldiv.o(.text) for __aeabi_uldivmod
    printf6.o(i.__0fprintf$6) refers to printf6.o(i._printf_core) for _printf_core
    printf6.o(i.__0fprintf$6) refers to main.o(.text) for fputc
    printf6.o(i.__0printf$6) refers to printf6.o(i._printf_core) for _printf_core
    printf6.o(i.__0printf$6) refers to main.o(.text) for fputc
    printf6.o(i.__0printf$6) refers to stdout.o(.data) for __stdout
    printf6.o(i.__0snprintf$6) refers to printf6.o(i._printf_core) for _printf_core
    printf6.o(i.__0snprintf$6) refers to printf6.o(i._snputc) for _snputc
    printf6.o(i.__0sprintf$6) refers to printf6.o(i._printf_core) for _printf_core
    printf6.o(i.__0sprintf$6) refers to printf6.o(i._sputc) for _sputc
    printf6.o(i.__0vfprintf$6) refers to printf6.o(i._printf_core) for _printf_core
    printf6.o(i.__0vfprintf$6) refers to main.o(.text) for fputc
    printf6.o(i.__0vprintf$6) refers to printf6.o(i._printf_core) for _printf_core
    printf6.o(i.__0vprintf$6) refers to main.o(.text) for fputc
    printf6.o(i.__0vprintf$6) refers to stdout.o(.data) for __stdout
    printf6.o(i.__0vsnprintf$6) refers to printf6.o(i._printf_core) for _printf_core
    printf6.o(i.__0vsnprintf$6) refers to printf6.o(i._snputc) for _snputc
    printf6.o(i.__0vsprintf$6) refers to printf6.o(i._printf_core) for _printf_core
    printf6.o(i.__0vsprintf$6) refers to printf6.o(i._sputc) for _sputc
    printf6.o(i._printf_core) refers to printf6.o(i._printf_pre_padding) for _printf_pre_padding
    printf6.o(i._printf_core) refers to uidiv.o(.text) for __aeabi_uidivmod
    printf6.o(i._printf_core) refers to printf6.o(i._printf_post_padding) for _printf_post_padding
    printf7.o(i.__0fprintf$7) refers to printf7.o(i._printf_core) for _printf_core
    printf7.o(i.__0fprintf$7) refers to main.o(.text) for fputc
    printf7.o(i.__0printf$7) refers to printf7.o(i._printf_core) for _printf_core
    printf7.o(i.__0printf$7) refers to main.o(.text) for fputc
    printf7.o(i.__0printf$7) refers to stdout.o(.data) for __stdout
    printf7.o(i.__0snprintf$7) refers to printf7.o(i._printf_core) for _printf_core
    printf7.o(i.__0snprintf$7) refers to printf7.o(i._snputc) for _snputc
    printf7.o(i.__0sprintf$7) refers to printf7.o(i._printf_core) for _printf_core
    printf7.o(i.__0sprintf$7) refers to printf7.o(i._sputc) for _sputc
    printf7.o(i.__0vfprintf$7) refers to printf7.o(i._printf_core) for _printf_core
    printf7.o(i.__0vfprintf$7) refers to main.o(.text) for fputc
    printf7.o(i.__0vprintf$7) refers to printf7.o(i._printf_core) for _printf_core
    printf7.o(i.__0vprintf$7) refers to main.o(.text) for fputc
    printf7.o(i.__0vprintf$7) refers to stdout.o(.data) for __stdout
    printf7.o(i.__0vsnprintf$7) refers to printf7.o(i._printf_core) for _printf_core
    printf7.o(i.__0vsnprintf$7) refers to printf7.o(i._snputc) for _snputc
    printf7.o(i.__0vsprintf$7) refers to printf7.o(i._printf_core) for _printf_core
    printf7.o(i.__0vsprintf$7) refers to printf7.o(i._sputc) for _sputc
    printf7.o(i._printf_core) refers to printf7.o(i._printf_pre_padding) for _printf_pre_padding
    printf7.o(i._printf_core) refers to uldiv.o(.text) for __aeabi_uldivmod
    printf7.o(i._printf_core) refers to printf7.o(i._printf_post_padding) for _printf_post_padding
    printf8.o(i.__0fprintf$8) refers to printf8.o(i._printf_core) for _printf_core
    printf8.o(i.__0fprintf$8) refers to main.o(.text) for fputc
    printf8.o(i.__0printf$8) refers to printf8.o(i._printf_core) for _printf_core
    printf8.o(i.__0printf$8) refers to main.o(.text) for fputc
    printf8.o(i.__0printf$8) refers to stdout.o(.data) for __stdout
    printf8.o(i.__0snprintf$8) refers to printf8.o(i._printf_core) for _printf_core
    printf8.o(i.__0snprintf$8) refers to printf8.o(i._snputc) for _snputc
    printf8.o(i.__0sprintf$8) refers to printf8.o(i._printf_core) for _printf_core
    printf8.o(i.__0sprintf$8) refers to printf8.o(i._sputc) for _sputc
    printf8.o(i.__0vfprintf$8) refers to printf8.o(i._printf_core) for _printf_core
    printf8.o(i.__0vfprintf$8) refers to main.o(.text) for fputc
    printf8.o(i.__0vprintf$8) refers to printf8.o(i._printf_core) for _printf_core
    printf8.o(i.__0vprintf$8) refers to main.o(.text) for fputc
    printf8.o(i.__0vprintf$8) refers to stdout.o(.data) for __stdout
    printf8.o(i.__0vsnprintf$8) refers to printf8.o(i._printf_core) for _printf_core
    printf8.o(i.__0vsnprintf$8) refers to printf8.o(i._snputc) for _snputc
    printf8.o(i.__0vsprintf$8) refers to printf8.o(i._printf_core) for _printf_core
    printf8.o(i.__0vsprintf$8) refers to printf8.o(i._sputc) for _sputc
    printf8.o(i._printf_core) refers to printf8.o(i._printf_pre_padding) for _printf_pre_padding
    printf8.o(i._printf_core) refers to uldiv.o(.text) for __aeabi_uldivmod
    printf8.o(i._printf_core) refers to printf8.o(i._printf_post_padding) for _printf_post_padding
    printfa.o(i.__0fprintf) refers (Special) to iusefp.o(.text) for __I$use$fp
    printfa.o(i.__0fprintf) refers to printfa.o(i._printf_core) for _printf_core
    printfa.o(i.__0fprintf) refers to main.o(.text) for fputc
    printfa.o(i.__0printf) refers (Special) to iusefp.o(.text) for __I$use$fp
    printfa.o(i.__0printf) refers to printfa.o(i._printf_core) for _printf_core
    printfa.o(i.__0printf) refers to main.o(.text) for fputc
    printfa.o(i.__0printf) refers to stdout.o(.data) for __stdout
    printfa.o(i.__0snprintf) refers (Special) to iusefp.o(.text) for __I$use$fp
    printfa.o(i.__0snprintf) refers to printfa.o(i._printf_core) for _printf_core
    printfa.o(i.__0snprintf) refers to printfa.o(i._snputc) for _snputc
    printfa.o(i.__0sprintf) refers (Special) to iusefp.o(.text) for __I$use$fp
    printfa.o(i.__0sprintf) refers to printfa.o(i._printf_core) for _printf_core
    printfa.o(i.__0sprintf) refers to printfa.o(i._sputc) for _sputc
    printfa.o(i.__0vfprintf) refers (Special) to iusefp.o(.text) for __I$use$fp
    printfa.o(i.__0vfprintf) refers to printfa.o(i._printf_core) for _printf_core
    printfa.o(i.__0vfprintf) refers to main.o(.text) for fputc
    printfa.o(i.__0vprintf) refers (Special) to iusefp.o(.text) for __I$use$fp
    printfa.o(i.__0vprintf) refers to printfa.o(i._printf_core) for _printf_core
    printfa.o(i.__0vprintf) refers to main.o(.text) for fputc
    printfa.o(i.__0vprintf) refers to stdout.o(.data) for __stdout
    printfa.o(i.__0vsnprintf) refers (Special) to iusefp.o(.text) for __I$use$fp
    printfa.o(i.__0vsnprintf) refers to printfa.o(i._printf_core) for _printf_core
    printfa.o(i.__0vsnprintf) refers to printfa.o(i._snputc) for _snputc
    printfa.o(i.__0vsprintf) refers (Special) to iusefp.o(.text) for __I$use$fp
    printfa.o(i.__0vsprintf) refers to printfa.o(i._printf_core) for _printf_core
    printfa.o(i.__0vsprintf) refers to printfa.o(i._sputc) for _sputc
    printfa.o(i._fp_digits) refers (Special) to iusefp.o(.text) for __I$use$fp
    printfa.o(i._fp_digits) refers to dmul.o(.text) for __aeabi_dmul
    printfa.o(i._fp_digits) refers to ddiv.o(.text) for __aeabi_ddiv
    printfa.o(i._fp_digits) refers to cdrcmple.o(.text) for __aeabi_cdrcmple
    printfa.o(i._fp_digits) refers to dadd.o(.text) for __aeabi_dadd
    printfa.o(i._fp_digits) refers to dfixul.o(.text) for __aeabi_d2ulz
    printfa.o(i._fp_digits) refers to uldiv.o(.text) for __aeabi_uldivmod
    printfa.o(i._printf_core) refers (Special) to iusefp.o(.text) for __I$use$fp
    printfa.o(i._printf_core) refers to printfa.o(i._printf_pre_padding) for _printf_pre_padding
    printfa.o(i._printf_core) refers to uldiv.o(.text) for __aeabi_uldivmod
    printfa.o(i._printf_core) refers to printfa.o(i._printf_post_padding) for _printf_post_padding
    printfa.o(i._printf_core) refers to printfa.o(i._fp_digits) for _fp_digits
    printfa.o(i._printf_core) refers to uidiv.o(.text) for __aeabi_uidivmod
    printfa.o(i._printf_post_padding) refers (Special) to iusefp.o(.text) for __I$use$fp
    printfa.o(i._printf_pre_padding) refers (Special) to iusefp.o(.text) for __I$use$fp
    printfa.o(i._snputc) refers (Special) to iusefp.o(.text) for __I$use$fp
    printfa.o(i._sputc) refers (Special) to iusefp.o(.text) for __I$use$fp
    dmul.o(.text) refers (Special) to iusefp.o(.text) for __I$use$fp
    dmul.o(.text) refers to depilogue.o(.text) for _double_epilogue
    dflti.o(.text) refers (Special) to iusefp.o(.text) for __I$use$fp
    dflti.o(.text) refers to depilogue.o(.text) for _double_epilogue
    dfixi.o(.text) refers (Special) to iusefp.o(.text) for __I$use$fp
    dfixi.o(.text) refers to llushr.o(.text) for __aeabi_llsr
    entry2.o(.ARM.Collect$$$$00000001) refers to entry2.o(.ARM.Collect$$$$00002712) for __lit__00000000
    entry2.o(.ARM.Collect$$$$00002712) refers to startup_stm32f10x_hd.o(STACK) for __initial_sp
    entry2.o(__vectab_stack_and_reset_area) refers to startup_stm32f10x_hd.o(STACK) for __initial_sp
    entry2.o(__vectab_stack_and_reset_area) refers to entry.o(.ARM.Collect$$$$00000000) for __main
    entry5.o(.ARM.Collect$$$$00000004) refers to init.o(.text) for __scatterload
    entry9a.o(.ARM.Collect$$$$0000000B) refers to main.o(.text) for main
    entry9b.o(.ARM.Collect$$$$0000000C) refers to main.o(.text) for main
    uldiv.o(.text) refers to llushr.o(.text) for __aeabi_llsr
    uldiv.o(.text) refers to llshl.o(.text) for __aeabi_llsl
    depilogue.o(.text) refers to llshl.o(.text) for __aeabi_llsl
    depilogue.o(.text) refers to llushr.o(.text) for __aeabi_llsr
    dadd.o(.text) refers to llshl.o(.text) for __aeabi_llsl
    dadd.o(.text) refers to llsshr.o(.text) for __aeabi_lasr
    dadd.o(.text) refers to depilogue.o(.text) for _double_epilogue
    ddiv.o(.text) refers to depilogue.o(.text) for _double_round
    dfixul.o(.text) refers to llushr.o(.text) for __aeabi_llsr
    dfixul.o(.text) refers to llshl.o(.text) for __aeabi_llsl
    init.o(.text) refers to entry5.o(.ARM.Collect$$$$00000004) for __main_after_scatterload


==============================================================================

Removing Unused input sections from the image.

    Removing main.o(.constdata), (1 bytes).
    Removing stm32f10x_sdio.o(.text), (468 bytes).
    Removing core_cm3.o(.emb_text), (32 bytes).
    Removing startup_stm32f10x_hd.o(HEAP), (512 bytes).
    Removing dadd.o(.text), (334 bytes).
    Removing ddiv.o(.text), (222 bytes).
    Removing dfixul.o(.text), (48 bytes).
    Removing cdrcmple.o(.text), (48 bytes).

8 unused section(s) (total 1665 bytes) removed from the image.

==============================================================================

Image Symbol Table

    Local Symbols

    Symbol Name                              Value     Ov Type        Size  Object(Section)

    ../clib/microlib/division.c              0x00000000   Number         0  uldiv.o ABSOLUTE
    ../clib/microlib/division.c              0x00000000   Number         0  uidiv.o ABSOLUTE
    ../clib/microlib/init/entry.s            0x00000000   Number         0  entry7a.o ABSOLUTE
    ../clib/microlib/init/entry.s            0x00000000   Number         0  entry9b.o ABSOLUTE
    ../clib/microlib/init/entry.s            0x00000000   Number         0  entry.o ABSOLUTE
    ../clib/microlib/init/entry.s            0x00000000   Number         0  entry8a.o ABSOLUTE
    ../clib/microlib/init/entry.s            0x00000000   Number         0  entry5.o ABSOLUTE
    ../clib/microlib/init/entry.s            0x00000000   Number         0  entry10a.o ABSOLUTE
    ../clib/microlib/init/entry.s            0x00000000   Number         0  entry2.o ABSOLUTE
    ../clib/microlib/init/entry.s            0x00000000   Number         0  entry7b.o ABSOLUTE
    ../clib/microlib/init/entry.s            0x00000000   Number         0  entry8b.o ABSOLUTE
    ../clib/microlib/init/entry.s            0x00000000   Number         0  entry9a.o ABSOLUTE
    ../clib/microlib/init/entry.s            0x00000000   Number         0  entry11b.o ABSOLUTE
    ../clib/microlib/init/entry.s            0x00000000   Number         0  entry11a.o ABSOLUTE
    ../clib/microlib/init/entry.s            0x00000000   Number         0  entry10b.o ABSOLUTE
    ../clib/microlib/longlong.c              0x00000000   Number         0  llshl.o ABSOLUTE
    ../clib/microlib/longlong.c              0x00000000   Number         0  llsshr.o ABSOLUTE
    ../clib/microlib/longlong.c              0x00000000   Number         0  llushr.o ABSOLUTE
    ../clib/microlib/printf/printf.c         0x00000000   Number         0  printf6.o ABSOLUTE
    ../clib/microlib/printf/printf.c         0x00000000   Number         0  printfa.o ABSOLUTE
    ../clib/microlib/printf/printf.c         0x00000000   Number         0  printf7.o ABSOLUTE
    ../clib/microlib/printf/printf.c         0x00000000   Number         0  printf8.o ABSOLUTE
    ../clib/microlib/printf/printf.c         0x00000000   Number         0  printf4.o ABSOLUTE
    ../clib/microlib/printf/printf.c         0x00000000   Number         0  printfb.o ABSOLUTE
    ../clib/microlib/printf/printf.c         0x00000000   Number         0  printf0.o ABSOLUTE
    ../clib/microlib/printf/printf.c         0x00000000   Number         0  printf1.o ABSOLUTE
    ../clib/microlib/printf/printf.c         0x00000000   Number         0  printf5.o ABSOLUTE
    ../clib/microlib/printf/printf.c         0x00000000   Number         0  printf2.o ABSOLUTE
    ../clib/microlib/printf/printf.c         0x00000000   Number         0  printf3.o ABSOLUTE
    ../clib/microlib/printf/stubs.s          0x00000000   Number         0  stubs.o ABSOLUTE
    ../clib/microlib/stdio/streams.c         0x00000000   Number         0  stdout.o ABSOLUTE
    ../clib/microlib/stubs.s                 0x00000000   Number         0  iusefp.o ABSOLUTE
    ../fplib/microlib/fpadd.c                0x00000000   Number         0  dadd.o ABSOLUTE
    ../fplib/microlib/fpdiv.c                0x00000000   Number         0  ddiv.o ABSOLUTE
    ../fplib/microlib/fpepilogue.c           0x00000000   Number         0  depilogue.o ABSOLUTE
    ../fplib/microlib/fpfix.c                0x00000000   Number         0  dfixul.o ABSOLUTE
    ../fplib/microlib/fpfix.c                0x00000000   Number         0  dfixi.o ABSOLUTE
    ../fplib/microlib/fpflt.c                0x00000000   Number         0  dflti.o ABSOLUTE
    ../fplib/microlib/fpmul.c                0x00000000   Number         0  dmul.o ABSOLUTE
    ..\..\Libraries\CMSIS\CM3\CoreSupport\core_cm3.c 0x00000000   Number         0  core_cm3.o ABSOLUTE
    ..\..\Libraries\CMSIS\CM3\DeviceSupport\ST\STM32F10x\startup\arm\startup_stm32f10x_hd.s 0x00000000   Number         0  startup_stm32f10x_hd.o ABSOLUTE
    ..\..\Libraries\STM32F10x_StdPeriph_Driver\src\misc.c 0x00000000   Number         0  misc.o ABSOLUTE
    ..\..\Libraries\STM32F10x_StdPeriph_Driver\src\stm32f10x_adc.c 0x00000000   Number         0  stm32f10x_adc.o ABSOLUTE
    ..\..\Libraries\STM32F10x_StdPeriph_Driver\src\stm32f10x_dma.c 0x00000000   Number         0  stm32f10x_dma.o ABSOLUTE
    ..\..\Libraries\STM32F10x_StdPeriph_Driver\src\stm32f10x_gpio.c 0x00000000   Number         0  stm32f10x_gpio.o ABSOLUTE
    ..\..\Libraries\STM32F10x_StdPeriph_Driver\src\stm32f10x_rcc.c 0x00000000   Number         0  stm32f10x_rcc.o ABSOLUTE
    ..\..\Libraries\STM32F10x_StdPeriph_Driver\src\stm32f10x_sdio.c 0x00000000   Number         0  stm32f10x_sdio.o ABSOLUTE
    ..\..\Libraries\STM32F10x_StdPeriph_Driver\src\stm32f10x_tim.c 0x00000000   Number         0  stm32f10x_tim.o ABSOLUTE
    ..\..\Libraries\STM32F10x_StdPeriph_Driver\src\stm32f10x_usart.c 0x00000000   Number         0  stm32f10x_usart.o ABSOLUTE
    ..\\..\\Libraries\\CMSIS\\CM3\\CoreSupport\\core_cm3.c 0x00000000   Number         0  core_cm3.o ABSOLUTE
    ..\gamepad.c                             0x00000000   Number         0  gamepad.o ABSOLUTE
    ..\lcd.c                                 0x00000000   Number         0  lcd.o ABSOLUTE
    ..\main.c                                0x00000000   Number         0  main.o ABSOLUTE
    ..\stm32f10x_it.c                        0x00000000   Number         0  stm32f10x_it.o ABSOLUTE
    ..\system_stm32f10x.c                    0x00000000   Number         0  system_stm32f10x.o ABSOLUTE
    cdrcmple.s                               0x00000000   Number         0  cdrcmple.o ABSOLUTE
    dc.s                                     0x00000000   Number         0  dc.o ABSOLUTE
    handlers.s                               0x00000000   Number         0  handlers.o ABSOLUTE
    init.s                                   0x00000000   Number         0  init.o ABSOLUTE
    RESET                                    0x08000000   Section      304  startup_stm32f10x_hd.o(RESET)
    .ARM.Collect$$$$00000000                 0x08000130   Section        0  entry.o(.ARM.Collect$$$$00000000)
    .ARM.Collect$$$$00000001                 0x08000130   Section        4  entry2.o(.ARM.Collect$$$$00000001)
    .ARM.Collect$$$$00000004                 0x08000134   Section        4  entry5.o(.ARM.Collect$$$$00000004)
    .ARM.Collect$$$$00000008                 0x08000138   Section        0  entry7b.o(.ARM.Collect$$$$00000008)
    .ARM.Collect$$$$0000000A                 0x08000138   Section        0  entry8b.o(.ARM.Collect$$$$0000000A)
    .ARM.Collect$$$$0000000B                 0x08000138   Section        8  entry9a.o(.ARM.Collect$$$$0000000B)
    .ARM.Collect$$$$0000000D                 0x08000140   Section        0  entry10a.o(.ARM.Collect$$$$0000000D)
    .ARM.Collect$$$$0000000F                 0x08000140   Section        0  entry11a.o(.ARM.Collect$$$$0000000F)
    .ARM.Collect$$$$00002712                 0x08000140   Section        4  entry2.o(.ARM.Collect$$$$00002712)
    __lit__00000000                          0x08000140   Data           4  entry2.o(.ARM.Collect$$$$00002712)
    .text                                    0x08000144   Section        0  gamepad.o(.text)
    .text                                    0x080002cc   Section        0  lcd.o(.text)
    delay                                    0x080002cd   Thumb Code    22  lcd.o(.text)
    .text                                    0x080005b8   Section        0  main.o(.text)
    .text                                    0x080070a8   Section        0  stm32f10x_it.o(.text)
    .text                                    0x08007200   Section        0  system_stm32f10x.o(.text)
    SetSysClockTo72                          0x08007201   Thumb Code   214  system_stm32f10x.o(.text)
    SetSysClock                              0x080072d7   Thumb Code     8  system_stm32f10x.o(.text)
    .text                                    0x080073e0   Section        0  misc.o(.text)
    .text                                    0x080074bc   Section        0  stm32f10x_gpio.o(.text)
    .text                                    0x08007818   Section        0  stm32f10x_rcc.o(.text)
    .text                                    0x08007bbc   Section        0  stm32f10x_tim.o(.text)
    TI4_Config                               0x08008063   Thumb Code   130  stm32f10x_tim.o(.text)
    TI3_Config                               0x080080f7   Thumb Code   122  stm32f10x_tim.o(.text)
    TI2_Config                               0x0800818b   Thumb Code   130  stm32f10x_tim.o(.text)
    TI1_Config                               0x0800821f   Thumb Code   108  stm32f10x_tim.o(.text)
    .text                                    0x080089d8   Section        0  stm32f10x_usart.o(.text)
    .text                                    0x08008de0   Section        0  stm32f10x_dma.o(.text)
    .text                                    0x08009034   Section       36  startup_stm32f10x_hd.o(.text)
    .text                                    0x08009058   Section        0  stm32f10x_adc.o(.text)
    .text                                    0x080094a6   Section        0  dmul.o(.text)
    .text                                    0x0800958a   Section        0  dflti.o(.text)
    .text                                    0x080095ac   Section        0  dfixi.o(.text)
    .text                                    0x080095ea   Section        0  uidiv.o(.text)
    .text                                    0x08009616   Section        0  llushr.o(.text)
    .text                                    0x08009636   Section        0  iusefp.o(.text)
    .text                                    0x08009636   Section        0  depilogue.o(.text)
    .text                                    0x080096f0   Section       36  init.o(.text)
    .text                                    0x08009714   Section        0  llshl.o(.text)
    i.__0printf$1                            0x08009734   Section        0  printf1.o(i.__0printf$1)
    i.__scatterload_copy                     0x08009754   Section       14  handlers.o(i.__scatterload_copy)
    i.__scatterload_null                     0x08009762   Section        2  handlers.o(i.__scatterload_null)
    i.__scatterload_zeroinit                 0x08009764   Section       14  handlers.o(i.__scatterload_zeroinit)
    i._printf_core                           0x08009774   Section        0  printf1.o(i._printf_core)
    _printf_core                             0x08009775   Thumb Code   336  printf1.o(i._printf_core)
    .data                                    0x20000000   Section      150  main.o(.data)
    sl_t0                                    0x20000095   Data           1  main.o(.data)
    .data                                    0x20000098   Section        4  stm32f10x_it.o(.data)
    tam                                      0x20000098   Data           4  stm32f10x_it.o(.data)
    .data                                    0x2000009c   Section       20  system_stm32f10x.o(.data)
    .data                                    0x200000b0   Section       20  stm32f10x_rcc.o(.data)
    APBAHBPrescTable                         0x200000b0   Data          16  stm32f10x_rcc.o(.data)
    ADCPrescTable                            0x200000c0   Data           4  stm32f10x_rcc.o(.data)
    .data                                    0x200000c4   Section        4  stdout.o(.data)
    .bss                                     0x200000c8   Section      141  main.o(.bss)
    STACK                                    0x20000158   Section     1024  startup_stm32f10x_hd.o(STACK)

    Global Symbols

    Symbol Name                              Value     Ov Type        Size  Object(Section)

    BuildAttributes$$THM_ISAv4$P$D$K$B$S$PE$A:L22UL41UL21$X:L11$S22US41US21$IEEE1$IW$USESV6$~STKCKD$USESV7$~SHL$OSPACE$ROPI$EBA8$MICROLIB$REQ8$PRES8$EABIv2 0x00000000   Number         0  anon$$obj.o ABSOLUTE
    __ARM_use_no_argv                        0x00000000   Number         0  main.o ABSOLUTE
    _printf_a                                0x00000000   Number         0  stubs.o ABSOLUTE
    _printf_c                                0x00000000   Number         0  stubs.o ABSOLUTE
    _printf_charcount                        0x00000000   Number         0  stubs.o ABSOLUTE
    _printf_d                                0x00000000   Number         0  stubs.o ABSOLUTE
    _printf_e                                0x00000000   Number         0  stubs.o ABSOLUTE
    _printf_f                                0x00000000   Number         0  stubs.o ABSOLUTE
    _printf_flags                            0x00000000   Number         0  stubs.o ABSOLUTE
    _printf_fp_dec                           0x00000000   Number         0  stubs.o ABSOLUTE
    _printf_fp_hex                           0x00000000   Number         0  stubs.o ABSOLUTE
    _printf_g                                0x00000000   Number         0  stubs.o ABSOLUTE
    _printf_i                                0x00000000   Number         0  stubs.o ABSOLUTE
    _printf_int_dec                          0x00000000   Number         0  stubs.o ABSOLUTE
    _printf_l                                0x00000000   Number         0  stubs.o ABSOLUTE
    _printf_lc                               0x00000000   Number         0  stubs.o ABSOLUTE
    _printf_ll                               0x00000000   Number         0  stubs.o ABSOLUTE
    _printf_lld                              0x00000000   Number         0  stubs.o ABSOLUTE
    _printf_lli                              0x00000000   Number         0  stubs.o ABSOLUTE
    _printf_llo                              0x00000000   Number         0  stubs.o ABSOLUTE
    _printf_llu                              0x00000000   Number         0  stubs.o ABSOLUTE
    _printf_llx                              0x00000000   Number         0  stubs.o ABSOLUTE
    _printf_longlong_dec                     0x00000000   Number         0  stubs.o ABSOLUTE
    _printf_longlong_hex                     0x00000000   Number         0  stubs.o ABSOLUTE
    _printf_longlong_oct                     0x00000000   Number         0  stubs.o ABSOLUTE
    _printf_ls                               0x00000000   Number         0  stubs.o ABSOLUTE
    _printf_mbtowc                           0x00000000   Number         0  stubs.o ABSOLUTE
    _printf_n                                0x00000000   Number         0  stubs.o ABSOLUTE
    _printf_o                                0x00000000   Number         0  stubs.o ABSOLUTE
    _printf_p                                0x00000000   Number         0  stubs.o ABSOLUTE
    _printf_percent                          0x00000000   Number         0  stubs.o ABSOLUTE
    _printf_pre_padding                      0x00000000   Number         0  stubs.o ABSOLUTE
    _printf_return_value                     0x00000000   Number         0  stubs.o ABSOLUTE
    _printf_s                                0x00000000   Number         0  stubs.o ABSOLUTE
    _printf_sizespec                         0x00000000   Number         0  stubs.o ABSOLUTE
    _printf_str                              0x00000000   Number         0  stubs.o ABSOLUTE
    _printf_truncate_signed                  0x00000000   Number         0  stubs.o ABSOLUTE
    _printf_truncate_unsigned                0x00000000   Number         0  stubs.o ABSOLUTE
    _printf_u                                0x00000000   Number         0  stubs.o ABSOLUTE
    _printf_wc                               0x00000000   Number         0  stubs.o ABSOLUTE
    _printf_wctomb                           0x00000000   Number         0  stubs.o ABSOLUTE
    _printf_widthprec                        0x00000000   Number         0  stubs.o ABSOLUTE
    _printf_x                                0x00000000   Number         0  stubs.o ABSOLUTE
    __cpp_initialize__aeabi_                  - Undefined Weak Reference
    __cxa_finalize                            - Undefined Weak Reference
    __decompress                              - Undefined Weak Reference
    _clock_init                               - Undefined Weak Reference
    _microlib_exit                            - Undefined Weak Reference
    __Vectors_Size                           0x00000130   Number         0  startup_stm32f10x_hd.o ABSOLUTE
    __Vectors                                0x08000000   Data           4  startup_stm32f10x_hd.o(RESET)
    __Vectors_End                            0x08000130   Data           0  startup_stm32f10x_hd.o(RESET)
    __main                                   0x08000131   Thumb Code     0  entry.o(.ARM.Collect$$$$00000000)
    _main_stk                                0x08000131   Thumb Code     0  entry2.o(.ARM.Collect$$$$00000001)
    _main_scatterload                        0x08000135   Thumb Code     0  entry5.o(.ARM.Collect$$$$00000004)
    __main_after_scatterload                 0x08000139   Thumb Code     0  entry5.o(.ARM.Collect$$$$00000004)
    _main_clock                              0x08000139   Thumb Code     0  entry7b.o(.ARM.Collect$$$$00000008)
    _main_cpp_init                           0x08000139   Thumb Code     0  entry8b.o(.ARM.Collect$$$$0000000A)
    _main_init                               0x08000139   Thumb Code     0  entry9a.o(.ARM.Collect$$$$0000000B)
    __rt_final_cpp                           0x08000141   Thumb Code     0  entry10a.o(.ARM.Collect$$$$0000000D)
    __rt_final_exit                          0x08000141   Thumb Code     0  entry11a.o(.ARM.Collect$$$$0000000F)
    gamepad_Init                             0x08000145   Thumb Code   122  gamepad.o(.text)
    SPIxmit                                  0x080001bf   Thumb Code    96  gamepad.o(.text)
    gp_update_btn                            0x0800021f   Thumb Code   116  gamepad.o(.text)
    gp_get_mode                              0x08000293   Thumb Code    50  gamepad.o(.text)
    lcd_data_line_write                      0x080002e3   Thumb Code   318  lcd.o(.text)
    lcd_Init_HW                              0x08000421   Thumb Code   120  lcd.o(.text)
    lcd_Control_Write                        0x08000499   Thumb Code    24  lcd.o(.text)
    lcd_Data_Write                           0x080004b1   Thumb Code    30  lcd.o(.text)
    lcd_Init                                 0x080004cf   Thumb Code   104  lcd.o(.text)
    lcd_Home                                 0x08000537   Thumb Code    16  lcd.o(.text)
    lcd_Clear                                0x08000547   Thumb Code    16  lcd.o(.text)
    lcd_GotoXY                               0x08000557   Thumb Code    72  lcd.o(.text)
    lcd_Print_Data                           0x0800059f   Thumb Code    22  lcd.o(.text)
    configInOutPort                          0x080005b9   Thumb Code   288  main.o(.text)
    config_TIM1_PWM                          0x080006d9   Thumb Code   192  main.o(.text)
    config_TIM8_PWM                          0x08000799   Thumb Code   142  main.o(.text)
    config_TIM3_encoder                      0x08000827   Thumb Code   102  main.o(.text)
    readEncoder_t3                           0x0800088d   Thumb Code    26  main.o(.text)
    encoderSau                               0x080008a7   Thumb Code    16  main.o(.text)
    resetencoderSau                          0x080008b7   Thumb Code    14  main.o(.text)
    config_TIM4_PWM                          0x080008c5   Thumb Code   190  main.o(.text)
    config_TIM5_encoder                      0x08000983   Thumb Code   170  main.o(.text)
    readEncoder_t5                           0x08000a2d   Thumb Code    26  main.o(.text)
    encoderDoc                               0x08000a47   Thumb Code    16  main.o(.text)
    resetEncoderDoc                          0x08000a57   Thumb Code    14  main.o(.text)
    config_TIM6                              0x08000a65   Thumb Code    84  main.o(.text)
    configUart2                              0x08000ab9   Thumb Code   114  main.o(.text)
    config_DMA_Usart2                        0x08000b2b   Thumb Code   126  main.o(.text)
    putchar2                                 0x08000ba9   Thumb Code    28  main.o(.text)
    configUart1                              0x08000bc5   Thumb Code   112  main.o(.text)
    adc_config_A45                           0x08000c35   Thumb Code   112  main.o(.text)
    readADC                                  0x08000ca5   Thumb Code    52  main.o(.text)
    Config_ADC                               0x08000cd9   Thumb Code   130  main.o(.text)
    ReadADC                                  0x08000d5b   Thumb Code    54  main.o(.text)
    TD_trai                                  0x08000d91   Thumb Code    36  main.o(.text)
    TD_phai                                  0x08000db5   Thumb Code    36  main.o(.text)
    TD_truoc                                 0x08000dd9   Thumb Code   128  main.o(.text)
    truot                                    0x08000e59   Thumb Code    34  main.o(.text)
    delay_ms                                 0x08000e7b   Thumb Code    34  main.o(.text)
    truot_CB                                 0x08000e9d   Thumb Code   126  main.o(.text)
    nang                                     0x08000f1b   Thumb Code   166  main.o(.text)
    setcot                                   0x08000fc1   Thumb Code    72  main.o(.text)
    quat                                     0x08001009   Thumb Code    16  main.o(.text)
    stopRobot                                0x08001019   Thumb Code    24  main.o(.text)
    Quet_cam_bien                            0x08001031   Thumb Code  2914  main.o(.text)
    DK_do_duong                              0x08001b93   Thumb Code   956  main.o(.text)
    DK_do_duong_nhanh                        0x08001f4f   Thumb Code  1110  main.o(.text)
    DK_do_duong_do                           0x080023a5   Thumb Code   970  main.o(.text)
    DK_do_duong_san_xanh                     0x0800276f   Thumb Code   970  main.o(.text)
    DK_do_duong_san_xanh_cham                0x08002b39   Thumb Code   768  main.o(.text)
    DK_do_duong_san_do_cham                  0x08002e39   Thumb Code   822  main.o(.text)
    DK_do_duong_thang                        0x0800316f   Thumb Code   856  main.o(.text)
    DK_do_duong_cot_do                       0x080034c7   Thumb Code   956  main.o(.text)
    run_ngang                                0x08003883   Thumb Code   144  main.o(.text)
    run_ngang_do                             0x08003913   Thumb Code   144  main.o(.text)
    Update_imu                               0x080039a3   Thumb Code   358  main.o(.text)
    DK_do_duong_imu                          0x08003b09   Thumb Code   838  main.o(.text)
    DK_do_duong_imu_ngang_do                 0x08003e4f   Thumb Code   846  main.o(.text)
    DK_do_duong_imu_ngang_xanh               0x0800419d   Thumb Code   882  main.o(.text)
    tocdo_line                               0x0800450f   Thumb Code    38  main.o(.text)
    tocdochay                                0x08004535   Thumb Code    38  main.o(.text)
    CB_quat_manh                             0x0800455b   Thumb Code    32  main.o(.text)
    CB_quat_nhe                              0x0800457b   Thumb Code    32  main.o(.text)
    robotGamePadControl                      0x0800459b   Thumb Code   556  main.o(.text)
    xuatphat_xanh                            0x080047c7   Thumb Code   580  main.o(.text)
    vungdoi_xanh                             0x08004a0b   Thumb Code   706  main.o(.text)
    chay_vao_cot_xanh                        0x08004ccd   Thumb Code   476  main.o(.text)
    xuatphat_do                              0x08004ea9   Thumb Code   534  main.o(.text)
    vungdoi_do                               0x080050bf   Thumb Code   710  main.o(.text)
    chay_vao_cot_do                          0x08005385   Thumb Code   474  main.o(.text)
    vungdoi_do_nhanh                         0x0800555f   Thumb Code   722  main.o(.text)
    vungdoi_xanh_nhanh                       0x08005831   Thumb Code   970  main.o(.text)
    chay_vao_cot_xanh_nhanh                  0x08005bfb   Thumb Code   438  main.o(.text)
    delay_us                                 0x08005db1   Thumb Code    30  main.o(.text)
    TIM6_IRQHandler                          0x08005dcf   Thumb Code    92  main.o(.text)
    TIM6_IRQHand                             0x08005e2b   Thumb Code    30  main.o(.text)
    printString                              0x08005e49   Thumb Code    32  main.o(.text)
    printBit                                 0x08005e69   Thumb Code    26  main.o(.text)
    activeIMU                                0x08005e83   Thumb Code   122  main.o(.text)
    resetIMU                                 0x08005efd   Thumb Code    16  main.o(.text)
    lcdViewer                                0x08005f0d   Thumb Code   544  main.o(.text)
    testquat                                 0x0800612d   Thumb Code    92  main.o(.text)
    ganquat_do                               0x08006189   Thumb Code   170  main.o(.text)
    ganquat_xanh                             0x08006233   Thumb Code   174  main.o(.text)
    leocot                                   0x080062e1   Thumb Code   378  main.o(.text)
    test_cot                                 0x0800645b   Thumb Code    56  main.o(.text)
    retry_do                                 0x08006493   Thumb Code   456  main.o(.text)
    retry_xanh                               0x0800665b   Thumb Code   104  main.o(.text)
    retry_gap_quat_xuat_phat                 0x080066c3   Thumb Code    18  main.o(.text)
    retry_90_xanh                            0x080066d5   Thumb Code   260  main.o(.text)
    retry_90_do                              0x080067d9   Thumb Code   254  main.o(.text)
    retry_90                                 0x080068d7   Thumb Code   324  main.o(.text)
    san_do                                   0x08006a1b   Thumb Code    50  main.o(.text)
    san_xanh                                 0x08006a4d   Thumb Code    50  main.o(.text)
    chay_tu_dong                             0x08006a7f   Thumb Code    32  main.o(.text)
    san_do_nhanh                             0x08006a9f   Thumb Code    50  main.o(.text)
    san_xanh_nhanh                           0x08006ad1   Thumb Code    50  main.o(.text)
    chay_tu_dong_nhanh                       0x08006b03   Thumb Code    32  main.o(.text)
    leo_cot_xanh                             0x08006b23   Thumb Code     8  main.o(.text)
    leo_cot_do                               0x08006b2b   Thumb Code     8  main.o(.text)
    leo_cot                                  0x08006b33   Thumb Code    32  main.o(.text)
    dieukhien                                0x08006b53   Thumb Code  1064  main.o(.text)
    main                                     0x08006f7b   Thumb Code   268  main.o(.text)
    fputc                                    0x08007087   Thumb Code    16  main.o(.text)
    NMI_Handler                              0x080070a9   Thumb Code     2  stm32f10x_it.o(.text)
    HardFault_Handler                        0x080070ab   Thumb Code     4  stm32f10x_it.o(.text)
    MemManage_Handler                        0x080070af   Thumb Code     4  stm32f10x_it.o(.text)
    BusFault_Handler                         0x080070b3   Thumb Code     4  stm32f10x_it.o(.text)
    UsageFault_Handler                       0x080070b7   Thumb Code     4  stm32f10x_it.o(.text)
    DebugMon_Handler                         0x080070bb   Thumb Code     2  stm32f10x_it.o(.text)
    SVC_Handler                              0x080070bd   Thumb Code     2  stm32f10x_it.o(.text)
    PendSV_Handler                           0x080070bf   Thumb Code     2  stm32f10x_it.o(.text)
    USART3_IRQHandler                        0x080070c1   Thumb Code    32  stm32f10x_it.o(.text)
    SysTick_Handler                          0x080070e1   Thumb Code    48  stm32f10x_it.o(.text)
    TIM3_IRQHandler                          0x08007111   Thumb Code    44  stm32f10x_it.o(.text)
    TIM4_IRQHandler                          0x0800713d   Thumb Code    44  stm32f10x_it.o(.text)
    TIM5_IRQHandler                          0x08007169   Thumb Code    44  stm32f10x_it.o(.text)
    DMA1_Channel6_IRQHandler                 0x08007195   Thumb Code    34  stm32f10x_it.o(.text)
    SystemInit                               0x080072df   Thumb Code    78  system_stm32f10x.o(.text)
    SystemCoreClockUpdate                    0x0800732d   Thumb Code   142  system_stm32f10x.o(.text)
    NVIC_PriorityGroupConfig                 0x080073e1   Thumb Code    10  misc.o(.text)
    NVIC_Init                                0x080073eb   Thumb Code   100  misc.o(.text)
    NVIC_SetVectorTable                      0x0800744f   Thumb Code    14  misc.o(.text)
    NVIC_SystemLPConfig                      0x0800745d   Thumb Code    34  misc.o(.text)
    SysTick_CLKSourceConfig                  0x0800747f   Thumb Code    40  misc.o(.text)
    GPIO_DeInit                              0x080074bd   Thumb Code   172  stm32f10x_gpio.o(.text)
    GPIO_AFIODeInit                          0x08007569   Thumb Code    20  stm32f10x_gpio.o(.text)
    GPIO_Init                                0x0800757d   Thumb Code   278  stm32f10x_gpio.o(.text)
    GPIO_StructInit                          0x08007693   Thumb Code    16  stm32f10x_gpio.o(.text)
    GPIO_ReadInputDataBit                    0x080076a3   Thumb Code    18  stm32f10x_gpio.o(.text)
    GPIO_ReadInputData                       0x080076b5   Thumb Code     8  stm32f10x_gpio.o(.text)
    GPIO_ReadOutputDataBit                   0x080076bd   Thumb Code    18  stm32f10x_gpio.o(.text)
    GPIO_ReadOutputData                      0x080076cf   Thumb Code     8  stm32f10x_gpio.o(.text)
    GPIO_SetBits                             0x080076d7   Thumb Code     4  stm32f10x_gpio.o(.text)
    GPIO_ResetBits                           0x080076db   Thumb Code     4  stm32f10x_gpio.o(.text)
    GPIO_WriteBit                            0x080076df   Thumb Code    10  stm32f10x_gpio.o(.text)
    GPIO_Write                               0x080076e9   Thumb Code     4  stm32f10x_gpio.o(.text)
    GPIO_PinLockConfig                       0x080076ed   Thumb Code    18  stm32f10x_gpio.o(.text)
    GPIO_EventOutputConfig                   0x080076ff   Thumb Code    26  stm32f10x_gpio.o(.text)
    GPIO_EventOutputCmd                      0x08007719   Thumb Code     6  stm32f10x_gpio.o(.text)
    GPIO_PinRemapConfig                      0x0800771f   Thumb Code   138  stm32f10x_gpio.o(.text)
    GPIO_EXTILineConfig                      0x080077a9   Thumb Code    66  stm32f10x_gpio.o(.text)
    GPIO_ETH_MediaInterfaceConfig            0x080077eb   Thumb Code     8  stm32f10x_gpio.o(.text)
    RCC_DeInit                               0x08007819   Thumb Code    64  stm32f10x_rcc.o(.text)
    RCC_HSEConfig                            0x08007859   Thumb Code    70  stm32f10x_rcc.o(.text)
    RCC_GetFlagStatus                        0x0800789f   Thumb Code    56  stm32f10x_rcc.o(.text)
    RCC_WaitForHSEStartUp                    0x080078d7   Thumb Code    56  stm32f10x_rcc.o(.text)
    RCC_AdjustHSICalibrationValue            0x0800790f   Thumb Code    20  stm32f10x_rcc.o(.text)
    RCC_HSICmd                               0x08007923   Thumb Code     6  stm32f10x_rcc.o(.text)
    RCC_PLLConfig                            0x08007929   Thumb Code    24  stm32f10x_rcc.o(.text)
    RCC_PLLCmd                               0x08007941   Thumb Code     6  stm32f10x_rcc.o(.text)
    RCC_SYSCLKConfig                         0x08007947   Thumb Code    18  stm32f10x_rcc.o(.text)
    RCC_GetSYSCLKSource                      0x08007959   Thumb Code    10  stm32f10x_rcc.o(.text)
    RCC_HCLKConfig                           0x08007963   Thumb Code    18  stm32f10x_rcc.o(.text)
    RCC_PCLK1Config                          0x08007975   Thumb Code    18  stm32f10x_rcc.o(.text)
    RCC_PCLK2Config                          0x08007987   Thumb Code    20  stm32f10x_rcc.o(.text)
    RCC_ITConfig                             0x0800799b   Thumb Code    26  stm32f10x_rcc.o(.text)
    RCC_USBCLKConfig                         0x080079b5   Thumb Code     8  stm32f10x_rcc.o(.text)
    RCC_ADCCLKConfig                         0x080079bd   Thumb Code    18  stm32f10x_rcc.o(.text)
    RCC_LSEConfig                            0x080079cf   Thumb Code    50  stm32f10x_rcc.o(.text)
    RCC_LSICmd                               0x08007a01   Thumb Code     6  stm32f10x_rcc.o(.text)
    RCC_RTCCLKConfig                         0x08007a07   Thumb Code    12  stm32f10x_rcc.o(.text)
    RCC_RTCCLKCmd                            0x08007a13   Thumb Code     8  stm32f10x_rcc.o(.text)
    RCC_GetClocksFreq                        0x08007a1b   Thumb Code   192  stm32f10x_rcc.o(.text)
    RCC_AHBPeriphClockCmd                    0x08007adb   Thumb Code    26  stm32f10x_rcc.o(.text)
    RCC_APB2PeriphClockCmd                   0x08007af5   Thumb Code    26  stm32f10x_rcc.o(.text)
    RCC_APB1PeriphClockCmd                   0x08007b0f   Thumb Code    26  stm32f10x_rcc.o(.text)
    RCC_APB2PeriphResetCmd                   0x08007b29   Thumb Code    26  stm32f10x_rcc.o(.text)
    RCC_APB1PeriphResetCmd                   0x08007b43   Thumb Code    26  stm32f10x_rcc.o(.text)
    RCC_BackupResetCmd                       0x08007b5d   Thumb Code     8  stm32f10x_rcc.o(.text)
    RCC_ClockSecuritySystemCmd               0x08007b65   Thumb Code     6  stm32f10x_rcc.o(.text)
    RCC_MCOConfig                            0x08007b6b   Thumb Code     6  stm32f10x_rcc.o(.text)
    RCC_ClearFlag                            0x08007b71   Thumb Code    14  stm32f10x_rcc.o(.text)
    RCC_GetITStatus                          0x08007b7f   Thumb Code    20  stm32f10x_rcc.o(.text)
    RCC_ClearITPendingBit                    0x08007b93   Thumb Code     6  stm32f10x_rcc.o(.text)
    TIM_DeInit                               0x08007bbd   Thumb Code   424  stm32f10x_tim.o(.text)
    TIM_TimeBaseInit                         0x08007d65   Thumb Code   122  stm32f10x_tim.o(.text)
    TIM_OC1Init                              0x08007ddf   Thumb Code   132  stm32f10x_tim.o(.text)
    TIM_OC2Init                              0x08007e63   Thumb Code   154  stm32f10x_tim.o(.text)
    TIM_OC3Init                              0x08007efd   Thumb Code   150  stm32f10x_tim.o(.text)
    TIM_OC4Init                              0x08007f93   Thumb Code   182  stm32f10x_tim.o(.text)
    TIM_SetIC4Prescaler                      0x08008049   Thumb Code    26  stm32f10x_tim.o(.text)
    TIM_SetIC3Prescaler                      0x080080e5   Thumb Code    18  stm32f10x_tim.o(.text)
    TIM_SetIC2Prescaler                      0x08008171   Thumb Code    26  stm32f10x_tim.o(.text)
    TIM_SetIC1Prescaler                      0x0800820d   Thumb Code    18  stm32f10x_tim.o(.text)
    TIM_ICInit                               0x0800828b   Thumb Code   150  stm32f10x_tim.o(.text)
    TIM_PWMIConfig                           0x08008321   Thumb Code   124  stm32f10x_tim.o(.text)
    TIM_BDTRConfig                           0x0800839d   Thumb Code    32  stm32f10x_tim.o(.text)
    TIM_TimeBaseStructInit                   0x080083bd   Thumb Code    18  stm32f10x_tim.o(.text)
    TIM_OCStructInit                         0x080083cf   Thumb Code    20  stm32f10x_tim.o(.text)
    TIM_ICStructInit                         0x080083e3   Thumb Code    18  stm32f10x_tim.o(.text)
    TIM_BDTRStructInit                       0x080083f5   Thumb Code    40  stm32f10x_tim.o(.text)
    TIM_Cmd                                  0x0800841d   Thumb Code    24  stm32f10x_tim.o(.text)
    TIM_CtrlPWMOutputs                       0x08008435   Thumb Code    30  stm32f10x_tim.o(.text)
    TIM_ITConfig                             0x08008453   Thumb Code    18  stm32f10x_tim.o(.text)
    TIM_GenerateEvent                        0x08008465   Thumb Code     4  stm32f10x_tim.o(.text)
    TIM_DMAConfig                            0x08008469   Thumb Code    10  stm32f10x_tim.o(.text)
    TIM_DMACmd                               0x08008473   Thumb Code    18  stm32f10x_tim.o(.text)
    TIM_InternalClockConfig                  0x08008485   Thumb Code    12  stm32f10x_tim.o(.text)
    TIM_SelectInputTrigger                   0x08008491   Thumb Code    18  stm32f10x_tim.o(.text)
    TIM_ITRxExternalClockConfig              0x080084a3   Thumb Code    24  stm32f10x_tim.o(.text)
    TIM_TIxExternalClockConfig               0x080084bb   Thumb Code    62  stm32f10x_tim.o(.text)
    TIM_ETRConfig                            0x080084f9   Thumb Code    28  stm32f10x_tim.o(.text)
    TIM_ETRClockMode1Config                  0x08008515   Thumb Code    54  stm32f10x_tim.o(.text)
    TIM_ETRClockMode2Config                  0x0800854b   Thumb Code    32  stm32f10x_tim.o(.text)
    TIM_PrescalerConfig                      0x0800856b   Thumb Code     6  stm32f10x_tim.o(.text)
    TIM_CounterModeConfig                    0x08008571   Thumb Code    18  stm32f10x_tim.o(.text)
    TIM_EncoderInterfaceConfig               0x08008583   Thumb Code    66  stm32f10x_tim.o(.text)
    TIM_ForcedOC1Config                      0x080085c5   Thumb Code    18  stm32f10x_tim.o(.text)
    TIM_ForcedOC2Config                      0x080085d7   Thumb Code    26  stm32f10x_tim.o(.text)
    TIM_ForcedOC3Config                      0x080085f1   Thumb Code    18  stm32f10x_tim.o(.text)
    TIM_ForcedOC4Config                      0x08008603   Thumb Code    26  stm32f10x_tim.o(.text)
    TIM_ARRPreloadConfig                     0x0800861d   Thumb Code    24  stm32f10x_tim.o(.text)
    TIM_SelectCOM                            0x08008635   Thumb Code    24  stm32f10x_tim.o(.text)
    TIM_SelectCCDMA                          0x0800864d   Thumb Code    24  stm32f10x_tim.o(.text)
    TIM_CCPreloadControl                     0x08008665   Thumb Code    24  stm32f10x_tim.o(.text)
    TIM_OC1PreloadConfig                     0x0800867d   Thumb Code    18  stm32f10x_tim.o(.text)
    TIM_OC2PreloadConfig                     0x0800868f   Thumb Code    26  stm32f10x_tim.o(.text)
    TIM_OC3PreloadConfig                     0x080086a9   Thumb Code    18  stm32f10x_tim.o(.text)
    TIM_OC4PreloadConfig                     0x080086bb   Thumb Code    26  stm32f10x_tim.o(.text)
    TIM_OC1FastConfig                        0x080086d5   Thumb Code    18  stm32f10x_tim.o(.text)
    TIM_OC2FastConfig                        0x080086e7   Thumb Code    26  stm32f10x_tim.o(.text)
    TIM_OC3FastConfig                        0x08008701   Thumb Code    18  stm32f10x_tim.o(.text)
    TIM_OC4FastConfig                        0x08008713   Thumb Code    26  stm32f10x_tim.o(.text)
    TIM_ClearOC1Ref                          0x0800872d   Thumb Code    18  stm32f10x_tim.o(.text)
    TIM_ClearOC2Ref                          0x0800873f   Thumb Code    24  stm32f10x_tim.o(.text)
    TIM_ClearOC3Ref                          0x08008757   Thumb Code    18  stm32f10x_tim.o(.text)
    TIM_ClearOC4Ref                          0x08008769   Thumb Code    24  stm32f10x_tim.o(.text)
    TIM_OC1PolarityConfig                    0x08008781   Thumb Code    18  stm32f10x_tim.o(.text)
    TIM_OC1NPolarityConfig                   0x08008793   Thumb Code    18  stm32f10x_tim.o(.text)
    TIM_OC2PolarityConfig                    0x080087a5   Thumb Code    26  stm32f10x_tim.o(.text)
    TIM_OC2NPolarityConfig                   0x080087bf   Thumb Code    26  stm32f10x_tim.o(.text)
    TIM_OC3PolarityConfig                    0x080087d9   Thumb Code    26  stm32f10x_tim.o(.text)
    TIM_OC3NPolarityConfig                   0x080087f3   Thumb Code    26  stm32f10x_tim.o(.text)
    TIM_OC4PolarityConfig                    0x0800880d   Thumb Code    26  stm32f10x_tim.o(.text)
    TIM_CCxCmd                               0x08008827   Thumb Code    30  stm32f10x_tim.o(.text)
    TIM_CCxNCmd                              0x08008845   Thumb Code    30  stm32f10x_tim.o(.text)
    TIM_SelectOCxM                           0x08008863   Thumb Code    82  stm32f10x_tim.o(.text)
    TIM_UpdateDisableConfig                  0x080088b5   Thumb Code    24  stm32f10x_tim.o(.text)
    TIM_UpdateRequestConfig                  0x080088cd   Thumb Code    24  stm32f10x_tim.o(.text)
    TIM_SelectHallSensor                     0x080088e5   Thumb Code    24  stm32f10x_tim.o(.text)
    TIM_SelectOnePulseMode                   0x080088fd   Thumb Code    18  stm32f10x_tim.o(.text)
    TIM_SelectOutputTrigger                  0x0800890f   Thumb Code    18  stm32f10x_tim.o(.text)
    TIM_SelectSlaveMode                      0x08008921   Thumb Code    18  stm32f10x_tim.o(.text)
    TIM_SelectMasterSlaveMode                0x08008933   Thumb Code    18  stm32f10x_tim.o(.text)
    TIM_SetCounter                           0x08008945   Thumb Code     4  stm32f10x_tim.o(.text)
    TIM_SetAutoreload                        0x08008949   Thumb Code     4  stm32f10x_tim.o(.text)
    TIM_SetCompare1                          0x0800894d   Thumb Code     4  stm32f10x_tim.o(.text)
    TIM_SetCompare2                          0x08008951   Thumb Code     4  stm32f10x_tim.o(.text)
    TIM_SetCompare3                          0x08008955   Thumb Code     4  stm32f10x_tim.o(.text)
    TIM_SetCompare4                          0x08008959   Thumb Code     6  stm32f10x_tim.o(.text)
    TIM_SetClockDivision                     0x0800895f   Thumb Code    18  stm32f10x_tim.o(.text)
    TIM_GetCapture1                          0x08008971   Thumb Code     6  stm32f10x_tim.o(.text)
    TIM_GetCapture2                          0x08008977   Thumb Code     6  stm32f10x_tim.o(.text)
    TIM_GetCapture3                          0x0800897d   Thumb Code     6  stm32f10x_tim.o(.text)
    TIM_GetCapture4                          0x08008983   Thumb Code     8  stm32f10x_tim.o(.text)
    TIM_GetCounter                           0x0800898b   Thumb Code     6  stm32f10x_tim.o(.text)
    TIM_GetPrescaler                         0x08008991   Thumb Code     6  stm32f10x_tim.o(.text)
    TIM_GetFlagStatus                        0x08008997   Thumb Code    18  stm32f10x_tim.o(.text)
    TIM_ClearFlag                            0x080089a9   Thumb Code     6  stm32f10x_tim.o(.text)
    TIM_GetITStatus                          0x080089af   Thumb Code    34  stm32f10x_tim.o(.text)
    TIM_ClearITPendingBit                    0x080089d1   Thumb Code     6  stm32f10x_tim.o(.text)
    USART_DeInit                             0x080089d9   Thumb Code   134  stm32f10x_usart.o(.text)
    USART_Init                               0x08008a5f   Thumb Code   210  stm32f10x_usart.o(.text)
    USART_StructInit                         0x08008b31   Thumb Code    24  stm32f10x_usart.o(.text)
    USART_ClockInit                          0x08008b49   Thumb Code    34  stm32f10x_usart.o(.text)
    USART_ClockStructInit                    0x08008b6b   Thumb Code    12  stm32f10x_usart.o(.text)
    USART_Cmd                                0x08008b77   Thumb Code    24  stm32f10x_usart.o(.text)
    USART_ITConfig                           0x08008b8f   Thumb Code    74  stm32f10x_usart.o(.text)
    USART_DMACmd                             0x08008bd9   Thumb Code    18  stm32f10x_usart.o(.text)
    USART_SetAddress                         0x08008beb   Thumb Code    18  stm32f10x_usart.o(.text)
    USART_WakeUpConfig                       0x08008bfd   Thumb Code    18  stm32f10x_usart.o(.text)
    USART_ReceiverWakeUpCmd                  0x08008c0f   Thumb Code    24  stm32f10x_usart.o(.text)
    USART_LINBreakDetectLengthConfig         0x08008c27   Thumb Code    18  stm32f10x_usart.o(.text)
    USART_LINCmd                             0x08008c39   Thumb Code    24  stm32f10x_usart.o(.text)
    USART_SendData                           0x08008c51   Thumb Code     8  stm32f10x_usart.o(.text)
    USART_ReceiveData                        0x08008c59   Thumb Code    10  stm32f10x_usart.o(.text)
    USART_SendBreak                          0x08008c63   Thumb Code    10  stm32f10x_usart.o(.text)
    USART_SetGuardTime                       0x08008c6d   Thumb Code    16  stm32f10x_usart.o(.text)
    USART_SetPrescaler                       0x08008c7d   Thumb Code    16  stm32f10x_usart.o(.text)
    USART_SmartCardCmd                       0x08008c8d   Thumb Code    24  stm32f10x_usart.o(.text)
    USART_SmartCardNACKCmd                   0x08008ca5   Thumb Code    24  stm32f10x_usart.o(.text)
    USART_HalfDuplexCmd                      0x08008cbd   Thumb Code    24  stm32f10x_usart.o(.text)
    USART_OverSampling8Cmd                   0x08008cd5   Thumb Code    22  stm32f10x_usart.o(.text)
    USART_OneBitMethodCmd                    0x08008ceb   Thumb Code    24  stm32f10x_usart.o(.text)
    USART_IrDAConfig                         0x08008d03   Thumb Code    18  stm32f10x_usart.o(.text)
    USART_IrDACmd                            0x08008d15   Thumb Code    24  stm32f10x_usart.o(.text)
    USART_GetFlagStatus                      0x08008d2d   Thumb Code    26  stm32f10x_usart.o(.text)
    USART_ClearFlag                          0x08008d47   Thumb Code    18  stm32f10x_usart.o(.text)
    USART_GetITStatus                        0x08008d59   Thumb Code    84  stm32f10x_usart.o(.text)
    USART_ClearITPendingBit                  0x08008dad   Thumb Code    52  stm32f10x_usart.o(.text)
    DMA_DeInit                               0x08008de1   Thumb Code   324  stm32f10x_dma.o(.text)
    DMA_Init                                 0x08008f25   Thumb Code    60  stm32f10x_dma.o(.text)
    DMA_StructInit                           0x08008f61   Thumb Code    26  stm32f10x_dma.o(.text)
    DMA_Cmd                                  0x08008f7b   Thumb Code    24  stm32f10x_dma.o(.text)
    DMA_ITConfig                             0x08008f93   Thumb Code    18  stm32f10x_dma.o(.text)
    DMA_SetCurrDataCounter                   0x08008fa5   Thumb Code     4  stm32f10x_dma.o(.text)
    DMA_GetCurrDataCounter                   0x08008fa9   Thumb Code     8  stm32f10x_dma.o(.text)
    DMA_GetFlagStatus                        0x08008fb1   Thumb Code    40  stm32f10x_dma.o(.text)
    DMA_ClearFlag                            0x08008fd9   Thumb Code    22  stm32f10x_dma.o(.text)
    DMA_GetITStatus                          0x08008fef   Thumb Code    40  stm32f10x_dma.o(.text)
    DMA_ClearITPendingBit                    0x08009017   Thumb Code    22  stm32f10x_dma.o(.text)
    Reset_Handler                            0x08009035   Thumb Code     8  startup_stm32f10x_hd.o(.text)
    ADC1_2_IRQHandler                        0x0800904f   Thumb Code     0  startup_stm32f10x_hd.o(.text)
    ADC3_IRQHandler                          0x0800904f   Thumb Code     0  startup_stm32f10x_hd.o(.text)
    CAN1_RX1_IRQHandler                      0x0800904f   Thumb Code     0  startup_stm32f10x_hd.o(.text)
    CAN1_SCE_IRQHandler                      0x0800904f   Thumb Code     0  startup_stm32f10x_hd.o(.text)
    DMA1_Channel1_IRQHandler                 0x0800904f   Thumb Code     0  startup_stm32f10x_hd.o(.text)
    DMA1_Channel2_IRQHandler                 0x0800904f   Thumb Code     0  startup_stm32f10x_hd.o(.text)
    DMA1_Channel3_IRQHandler                 0x0800904f   Thumb Code     0  startup_stm32f10x_hd.o(.text)
    DMA1_Channel4_IRQHandler                 0x0800904f   Thumb Code     0  startup_stm32f10x_hd.o(.text)
    DMA1_Channel5_IRQHandler                 0x0800904f   Thumb Code     0  startup_stm32f10x_hd.o(.text)
    DMA1_Channel7_IRQHandler                 0x0800904f   Thumb Code     0  startup_stm32f10x_hd.o(.text)
    DMA2_Channel1_IRQHandler                 0x0800904f   Thumb Code     0  startup_stm32f10x_hd.o(.text)
    DMA2_Channel2_IRQHandler                 0x0800904f   Thumb Code     0  startup_stm32f10x_hd.o(.text)
    DMA2_Channel3_IRQHandler                 0x0800904f   Thumb Code     0  startup_stm32f10x_hd.o(.text)
    DMA2_Channel4_5_IRQHandler               0x0800904f   Thumb Code     0  startup_stm32f10x_hd.o(.text)
    EXTI0_IRQHandler                         0x0800904f   Thumb Code     0  startup_stm32f10x_hd.o(.text)
    EXTI15_10_IRQHandler                     0x0800904f   Thumb Code     0  startup_stm32f10x_hd.o(.text)
    EXTI1_IRQHandler                         0x0800904f   Thumb Code     0  startup_stm32f10x_hd.o(.text)
    EXTI2_IRQHandler                         0x0800904f   Thumb Code     0  startup_stm32f10x_hd.o(.text)
    EXTI3_IRQHandler                         0x0800904f   Thumb Code     0  startup_stm32f10x_hd.o(.text)
    EXTI4_IRQHandler                         0x0800904f   Thumb Code     0  startup_stm32f10x_hd.o(.text)
    EXTI9_5_IRQHandler                       0x0800904f   Thumb Code     0  startup_stm32f10x_hd.o(.text)
    FLASH_IRQHandler                         0x0800904f   Thumb Code     0  startup_stm32f10x_hd.o(.text)
    FSMC_IRQHandler                          0x0800904f   Thumb Code     0  startup_stm32f10x_hd.o(.text)
    I2C1_ER_IRQHandler                       0x0800904f   Thumb Code     0  startup_stm32f10x_hd.o(.text)
    I2C1_EV_IRQHandler                       0x0800904f   Thumb Code     0  startup_stm32f10x_hd.o(.text)
    I2C2_ER_IRQHandler                       0x0800904f   Thumb Code     0  startup_stm32f10x_hd.o(.text)
    I2C2_EV_IRQHandler                       0x0800904f   Thumb Code     0  startup_stm32f10x_hd.o(.text)
    PVD_IRQHandler                           0x0800904f   Thumb Code     0  startup_stm32f10x_hd.o(.text)
    RCC_IRQHandler                           0x0800904f   Thumb Code     0  startup_stm32f10x_hd.o(.text)
    RTCAlarm_IRQHandler                      0x0800904f   Thumb Code     0  startup_stm32f10x_hd.o(.text)
    RTC_IRQHandler                           0x0800904f   Thumb Code     0  startup_stm32f10x_hd.o(.text)
    SDIO_IRQHandler                          0x0800904f   Thumb Code     0  startup_stm32f10x_hd.o(.text)
    SPI1_IRQHandler                          0x0800904f   Thumb Code     0  startup_stm32f10x_hd.o(.text)
    SPI2_IRQHandler                          0x0800904f   Thumb Code     0  startup_stm32f10x_hd.o(.text)
    SPI3_IRQHandler                          0x0800904f   Thumb Code     0  startup_stm32f10x_hd.o(.text)
    TAMPER_IRQHandler                        0x0800904f   Thumb Code     0  startup_stm32f10x_hd.o(.text)
    TIM1_BRK_IRQHandler                      0x0800904f   Thumb Code     0  startup_stm32f10x_hd.o(.text)
    TIM1_CC_IRQHandler                       0x0800904f   Thumb Code     0  startup_stm32f10x_hd.o(.text)
    TIM1_TRG_COM_IRQHandler                  0x0800904f   Thumb Code     0  startup_stm32f10x_hd.o(.text)
    TIM1_UP_IRQHandler                       0x0800904f   Thumb Code     0  startup_stm32f10x_hd.o(.text)
    TIM2_IRQHandler                          0x0800904f   Thumb Code     0  startup_stm32f10x_hd.o(.text)
    TIM7_IRQHandler                          0x0800904f   Thumb Code     0  startup_stm32f10x_hd.o(.text)
    TIM8_BRK_IRQHandler                      0x0800904f   Thumb Code     0  startup_stm32f10x_hd.o(.text)
    TIM8_CC_IRQHandler                       0x0800904f   Thumb Code     0  startup_stm32f10x_hd.o(.text)
    TIM8_TRG_COM_IRQHandler                  0x0800904f   Thumb Code     0  startup_stm32f10x_hd.o(.text)
    TIM8_UP_IRQHandler                       0x0800904f   Thumb Code     0  startup_stm32f10x_hd.o(.text)
    UART4_IRQHandler                         0x0800904f   Thumb Code     0  startup_stm32f10x_hd.o(.text)
    UART5_IRQHandler                         0x0800904f   Thumb Code     0  startup_stm32f10x_hd.o(.text)
    USART1_IRQHandler                        0x0800904f   Thumb Code     0  startup_stm32f10x_hd.o(.text)
    USART2_IRQHandler                        0x0800904f   Thumb Code     0  startup_stm32f10x_hd.o(.text)
    USBWakeUp_IRQHandler                     0x0800904f   Thumb Code     0  startup_stm32f10x_hd.o(.text)
    USB_HP_CAN1_TX_IRQHandler                0x0800904f   Thumb Code     0  startup_stm32f10x_hd.o(.text)
    USB_LP_CAN1_RX0_IRQHandler               0x0800904f   Thumb Code     0  startup_stm32f10x_hd.o(.text)
    WWDG_IRQHandler                          0x0800904f   Thumb Code     0  startup_stm32f10x_hd.o(.text)
    ADC_DeInit                               0x08009059   Thumb Code    78  stm32f10x_adc.o(.text)
    ADC_Init                                 0x080090a7   Thumb Code    70  stm32f10x_adc.o(.text)
    ADC_StructInit                           0x080090ed   Thumb Code    18  stm32f10x_adc.o(.text)
    ADC_Cmd                                  0x080090ff   Thumb Code    22  stm32f10x_adc.o(.text)
    ADC_DMACmd                               0x08009115   Thumb Code    22  stm32f10x_adc.o(.text)
    ADC_ITConfig                             0x0800912b   Thumb Code    24  stm32f10x_adc.o(.text)
    ADC_ResetCalibration                     0x08009143   Thumb Code    10  stm32f10x_adc.o(.text)
    ADC_GetResetCalibrationStatus            0x0800914d   Thumb Code    20  stm32f10x_adc.o(.text)
    ADC_StartCalibration                     0x08009161   Thumb Code    10  stm32f10x_adc.o(.text)
    ADC_GetCalibrationStatus                 0x0800916b   Thumb Code    20  stm32f10x_adc.o(.text)
    ADC_SoftwareStartConvCmd                 0x0800917f   Thumb Code    22  stm32f10x_adc.o(.text)
    ADC_GetSoftwareStartConvStatus           0x08009195   Thumb Code    20  stm32f10x_adc.o(.text)
    ADC_DiscModeChannelCountConfig           0x080091a9   Thumb Code    24  stm32f10x_adc.o(.text)
    ADC_DiscModeCmd                          0x080091c1   Thumb Code    22  stm32f10x_adc.o(.text)
    ADC_RegularChannelConfig                 0x080091d7   Thumb Code   184  stm32f10x_adc.o(.text)
    ADC_ExternalTrigConvCmd                  0x0800928f   Thumb Code    22  stm32f10x_adc.o(.text)
    ADC_GetConversionValue                   0x080092a5   Thumb Code     8  stm32f10x_adc.o(.text)
    ADC_GetDualModeConversionValue           0x080092ad   Thumb Code     8  stm32f10x_adc.o(.text)
    ADC_AutoInjectedConvCmd                  0x080092b5   Thumb Code    22  stm32f10x_adc.o(.text)
    ADC_InjectedDiscModeCmd                  0x080092cb   Thumb Code    22  stm32f10x_adc.o(.text)
    ADC_ExternalTrigInjectedConvConfig       0x080092e1   Thumb Code    16  stm32f10x_adc.o(.text)
    ADC_ExternalTrigInjectedConvCmd          0x080092f1   Thumb Code    22  stm32f10x_adc.o(.text)
    ADC_SoftwareStartInjectedConvCmd         0x08009307   Thumb Code    22  stm32f10x_adc.o(.text)
    ADC_GetSoftwareStartInjectedConvCmdStatus 0x0800931d   Thumb Code    20  stm32f10x_adc.o(.text)
    ADC_InjectedChannelConfig                0x08009331   Thumb Code   130  stm32f10x_adc.o(.text)
    ADC_InjectedSequencerLengthConfig        0x080093b3   Thumb Code    24  stm32f10x_adc.o(.text)
    ADC_SetInjectedOffset                    0x080093cb   Thumb Code    20  stm32f10x_adc.o(.text)
    ADC_GetInjectedConversionValue           0x080093df   Thumb Code    28  stm32f10x_adc.o(.text)
    ADC_AnalogWatchdogCmd                    0x080093fb   Thumb Code    16  stm32f10x_adc.o(.text)
    ADC_AnalogWatchdogThresholdsConfig       0x0800940b   Thumb Code     6  stm32f10x_adc.o(.text)
    ADC_AnalogWatchdogSingleChannelConfig    0x08009411   Thumb Code    16  stm32f10x_adc.o(.text)
    ADC_TempSensorVrefintCmd                 0x08009421   Thumb Code    64  stm32f10x_adc.o(.text)
    ADC_GetFlagStatus                        0x08009461   Thumb Code    18  stm32f10x_adc.o(.text)
    ADC_ClearFlag                            0x08009473   Thumb Code     6  stm32f10x_adc.o(.text)
    ADC_GetITStatus                          0x08009479   Thumb Code    36  stm32f10x_adc.o(.text)
    ADC_ClearITPendingBit                    0x0800949d   Thumb Code    10  stm32f10x_adc.o(.text)
    __aeabi_dmul                             0x080094a7   Thumb Code   228  dmul.o(.text)
    __aeabi_i2d                              0x0800958b   Thumb Code    34  dflti.o(.text)
    __aeabi_d2iz                             0x080095ad   Thumb Code    62  dfixi.o(.text)
    __aeabi_uidiv                            0x080095eb   Thumb Code     0  uidiv.o(.text)
    __aeabi_uidivmod                         0x080095eb   Thumb Code    44  uidiv.o(.text)
    __aeabi_llsr                             0x08009617   Thumb Code    32  llushr.o(.text)
    _ll_ushift_r                             0x08009617   Thumb Code     0  llushr.o(.text)
    __I$use$fp                               0x08009637   Thumb Code     0  iusefp.o(.text)
    _double_round                            0x08009637   Thumb Code    30  depilogue.o(.text)
    _double_epilogue                         0x08009655   Thumb Code   156  depilogue.o(.text)
    __scatterload                            0x080096f1   Thumb Code    28  init.o(.text)
    __scatterload_rt2                        0x080096f1   Thumb Code     0  init.o(.text)
    __aeabi_llsl                             0x08009715   Thumb Code    30  llshl.o(.text)
    _ll_shift_l                              0x08009715   Thumb Code     0  llshl.o(.text)
    __0printf$1                              0x08009735   Thumb Code    22  printf1.o(i.__0printf$1)
    __1printf$1                              0x08009735   Thumb Code     0  printf1.o(i.__0printf$1)
    __2printf                                0x08009735   Thumb Code     0  printf1.o(i.__0printf$1)
    __scatterload_copy                       0x08009755   Thumb Code    14  handlers.o(i.__scatterload_copy)
    __scatterload_null                       0x08009763   Thumb Code     2  handlers.o(i.__scatterload_null)
    __scatterload_zeroinit                   0x08009765   Thumb Code    14  handlers.o(i.__scatterload_zeroinit)
    Region$$Table$$Base                      0x080098c8   Number         0  anon$$obj.o(Region$$Table)
    Region$$Table$$Limit                     0x080098e8   Number         0  anon$$obj.o(Region$$Table)
    num_over_t3                              0x20000000   Data           4  main.o(.data)
    num_over_t4                              0x20000004   Data           4  main.o(.data)
    num_over_t5                              0x20000008   Data           4  main.o(.data)
    mang                                     0x2000000c   Data           2  main.o(.data)
    GPIO_InitStructure                       0x2000000e   Data           4  main.o(.data)
    NVIC_InitStructure                       0x20000012   Data           4  main.o(.data)
    nho_phai                                 0x20000016   Data           1  main.o(.data)
    nho_trai                                 0x20000017   Data           1  main.o(.data)
    time_out                                 0x20000018   Data           4  main.o(.data)
    so_cam_bien                              0x2000001c   Data           4  main.o(.data)
    so_cam_bien_trai                         0x20000020   Data           4  main.o(.data)
    so_vach                                  0x20000024   Data           4  main.o(.data)
    Vach_ngang                               0x20000028   Data           4  main.o(.data)
    so_vach_trai                             0x2000002c   Data           4  main.o(.data)
    dem_so                                   0x20000030   Data           4  main.o(.data)
    bit_tang_toc                             0x20000034   Data           1  main.o(.data)
    bit_e_speed                              0x20000035   Data           1  main.o(.data)
    firstAngle                               0x20000036   Data           2  main.o(.data)
    speed                                    0x20000038   Data           1  main.o(.data)
    tam_speed                                0x20000039   Data           1  main.o(.data)
    tam                                      0x2000003a   Data           1  main.o(.data)
    td_sau                                   0x2000003b   Data           1  main.o(.data)
    a                                        0x2000003c   Data           1  main.o(.data)
    so_line                                  0x2000003d   Data           1  main.o(.data)
    Bien_sensor                              0x2000003e   Data           1  main.o(.data)
    pwm_50                                   0x2000003f   Data           1  main.o(.data)
    pwm_40                                   0x20000040   Data           1  main.o(.data)
    pwm_30                                   0x20000041   Data           1  main.o(.data)
    pwm_20                                   0x20000042   Data           1  main.o(.data)
    pwm_10                                   0x20000043   Data           1  main.o(.data)
    pwm_90                                   0x20000044   Data           1  main.o(.data)
    pwm_80                                   0x20000045   Data           1  main.o(.data)
    pwm_70                                   0x20000046   Data           1  main.o(.data)
    pwm_60                                   0x20000047   Data           1  main.o(.data)
    modeAuto                                 0x20000048   Data           1  main.o(.data)
    bit_1                                    0x20000049   Data           1  main.o(.data)
    bit_2                                    0x2000004a   Data           1  main.o(.data)
    bit_3                                    0x2000004b   Data           1  main.o(.data)
    ACC                                      0x2000004c   Data           1  main.o(.data)
    ii                                       0x20000050   Data           4  main.o(.data)
    GP_BTN                                   0x20000054   Data           6  main.o(.data)
    systic_time                              0x2000005c   Data           4  main.o(.data)
    data_gyro                                0x20000060   Data           2  main.o(.data)
    temp                                     0x20000062   Data           2  main.o(.data)
    en_gyro                                  0x20000064   Data           4  main.o(.data)
    _lcd                                     0x20000068   Data           1  main.o(.data)
    data_tx_gyro                             0x20000069   Data           1  main.o(.data)
    receiver_ok                              0x2000006c   Data           4  main.o(.data)
    i                                        0x20000070   Data           4  main.o(.data)
    dataUsart3                               0x20000074   Data           1  main.o(.data)
    giu                                      0x20000075   Data           1  main.o(.data)
    angle                                    0x20000078   Data           4  main.o(.data)
    rxUsart3                                 0x2000007c   Data           1  main.o(.data)
    autoRun                                  0x2000007d   Data           1  main.o(.data)
    qt                                       0x2000007e   Data           1  main.o(.data)
    tang_toc                                 0x2000007f   Data           1  main.o(.data)
    pwm                                      0x20000080   Data           4  main.o(.data)
    enableADC                                0x20000084   Data           4  main.o(.data)
    dataADC                                  0x20000088   Data           4  main.o(.data)
    CN                                       0x2000008c   Data           4  main.o(.data)
    van                                      0x20000090   Data           1  main.o(.data)
    van1                                     0x20000091   Data           1  main.o(.data)
    van2                                     0x20000092   Data           1  main.o(.data)
    van3                                     0x20000093   Data           1  main.o(.data)
    van4                                     0x20000094   Data           1  main.o(.data)
    SystemCoreClock                          0x2000009c   Data           4  system_stm32f10x.o(.data)
    AHBPrescTable                            0x200000a0   Data          16  system_stm32f10x.o(.data)
    __stdout                                 0x200000c4   Data           4  stdout.o(.data)
    TIM_TimeBaseStructure                    0x200000c8   Data          10  main.o(.bss)
    TIM_OCInitStructure                      0x200000d2   Data          16  main.o(.bss)
    DMA_InitStructure                        0x200000e4   Data          44  main.o(.bss)
    ADC_InitStructure                        0x20000110   Data          20  main.o(.bss)
    lcd_buffer                               0x20000124   Data          33  main.o(.bss)
    arr                                      0x20000145   Data          16  main.o(.bss)
    __initial_sp                             0x20000558   Data           0  startup_stm32f10x_hd.o(STACK)



==============================================================================

Memory Map of the image

  Image Entry point : 0x08000131

  Load Region LR_IROM1 (Base: 0x08000000, Size: 0x000099b0, Max: 0x00040000, ABSOLUTE)

    Execution Region ER_IROM1 (Base: 0x08000000, Size: 0x000098e8, Max: 0x00040000, ABSOLUTE)

    Base Addr    Size         Type   Attr      Idx    E Section Name        Object

    0x08000000   0x00000130   Data   RO          351    RESET               startup_stm32f10x_hd.o
    0x08000130   0x00000000   Code   RO          368  * .ARM.Collect$$$$00000000  mc_w.l(entry.o)
    0x08000130   0x00000004   Code   RO          638    .ARM.Collect$$$$00000001  mc_w.l(entry2.o)
    0x08000134   0x00000004   Code   RO          641    .ARM.Collect$$$$00000004  mc_w.l(entry5.o)
    0x08000138   0x00000000   Code   RO          643    .ARM.Collect$$$$00000008  mc_w.l(entry7b.o)
    0x08000138   0x00000000   Code   RO          645    .ARM.Collect$$$$0000000A  mc_w.l(entry8b.o)
    0x08000138   0x00000008   Code   RO          646    .ARM.Collect$$$$0000000B  mc_w.l(entry9a.o)
    0x08000140   0x00000000   Code   RO          648    .ARM.Collect$$$$0000000D  mc_w.l(entry10a.o)
    0x08000140   0x00000000   Code   RO          650    .ARM.Collect$$$$0000000F  mc_w.l(entry11a.o)
    0x08000140   0x00000004   Code   RO          639    .ARM.Collect$$$$00002712  mc_w.l(entry2.o)
    0x08000144   0x00000188   Code   RO            1    .text               gamepad.o
    0x080002cc   0x000002ec   Code   RO          109    .text               lcd.o
    0x080005b8   0x00006af0   Code   RO          124    .text               main.o
    0x080070a8   0x00000158   Code   RO          217    .text               stm32f10x_it.o
    0x08007200   0x000001e0   Code   RO          234    .text               system_stm32f10x.o
    0x080073e0   0x000000dc   Code   RO          252    .text               misc.o
    0x080074bc   0x0000035c   Code   RO          264    .text               stm32f10x_gpio.o
    0x08007818   0x000003a4   Code   RO          276    .text               stm32f10x_rcc.o
    0x08007bbc   0x00000e1a   Code   RO          302    .text               stm32f10x_tim.o
    0x080089d6   0x00000002   PAD
    0x080089d8   0x00000408   Code   RO          314    .text               stm32f10x_usart.o
    0x08008de0   0x00000254   Code   RO          326    .text               stm32f10x_dma.o
    0x08009034   0x00000024   Code   RO          352    .text               startup_stm32f10x_hd.o
    0x08009058   0x0000044e   Code   RO          356    .text               stm32f10x_adc.o
    0x080094a6   0x000000e4   Code   RO          632    .text               mf_w.l(dmul.o)
    0x0800958a   0x00000022   Code   RO          634    .text               mf_w.l(dflti.o)
    0x080095ac   0x0000003e   Code   RO          636    .text               mf_w.l(dfixi.o)
    0x080095ea   0x0000002c   Code   RO          653    .text               mc_w.l(uidiv.o)
    0x08009616   0x00000020   Code   RO          657    .text               mc_w.l(llushr.o)
    0x08009636   0x00000000   Code   RO          659    .text               mc_w.l(iusefp.o)
    0x08009636   0x000000ba   Code   RO          660    .text               mf_w.l(depilogue.o)
    0x080096f0   0x00000024   Code   RO          670    .text               mc_w.l(init.o)
    0x08009714   0x0000001e   Code   RO          672    .text               mc_w.l(llshl.o)
    0x08009732   0x00000002   PAD
    0x08009734   0x00000020   Code   RO          416    i.__0printf$1       mc_w.l(printf1.o)
    0x08009754   0x0000000e   Code   RO          678    i.__scatterload_copy  mc_w.l(handlers.o)
    0x08009762   0x00000002   Code   RO          679    i.__scatterload_null  mc_w.l(handlers.o)
    0x08009764   0x0000000e   Code   RO          680    i.__scatterload_zeroinit  mc_w.l(handlers.o)
    0x08009772   0x00000002   PAD
    0x08009774   0x00000154   Code   RO          423    i._printf_core      mc_w.l(printf1.o)
    0x080098c8   0x00000020   Data   RO          676    Region$$Table       anon$$obj.o


    Execution Region RW_IRAM1 (Base: 0x20000000, Size: 0x00000558, Max: 0x0000c000, ABSOLUTE)

    Base Addr    Size         Type   Attr      Idx    E Section Name        Object

    0x20000000   0x00000096   Data   RW          127    .data               main.o
    0x20000096   0x00000002   PAD
    0x20000098   0x00000004   Data   RW          218    .data               stm32f10x_it.o
    0x2000009c   0x00000014   Data   RW          235    .data               system_stm32f10x.o
    0x200000b0   0x00000014   Data   RW          277    .data               stm32f10x_rcc.o
    0x200000c4   0x00000004   Data   RW          652    .data               mc_w.l(stdout.o)
    0x200000c8   0x0000008d   Zero   RW          125    .bss                main.o
    0x20000155   0x00000003   PAD
    0x20000158   0x00000400   Zero   RW          349    STACK               startup_stm32f10x_hd.o


==============================================================================

Image component sizes


      Code (inc. data)   RO Data    RW Data    ZI Data      Debug   Object Name

         0          0          0          0          0         32   core_cm3.o
       392          8          0          0          0     273761   gamepad.o
       748          4          0          0          0       2337   lcd.o
     27376       1200          0        150        141     108552   main.o
       220         22          0          0          0       1961   misc.o
        36          8        304          0       1024        928   startup_stm32f10x_hd.o
      1102         26          0          0          0      11201   stm32f10x_adc.o
       596          8          0          0          0       4526   stm32f10x_dma.o
       860         38          0          0          0       5893   stm32f10x_gpio.o
       344         74          0          4          0       1997   stm32f10x_it.o
       932         36          0         20          0       9116   stm32f10x_rcc.o
      3610         88          0          0          0      23000   stm32f10x_tim.o
      1032         22          0          0          0       8620   stm32f10x_usart.o
       480         38          0         20          0       1879   system_stm32f10x.o

    ----------------------------------------------------------------------
     37730       1572        336        196       1168     453803   Object Totals
         0          0         32          0          0          0   (incl. Generated)
         2          0          0          2          3          0   (incl. Padding)

    ----------------------------------------------------------------------

      Code (inc. data)   RO Data    RW Data    ZI Data      Debug   Library Member Name

         0          0          0          0          0          0   entry.o
         0          0          0          0          0          0   entry10a.o
         0          0          0          0          0          0   entry11a.o
         8          4          0          0          0          0   entry2.o
         4          0          0          0          0          0   entry5.o
         0          0          0          0          0          0   entry7b.o
         0          0          0          0          0          0   entry8b.o
         8          4          0          0          0          0   entry9a.o
        30          0          0          0          0          0   handlers.o
        36          8          0          0          0         68   init.o
         0          0          0          0          0          0   iusefp.o
        30          0          0          0          0         68   llshl.o
        32          0          0          0          0         68   llushr.o
       372         14          0          0          0        184   printf1.o
         0          0          0          4          0          0   stdout.o
        44          0          0          0          0         80   uidiv.o
       186          0          0          0          0        176   depilogue.o
        62          0          0          0          0         80   dfixi.o
        34          0          0          0          0         76   dflti.o
       228          0          0          0          0         96   dmul.o

    ----------------------------------------------------------------------
      1078         30          0          4          0        896   Library Totals
         4          0          0          0          0          0   (incl. Padding)

    ----------------------------------------------------------------------

      Code (inc. data)   RO Data    RW Data    ZI Data      Debug   Library Name

       564         30          0          4          0        468   mc_w.l
       510          0          0          0          0        428   mf_w.l

    ----------------------------------------------------------------------
      1078         30          0          4          0        896   Library Totals

    ----------------------------------------------------------------------

==============================================================================


      Code (inc. data)   RO Data    RW Data    ZI Data      Debug   

     38808       1602        336        200       1168     453031   Grand Totals
     38808       1602        336        200       1168     453031   ELF Image Totals
     38808       1602        336        200          0          0   ROM Totals

==============================================================================

    Total RO  Size (Code + RO Data)                39144 (  38.23kB)
    Total RW  Size (RW Data + ZI Data)              1368 (   1.34kB)
    Total ROM Size (Code + RO Data + RW Data)      39344 (  38.42kB)

==============================================================================

