Component: ARM Compiler 5.06 (build 20) Tool: armlink [4d35a3]

==============================================================================

Section Cross References

    stm32f4xx_it.o(.text) refers to stm32f4xx_usart.o(.text) for USART_GetITStatus
    stm32f4xx_it.o(.text) refers to stm32f4xx_dma.o(.text) for DMA_ClearITPendingBit
    stm32f4xx_it.o(.text) refers to main.o(.text) for get_Gamepad_Bluetouch
    stm32f4xx_it.o(.text) refers to stm32f4xx_tim.o(.text) for TIM_ClearITPendingBit
    stm32f4xx_it.o(.text) refers to stm32f4xx_exti.o(.text) for EXTI_GetITStatus
    stm32f4xx_it.o(.text) refers to stm32f4xx_gpio.o(.text) for GPIO_ToggleBits
    stm32f4xx_it.o(.text) refers to main.o(.bss) for RX_USART1
    stm32f4xx_it.o(.text) refers to main.o(.data) for IMU
    stm32f4xx_it.o(.text) refers to main.o(.data) for num_over_t3
    stm32f4xx_it.o(.text) refers to main.o(.data) for num_over_t5
    stm32f4xx_it.o(.text) refers to main.o(.data) for sieu_am
    main.o(.text) refers to strlen.o(.text) for strlen
    main.o(.text) refers to stm32f4xx_dma.o(.text) for DMA_Cmd
    main.o(.text) refers to stm32f4xx_usart.o(.text) for USART_SendData
    main.o(.text) refers to printf3.o(i.__0sprintf$3) for __2sprintf
    main.o(.text) refers to strcat.o(.text) for strcat
    main.o(.text) refers to stm32f4xx_gpio.o(.text) for GPIO_ReadInputDataBit
    main.o(.text) refers to main.o(.bss) for .bss
    main.o(.text) refers to stm32f4xx_tim.o(.text) for TIM_GetCounter
    main.o(.text) refers to stm32f4xx_rcc.o(.text) for RCC_AHB1PeriphClockCmd
    main.o(.text) refers to misc.o(.text) for NVIC_PriorityGroupConfig
    main.o(.text) refers to main.o(.data) for .data
    main.o(.text) refers to stm32f4xx_adc.o(.text) for ADC_CommonInit
    main.o(.text) refers to stm32f4xx_syscfg.o(.text) for SYSCFG_EXTILineConfig
    main.o(.text) refers to stm32f4xx_exti.o(.text) for EXTI_Init
    main.o(.text) refers to dflti.o(.text) for __aeabi_i2d
    main.o(.text) refers to dmul.o(.text) for __aeabi_dmul
    main.o(.text) refers to dadd.o(.text) for __aeabi_dsub
    main.o(.text) refers to ddiv.o(.text) for __aeabi_ddiv
    main.o(.text) refers to d2f.o(.text) for __aeabi_d2f
    main.o(.text) refers to sinf.o(i.__hardfp_sinf) for __hardfp_sinf
    main.o(.text) refers to cosf.o(i.__hardfp_cosf) for __hardfp_cosf
    main.o(.text) refers to f2d.o(.text) for __aeabi_f2d
    main.o(.text) refers to tasks.o(.text) for vTaskDelay
    system_stm32f4xx.o(.text) refers to system_stm32f4xx.o(.data) for .data
    startup_stm32f4xx.o(RESET) refers to startup_stm32f4xx.o(STACK) for __initial_sp
    startup_stm32f4xx.o(RESET) refers to startup_stm32f4xx.o(.text) for Reset_Handler
    startup_stm32f4xx.o(RESET) refers to stm32f4xx_it.o(.text) for NMI_Handler
    startup_stm32f4xx.o(RESET) refers to port.o(.emb_text) for SVC_Handler
    startup_stm32f4xx.o(RESET) refers to port.o(.text) for SysTick_Handler
    startup_stm32f4xx.o(.text) refers to system_stm32f4xx.o(.text) for SystemInit
    startup_stm32f4xx.o(.text) refers to entry.o(.ARM.Collect$$$$00000000) for __main
    stm32f4xx_gpio.o(.text) refers to stm32f4xx_rcc.o(.text) for RCC_AHB1PeriphResetCmd
    stm32f4xx_rcc.o(.text) refers to stm32f4xx_rcc.o(.data) for .data
    stm32f4xx_adc.o(.text) refers to stm32f4xx_rcc.o(.text) for RCC_APB2PeriphResetCmd
    stm32f4xx_spi.o(.text) refers to stm32f4xx_rcc.o(.text) for RCC_APB2PeriphResetCmd
    stm32f4xx_tim.o(.text) refers to stm32f4xx_rcc.o(.text) for RCC_APB2PeriphResetCmd
    stm32f4xx_usart.o(.text) refers to stm32f4xx_rcc.o(.text) for RCC_APB2PeriphResetCmd
    stm32f4xx_syscfg.o(.text) refers to stm32f4xx_rcc.o(.text) for RCC_APB2PeriphResetCmd
    croutine.o(.text) refers to heap_2.o(.text) for pvPortMalloc
    croutine.o(.text) refers to list.o(.text) for vListInitialise
    croutine.o(.text) refers to tasks.o(.text) for xTaskGetTickCount
    croutine.o(.text) refers to port.o(.emb_text) for ulPortSetInterruptMask
    croutine.o(.text) refers to croutine.o(.data) for .data
    croutine.o(.text) refers to croutine.o(.bss) for .bss
    queue.o(.text) refers to port.o(.text) for vPortEnterCritical
    queue.o(.text) refers to list.o(.text) for vListInitialise
    queue.o(.text) refers to port.o(.emb_text) for ulPortSetInterruptMask
    queue.o(.text) refers to tasks.o(.text) for xTaskRemoveFromEventList
    queue.o(.text) refers to heap_2.o(.text) for pvPortMalloc
    queue.o(.text) refers to memcpya.o(.text) for __aeabi_memcpy
    queue.o(.text) refers to queue.o(.bss) for .bss
    timers.o(.text) refers to list.o(.text) for vListInsert
    timers.o(.text) refers to queue.o(.text) for xQueueGenericSendFromISR
    timers.o(.text) refers to tasks.o(.text) for xTaskGetSchedulerState
    timers.o(.text) refers to port.o(.text) for vPortEnterCritical
    timers.o(.text) refers to port.o(.emb_text) for ulPortSetInterruptMask
    timers.o(.text) refers to heap_2.o(.text) for pvPortMalloc
[...]
    prvIdleTask                              0x080077ab   Thumb Code    22  tasks.o(.text)
    prvListTaskWithinSingleList              0x08007845   Thumb Code   114  tasks.o(.text)
    prvCheckTasksWaitingTermination          0x08007b65   Thumb Code    80  tasks.o(.text)
    .text                                    0x08007bbc   Section        0  memcpya.o(.text)
    .text                                    0x08007be0   Section        0  memseta.o(.text)
    .text                                    0x08007c04   Section        0  strcat.o(.text)
    .text                                    0x08007c1c   Section        0  strncpy.o(.text)
    .text                                    0x08007c34   Section        0  strlen.o(.text)
    .text                                    0x08007c42   Section        0  dadd.o(.text)
    .text                                    0x08007d90   Section        0  dmul.o(.text)
    .text                                    0x08007e74   Section        0  ddiv.o(.text)
    .text                                    0x08007f52   Section        0  dflti.o(.text)
    .text                                    0x08007f74   Section        0  f2d.o(.text)
    .text                                    0x08007f9a   Section        0  d2f.o(.text)
    .text                                    0x08007fd2   Section        0  uidiv.o(.text)
    .text                                    0x08007ffe   Section        0  llshl.o(.text)
    .text                                    0x0800801c   Section        0  llsshr.o(.text)
    .text                                    0x08008040   Section        0  fepilogue.o(.text)
    .text                                    0x08008040   Section        0  iusefp.o(.text)
    .text                                    0x080080ae   Section        0  depilogue.o(.text)
    .text                                    0x08008168   Section       36  init.o(.text)
    .text                                    0x0800818c   Section        0  llushr.o(.text)
    .text                                    0x080081ac   Section        0  __dczerorl2.o(.text)
    i.__0sprintf$3                           0x08008204   Section        0  printf3.o(i.__0sprintf$3)
    i.__ARM_fpclassifyf                      0x0800822c   Section        0  fpclassifyf.o(i.__ARM_fpclassifyf)
    i.__hardfp_cosf                          0x08008254   Section        0  cosf.o(i.__hardfp_cosf)
    i.__hardfp_sinf                          0x080083a4   Section        0  sinf.o(i.__hardfp_sinf)
    i.__mathlib_flt_infnan                   0x08008534   Section        0  funder.o(i.__mathlib_flt_infnan)
    i.__mathlib_flt_invalid                  0x0800853c   Section        0  funder.o(i.__mathlib_flt_invalid)
    i.__mathlib_flt_underflow                0x0800854c   Section        0  funder.o(i.__mathlib_flt_underflow)
    i.__mathlib_rredf2                       0x0800855c   Section        0  rredf.o(i.__mathlib_rredf2)
    i.__scatterload_copy                     0x080086b0   Section       14  handlers.o(i.__scatterload_copy)
    i.__scatterload_null                     0x080086be   Section        2  handlers.o(i.__scatterload_null)
    i.__scatterload_zeroinit                 0x080086c0   Section       14  handlers.o(i.__scatterload_zeroinit)
    i.__set_errno                            0x080086d0   Section        0  errno.o(i.__set_errno)
    i._printf_core                           0x080086dc   Section        0  printf3.o(i._printf_core)
    _printf_core                             0x080086dd   Thumb Code   436  printf3.o(i._printf_core)
    i._sputc                                 0x08008894   Section        0  printf3.o(i._sputc)
    _sputc                                   0x08008895   Thumb Code    10  printf3.o(i._sputc)
    .constdata                               0x080088a0   Section       32  rredf.o(.constdata)
    twooverpi                                0x080088a0   Data          32  rredf.o(.constdata)
    .data                                    0x20000000   Section      551  main.o(.data)
    lazeTruocCouter                          0x200000c4   Data           4  main.o(.data)
    lazeTruoc_SUM                            0x200000c8   Data           4  main.o(.data)
    lazeTraiCounter                          0x200000cc   Data           4  main.o(.data)
    lazeTrai_SUM                             0x200000d0   Data           4  main.o(.data)
    lazePhaiCounter                          0x200000d4   Data           4  main.o(.data)
    lazePhai_SUM                             0x200000d8   Data           4  main.o(.data)
    lazeSauCounter                           0x200000dc   Data           4  main.o(.data)
    lazeSau_SUM                              0x200000e0   Data           4  main.o(.data)
    .data                                    0x20000228   Section        4  main.o(.data)
    .data                                    0x2000022c   Section        4  main.o(.data)
    .data                                    0x20000230   Section        4  main.o(.data)
    .data                                    0x20000234   Section       20  system_stm32f4xx.o(.data)
    .data                                    0x20000248   Section       16  stm32f4xx_rcc.o(.data)
    APBAHBPrescTable                         0x20000248   Data          16  stm32f4xx_rcc.o(.data)
    .data                                    0x20000258   Section       16  timers.o(.data)
    xTimerQueue                              0x20000258   Data           4  timers.o(.data)
    xLastTime                                0x2000025c   Data           4  timers.o(.data)
    pxCurrentTimerList                       0x20000260   Data           4  timers.o(.data)
    pxOverflowTimerList                      0x20000264   Data           4  timers.o(.data)
    .data                                    0x20000268   Section        4  port.o(.data)
    uxCriticalNesting                        0x20000268   Data           4  port.o(.data)
    .data                                    0x2000026c   Section       24  heap_2.o(.data)
    xFreeBytesRemaining                      0x2000026c   Data           4  heap_2.o(.data)
    xHeapHasBeenInitialised                  0x20000270   Data           4  heap_2.o(.data)
    xStart                                   0x20000274   Data           8  heap_2.o(.data)
    xEnd                                     0x2000027c   Data           8  heap_2.o(.data)
    .data                                    0x20000284   Section       60  tasks.o(.data)
    uxTasksDeleted                           0x20000288   Data           4  tasks.o(.data)
    uxCurrentNumberOfTasks                   0x2000028c   Data           4  tasks.o(.data)
    xTickCount                               0x20000290   Data           4  tasks.o(.data)
    uxTopUsedPriority                        0x20000294   Data           4  tasks.o(.data)
    uxTopReadyPriority                       0x20000298   Data           4  tasks.o(.data)
    xSchedulerRunning                        0x2000029c   Data           4  tasks.o(.data)
    uxSchedulerSuspended                     0x200002a0   Data           4  tasks.o(.data)
    uxMissedTicks                            0x200002a4   Data           4  tasks.o(.data)
    xMissedYield                             0x200002a8   Data           4  tasks.o(.data)
    xNumOfOverflows                          0x200002ac   Data           4  tasks.o(.data)
    uxTaskNumber                             0x200002b0   Data           4  tasks.o(.data)
    xNextTaskUnblockTime                     0x200002b4   Data           4  tasks.o(.data)
    pxDelayedTaskList                        0x200002b8   Data           4  tasks.o(.data)
    pxOverflowDelayedTaskList                0x200002bc   Data           4  tasks.o(.data)
    .data                                    0x200002c0   Section        4  errno.o(.data)
    _errno                                   0x200002c0   Data           4  errno.o(.data)
    .bss                                     0x200002c4   Section      236  main.o(.bss)
    .bss                                     0x200003b0   Section       64  queue.o(.bss)
    .bss                                     0x200003f0   Section       40  timers.o(.bss)
    xActiveTimerList1                        0x200003f0   Data          20  timers.o(.bss)
    xActiveTimerList2                        0x20000404   Data          20  timers.o(.bss)
    .bss                                     0x20000418   Section    10240  heap_2.o(.bss)
    xHeap                                    0x20000418   Data       10240  heap_2.o(.bss)
    .bss                                     0x20002c18   Section      240  tasks.o(.bss)
    pcStatusString                           0x20002c18   Data          40  tasks.o(.bss)
    pxReadyTasksLists                        0x20002c40   Data         100  tasks.o(.bss)
    xDelayedTaskList1                        0x20002ca4   Data          20  tasks.o(.bss)
    xDelayedTaskList2                        0x20002cb8   Data          20  tasks.o(.bss)
    xPendingReadyList                        0x20002ccc   Data          20  tasks.o(.bss)
    xTasksWaitingTermination                 0x20002ce0   Data          20  tasks.o(.bss)
    xSuspendedTaskList                       0x20002cf4   Data          20  tasks.o(.bss)
    STACK                                    0x20002d08   Section     1024  startup_stm32f4xx.o(STACK)

    Global Symbols

    Symbol Name                              Value     Ov Type        Size  Object(Section)

    BuildAttributes$$THM_ISAv4$E$P$D$K$B$S$7EM$VFPi3$EXTD16$VFPS$VFMA$PE$A:L22UL41UL21$X:L11$S22US41US21$IEEE1$IW$USESV6$~STKCKD$USESV7$~SHL$OTIME$ROPI$IEEEX$EBA8$MICROLIB$REQ8$PRES8$EABIv2 0x00000000   Number         0  anon$$obj.o ABSOLUTE
    __ARM_use_no_argv                        0x00000000   Number         0  main.o ABSOLUTE
    _printf_a                                0x00000000   Number         0  stubs.o ABSOLUTE
    _printf_c                                0x00000000   Number         0  stubs.o ABSOLUTE
    _printf_charcount                        0x00000000   Number         0  stubs.o ABSOLUTE
    _printf_d                                0x00000000   Number         0  stubs.o ABSOLUTE
    _printf_e                                0x00000000   Number         0  stubs.o ABSOLUTE
    _printf_f                                0x00000000   Number         0  stubs.o ABSOLUTE
    _printf_flags                            0x00000000   Number         0  stubs.o ABSOLUTE
    _printf_fp_dec                           0x00000000   Number         0  stubs.o ABSOLUTE
    _printf_fp_hex                           0x00000000   Number         0  stubs.o ABSOLUTE
    _printf_g                                0x00000000   Number         0  stubs.o ABSOLUTE
    _printf_i                                0x00000000   Number         0  stubs.o ABSOLUTE
    _printf_int_dec                          0x00000000   Number         0  stubs.o ABSOLUTE
    _printf_l                                0x00000000   Number         0  stubs.o ABSOLUTE
    _printf_lc                               0x00000000   Number         0  stubs.o ABSOLUTE
    _printf_ll                               0x00000000   Number         0  stubs.o ABSOLUTE
    _printf_lld                              0x00000000   Number         0  stubs.o ABSOLUTE
    _printf_lli                              0x00000000   Number         0  stubs.o ABSOLUTE
    _printf_llo                              0x00000000   Number         0  stubs.o ABSOLUTE
    _printf_llu                              0x00000000   Number         0  stubs.o ABSOLUTE
    _printf_llx                              0x00000000   Number         0  stubs.o ABSOLUTE
    _printf_longlong_dec                     0x00000000   Number         0  stubs.o ABSOLUTE
    _printf_longlong_hex                     0x00000000   Number         0  stubs.o ABSOLUTE
    _printf_longlong_oct                     0x00000000   Number         0  stubs.o ABSOLUTE
    _printf_ls                               0x00000000   Number         0  stubs.o ABSOLUTE
    _printf_mbtowc                           0x00000000   Number         0  stubs.o ABSOLUTE
    _printf_n                                0x00000000   Number         0  stubs.o ABSOLUTE
    _printf_o                                0x00000000   Number         0  stubs.o ABSOLUTE
    _printf_p                                0x00000000   Number         0  stubs.o ABSOLUTE
    _printf_percent                          0x00000000   Number         0  stubs.o ABSOLUTE
    _printf_pre_padding                      0x00000000   Number         0  stubs.o ABSOLUTE
    _printf_return_value                     0x00000000   Number         0  stubs.o ABSOLUTE
    _printf_s                                0x00000000   Number         0  stubs.o ABSOLUTE
    _printf_sizespec                         0x00000000   Number         0  stubs.o ABSOLUTE
    _printf_str                              0x00000000   Number         0  stubs.o ABSOLUTE
    _printf_truncate_signed                  0x00000000   Number         0  stubs.o ABSOLUTE
    _printf_truncate_unsigned                0x00000000   Number         0  stubs.o ABSOLUTE
    _printf_u                                0x00000000   Number         0  stubs.o ABSOLUTE
    _printf_wc                               0x00000000   Number         0  stubs.o ABSOLUTE
    _printf_wctomb                           0x00000000   Number         0  stubs.o ABSOLUTE
    _printf_widthprec                        0x00000000   Number         0  stubs.o ABSOLUTE
    _printf_x                                0x00000000   Number         0  stubs.o ABSOLUTE
    __cpp_initialize__aeabi_                  - Undefined Weak Reference
    __cxa_finalize                            - Undefined Weak Reference
    _clock_init                               - Undefined Weak Reference
    _microlib_exit                            - Undefined Weak Reference
    __Vectors_Size                           0x00000188   Number         0  startup_stm32f4xx.o ABSOLUTE
    __Vectors                                0x08000000   Data           4  startup_stm32f4xx.o(RESET)
    __Vectors_End                            0x08000188   Data           0  startup_stm32f4xx.o(RESET)
    __main                                   0x08000189   Thumb Code     0  entry.o(.ARM.Collect$$$$00000000)
    _main_stk                                0x08000189   Thumb Code     0  entry2.o(.ARM.Collect$$$$00000001)
    _main_scatterload                        0x0800018d   Thumb Code     0  entry5.o(.ARM.Collect$$$$00000004)
    __main_after_scatterload                 0x08000191   Thumb Code     0  entry5.o(.ARM.Collect$$$$00000004)
    _main_clock                              0x08000191   Thumb Code     0  entry7b.o(.ARM.Collect$$$$00000008)
    _main_cpp_init                           0x08000191   Thumb Code     0  entry8b.o(.ARM.Collect$$$$0000000A)
    _main_init                               0x08000191   Thumb Code     0  entry9a.o(.ARM.Collect$$$$0000000B)
    __rt_final_cpp                           0x08000199   Thumb Code     0  entry10a.o(.ARM.Collect$$$$0000000D)
    __rt_final_exit                          0x08000199   Thumb Code     0  entry11a.o(.ARM.Collect$$$$0000000F)
    SVC_Handler                              0x0800019d   Thumb Code    24  port.o(.emb_text)
    __asm___6_port_c_39a90d8d__prvStartFirstTask 0x080001b9   Thumb Code    16  port.o(.emb_text)
    __asm___6_port_c_39a90d8d__prvEnableVFP  0x080001cd   Thumb Code    16  port.o(.emb_text)
    PendSV_Handler                           0x080001e1   Thumb Code    76  port.o(.emb_text)
    ulPortSetInterruptMask                   0x08000231   Thumb Code    14  port.o(.emb_text)
    vPortClearInterruptMask                  0x0800023f   Thumb Code     6  port.o(.emb_text)
    NMI_Handler                              0x08000245   Thumb Code     2  stm32f4xx_it.o(.text)
    HardFault_Handler                        0x08000247   Thumb Code     2  stm32f4xx_it.o(.text)
    MemManage_Handler                        0x08000249   Thumb Code     2  stm32f4xx_it.o(.text)
    BusFault_Handler                         0x0800024b   Thumb Code     2  stm32f4xx_it.o(.text)
    UsageFault_Handler                       0x0800024d   Thumb Code     2  stm32f4xx_it.o(.text)
    DebugMon_Handler                         0x0800024f   Thumb Code     2  stm32f4xx_it.o(.text)
    USART1_IRQHandler                        0x08000255   Thumb Code    32  stm32f4xx_it.o(.text)
    DMA1_Stream4_IRQHandler                  0x08000275   Thumb Code     8  stm32f4xx_it.o(.text)
    DMA1_Stream6_IRQHandler                  0x0800027d   Thumb Code    34  stm32f4xx_it.o(.text)
    DMA2_Stream1_IRQHandler                  0x0800029f   Thumb Code     8  stm32f4xx_it.o(.text)
    DMA2_Stream2_IRQHandler                  0x080002a7   Thumb Code    28  stm32f4xx_it.o(.text)
    DMA2_Stream5_IRQHandler                  0x080002c3   Thumb Code    10  stm32f4xx_it.o(.text)
    DMA1_Stream1_IRQHandler                  0x080002cd   Thumb Code    62  stm32f4xx_it.o(.text)
    DMA1_Stream0_IRQHandler                  0x0800030b   Thumb Code    34  stm32f4xx_it.o(.text)
    DMA1_Stream7_IRQHandler                  0x0800032d   Thumb Code    42  stm32f4xx_it.o(.text)
    DMA1_Stream2_IRQHandler                  0x08000357   Thumb Code    10  stm32f4xx_it.o(.text)
    TIM6_DAC_IRQHandler                      0x08000361   Thumb Code     8  stm32f4xx_it.o(.text)
    TIM7_IRQHandler                          0x08000369   Thumb Code    18  stm32f4xx_it.o(.text)
    TIM1_UP_TIM10_IRQHandler                 0x0800037b   Thumb Code    32  stm32f4xx_it.o(.text)
    TIM1_TRG_COM_TIM11_IRQHandler            0x0800039b   Thumb Code     2  stm32f4xx_it.o(.text)
    TIM2_IRQHandler                          0x0800039d   Thumb Code    32  stm32f4xx_it.o(.text)
    TIM3_IRQHandler                          0x080003bd   Thumb Code    32  stm32f4xx_it.o(.text)
    TIM5_IRQHandler                          0x080003dd   Thumb Code    32  stm32f4xx_it.o(.text)
    SPI1_IRQHandler                          0x080003fd   Thumb Code     2  stm32f4xx_it.o(.text)
    SPI3_IRQHandler                          0x080003ff   Thumb Code     2  stm32f4xx_it.o(.text)
    EXTI2_IRQHandler                         0x08000401   Thumb Code    76  stm32f4xx_it.o(.text)
    EXTI3_IRQHandler                         0x0800044d   Thumb Code     2  stm32f4xx_it.o(.text)
    HMI_ky_tu                                0x080004bd   Thumb Code    36  main.o(.text)
    HMISends                                 0x080004e1   Thumb Code    40  main.o(.text)
    HMISendb                                 0x08000509   Thumb Code    42  main.o(.text)
    gui_so                                   0x08000533   Thumb Code   120  main.o(.text)
    gui_chu                                  0x080005ab   Thumb Code    58  main.o(.text)
    HMI_DMI                                  0x080005e5   Thumb Code   190  main.o(.text)
    HMI_PUTS                                 0x080006a3   Thumb Code   182  main.o(.text)
    gui_line                                 0x08000759   Thumb Code   300  main.o(.text)
    HMI_PUT_j                                0x08000885   Thumb Code   222  main.o(.text)
    ENCODER_FL                               0x08000963   Thumb Code    84  main.o(.text)
    ENCODER_FR                               0x080009b7   Thumb Code    80  main.o(.text)
    ENCODER_TONG                             0x08000a07   Thumb Code    28  main.o(.text)
    delay_us                                 0x08000a23   Thumb Code    24  main.o(.text)
    delay_ms                                 0x08000a3b   Thumb Code    24  main.o(.text)
    Config_out_mode                          0x08000a53   Thumb Code   102  main.o(.text)
    Config_in_mode                           0x08000ab9   Thumb Code    92  main.o(.text)
    Config_int_time6                         0x08000b15   Thumb Code   112  main.o(.text)
    Config_int_time7                         0x08000b85   Thumb Code   114  main.o(.text)
    Config_pwm_time_t8                       0x08000bf7   Thumb Code   204  main.o(.text)
    Config_pwm_time_t4                       0x08000cc3   Thumb Code   238  main.o(.text)
    Config_pwm_time_t9                       0x08000db1   Thumb Code   184  main.o(.text)
    Config_encoder_timer2_timer3             0x08000e69   Thumb Code   374  main.o(.text)
    Config_encoder_timer1                    0x08000fdf   Thumb Code   234  main.o(.text)
    Config_ADC1_DMA                          0x080010c9   Thumb Code   362  main.o(.text)
    Config_int_uart1_rx                      0x08001233   Thumb Code    40  main.o(.text)
    UART1_DMA_RX                             0x0800125b   Thumb Code   260  main.o(.text)
    UART2_DMA_TX                             0x0800135f   Thumb Code   268  main.o(.text)
    UART3_DMA_RX                             0x0800146b   Thumb Code   270  main.o(.text)
    UART4_DMA_RX                             0x08001579   Thumb Code   304  main.o(.text)
    UART5_DMA_TX                             0x080016a9   Thumb Code   298  main.o(.text)
    UART6_DMA_RX                             0x080017d3   Thumb Code   258  main.o(.text)
    ngat_ngoai                               0x080018d5   Thumb Code   104  main.o(.text)
    SEND_UART                                0x0800193d   Thumb Code   106  main.o(.text)
    RESET_ENCODER                            0x080019a7   Thumb Code    74  main.o(.text)
    run_read_gyro_uart1                      0x080019f1   Thumb Code    40  main.o(.text)
    resetIMU                                 0x08001a19   Thumb Code    20  main.o(.text)
    run_read_gyro_uart3                      0x08001a2d   Thumb Code    40  main.o(.text)
    HMI_TRAN                                 0x08001a55   Thumb Code  1342  main.o(.text)
    DATA_SPEED_RUN_LOOP                      0x08001f93   Thumb Code     8  main.o(.text)
    HMI_RUN_LOOP                             0x08001f9b   Thumb Code    28  main.o(.text)
    SPIxmit                                  0x08001fb7   Thumb Code    98  main.o(.text)
    gp_update_btn                            0x08002019   Thumb Code   106  main.o(.text)
    gp_get_mode                              0x08002083   Thumb Code    58  main.o(.text)
    get_Gamepad_Bluetouch                    0x080020bd   Thumb Code    68  main.o(.text)
    fixError_Gamepad_Bluetouch               0x08002101   Thumb Code    50  main.o(.text)
    gp_get_mode_uart                         0x08002133   Thumb Code     6  main.o(.text)
    wantExit                                 0x08002139   Thumb Code    16  main.o(.text)
    wantExit_UP                              0x08002149   Thumb Code    16  main.o(.text)
    motorMinFix                              0x08002159   Thumb Code    20  main.o(.text)
    setMotor                                 0x0800216d   Thumb Code   180  main.o(.text)
    setAllMotor                              0x08002221   Thumb Code    14  main.o(.text)
    robotLock                                0x0800222f   Thumb Code     8  main.o(.text)
    robotIsRun                               0x08002237   Thumb Code    20  main.o(.text)
    robotResetIMU                            0x0800224b   Thumb Code     4  main.o(.text)
    robotAngle                               0x0800224f   Thumb Code    12  main.o(.text)
    roundF                                   0x0800225b   Thumb Code    38  main.o(.text)
    fixMotorValue                            0x08002281   Thumb Code   118  main.o(.text)
    absF                                     0x080022f7   Thumb Code    16  main.o(.text)
    absI                                     0x08002307   Thumb Code     8  main.o(.text)
    giaToc                                   0x0800230f   Thumb Code    42  main.o(.text)
    maxF4                                    0x08002339   Thumb Code   168  main.o(.text)
    robotSpeed                               0x080023e1   Thumb Code     6  main.o(.text)
    robotFixAngle                            0x080023e7   Thumb Code     8  main.o(.text)
    calculateMotor                           0x080023ef   Thumb Code   408  main.o(.text)
    robotStop                                0x08002587   Thumb Code    50  main.o(.text)
    robotRotateStop                          0x080025b9   Thumb Code    52  main.o(.text)
    robotSetACC                              0x080025ed   Thumb Code    12  main.o(.text)
    robotCurve                               0x080025f9   Thumb Code    70  main.o(.text)
    robotRotate                              0x0800263f   Thumb Code   114  main.o(.text)
    robotRotateFree                          0x080026b1   Thumb Code     8  main.o(.text)
    robotRun                                 0x080026b9   Thumb Code     6  main.o(.text)
    robotRunAngle                            0x080026bf   Thumb Code   218  main.o(.text)
    robotAngleAnalytics                      0x08002799   Thumb Code   130  main.o(.text)
    robotDirectionAnalytics                  0x0800281b   Thumb Code   396  main.o(.text)
    ac_Stop                                  0x080029a7   Thumb Code    62  main.o(.text)
    ac_SpeedACC                              0x080029e5   Thumb Code    28  main.o(.text)
    robotAnalytics                           0x08002a01   Thumb Code   188  main.o(.text)
    laze_san_2                               0x08002abd   Thumb Code  1594  main.o(.text)
    do_line                                  0x080030f7   Thumb Code   386  main.o(.text)
    giu_nong_xoay                            0x08003279   Thumb Code     2  main.o(.text)
    testDiaxoay                              0x0800327b   Thumb Code     2  main.o(.text)
    robotGamePadControl                      0x0800327d   Thumb Code   382  main.o(.text)
    ADCValue_Control                         0x080033fb   Thumb Code   138  main.o(.text)
    test_cylinder                            0x08003485   Thumb Code     2  main.o(.text)
    tesLayvaBanthoc                          0x08003487   Thumb Code     2  main.o(.text)
    testLaylua                               0x08003489   Thumb Code     2  main.o(.text)
    line_ban_bong                            0x0800348b   Thumb Code     2  main.o(.text)
    testcambien                              0x0800348d   Thumb Code     2  main.o(.text)
    chuanbicocau                             0x0800348f   Thumb Code    50  main.o(.text)
    chay_line                                0x080034c1   Thumb Code    24  main.o(.text)
    LayvaBan                                 0x080034d9   Thumb Code   646  main.o(.text)
    testbanhxe                               0x0800375f   Thumb Code     2  main.o(.text)
    dieuKhienCoCau                           0x08003761   Thumb Code    22  main.o(.text)
    bam_thanh_laze_ngang                     0x08003777   Thumb Code    22  main.o(.text)
    bam_thanh_laze_doc                       0x0800378d   Thumb Code    22  main.o(.text)
    reset_all                                0x080037a3   Thumb Code    20  main.o(.text)
    thong_so_laze_ngang_doc                  0x080037b7   Thumb Code   204  main.o(.text)
    LEN_SAN_2                                0x08003883   Thumb Code   876  main.o(.text)
    ve_lay_lua                               0x08003bef   Thumb Code   812  main.o(.text)
    quy_trinh_trong_lua_hang_1               0x08003f1b   Thumb Code   918  main.o(.text)
    quy_trinh_trong_lua_hang_2               0x080042b1   Thumb Code   268  main.o(.text)
    trong_lua                                0x080043bd   Thumb Code   164  main.o(.text)
    retry                                    0x08004461   Thumb Code    22  main.o(.text)
    XuatPhat                                 0x08004477   Thumb Code   456  main.o(.text)
    THI                                      0x0800463f   Thumb Code    54  main.o(.text)
    ban_bong                                 0x08004675   Thumb Code     2  main.o(.text)
    main                                     0x080047ff   Thumb Code    58  main.o(.text)
    SystemInit                               0x0800494f   Thumb Code    62  system_stm32f4xx.o(.text)
    SystemCoreClockUpdate                    0x0800498d   Thumb Code   108  system_stm32f4xx.o(.text)
    Reset_Handler                            0x08004a1d   Thumb Code     8  startup_stm32f4xx.o(.text)
    ADC_IRQHandler                           0x08004a37   Thumb Code     0  startup_stm32f4xx.o(.text)
    CAN1_RX0_IRQHandler                      0x08004a37   Thumb Code     0  startup_stm32f4xx.o(.text)
    CAN1_RX1_IRQHandler                      0x08004a37   Thumb Code     0  startup_stm32f4xx.o(.text)
    CAN1_SCE_IRQHandler                      0x08004a37   Thumb Code     0  startup_stm32f4xx.o(.text)
    CAN1_TX_IRQHandler                       0x08004a37   Thumb Code     0  startup_stm32f4xx.o(.text)
    CAN2_RX0_IRQHandler                      0x08004a37   Thumb Code     0  startup_stm32f4xx.o(.text)
    CAN2_RX1_IRQHandler                      0x08004a37   Thumb Code     0  startup_stm32f4xx.o(.text)
    CAN2_SCE_IRQHandler                      0x08004a37   Thumb Code     0  startup_stm32f4xx.o(.text)
    CAN2_TX_IRQHandler                       0x08004a37   Thumb Code     0  startup_stm32f4xx.o(.text)
    CRYP_IRQHandler                          0x08004a37   Thumb Code     0  startup_stm32f4xx.o(.text)
    DCMI_IRQHandler                          0x08004a37   Thumb Code     0  startup_stm32f4xx.o(.text)
    DMA1_Stream3_IRQHandler                  0x08004a37   Thumb Code     0  startup_stm32f4xx.o(.text)
    DMA1_Stream5_IRQHandler                  0x08004a37   Thumb Code     0  startup_stm32f4xx.o(.text)
    DMA2_Stream0_IRQHandler                  0x08004a37   Thumb Code     0  startup_stm32f4xx.o(.text)
    DMA2_Stream3_IRQHandler                  0x08004a37   Thumb Code     0  startup_stm32f4xx.o(.text)
    DMA2_Stream4_IRQHandler                  0x08004a37   Thumb Code     0  startup_stm32f4xx.o(.text)
    DMA2_Stream6_IRQHandler                  0x08004a37   Thumb Code     0  startup_stm32f4xx.o(.text)
    DMA2_Stream7_IRQHandler                  0x08004a37   Thumb Code     0  startup_stm32f4xx.o(.text)
    ETH_IRQHandler                           0x08004a37   Thumb Code     0  startup_stm32f4xx.o(.text)
    ETH_WKUP_IRQHandler                      0x08004a37   Thumb Code     0  startup_stm32f4xx.o(.text)
    EXTI0_IRQHandler                         0x08004a37   Thumb Code     0  startup_stm32f4xx.o(.text)
    EXTI15_10_IRQHandler                     0x08004a37   Thumb Code     0  startup_stm32f4xx.o(.text)
    EXTI1_IRQHandler                         0x08004a37   Thumb Code     0  startup_stm32f4xx.o(.text)
    EXTI4_IRQHandler                         0x08004a37   Thumb Code     0  startup_stm32f4xx.o(.text)
    EXTI9_5_IRQHandler                       0x08004a37   Thumb Code     0  startup_stm32f4xx.o(.text)
    FLASH_IRQHandler                         0x08004a37   Thumb Code     0  startup_stm32f4xx.o(.text)
    FPU_IRQHandler                           0x08004a37   Thumb Code     0  startup_stm32f4xx.o(.text)
    FSMC_IRQHandler                          0x08004a37   Thumb Code     0  startup_stm32f4xx.o(.text)
    HASH_RNG_IRQHandler                      0x08004a37   Thumb Code     0  startup_stm32f4xx.o(.text)
    I2C1_ER_IRQHandler                       0x08004a37   Thumb Code     0  startup_stm32f4xx.o(.text)
    I2C1_EV_IRQHandler                       0x08004a37   Thumb Code     0  startup_stm32f4xx.o(.text)
    I2C2_ER_IRQHandler                       0x08004a37   Thumb Code     0  startup_stm32f4xx.o(.text)
    I2C2_EV_IRQHandler                       0x08004a37   Thumb Code     0  startup_stm32f4xx.o(.text)
    I2C3_ER_IRQHandler                       0x08004a37   Thumb Code     0  startup_stm32f4xx.o(.text)
    I2C3_EV_IRQHandler                       0x08004a37   Thumb Code     0  startup_stm32f4xx.o(.text)
    OTG_FS_IRQHandler                        0x08004a37   Thumb Code     0  startup_stm32f4xx.o(.text)
    OTG_FS_WKUP_IRQHandler                   0x08004a37   Thumb Code     0  startup_stm32f4xx.o(.text)
    OTG_HS_EP1_IN_IRQHandler                 0x08004a37   Thumb Code     0  startup_stm32f4xx.o(.text)
    OTG_HS_EP1_OUT_IRQHandler                0x08004a37   Thumb Code     0  startup_stm32f4xx.o(.text)
    OTG_HS_IRQHandler                        0x08004a37   Thumb Code     0  startup_stm32f4xx.o(.text)
    OTG_HS_WKUP_IRQHandler                   0x08004a37   Thumb Code     0  startup_stm32f4xx.o(.text)
    PVD_IRQHandler                           0x08004a37   Thumb Code     0  startup_stm32f4xx.o(.text)
    RCC_IRQHandler                           0x08004a37   Thumb Code     0  startup_stm32f4xx.o(.text)
    RTC_Alarm_IRQHandler                     0x08004a37   Thumb Code     0  startup_stm32f4xx.o(.text)
    RTC_WKUP_IRQHandler                      0x08004a37   Thumb Code     0  startup_stm32f4xx.o(.text)
    SDIO_IRQHandler                          0x08004a37   Thumb Code     0  startup_stm32f4xx.o(.text)
    SPI2_IRQHandler                          0x08004a37   Thumb Code     0  startup_stm32f4xx.o(.text)
    TAMP_STAMP_IRQHandler                    0x08004a37   Thumb Code     0  startup_stm32f4xx.o(.text)
    TIM1_BRK_TIM9_IRQHandler                 0x08004a37   Thumb Code     0  startup_stm32f4xx.o(.text)
    TIM1_CC_IRQHandler                       0x08004a37   Thumb Code     0  startup_stm32f4xx.o(.text)
    TIM4_IRQHandler                          0x08004a37   Thumb Code     0  startup_stm32f4xx.o(.text)
    TIM8_BRK_TIM12_IRQHandler                0x08004a37   Thumb Code     0  startup_stm32f4xx.o(.text)
    TIM8_CC_IRQHandler                       0x08004a37   Thumb Code     0  startup_stm32f4xx.o(.text)
    TIM8_TRG_COM_TIM14_IRQHandler            0x08004a37   Thumb Code     0  startup_stm32f4xx.o(.text)
    TIM8_UP_TIM13_IRQHandler                 0x08004a37   Thumb Code     0  startup_stm32f4xx.o(.text)
    UART4_IRQHandler                         0x08004a37   Thumb Code     0  startup_stm32f4xx.o(.text)
    UART5_IRQHandler                         0x08004a37   Thumb Code     0  startup_stm32f4xx.o(.text)
    USART2_IRQHandler                        0x08004a37   Thumb Code     0  startup_stm32f4xx.o(.text)
    USART3_IRQHandler                        0x08004a37   Thumb Code     0  startup_stm32f4xx.o(.text)
    USART6_IRQHandler                        0x08004a37   Thumb Code     0  startup_stm32f4xx.o(.text)
    WWDG_IRQHandler                          0x08004a37   Thumb Code     0  startup_stm32f4xx.o(.text)
    NVIC_PriorityGroupConfig                 0x08004a41   Thumb Code    10  misc.o(.text)
    NVIC_Init                                0x08004a4b   Thumb Code    96  misc.o(.text)
    NVIC_SetVectorTable                      0x08004aab   Thumb Code    14  misc.o(.text)
    NVIC_SystemLPConfig                      0x08004ab9   Thumb Code    20  misc.o(.text)
    SysTick_CLKSourceConfig                  0x08004acd   Thumb Code    24  misc.o(.text)
    GPIO_DeInit                              0x08004af1   Thumb Code   192  stm32f4xx_gpio.o(.text)
    GPIO_Init                                0x08004bb1   Thumb Code   162  stm32f4xx_gpio.o(.text)
    GPIO_StructInit                          0x08004c53   Thumb Code    18  stm32f4xx_gpio.o(.text)
    GPIO_PinLockConfig                       0x08004c65   Thumb Code    24  stm32f4xx_gpio.o(.text)
    GPIO_ReadInputDataBit                    0x08004c7d   Thumb Code    14  stm32f4xx_gpio.o(.text)
    GPIO_ReadInputData                       0x08004c8b   Thumb Code     6  stm32f4xx_gpio.o(.text)
    GPIO_ReadOutputDataBit                   0x08004c91   Thumb Code    14  stm32f4xx_gpio.o(.text)
    GPIO_ReadOutputData                      0x08004c9f   Thumb Code     6  stm32f4xx_gpio.o(.text)
    GPIO_SetBits                             0x08004ca5   Thumb Code     4  stm32f4xx_gpio.o(.text)
    GPIO_ResetBits                           0x08004ca9   Thumb Code     4  stm32f4xx_gpio.o(.text)
    GPIO_WriteBit                            0x08004cad   Thumb Code    10  stm32f4xx_gpio.o(.text)
    GPIO_Write                               0x08004cb7   Thumb Code     4  stm32f4xx_gpio.o(.text)
    GPIO_ToggleBits                          0x08004cbb   Thumb Code     8  stm32f4xx_gpio.o(.text)
    GPIO_PinAFConfig                         0x08004cc3   Thumb Code    32  stm32f4xx_gpio.o(.text)
    RCC_DeInit                               0x08004d09   Thumb Code    48  stm32f4xx_rcc.o(.text)
    RCC_HSEConfig                            0x08004d39   Thumb Code    12  stm32f4xx_rcc.o(.text)
    RCC_GetFlagStatus                        0x08004d45   Thumb Code    46  stm32f4xx_rcc.o(.text)
    RCC_WaitForHSEStartUp                    0x08004d73   Thumb Code    44  stm32f4xx_rcc.o(.text)
    RCC_AdjustHSICalibrationValue            0x08004d9f   Thumb Code    16  stm32f4xx_rcc.o(.text)
    RCC_HSICmd                               0x08004daf   Thumb Code     6  stm32f4xx_rcc.o(.text)
    RCC_LSEConfig                            0x08004db5   Thumb Code    24  stm32f4xx_rcc.o(.text)
    RCC_LSICmd                               0x08004dcd   Thumb Code     6  stm32f4xx_rcc.o(.text)
    RCC_PLLConfig                            0x08004dd3   Thumb Code    32  stm32f4xx_rcc.o(.text)
    RCC_PLLCmd                               0x08004df3   Thumb Code     6  stm32f4xx_rcc.o(.text)
    RCC_PLLI2SConfig                         0x08004df9   Thumb Code    14  stm32f4xx_rcc.o(.text)
    RCC_PLLI2SCmd                            0x08004e07   Thumb Code     6  stm32f4xx_rcc.o(.text)
    RCC_ClockSecuritySystemCmd               0x08004e0d   Thumb Code     6  stm32f4xx_rcc.o(.text)
    RCC_MCO1Config                           0x08004e13   Thumb Code    18  stm32f4xx_rcc.o(.text)
    RCC_MCO2Config                           0x08004e25   Thumb Code    18  stm32f4xx_rcc.o(.text)
    RCC_SYSCLKConfig                         0x08004e37   Thumb Code    16  stm32f4xx_rcc.o(.text)
    RCC_GetSYSCLKSource                      0x08004e47   Thumb Code    12  stm32f4xx_rcc.o(.text)
    RCC_HCLKConfig                           0x08004e53   Thumb Code    16  stm32f4xx_rcc.o(.text)
    RCC_PCLK1Config                          0x08004e63   Thumb Code    16  stm32f4xx_rcc.o(.text)
    RCC_PCLK2Config                          0x08004e73   Thumb Code    18  stm32f4xx_rcc.o(.text)
    RCC_GetClocksFreq                        0x08004e85   Thumb Code   134  stm32f4xx_rcc.o(.text)
    RCC_RTCCLKConfig                         0x08004f0b   Thumb Code    42  stm32f4xx_rcc.o(.text)
    RCC_RTCCLKCmd                            0x08004f35   Thumb Code     8  stm32f4xx_rcc.o(.text)
    RCC_BackupResetCmd                       0x08004f3d   Thumb Code     8  stm32f4xx_rcc.o(.text)
    RCC_I2SCLKConfig                         0x08004f45   Thumb Code     8  stm32f4xx_rcc.o(.text)
    RCC_AHB1PeriphClockCmd                   0x08004f4d   Thumb Code    20  stm32f4xx_rcc.o(.text)
    RCC_AHB2PeriphClockCmd                   0x08004f61   Thumb Code    20  stm32f4xx_rcc.o(.text)
    RCC_AHB3PeriphClockCmd                   0x08004f75   Thumb Code    20  stm32f4xx_rcc.o(.text)
    RCC_APB1PeriphClockCmd                   0x08004f89   Thumb Code    20  stm32f4xx_rcc.o(.text)
    RCC_APB2PeriphClockCmd                   0x08004f9d   Thumb Code    20  stm32f4xx_rcc.o(.text)
    RCC_AHB1PeriphResetCmd                   0x08004fb1   Thumb Code    20  stm32f4xx_rcc.o(.text)
    RCC_AHB2PeriphResetCmd                   0x08004fc5   Thumb Code    20  stm32f4xx_rcc.o(.text)
    RCC_AHB3PeriphResetCmd                   0x08004fd9   Thumb Code    20  stm32f4xx_rcc.o(.text)
    RCC_APB1PeriphResetCmd                   0x08004fed   Thumb Code    20  stm32f4xx_rcc.o(.text)
    RCC_APB2PeriphResetCmd                   0x08005001   Thumb Code    20  stm32f4xx_rcc.o(.text)
    RCC_AHB1PeriphClockLPModeCmd             0x08005015   Thumb Code    20  stm32f4xx_rcc.o(.text)
    RCC_AHB2PeriphClockLPModeCmd             0x08005029   Thumb Code    20  stm32f4xx_rcc.o(.text)
    RCC_AHB3PeriphClockLPModeCmd             0x0800503d   Thumb Code    20  stm32f4xx_rcc.o(.text)
    RCC_APB1PeriphClockLPModeCmd             0x08005051   Thumb Code    20  stm32f4xx_rcc.o(.text)
    RCC_APB2PeriphClockLPModeCmd             0x08005065   Thumb Code    20  stm32f4xx_rcc.o(.text)
    RCC_ITConfig                             0x08005079   Thumb Code    20  stm32f4xx_rcc.o(.text)
    RCC_ClearFlag                            0x0800508d   Thumb Code    14  stm32f4xx_rcc.o(.text)
    RCC_GetITStatus                          0x0800509b   Thumb Code    18  stm32f4xx_rcc.o(.text)
    RCC_ClearITPendingBit                    0x080050ad   Thumb Code     8  stm32f4xx_rcc.o(.text)
    ADC_DeInit                               0x080050d9   Thumb Code    24  stm32f4xx_adc.o(.text)
    ADC_Init                                 0x080050f1   Thumb Code    66  stm32f4xx_adc.o(.text)
    ADC_StructInit                           0x08005133   Thumb Code    20  stm32f4xx_adc.o(.text)
    ADC_CommonInit                           0x08005147   Thumb Code    34  stm32f4xx_adc.o(.text)
    ADC_CommonStructInit                     0x08005169   Thumb Code    12  stm32f4xx_adc.o(.text)
    ADC_Cmd                                  0x08005175   Thumb Code    20  stm32f4xx_adc.o(.text)
    ADC_AnalogWatchdogCmd                    0x08005189   Thumb Code    12  stm32f4xx_adc.o(.text)
    ADC_AnalogWatchdogThresholdsConfig       0x08005195   Thumb Code     6  stm32f4xx_adc.o(.text)
    ADC_AnalogWatchdogSingleChannelConfig    0x0800519b   Thumb Code    12  stm32f4xx_adc.o(.text)
    ADC_TempSensorVrefintCmd                 0x080051a7   Thumb Code    26  stm32f4xx_adc.o(.text)
    ADC_VBATCmd                              0x080051c1   Thumb Code    26  stm32f4xx_adc.o(.text)
    ADC_RegularChannelConfig                 0x080051db   Thumb Code   116  stm32f4xx_adc.o(.text)
    ADC_SoftwareStartConv                    0x0800524f   Thumb Code    10  stm32f4xx_adc.o(.text)
    ADC_GetSoftwareStartConvStatus           0x08005259   Thumb Code    14  stm32f4xx_adc.o(.text)
    ADC_EOCOnEachRegularChannelCmd           0x08005267   Thumb Code    20  stm32f4xx_adc.o(.text)
    ADC_ContinuousModeCmd                    0x0800527b   Thumb Code    20  stm32f4xx_adc.o(.text)
    ADC_DiscModeChannelCountConfig           0x0800528f   Thumb Code    16  stm32f4xx_adc.o(.text)
    ADC_DiscModeCmd                          0x0800529f   Thumb Code    20  stm32f4xx_adc.o(.text)
    ADC_GetConversionValue                   0x080052b3   Thumb Code     6  stm32f4xx_adc.o(.text)
    ADC_GetMultiModeConversionValue          0x080052b9   Thumb Code     8  stm32f4xx_adc.o(.text)
    ADC_DMACmd                               0x080052c1   Thumb Code    20  stm32f4xx_adc.o(.text)
    ADC_DMARequestAfterLastTransferCmd       0x080052d5   Thumb Code    20  stm32f4xx_adc.o(.text)
    ADC_MultiModeDMARequestAfterLastTransferCmd 0x080052e9   Thumb Code    26  stm32f4xx_adc.o(.text)
    ADC_InjectedChannelConfig                0x08005303   Thumb Code    74  stm32f4xx_adc.o(.text)
    ADC_InjectedSequencerLengthConfig        0x0800534d   Thumb Code    16  stm32f4xx_adc.o(.text)
    ADC_SetInjectedOffset                    0x0800535d   Thumb Code    10  stm32f4xx_adc.o(.text)
    ADC_ExternalTrigInjectedConvConfig       0x08005367   Thumb Code    12  stm32f4xx_adc.o(.text)
    ADC_ExternalTrigInjectedConvEdgeConfig   0x08005373   Thumb Code    12  stm32f4xx_adc.o(.text)
    ADC_SoftwareStartInjectedConv            0x0800537f   Thumb Code    10  stm32f4xx_adc.o(.text)
    ADC_GetSoftwareStartInjectedConvCmdStatus 0x08005389   Thumb Code    14  stm32f4xx_adc.o(.text)
    ADC_AutoInjectedConvCmd                  0x08005397   Thumb Code    20  stm32f4xx_adc.o(.text)
    ADC_InjectedDiscModeCmd                  0x080053ab   Thumb Code    20  stm32f4xx_adc.o(.text)
    ADC_GetInjectedConversionValue           0x080053bf   Thumb Code    14  stm32f4xx_adc.o(.text)
    ADC_ITConfig                             0x080053cd   Thumb Code    18  stm32f4xx_adc.o(.text)
    ADC_GetFlagStatus                        0x080053df   Thumb Code    14  stm32f4xx_adc.o(.text)
    ADC_ClearFlag                            0x080053ed   Thumb Code     6  stm32f4xx_adc.o(.text)
    ADC_GetITStatus                          0x080053f3   Thumb Code    30  stm32f4xx_adc.o(.text)
    ADC_ClearITPendingBit                    0x08005411   Thumb Code     8  stm32f4xx_adc.o(.text)
    DMA_DeInit                               0x0800542d   Thumb Code   272  stm32f4xx_dma.o(.text)
    DMA_Init                                 0x0800553d   Thumb Code    80  stm32f4xx_dma.o(.text)
    DMA_StructInit                           0x0800558d   Thumb Code    34  stm32f4xx_dma.o(.text)
    DMA_Cmd                                  0x080055af   Thumb Code    20  stm32f4xx_dma.o(.text)
    DMA_PeriphIncOffsetSizeConfig            0x080055c3   Thumb Code    20  stm32f4xx_dma.o(.text)
    DMA_FlowControllerConfig                 0x080055d7   Thumb Code    20  stm32f4xx_dma.o(.text)
    DMA_SetCurrDataCounter                   0x080055eb   Thumb Code     4  stm32f4xx_dma.o(.text)
    DMA_GetCurrDataCounter                   0x080055ef   Thumb Code     6  stm32f4xx_dma.o(.text)
    DMA_DoubleBufferModeConfig               0x080055f5   Thumb Code    22  stm32f4xx_dma.o(.text)
    DMA_DoubleBufferModeCmd                  0x0800560b   Thumb Code    20  stm32f4xx_dma.o(.text)
    DMA_MemoryTargetConfig                   0x0800561f   Thumb Code    10  stm32f4xx_dma.o(.text)
    DMA_GetCurrentMemoryTarget               0x08005629   Thumb Code    14  stm32f4xx_dma.o(.text)
    DMA_GetCmdStatus                         0x08005637   Thumb Code    14  stm32f4xx_dma.o(.text)
    DMA_GetFIFOStatus                        0x08005645   Thumb Code     8  stm32f4xx_dma.o(.text)
    DMA_GetFlagStatus                        0x0800564d   Thumb Code    42  stm32f4xx_dma.o(.text)
    DMA_ClearFlag                            0x08005677   Thumb Code    34  stm32f4xx_dma.o(.text)
    DMA_ITConfig                             0x08005699   Thumb Code    44  stm32f4xx_dma.o(.text)
    DMA_GetITStatus                          0x080056c5   Thumb Code    70  stm32f4xx_dma.o(.text)
    DMA_ClearITPendingBit                    0x0800570b   Thumb Code    34  stm32f4xx_dma.o(.text)
    EXTI_DeInit                              0x0800574d   Thumb Code    28  stm32f4xx_exti.o(.text)
    EXTI_Init                                0x08005769   Thumb Code   108  stm32f4xx_exti.o(.text)
    EXTI_StructInit                          0x080057d5   Thumb Code    14  stm32f4xx_exti.o(.text)
    EXTI_GenerateSWInterrupt                 0x080057e3   Thumb Code    12  stm32f4xx_exti.o(.text)
    EXTI_GetFlagStatus                       0x080057ef   Thumb Code    18  stm32f4xx_exti.o(.text)
    EXTI_ClearFlag                           0x08005801   Thumb Code     8  stm32f4xx_exti.o(.text)
    EXTI_GetITStatus                         0x08005809   Thumb Code    28  stm32f4xx_exti.o(.text)
    EXTI_ClearITPendingBit                   0x08005825   Thumb Code     8  stm32f4xx_exti.o(.text)
    TIM_DeInit                               0x08005835   Thumb Code   284  stm32f4xx_tim.o(.text)
    TIM_TimeBaseInit                         0x08005951   Thumb Code    96  stm32f4xx_tim.o(.text)
    TIM_TimeBaseStructInit                   0x080059b1   Thumb Code    18  stm32f4xx_tim.o(.text)
    TIM_PrescalerConfig                      0x080059c3   Thumb Code     6  stm32f4xx_tim.o(.text)
    TIM_CounterModeConfig                    0x080059c9   Thumb Code    12  stm32f4xx_tim.o(.text)
    TIM_SetCounter                           0x080059d5   Thumb Code     4  stm32f4xx_tim.o(.text)
    TIM_SetAutoreload                        0x080059d9   Thumb Code     4  stm32f4xx_tim.o(.text)
    TIM_GetCounter                           0x080059dd   Thumb Code     4  stm32f4xx_tim.o(.text)
    TIM_GetPrescaler                         0x080059e1   Thumb Code     4  stm32f4xx_tim.o(.text)
    TIM_UpdateDisableConfig                  0x080059e5   Thumb Code    20  stm32f4xx_tim.o(.text)
    TIM_UpdateRequestConfig                  0x080059f9   Thumb Code    20  stm32f4xx_tim.o(.text)
    TIM_ARRPreloadConfig                     0x08005a0d   Thumb Code    20  stm32f4xx_tim.o(.text)
    TIM_SelectOnePulseMode                   0x08005a21   Thumb Code    16  stm32f4xx_tim.o(.text)
    TIM_SetClockDivision                     0x08005a31   Thumb Code    16  stm32f4xx_tim.o(.text)
    TIM_Cmd                                  0x08005a41   Thumb Code    20  stm32f4xx_tim.o(.text)
    TIM_OC1Init                              0x08005a55   Thumb Code    88  stm32f4xx_tim.o(.text)
    TIM_OC2Init                              0x08005aad   Thumb Code   120  stm32f4xx_tim.o(.text)
    TIM_OC3Init                              0x08005b25   Thumb Code   116  stm32f4xx_tim.o(.text)
    TIM_OC4Init                              0x08005b99   Thumb Code    88  stm32f4xx_tim.o(.text)
    TIM_OCStructInit                         0x08005bf1   Thumb Code    20  stm32f4xx_tim.o(.text)
    TIM_SelectOCxM                           0x08005c05   Thumb Code   130  stm32f4xx_tim.o(.text)
    TIM_SetCompare1                          0x08005c87   Thumb Code     4  stm32f4xx_tim.o(.text)
    TIM_SetCompare2                          0x08005c8b   Thumb Code     4  stm32f4xx_tim.o(.text)
    TIM_SetCompare3                          0x08005c8f   Thumb Code     4  stm32f4xx_tim.o(.text)
    TIM_SetCompare4                          0x08005c93   Thumb Code     4  stm32f4xx_tim.o(.text)
    TIM_ForcedOC1Config                      0x08005c97   Thumb Code    12  stm32f4xx_tim.o(.text)
    TIM_ForcedOC2Config                      0x08005ca3   Thumb Code    20  stm32f4xx_tim.o(.text)
    TIM_ForcedOC3Config                      0x08005cb7   Thumb Code    12  stm32f4xx_tim.o(.text)
    TIM_ForcedOC4Config                      0x08005cc3   Thumb Code    20  stm32f4xx_tim.o(.text)
    TIM_OC1PreloadConfig                     0x08005cd7   Thumb Code    12  stm32f4xx_tim.o(.text)
    TIM_OC2PreloadConfig                     0x08005ce3   Thumb Code    20  stm32f4xx_tim.o(.text)
    TIM_OC3PreloadConfig                     0x08005cf7   Thumb Code    12  stm32f4xx_tim.o(.text)
    TIM_OC4PreloadConfig                     0x08005d03   Thumb Code    20  stm32f4xx_tim.o(.text)
    TIM_OC1FastConfig                        0x08005d17   Thumb Code    12  stm32f4xx_tim.o(.text)
    TIM_OC2FastConfig                        0x08005d23   Thumb Code    20  stm32f4xx_tim.o(.text)
    TIM_OC3FastConfig                        0x08005d37   Thumb Code    12  stm32f4xx_tim.o(.text)
    TIM_OC4FastConfig                        0x08005d43   Thumb Code    20  stm32f4xx_tim.o(.text)
    TIM_ClearOC1Ref                          0x08005d57   Thumb Code    12  stm32f4xx_tim.o(.text)
    TIM_ClearOC2Ref                          0x08005d63   Thumb Code    20  stm32f4xx_tim.o(.text)
    TIM_ClearOC3Ref                          0x08005d77   Thumb Code    12  stm32f4xx_tim.o(.text)
    TIM_ClearOC4Ref                          0x08005d83   Thumb Code    20  stm32f4xx_tim.o(.text)
    TIM_OC1PolarityConfig                    0x08005d97   Thumb Code    12  stm32f4xx_tim.o(.text)
    TIM_OC1NPolarityConfig                   0x08005da3   Thumb Code    12  stm32f4xx_tim.o(.text)
    TIM_OC2PolarityConfig                    0x08005daf   Thumb Code    20  stm32f4xx_tim.o(.text)
    TIM_OC2NPolarityConfig                   0x08005dc3   Thumb Code    20  stm32f4xx_tim.o(.text)
    TIM_OC3PolarityConfig                    0x08005dd7   Thumb Code    20  stm32f4xx_tim.o(.text)
    TIM_OC3NPolarityConfig                   0x08005deb   Thumb Code    20  stm32f4xx_tim.o(.text)
    TIM_OC4PolarityConfig                    0x08005dff   Thumb Code    20  stm32f4xx_tim.o(.text)
    TIM_CCxCmd                               0x08005e13   Thumb Code    22  stm32f4xx_tim.o(.text)
    TIM_CCxNCmd                              0x08005e29   Thumb Code    22  stm32f4xx_tim.o(.text)
    TIM_SetIC4Prescaler                      0x08005e3f   Thumb Code    24  stm32f4xx_tim.o(.text)
    TIM_SetIC3Prescaler                      0x08005e57   Thumb Code    16  stm32f4xx_tim.o(.text)
    TIM_SetIC2Prescaler                      0x08005e67   Thumb Code    24  stm32f4xx_tim.o(.text)
    TIM_SetIC1Prescaler                      0x08005eb5   Thumb Code    16  stm32f4xx_tim.o(.text)
    TIM_ICInit                               0x08005ec5   Thumb Code   164  stm32f4xx_tim.o(.text)
    TIM_ICStructInit                         0x08005f69   Thumb Code    16  stm32f4xx_tim.o(.text)
    TIM_PWMIConfig                           0x08005f79   Thumb Code   104  stm32f4xx_tim.o(.text)
    TIM_GetCapture1                          0x08005fe1   Thumb Code     4  stm32f4xx_tim.o(.text)
    TIM_GetCapture2                          0x08005fe5   Thumb Code     4  stm32f4xx_tim.o(.text)
    TIM_GetCapture3                          0x08005fe9   Thumb Code     4  stm32f4xx_tim.o(.text)
    TIM_GetCapture4                          0x08005fed   Thumb Code     4  stm32f4xx_tim.o(.text)
    TIM_BDTRConfig                           0x08005ff1   Thumb Code    34  stm32f4xx_tim.o(.text)
    TIM_BDTRStructInit                       0x08006013   Thumb Code    18  stm32f4xx_tim.o(.text)
    TIM_CtrlPWMOutputs                       0x08006025   Thumb Code    22  stm32f4xx_tim.o(.text)
    TIM_SelectCOM                            0x0800603b   Thumb Code    20  stm32f4xx_tim.o(.text)
    TIM_CCPreloadControl                     0x0800604f   Thumb Code    20  stm32f4xx_tim.o(.text)
    TIM_ITConfig                             0x08006063   Thumb Code    16  stm32f4xx_tim.o(.text)
    TIM_GenerateEvent                        0x08006073   Thumb Code     4  stm32f4xx_tim.o(.text)
    TIM_GetFlagStatus                        0x08006077   Thumb Code    14  stm32f4xx_tim.o(.text)
    TIM_ClearFlag                            0x08006085   Thumb Code     6  stm32f4xx_tim.o(.text)
    TIM_GetITStatus                          0x0800608b   Thumb Code    24  stm32f4xx_tim.o(.text)
    TIM_ClearITPendingBit                    0x080060a3   Thumb Code     6  stm32f4xx_tim.o(.text)
    TIM_DMAConfig                            0x080060a9   Thumb Code     8  stm32f4xx_tim.o(.text)
    TIM_DMACmd                               0x080060b1   Thumb Code    16  stm32f4xx_tim.o(.text)
    TIM_SelectCCDMA                          0x080060c1   Thumb Code    20  stm32f4xx_tim.o(.text)
    TIM_InternalClockConfig                  0x080060d5   Thumb Code    10  stm32f4xx_tim.o(.text)
    TIM_SelectInputTrigger                   0x080060df   Thumb Code    12  stm32f4xx_tim.o(.text)
    TIM_ITRxExternalClockConfig              0x080060eb   Thumb Code    18  stm32f4xx_tim.o(.text)
    TIM_TIxExternalClockConfig               0x080060fd   Thumb Code    46  stm32f4xx_tim.o(.text)
    TIM_ETRConfig                            0x0800612b   Thumb Code    24  stm32f4xx_tim.o(.text)
    TIM_ETRClockMode1Config                  0x08006143   Thumb Code    18  stm32f4xx_tim.o(.text)
    TIM_ETRClockMode2Config                  0x08006155   Thumb Code    18  stm32f4xx_tim.o(.text)
    TIM_SelectOutputTrigger                  0x08006167   Thumb Code    16  stm32f4xx_tim.o(.text)
    TIM_SelectSlaveMode                      0x08006177   Thumb Code    16  stm32f4xx_tim.o(.text)
    TIM_SelectMasterSlaveMode                0x08006187   Thumb Code    16  stm32f4xx_tim.o(.text)
    TIM_EncoderInterfaceConfig               0x08006197   Thumb Code    50  stm32f4xx_tim.o(.text)
    TIM_SelectHallSensor                     0x080061c9   Thumb Code    20  stm32f4xx_tim.o(.text)
    TIM_RemapConfig                          0x080061dd   Thumb Code     6  stm32f4xx_tim.o(.text)
    USART_DeInit                             0x08006211   Thumb Code   114  stm32f4xx_usart.o(.text)
    USART_Init                               0x08006283   Thumb Code   164  stm32f4xx_usart.o(.text)
    USART_StructInit                         0x08006327   Thumb Code    22  stm32f4xx_usart.o(.text)
    USART_ClockInit                          0x0800633d   Thumb Code    28  stm32f4xx_usart.o(.text)
    USART_ClockStructInit                    0x08006359   Thumb Code    12  stm32f4xx_usart.o(.text)
    USART_Cmd                                0x08006365   Thumb Code    20  stm32f4xx_usart.o(.text)
    USART_SetPrescaler                       0x08006379   Thumb Code    16  stm32f4xx_usart.o(.text)
    USART_OverSampling8Cmd                   0x08006389   Thumb Code    20  stm32f4xx_usart.o(.text)
    USART_OneBitMethodCmd                    0x0800639d   Thumb Code    20  stm32f4xx_usart.o(.text)
    USART_SendData                           0x080063b1   Thumb Code     8  stm32f4xx_usart.o(.text)
    USART_ReceiveData                        0x080063b9   Thumb Code     8  stm32f4xx_usart.o(.text)
    USART_SetAddress                         0x080063c1   Thumb Code    16  stm32f4xx_usart.o(.text)
    USART_ReceiverWakeUpCmd                  0x080063d1   Thumb Code    20  stm32f4xx_usart.o(.text)
    USART_WakeUpConfig                       0x080063e5   Thumb Code    16  stm32f4xx_usart.o(.text)
    USART_LINBreakDetectLengthConfig         0x080063f5   Thumb Code    16  stm32f4xx_usart.o(.text)
    USART_LINCmd                             0x08006405   Thumb Code    20  stm32f4xx_usart.o(.text)
    USART_SendBreak                          0x08006419   Thumb Code    10  stm32f4xx_usart.o(.text)
    USART_HalfDuplexCmd                      0x08006423   Thumb Code    20  stm32f4xx_usart.o(.text)
    USART_SetGuardTime                       0x08006437   Thumb Code    16  stm32f4xx_usart.o(.text)
    USART_SmartCardCmd                       0x08006447   Thumb Code    20  stm32f4xx_usart.o(.text)
    USART_SmartCardNACKCmd                   0x0800645b   Thumb Code    20  stm32f4xx_usart.o(.text)
    USART_IrDAConfig                         0x0800646f   Thumb Code    16  stm32f4xx_usart.o(.text)
    USART_IrDACmd                            0x0800647f   Thumb Code    20  stm32f4xx_usart.o(.text)
    USART_DMACmd                             0x08006493   Thumb Code    16  stm32f4xx_usart.o(.text)
    USART_ITConfig                           0x080064a3   Thumb Code    48  stm32f4xx_usart.o(.text)
    USART_GetFlagStatus                      0x080064d3   Thumb Code    14  stm32f4xx_usart.o(.text)
    USART_ClearFlag                          0x080064e1   Thumb Code     6  stm32f4xx_usart.o(.text)
    USART_GetITStatus                        0x080064e7   Thumb Code    62  stm32f4xx_usart.o(.text)
    USART_ClearITPendingBit                  0x08006525   Thumb Code    12  stm32f4xx_usart.o(.text)
    SYSCFG_DeInit                            0x08006549   Thumb Code    24  stm32f4xx_syscfg.o(.text)
    SYSCFG_MemoryRemapConfig                 0x08006561   Thumb Code     6  stm32f4xx_syscfg.o(.text)
    SYSCFG_EXTILineConfig                    0x08006567   Thumb Code    42  stm32f4xx_syscfg.o(.text)
    SYSCFG_ETH_MediaInterfaceConfig          0x08006591   Thumb Code     8  stm32f4xx_syscfg.o(.text)
    SYSCFG_CompensationCellCmd               0x08006599   Thumb Code     6  stm32f4xx_syscfg.o(.text)
    SYSCFG_GetCompensationCellStatus         0x0800659f   Thumb Code    16  stm32f4xx_syscfg.o(.text)
    vListInitialise                          0x080065c1   Thumb Code    22  list.o(.text)
    vListInitialiseItem                      0x080065d7   Thumb Code     6  list.o(.text)
    vListInsertEnd                           0x080065dd   Thumb Code    28  list.o(.text)
    vListInsert                              0x080065f9   Thumb Code    48  list.o(.text)
    uxListRemove                             0x08006629   Thumb Code    38  list.o(.text)
    xQueueGenericReset                       0x08006651   Thumb Code    98  queue.o(.text)
    xQueueGenericCreate                      0x080066b3   Thumb Code    70  queue.o(.text)
    xQueueGenericSend                        0x080067b7   Thumb Code   232  queue.o(.text)
    xQueueCreateMutex                        0x0800689f   Thumb Code    80  queue.o(.text)
    xQueueGiveMutexRecursive                 0x080068ef   Thumb Code    52  queue.o(.text)
    xQueueGenericReceive                     0x0800694b   Thumb Code   286  queue.o(.text)
    xQueueTakeMutexRecursive                 0x08006a69   Thumb Code    58  queue.o(.text)
    xQueueCreateCountingSemaphore            0x08006aa3   Thumb Code    24  queue.o(.text)
    xQueueGenericSendFromISR                 0x08006abb   Thumb Code   114  queue.o(.text)
    xQueueReceiveFromISR                     0x08006b2d   Thumb Code   112  queue.o(.text)
    uxQueueMessagesWaiting                   0x08006b9d   Thumb Code    26  queue.o(.text)
    uxQueueMessagesWaitingFromISR            0x08006bb7   Thumb Code    14  queue.o(.text)
    vQueueDelete                             0x08006bc5   Thumb Code    58  queue.o(.text)
    ucQueueGetQueueNumber                    0x08006bff   Thumb Code     6  queue.o(.text)
    vQueueSetQueueNumber                     0x08006c05   Thumb Code     6  queue.o(.text)
    ucQueueGetQueueType                      0x08006c0b   Thumb Code     6  queue.o(.text)
    xQueueIsQueueEmptyFromISR                0x08006c11   Thumb Code    22  queue.o(.text)
    xQueueIsQueueFullFromISR                 0x08006c27   Thumb Code    26  queue.o(.text)
    vQueueAddToRegistry                      0x08006c41   Thumb Code    34  queue.o(.text)
    vQueueWaitForMessageRestricted           0x08006c63   Thumb Code    54  queue.o(.text)
    xTimerGenericCommand                     0x08006cd1   Thumb Code    66  timers.o(.text)
    xTimerCreateTimerTask                    0x08006d8b   Thumb Code    50  timers.o(.text)
    xTimerCreate                             0x08006dbd   Thumb Code    62  timers.o(.text)
    xTimerIsTimerActive                      0x08006dfb   Thumb Code    26  timers.o(.text)
    pvTimerGetTimerID                        0x08006e15   Thumb Code     4  timers.o(.text)
    pxPortInitialiseStack                    0x08006fb5   Thumb Code    34  port.o(.text)
    vPortSetupTimerInterrupt                 0x08006fd7   Thumb Code    26  port.o(.text)
    xPortStartScheduler                      0x08006ff1   Thumb Code    52  port.o(.text)
    vPortEndScheduler                        0x08007025   Thumb Code     2  port.o(.text)
    vPortYieldFromISR                        0x08007027   Thumb Code    12  port.o(.text)
    vPortEnterCritical                       0x08007033   Thumb Code    16  port.o(.text)
    vPortExitCritical                        0x08007043   Thumb Code    16  port.o(.text)
    SysTick_Handler                          0x08007053   Thumb Code    30  port.o(.text)
    pvPortMalloc                             0x08007081   Thumb Code   170  heap_2.o(.text)
    vPortFree                                0x0800712b   Thumb Code    56  heap_2.o(.text)
    xPortGetFreeHeapSize                     0x08007163   Thumb Code     6  heap_2.o(.text)
    vPortInitialiseBlocks                    0x08007169   Thumb Code     2  heap_2.o(.text)
    xTaskGenericCreate                       0x08007175   Thumb Code   366  tasks.o(.text)
    vTaskDelete                              0x080072e3   Thumb Code    92  tasks.o(.text)
    vTaskIncrementTick                       0x0800733f   Thumb Code   162  tasks.o(.text)
    xTaskResumeAll                           0x080073e1   Thumb Code   172  tasks.o(.text)
    vTaskSuspendAll                          0x080074bd   Thumb Code    10  tasks.o(.text)
    vTaskDelayUntil                          0x080074c7   Thumb Code    92  tasks.o(.text)
    vTaskDelay                               0x08007523   Thumb Code    48  tasks.o(.text)
    uxTaskPriorityGet                        0x08007553   Thumb Code    24  tasks.o(.text)
    vTaskPrioritySet                         0x0800756b   Thumb Code   148  tasks.o(.text)
    vTaskSwitchContext                       0x080075ff   Thumb Code    88  tasks.o(.text)
    vTaskSuspend                             0x08007657   Thumb Code    96  tasks.o(.text)
    xTaskIsTaskSuspended                     0x080076b7   Thumb Code    40  tasks.o(.text)
    vTaskResume                              0x080076df   Thumb Code    94  tasks.o(.text)
    xTaskResumeFromISR                       0x0800773d   Thumb Code   110  tasks.o(.text)
    vTaskStartScheduler                      0x080077c1   Thumb Code    70  tasks.o(.text)
    vTaskEndScheduler                        0x08007807   Thumb Code    20  tasks.o(.text)
    xTaskGetTickCount                        0x0800781b   Thumb Code    18  tasks.o(.text)
    xTaskGetTickCountFromISR                 0x0800782d   Thumb Code    18  tasks.o(.text)
    uxTaskGetNumberOfTasks                   0x0800783f   Thumb Code     6  tasks.o(.text)
    vTaskList                                0x080078b7   Thumb Code   134  tasks.o(.text)
    vTaskPlaceOnEventList                    0x0800793d   Thumb Code    58  tasks.o(.text)
    vTaskPlaceOnEventListRestricted          0x08007977   Thumb Code    40  tasks.o(.text)
    xTaskRemoveFromEventList                 0x0800799f   Thumb Code    90  tasks.o(.text)
    vTaskSetTimeOutState                     0x080079f9   Thumb Code    22  tasks.o(.text)
    xTaskCheckForTimeOut                     0x08007a0f   Thumb Code   134  tasks.o(.text)
    vTaskMissedYield                         0x08007a95   Thumb Code     8  tasks.o(.text)
    uxTaskGetTaskNumber                      0x08007a9d   Thumb Code     8  tasks.o(.text)
    vTaskSetTaskNumber                       0x08007aa5   Thumb Code     8  tasks.o(.text)
    xTaskGetCurrentTaskHandle                0x08007aad   Thumb Code     6  tasks.o(.text)
    xTaskGetSchedulerState                   0x08007ab3   Thumb Code    22  tasks.o(.text)
    vTaskPriorityInherit                     0x08007ac9   Thumb Code    92  tasks.o(.text)
    vTaskPriorityDisinherit                  0x08007b25   Thumb Code    64  tasks.o(.text)
    __aeabi_memcpy                           0x08007bbd   Thumb Code    36  memcpya.o(.text)
    __aeabi_memcpy4                          0x08007bbd   Thumb Code     0  memcpya.o(.text)
    __aeabi_memcpy8                          0x08007bbd   Thumb Code     0  memcpya.o(.text)
    __aeabi_memset                           0x08007be1   Thumb Code    14  memseta.o(.text)
    __aeabi_memset4                          0x08007be1   Thumb Code     0  memseta.o(.text)
    __aeabi_memset8                          0x08007be1   Thumb Code     0  memseta.o(.text)
    __aeabi_memclr                           0x08007bef   Thumb Code     4  memseta.o(.text)
    __aeabi_memclr4                          0x08007bef   Thumb Code     0  memseta.o(.text)
    __aeabi_memclr8                          0x08007bef   Thumb Code     0  memseta.o(.text)
    _memset$wrapper                          0x08007bf3   Thumb Code    18  memseta.o(.text)
    strcat                                   0x08007c05   Thumb Code    24  strcat.o(.text)
    strncpy                                  0x08007c1d   Thumb Code    24  strncpy.o(.text)
    strlen                                   0x08007c35   Thumb Code    14  strlen.o(.text)
    __aeabi_dadd                             0x08007c43   Thumb Code   322  dadd.o(.text)
    __aeabi_dsub                             0x08007d85   Thumb Code     6  dadd.o(.text)
    __aeabi_drsub                            0x08007d8b   Thumb Code     6  dadd.o(.text)
    __aeabi_dmul                             0x08007d91   Thumb Code   228  dmul.o(.text)
    __aeabi_ddiv                             0x08007e75   Thumb Code   222  ddiv.o(.text)
    __aeabi_i2d                              0x08007f53   Thumb Code    34  dflti.o(.text)
    __aeabi_f2d                              0x08007f75   Thumb Code    38  f2d.o(.text)
    __aeabi_d2f                              0x08007f9b   Thumb Code    56  d2f.o(.text)
    __aeabi_uidiv                            0x08007fd3   Thumb Code     0  uidiv.o(.text)
    __aeabi_uidivmod                         0x08007fd3   Thumb Code    44  uidiv.o(.text)
    __aeabi_llsl                             0x08007fff   Thumb Code    30  llshl.o(.text)
    _ll_shift_l                              0x08007fff   Thumb Code     0  llshl.o(.text)
    __aeabi_lasr                             0x0800801d   Thumb Code    36  llsshr.o(.text)
    _ll_sshift_r                             0x0800801d   Thumb Code     0  llsshr.o(.text)
    __I$use$fp                               0x08008041   Thumb Code     0  iusefp.o(.text)
    _float_round                             0x08008041   Thumb Code    18  fepilogue.o(.text)
    _float_epilogue                          0x08008053   Thumb Code    92  fepilogue.o(.text)
    _double_round                            0x080080af   Thumb Code    30  depilogue.o(.text)
    _double_epilogue                         0x080080cd   Thumb Code   156  depilogue.o(.text)
    __scatterload                            0x08008169   Thumb Code    28  init.o(.text)
    __scatterload_rt2                        0x08008169   Thumb Code     0  init.o(.text)
    __aeabi_llsr                             0x0800818d   Thumb Code    32  llushr.o(.text)
    _ll_ushift_r                             0x0800818d   Thumb Code     0  llushr.o(.text)
    __decompress                             0x080081ad   Thumb Code     0  __dczerorl2.o(.text)
    __decompress1                            0x080081ad   Thumb Code    86  __dczerorl2.o(.text)
    __0sprintf$3                             0x08008205   Thumb Code    34  printf3.o(i.__0sprintf$3)
    __1sprintf$3                             0x08008205   Thumb Code     0  printf3.o(i.__0sprintf$3)
    __2sprintf                               0x08008205   Thumb Code     0  printf3.o(i.__0sprintf$3)
    __ARM_fpclassifyf                        0x0800822d   Thumb Code    38  fpclassifyf.o(i.__ARM_fpclassifyf)
    __hardfp_cosf                            0x08008255   Thumb Code   280  cosf.o(i.__hardfp_cosf)
    __hardfp_sinf                            0x080083a5   Thumb Code   344  sinf.o(i.__hardfp_sinf)
    __mathlib_flt_infnan                     0x08008535   Thumb Code     6  funder.o(i.__mathlib_flt_infnan)
    __mathlib_flt_invalid                    0x0800853d   Thumb Code    10  funder.o(i.__mathlib_flt_invalid)
    __mathlib_flt_underflow                  0x0800854d   Thumb Code    10  funder.o(i.__mathlib_flt_underflow)
    __mathlib_rredf2                         0x0800855d   Thumb Code   316  rredf.o(i.__mathlib_rredf2)
    __scatterload_copy                       0x080086b1   Thumb Code    14  handlers.o(i.__scatterload_copy)
    __scatterload_null                       0x080086bf   Thumb Code     2  handlers.o(i.__scatterload_null)
    __scatterload_zeroinit                   0x080086c1   Thumb Code    14  handlers.o(i.__scatterload_zeroinit)
    __set_errno                              0x080086d1   Thumb Code     6  errno.o(i.__set_errno)
    Region$$Table$$Base                      0x080088c0   Number         0  anon$$obj.o(Region$$Table)
    Region$$Table$$Limit                     0x080088e0   Number         0  anon$$obj.o(Region$$Table)
    bit_khoa_ham_chay_thay_tuan              0x20000000   Data           1  main.o(.data)
    lan_trong                                0x20000001   Data           1  main.o(.data)
    hang_trong                               0x20000002   Data           1  main.o(.data)
    vi_tri_laze                              0x20000003   Data           1  main.o(.data)
    san                                      0x20000004   Data           1  main.o(.data)
    data_tx_gyro                             0x20000005   Data           1  main.o(.data)
    en_gyro                                  0x20000006   Data           1  main.o(.data)
    dataTxGyro                               0x20000007   Data           1  main.o(.data)
    enGyro                                   0x20000008   Data           1  main.o(.data)
    CB_DO_LINE                               0x20000009   Data           1  main.o(.data)
    laze_trong                               0x2000000a   Data           2  main.o(.data)
    laze_ngang_ve                            0x2000000c   Data           2  main.o(.data)
    goc_xoay_de                              0x2000000e   Data           2  main.o(.data)
    toc_do_ban                               0x20000010   Data           2  main.o(.data)
    IMU                                      0x20000012   Data           2  main.o(.data)
    num_over_t1                              0x20000014   Data           4  main.o(.data)
    num_over_t2                              0x20000018   Data           4  main.o(.data)
    i                                        0x2000001c   Data           4  main.o(.data)
    lech_huong_xoay                          0x20000020   Data           4  main.o(.data)
    laze_thanh_ngoai                         0x20000024   Data           4  main.o(.data)
    ap_phe                                   0x20000028   Data           4  main.o(.data)
    goc_xoay                                 0x2000002c   Data           4  main.o(.data)
    errorFixCouter                           0x20000030   Data           4  main.o(.data)
    robotLimitSpeed                          0x20000034   Data           4  main.o(.data)
    f05                                      0x20000038   Data           4  main.o(.data)
    f2                                       0x2000003c   Data           4  main.o(.data)
    f6                                       0x20000040   Data           4  main.o(.data)
    f10                                      0x20000044   Data           4  main.o(.data)
    f45                                      0x20000048   Data           4  main.o(.data)
    i100                                     0x2000004c   Data           4  main.o(.data)
    khoangCachGocFix                         0x20000050   Data           4  main.o(.data)
    _robotY                                  0x20000054   Data           4  main.o(.data)
    _robotX                                  0x20000058   Data           4  main.o(.data)
    motorLock                                0x2000005c   Data           4  main.o(.data)
    motorLockRepeat                          0x20000060   Data           4  main.o(.data)
    radian                                   0x20000064   Data           4  main.o(.data)
    _robotChange                             0x20000068   Data           4  main.o(.data)
    _robotRotatePoint                        0x2000006c   Data           4  main.o(.data)
    _robotCurrentSpeed                       0x20000070   Data           4  main.o(.data)
    _robotRunSpeed                           0x20000074   Data           4  main.o(.data)
    _robotMaxSpeed                           0x20000078   Data           4  main.o(.data)
    _robotAccStop                            0x2000007c   Data           4  main.o(.data)
    _robotCounter                            0x20000080   Data           4  main.o(.data)
    _robotAngle                              0x20000084   Data           4  main.o(.data)
    _robotRunAngle                           0x20000088   Data           4  main.o(.data)
    _robotRotateAngle                        0x2000008c   Data           4  main.o(.data)
    _robotIMUInit                            0x20000090   Data           4  main.o(.data)
    _robotRotate                             0x20000094   Data           4  main.o(.data)
    _robotCurve                              0x20000098   Data           4  main.o(.data)
    _robotAngleCounterFix                    0x2000009c   Data           4  main.o(.data)
    _robotAngleToFix                         0x200000a0   Data           4  main.o(.data)
    _robotIMUAngle                           0x200000a4   Data           4  main.o(.data)
    _IMUAngle_Before                         0x200000a8   Data           4  main.o(.data)
    _robotDelayGiamToc                       0x200000ac   Data           4  main.o(.data)
    _robotRunFL                              0x200000b0   Data           4  main.o(.data)
    _robotRunFR                              0x200000b4   Data           4  main.o(.data)
    _robotRunRL                              0x200000b8   Data           4  main.o(.data)
    _robotRunRR                              0x200000bc   Data           4  main.o(.data)
    _lockRobot                               0x200000c0   Data           4  main.o(.data)
    HMI_LOOP                                 0x200000e4   Data           4  main.o(.data)
    lazeTruocValue                           0x200000e8   Data           4  main.o(.data)
    lazeTraiValue                            0x200000ec   Data           4  main.o(.data)
    lazePhaiValue                            0x200000f0   Data           4  main.o(.data)
    lazeSauValue                             0x200000f4   Data           4  main.o(.data)
    noise                                    0x200000f8   Data           4  main.o(.data)
    goc_chay                                 0x200000fc   Data           4  main.o(.data)
    lech_huong                               0x20000100   Data           4  main.o(.data)
    DATA_SPEED                               0x20000104   Data          60  main.o(.data)
    LAZE_THANH_TRONG                         0x20000140   Data          32  main.o(.data)
    LAZE_VE                                  0x20000160   Data          16  main.o(.data)
    LAZE_THANH_NGOAI_2                       0x20000170   Data          56  main.o(.data)
    TOC_DO_BAN                               0x200001a8   Data          28  main.o(.data)
    XOAY_DE                                  0x200001c4   Data          28  main.o(.data)
    AP_PHE                                   0x200001e0   Data          56  main.o(.data)
    GP_BTN                                   0x20000218   Data          15  main.o(.data)
    num_over_t3                              0x20000228   Data           4  main.o(.data)
    num_over_t5                              0x2000022c   Data           4  main.o(.data)
    sieu_am                                  0x20000230   Data           4  main.o(.data)
    SystemCoreClock                          0x20000234   Data           4  system_stm32f4xx.o(.data)
    AHBPrescTable                            0x20000238   Data          16  system_stm32f4xx.o(.data)
    pxCurrentTCB                             0x20000284   Data           4  tasks.o(.data)
    buf                                      0x200002c4   Data          50  main.o(.bss)
    ky_tu_1                                  0x200002f6   Data          40  main.o(.bss)
    ky_tu_2                                  0x2000031e   Data          40  main.o(.bss)
    Buffer_HMI                               0x20000346   Data          50  main.o(.bss)
    _ADC1_Value                              0x20000378   Data          16  main.o(.bss)
    RX_USART1                                0x20000388   Data          15  main.o(.bss)
    RX_USART2                                0x20000397   Data          15  main.o(.bss)
    MANG_GAME                                0x200003a6   Data          10  main.o(.bss)
    xQueueRegistry                           0x200003b0   Data          64  queue.o(.bss)
    __initial_sp                             0x20003108   Data           0  startup_stm32f4xx.o(STACK)



==============================================================================

Memory Map of the image

  Image Entry point : 0x08000189

  Load Region LR_IROM1 (Base: 0x08000000, Size: 0x00008ba4, Max: 0x00080000, ABSOLUTE, COMPRESSED[0x000089a8])

    Execution Region ER_IROM1 (Base: 0x08000000, Size: 0x000088e0, Max: 0x00080000, ABSOLUTE)

    Base Addr    Size         Type   Attr      Idx    E Section Name        Object

    0x08000000   0x00000188   Data   RO          348    RESET               startup_stm32f4xx.o
    0x08000188   0x00000000   Code   RO          680  * .ARM.Collect$$$$00000000  mc_w.l(entry.o)
    0x08000188   0x00000004   Code   RO          987    .ARM.Collect$$$$00000001  mc_w.l(entry2.o)
    0x0800018c   0x00000004   Code   RO          990    .ARM.Collect$$$$00000004  mc_w.l(entry5.o)
    0x08000190   0x00000000   Code   RO          992    .ARM.Collect$$$$00000008  mc_w.l(entry7b.o)
    0x08000190   0x00000000   Code   RO          994    .ARM.Collect$$$$0000000A  mc_w.l(entry8b.o)
    0x08000190   0x00000008   Code   RO          995    .ARM.Collect$$$$0000000B  mc_w.l(entry9a.o)
    0x08000198   0x00000000   Code   RO          997    .ARM.Collect$$$$0000000D  mc_w.l(entry10a.o)
    0x08000198   0x00000000   Code   RO          999    .ARM.Collect$$$$0000000F  mc_w.l(entry11a.o)
    0x08000198   0x00000004   Code   RO          988    .ARM.Collect$$$$00002712  mc_w.l(entry2.o)
    0x0800019c   0x000000a8   Code   RO          599    .emb_text           port.o
    0x08000244   0x00000278   Code   RO            2    .text               stm32f4xx_it.o
    0x080004bc   0x000043f0   Code   RO          140    .text               main.o
    0x080048ac   0x00000170   Code   RO          325    .text               system_stm32f4xx.o
    0x08004a1c   0x00000024   Code   RO          349    .text               startup_stm32f4xx.o
    0x08004a40   0x000000b0   Code   RO          354    .text               misc.o
    0x08004af0   0x00000218   Code   RO          370    .text               stm32f4xx_gpio.o
    0x08004d08   0x000003d0   Code   RO          386    .text               stm32f4xx_rcc.o
    0x080050d8   0x00000354   Code   RO          404    .text               stm32f4xx_adc.o
    0x0800542c   0x00000320   Code   RO          420    .text               stm32f4xx_dma.o
    0x0800574c   0x000000e8   Code   RO          436    .text               stm32f4xx_exti.o
    0x08005834   0x000009dc   Code   RO          468    .text               stm32f4xx_tim.o
    0x08006210   0x00000338   Code   RO          485    .text               stm32f4xx_usart.o
    0x08006548   0x00000078   Code   RO          501    .text               stm32f4xx_syscfg.o
    0x080065c0   0x0000008e   Code   RO          542    .text               list.o
    0x0800664e   0x00000002   PAD
    0x08006650   0x0000064c   Code   RO          560    .text               queue.o
    0x08006c9c   0x00000318   Code   RO          578    .text               timers.o
    0x08006fb4   0x000000cc   Code   RO          600    .text               port.o
    0x08007080   0x000000f4   Code   RO          618    .text               heap_2.o
    0x08007174   0x00000a48   Code   RO          633    .text               tasks.o
    0x08007bbc   0x00000024   Code   RO          683    .text               mc_w.l(memcpya.o)
    0x08007be0   0x00000024   Code   RO          685    .text               mc_w.l(memseta.o)
    0x08007c04   0x00000018   Code   RO          687    .text               mc_w.l(strcat.o)
    0x08007c1c   0x00000018   Code   RO          689    .text               mc_w.l(strncpy.o)
    0x08007c34   0x0000000e   Code   RO          691    .text               mc_w.l(strlen.o)
    0x08007c42   0x0000014e   Code   RO          956    .text               mf_w.l(dadd.o)
    0x08007d90   0x000000e4   Code   RO          958    .text               mf_w.l(dmul.o)
    0x08007e74   0x000000de   Code   RO          960    .text               mf_w.l(ddiv.o)
    0x08007f52   0x00000022   Code   RO          962    .text               mf_w.l(dflti.o)
    0x08007f74   0x00000026   Code   RO          964    .text               mf_w.l(f2d.o)
    0x08007f9a   0x00000038   Code   RO          966    .text               mf_w.l(d2f.o)
    0x08007fd2   0x0000002c   Code   RO         1004    .text               mc_w.l(uidiv.o)
    0x08007ffe   0x0000001e   Code   RO         1008    .text               mc_w.l(llshl.o)
    0x0800801c   0x00000024   Code   RO         1010    .text               mc_w.l(llsshr.o)
    0x08008040   0x00000000   Code   RO         1019    .text               mc_w.l(iusefp.o)
    0x08008040   0x0000006e   Code   RO         1020    .text               mf_w.l(fepilogue.o)
    0x080080ae   0x000000ba   Code   RO         1022    .text               mf_w.l(depilogue.o)
    0x08008168   0x00000024   Code   RO         1028    .text               mc_w.l(init.o)
    0x0800818c   0x00000020   Code   RO         1031    .text               mc_w.l(llushr.o)
    0x080081ac   0x00000056   Code   RO         1042    .text               mc_w.l(__dczerorl2.o)
    0x08008202   0x00000002   PAD
    0x08008204   0x00000028   Code   RO          786    i.__0sprintf$3      mc_w.l(printf3.o)
    0x0800822c   0x00000026   Code   RO          968    i.__ARM_fpclassifyf  m_wm.l(fpclassifyf.o)
    0x08008252   0x00000002   PAD
    0x08008254   0x00000150   Code   RO          656    i.__hardfp_cosf     m_wm.l(cosf.o)
    0x080083a4   0x00000190   Code   RO          668    i.__hardfp_sinf     m_wm.l(sinf.o)
    0x08008534   0x00000006   Code   RO          971    i.__mathlib_flt_infnan  m_wm.l(funder.o)
    0x0800853a   0x00000002   PAD
    0x0800853c   0x00000010   Code   RO          973    i.__mathlib_flt_invalid  m_wm.l(funder.o)
    0x0800854c   0x00000010   Code   RO          976    i.__mathlib_flt_underflow  m_wm.l(funder.o)
    0x0800855c   0x00000154   Code   RO          984    i.__mathlib_rredf2  m_wm.l(rredf.o)
    0x080086b0   0x0000000e   Code   RO         1036    i.__scatterload_copy  mc_w.l(handlers.o)
    0x080086be   0x00000002   Code   RO         1037    i.__scatterload_null  mc_w.l(handlers.o)
    0x080086c0   0x0000000e   Code   RO         1038    i.__scatterload_zeroinit  mc_w.l(handlers.o)
    0x080086ce   0x00000002   PAD
    0x080086d0   0x0000000c   Code   RO         1014    i.__set_errno       mc_w.l(errno.o)
    0x080086dc   0x000001b8   Code   RO          791    i._printf_core      mc_w.l(printf3.o)
    0x08008894   0x0000000a   Code   RO          793    i._sputc            mc_w.l(printf3.o)
    0x0800889e   0x00000002   PAD
    0x080088a0   0x00000020   Data   RO          985    .constdata          m_wm.l(rredf.o)
    0x080088c0   0x00000020   Data   RO         1034    Region$$Table       anon$$obj.o


    Execution Region RW_IRAM1 (Base: 0x20000000, Size: 0x00003108, Max: 0x00020000, ABSOLUTE, COMPRESSED[0x000000c8])

    Base Addr    Size         Type   Attr      Idx    E Section Name        Object

    0x20000000   0x00000227   Data   RW          144    .data               main.o
    0x20000227   0x00000001   PAD
    0x20000228   0x00000004   Data   RW          145    .data               main.o
    0x2000022c   0x00000004   Data   RW          146    .data               main.o
    0x20000230   0x00000004   Data   RW          167    .data               main.o
    0x20000234   0x00000014   Data   RW          326    .data               system_stm32f4xx.o
    0x20000248   0x00000010   Data   RW          387    .data               stm32f4xx_rcc.o
    0x20000258   0x00000010   Data   RW          580    .data               timers.o
    0x20000268   0x00000004   Data   RW          601    .data               port.o
    0x2000026c   0x00000018   Data   RW          620    .data               heap_2.o
    0x20000284   0x0000003c   Data   RW          635    .data               tasks.o
    0x200002c0   0x00000004   Data   RW         1015    .data               mc_w.l(errno.o)
    0x200002c4   0x000000ec   Zero   RW          141    .bss                main.o
    0x200003b0   0x00000040   Zero   RW          561    .bss                queue.o
    0x200003f0   0x00000028   Zero   RW          579    .bss                timers.o
    0x20000418   0x00002800   Zero   RW          619    .bss                heap_2.o
    0x20002c18   0x000000f0   Zero   RW          634    .bss                tasks.o
    0x20002d08   0x00000400   Zero   RW          346    STACK               startup_stm32f4xx.o


==============================================================================

Image component sizes


      Code (inc. data)   RO Data    RW Data    ZI Data      Debug   Object Name

       244         10          0         24      10240       3724   heap_2.o
       142          0          0          0          0       3586   list.o
     17392        932          0        563        236     324193   main.o
       176         12          0          0          0       2133   misc.o
       372         32          0          4          0       4832   port.o
      1612          4          0          0         64      11692   queue.o
        36          8        392          0       1024        952   startup_stm32f4xx.o
       852         20          0          0          0      11022   stm32f4xx_adc.o
       800         32          0          0          0       7153   stm32f4xx_dma.o
       232          8          0          0          0       2635   stm32f4xx_exti.o
       536         38          0          0          0       4685   stm32f4xx_gpio.o
       632        110          0          0          0     292441   stm32f4xx_it.o
       976         36          0         16          0      11651   stm32f4xx_rcc.o
       120         18          0          0          0       1835   stm32f4xx_syscfg.o
      2524         52          0          0          0      23218   stm32f4xx_tim.o
       824         24          0          0          0       8348   stm32f4xx_usart.o
       368         36          0         20          0       1999   system_stm32f4xx.o
      2632         62          0         60        240      16659   tasks.o
       792         22          0         16         40      10720   timers.o

    ----------------------------------------------------------------------
     31264       1456        424        704      11844     743478   Object Totals
         0          0         32          0          0          0   (incl. Generated)
         2          0          0          1          0          0   (incl. Padding)

    ----------------------------------------------------------------------

      Code (inc. data)   RO Data    RW Data    ZI Data      Debug   Library Member Name

       336         56          0          0          0        136   cosf.o
        38          0          0          0          0        116   fpclassifyf.o
        38         12          0          0          0        348   funder.o
       340         24         32          0          0        160   rredf.o
       400         56          0          0          0        212   sinf.o
        86          0          0          0          0          0   __dczerorl2.o
         0          0          0          0          0          0   entry.o
         0          0          0          0          0          0   entry10a.o
         0          0          0          0          0          0   entry11a.o
         8          4          0          0          0          0   entry2.o
         4          0          0          0          0          0   entry5.o
         0          0          0          0          0          0   entry7b.o
         0          0          0          0          0          0   entry8b.o
         8          4          0          0          0          0   entry9a.o
        12          6          0          4          0         68   errno.o
        30          0          0          0          0          0   handlers.o
        36          8          0          0          0         68   init.o
         0          0          0          0          0          0   iusefp.o
        30          0          0          0          0         68   llshl.o
        36          0          0          0          0         68   llsshr.o
        32          0          0          0          0         68   llushr.o
        36          0          0          0          0         68   memcpya.o
        36          0          0          0          0        108   memseta.o
       490         10          0          0          0        252   printf3.o
        24          0          0          0          0         68   strcat.o
        14          0          0          0          0         68   strlen.o
        24          0          0          0          0         76   strncpy.o
        44          0          0          0          0         80   uidiv.o
        56          0          0          0          0         88   d2f.o
       334          0          0          0          0        148   dadd.o
       222          0          0          0          0        100   ddiv.o
       186          0          0          0          0        176   depilogue.o
        34          0          0          0          0         76   dflti.o
       228          0          0          0          0         96   dmul.o
        38          0          0          0          0         68   f2d.o
       110          0          0          0          0        168   fepilogue.o

    ----------------------------------------------------------------------
      3320        180         32          4          0       2952   Library Totals
        10          0          0          0          0          0   (incl. Padding)

    ----------------------------------------------------------------------

      Code (inc. data)   RO Data    RW Data    ZI Data      Debug   Library Name

      1152        148         32          0          0        972   m_wm.l
       950         32          0          4          0       1060   mc_w.l
      1208          0          0          0          0        920   mf_w.l

    ----------------------------------------------------------------------
      3320        180         32          4          0       2952   Library Totals

    ----------------------------------------------------------------------

==============================================================================


      Code (inc. data)   RO Data    RW Data    ZI Data      Debug   

     34584       1636        456        708      11844     738726   Grand Totals
     34584       1636        456        200      11844     738726   ELF Image Totals (compressed)
     34584       1636        456        200          0          0   ROM Totals

==============================================================================

    Total RO  Size (Code + RO Data)                35040 (  34.22kB)
    Total RW  Size (RW Data + ZI Data)             12552 (  12.26kB)
    Total ROM Size (Code + RO Data + RW Data)      35240 (  34.41kB)

==============================================================================

