<!doctype html public "-//w3c//dtd html 4.0 transitional//en">
<html><head>
<title>Static Call Graph - [.\Project\Project.axf]</title></head>
<body><HR>
<H1>Static Call Graph for image .\Project\Project.axf</H1><HR>
<BR><P>#&#060CALLGRAPH&#062# ARM Linker, 5.03 [Build 76]: Last Updated: Wed Mar 02 15:37:46 2016
<BR><P>
<H3>Maximum Stack Usage =        236 bytes + Unknown(Cycles, Untraceable Function Pointers)</H3><H3>
Call chain for Maximum Stack Depth:</H3>
main &rArr; Auto_program &rArr; LEO_COT_XANH_1 &rArr; robotLineRun &rArr; robotCurve &rArr; calculateMotor &rArr; sinf &rArr; __mathlib_rredf2 &rArr; __aeabi_fsub &rArr; __aeabi_fadd &rArr; _float_epilogue
<P>
<H3>
Mutually Recursive functions
</H3> <LI><a href="#[2]">HardFault_Handler</a>&nbsp;&nbsp;&nbsp;&rArr;&nbsp;&nbsp;&nbsp;<a href="#[2]">HardFault_Handler</a><BR>
 <LI><a href="#[3]">MemManage_Handler</a>&nbsp;&nbsp;&nbsp;&rArr;&nbsp;&nbsp;&nbsp;<a href="#[3]">MemManage_Handler</a><BR>
 <LI><a href="#[4]">BusFault_Handler</a>&nbsp;&nbsp;&nbsp;&rArr;&nbsp;&nbsp;&nbsp;<a href="#[4]">BusFault_Handler</a><BR>
 <LI><a href="#[5]">UsageFault_Handler</a>&nbsp;&nbsp;&nbsp;&rArr;&nbsp;&nbsp;&nbsp;<a href="#[5]">UsageFault_Handler</a><BR>
 <LI><a href="#[1c]">ADC_IRQHandler</a>&nbsp;&nbsp;&nbsp;&rArr;&nbsp;&nbsp;&nbsp;<a href="#[1c]">ADC_IRQHandler</a><BR>
</UL>
<P>
<H3>
Function Pointers
</H3><UL>
 <LI><a href="#[1c]">ADC_IRQHandler</a> from startup_stm32f4xx.o(.text) referenced from startup_stm32f4xx.o(RESET)
 <LI><a href="#[4]">BusFault_Handler</a> from stm32f4xx_it.o(.text) referenced from startup_stm32f4xx.o(RESET)
 <LI><a href="#[1e]">CAN1_RX0_IRQHandler</a> from startup_stm32f4xx.o(.text) referenced from startup_stm32f4xx.o(RESET)
 <LI><a href="#[1f]">CAN1_RX1_IRQHandler</a> from startup_stm32f4xx.o(.text) referenced from startup_stm32f4xx.o(RESET)
 <LI><a href="#[20]">CAN1_SCE_IRQHandler</a> from startup_stm32f4xx.o(.text) referenced from startup_stm32f4xx.o(RESET)
 <LI><a href="#[1d]">CAN1_TX_IRQHandler</a> from startup_stm32f4xx.o(.text) referenced from startup_stm32f4xx.o(RESET)
 <LI><a href="#[4a]">CAN2_RX0_IRQHandler</a> from startup_stm32f4xx.o(.text) referenced from startup_stm32f4xx.o(RESET)
 <LI><a href="#[4b]">CAN2_RX1_IRQHandler</a> from startup_stm32f4xx.o(.text) referenced from startup_stm32f4xx.o(RESET)
 <LI><a href="#[4c]">CAN2_SCE_IRQHandler</a> from startup_stm32f4xx.o(.text) referenced from startup_stm32f4xx.o(RESET)
 <LI><a href="#[49]">CAN2_TX_IRQHandler</a> from startup_stm32f4xx.o(.text) referenced from startup_stm32f4xx.o(RESET)
 <LI><a href="#[59]">CRYP_IRQHandler</a> from startup_stm32f4xx.o(.text) referenced from startup_stm32f4xx.o(RESET)
 <LI><a href="#[58]">DCMI_IRQHandler</a> from startup_stm32f4xx.o(.text) referenced from startup_stm32f4xx.o(RESET)
 <LI><a href="#[15]">DMA1_Stream0_IRQHandler</a> from startup_stm32f4xx.o(.text) referenced from startup_stm32f4xx.o(RESET)
 <LI><a href="#[16]">DMA1_Stream1_IRQHandler</a> from startup_stm32f4xx.o(.text) referenced from startup_stm32f4xx.o(RESET)
 <LI><a href="#[17]">DMA1_Stream2_IRQHandler</a> from startup_stm32f4xx.o(.text) referenced from startup_stm32f4xx.o(RESET)
 <LI><a href="#[18]">DMA1_Stream3_IRQHandler</a> from startup_stm32f4xx.o(.text) referenced from startup_stm32f4xx.o(RESET)
 <LI><a href="#[19]">DMA1_Stream4_IRQHandler</a> from startup_stm32f4xx.o(.text) referenced from startup_stm32f4xx.o(RESET)
 <LI><a href="#[1a]">DMA1_Stream5_IRQHandler</a> from startup_stm32f4xx.o(.text) referenced from startup_stm32f4xx.o(RESET)
 <LI><a href="#[1b]">DMA1_Stream6_IRQHandler</a> from startup_stm32f4xx.o(.text) referenced from startup_stm32f4xx.o(RESET)
 <LI><a href="#[39]">DMA1_Stream7_IRQHandler</a> from startup_stm32f4xx.o(.text) referenced from startup_stm32f4xx.o(RESET)
 <LI><a href="#[42]">DMA2_Stream0_IRQHandler</a> from startup_stm32f4xx.o(.text) referenced from startup_stm32f4xx.o(RESET)
 <LI><a href="#[43]">DMA2_Stream1_IRQHandler</a> from startup_stm32f4xx.o(.text) referenced from startup_stm32f4xx.o(RESET)
 <LI><a href="#[44]">DMA2_Stream2_IRQHandler</a> from startup_stm32f4xx.o(.text) referenced from startup_stm32f4xx.o(RESET)
 <LI><a href="#[45]">DMA2_Stream3_IRQHandler</a> from startup_stm32f4xx.o(.text) referenced from startup_stm32f4xx.o(RESET)
 <LI><a href="#[46]">DMA2_Stream4_IRQHandler</a> from startup_stm32f4xx.o(.text) referenced from startup_stm32f4xx.o(RESET)
 <LI><a href="#[4e]">DMA2_Stream5_IRQHandler</a> from stm32f4xx_it.o(.text) referenced from startup_stm32f4xx.o(RESET)
 <LI><a href="#[4f]">DMA2_Stream6_IRQHandler</a> from startup_stm32f4xx.o(.text) referenced from startup_stm32f4xx.o(RESET)
 <LI><a href="#[50]">DMA2_Stream7_IRQHandler</a> from startup_stm32f4xx.o(.text) referenced from startup_stm32f4xx.o(RESET)
 <LI><a href="#[7]">DebugMon_Handler</a> from stm32f4xx_it.o(.text) referenced from startup_stm32f4xx.o(RESET)
 <LI><a href="#[47]">ETH_IRQHandler</a> from startup_stm32f4xx.o(.text) referenced from startup_stm32f4xx.o(RESET)
 <LI><a href="#[48]">ETH_WKUP_IRQHandler</a> from startup_stm32f4xx.o(.text) referenced from startup_stm32f4xx.o(RESET)
 <LI><a href="#[10]">EXTI0_IRQHandler</a> from startup_stm32f4xx.o(.text) referenced from startup_stm32f4xx.o(RESET)
 <LI><a href="#[32]">EXTI15_10_IRQHandler</a> from startup_stm32f4xx.o(.text) referenced from startup_stm32f4xx.o(RESET)
 <LI><a href="#[11]">EXTI1_IRQHandler</a> from startup_stm32f4xx.o(.text) referenced from startup_stm32f4xx.o(RESET)
 <LI><a href="#[12]">EXTI2_IRQHandler</a> from startup_stm32f4xx.o(.text) referenced from startup_stm32f4xx.o(RESET)
 <LI><a href="#[13]">EXTI3_IRQHandler</a> from startup_stm32f4xx.o(.text) referenced from startup_stm32f4xx.o(RESET)
 <LI><a href="#[14]">EXTI4_IRQHandler</a> from startup_stm32f4xx.o(.text) referenced from startup_stm32f4xx.o(RESET)
 <LI><a href="#[21]">EXTI9_5_IRQHandler</a> from startup_stm32f4xx.o(.text) referenced from startup_stm32f4xx.o(RESET)
 <LI><a href="#[e]">FLASH_IRQHandler</a> from startup_stm32f4xx.o(.text) referenced from startup_stm32f4xx.o(RESET)
 <LI><a href="#[5b]">FPU_IRQHandler</a> from startup_stm32f4xx.o(.text) referenced from startup_stm32f4xx.o(RESET)
 <LI><a href="#[3a]">FSMC_IRQHandler</a> from startup_stm32f4xx.o(.text) referenced from startup_stm32f4xx.o(RESET)
 <LI><a href="#[5a]">HASH_RNG_IRQHandler</a> from startup_stm32f4xx.o(.text) referenced from startup_stm32f4xx.o(RESET)
 <LI><a href="#[2]">HardFault_Handler</a> from stm32f4xx_it.o(.text) referenced from startup_stm32f4xx.o(RESET)
 <LI><a href="#[2a]">I2C1_ER_IRQHandler</a> from startup_stm32f4xx.o(.text) referenced from startup_stm32f4xx.o(RESET)
 <LI><a href="#[29]">I2C1_EV_IRQHandler</a> from startup_stm32f4xx.o(.text) referenced from startup_stm32f4xx.o(RESET)
 <LI><a href="#[2c]">I2C2_ER_IRQHandler</a> from startup_stm32f4xx.o(.text) referenced from startup_stm32f4xx.o(RESET)
 <LI><a href="#[2b]">I2C2_EV_IRQHandler</a> from startup_stm32f4xx.o(.text) referenced from startup_stm32f4xx.o(RESET)
 <LI><a href="#[53]">I2C3_ER_IRQHandler</a> from startup_stm32f4xx.o(.text) referenced from startup_stm32f4xx.o(RESET)
 <LI><a href="#[52]">I2C3_EV_IRQHandler</a> from startup_stm32f4xx.o(.text) referenced from startup_stm32f4xx.o(RESET)
 <LI><a href="#[3]">MemManage_Handler</a> from stm32f4xx_it.o(.text) referenced from startup_stm32f4xx.o(RESET)
 <LI><a href="#[1]">NMI_Handler</a> from stm32f4xx_it.o(.text) referenced from startup_stm32f4xx.o(RESET)
 <LI><a href="#[4d]">OTG_FS_IRQHandler</a> from startup_stm32f4xx.o(.text) referenced from startup_stm32f4xx.o(RESET)
 <LI><a href="#[34]">OTG_FS_WKUP_IRQHandler</a> from startup_stm32f4xx.o(.text) referenced from startup_stm32f4xx.o(RESET)
 <LI><a href="#[55]">OTG_HS_EP1_IN_IRQHandler</a> from startup_stm32f4xx.o(.text) referenced from startup_stm32f4xx.o(RESET)
 <LI><a href="#[54]">OTG_HS_EP1_OUT_IRQHandler</a> from startup_stm32f4xx.o(.text) referenced from startup_stm32f4xx.o(RESET)
 <LI><a href="#[57]">OTG_HS_IRQHandler</a> from startup_stm32f4xx.o(.text) referenced from startup_stm32f4xx.o(RESET)
 <LI><a href="#[56]">OTG_HS_WKUP_IRQHandler</a> from startup_stm32f4xx.o(.text) referenced from startup_stm32f4xx.o(RESET)
 <LI><a href="#[b]">PVD_IRQHandler</a> from startup_stm32f4xx.o(.text) referenced from startup_stm32f4xx.o(RESET)
 <LI><a href="#[8]">PendSV_Handler</a> from stm32f4xx_it.o(.text) referenced from startup_stm32f4xx.o(RESET)
 <LI><a href="#[f]">RCC_IRQHandler</a> from startup_stm32f4xx.o(.text) referenced from startup_stm32f4xx.o(RESET)
 <LI><a href="#[33]">RTC_Alarm_IRQHandler</a> from startup_stm32f4xx.o(.text) referenced from startup_stm32f4xx.o(RESET)
 <LI><a href="#[d]">RTC_WKUP_IRQHandler</a> from startup_stm32f4xx.o(.text) referenced from startup_stm32f4xx.o(RESET)
 <LI><a href="#[0]">Reset_Handler</a> from startup_stm32f4xx.o(.text) referenced from startup_stm32f4xx.o(RESET)
 <LI><a href="#[3b]">SDIO_IRQHandler</a> from startup_stm32f4xx.o(.text) referenced from startup_stm32f4xx.o(RESET)
 <LI><a href="#[2d]">SPI1_IRQHandler</a> from stm32f4xx_it.o(.text) referenced from startup_stm32f4xx.o(RESET)
 <LI><a href="#[2e]">SPI2_IRQHandler</a> from startup_stm32f4xx.o(.text) referenced from startup_stm32f4xx.o(RESET)
 <LI><a href="#[3d]">SPI3_IRQHandler</a> from stm32f4xx_it.o(.text) referenced from startup_stm32f4xx.o(RESET)
 <LI><a href="#[6]">SVC_Handler</a> from stm32f4xx_it.o(.text) referenced from startup_stm32f4xx.o(RESET)
 <LI><a href="#[9]">SysTick_Handler</a> from stm32f4xx_it.o(.text) referenced from startup_stm32f4xx.o(RESET)
 <LI><a href="#[5d]">SystemInit</a> from system_stm32f4xx.o(.text) referenced from startup_stm32f4xx.o(.text)
 <LI><a href="#[c]">TAMP_STAMP_IRQHandler</a> from startup_stm32f4xx.o(.text) referenced from startup_stm32f4xx.o(RESET)
 <LI><a href="#[22]">TIM1_BRK_TIM9_IRQHandler</a> from startup_stm32f4xx.o(.text) referenced from startup_stm32f4xx.o(RESET)
 <LI><a href="#[25]">TIM1_CC_IRQHandler</a> from startup_stm32f4xx.o(.text) referenced from startup_stm32f4xx.o(RESET)
 <LI><a href="#[24]">TIM1_TRG_COM_TIM11_IRQHandler</a> from stm32f4xx_it.o(.text) referenced from startup_stm32f4xx.o(RESET)
 <LI><a href="#[23]">TIM1_UP_TIM10_IRQHandler</a> from stm32f4xx_it.o(.text) referenced from startup_stm32f4xx.o(RESET)
 <LI><a href="#[26]">TIM2_IRQHandler</a> from stm32f4xx_it.o(.text) referenced from startup_stm32f4xx.o(RESET)
 <LI><a href="#[27]">TIM3_IRQHandler</a> from stm32f4xx_it.o(.text) referenced from startup_stm32f4xx.o(RESET)
 <LI><a href="#[28]">TIM4_IRQHandler</a> from startup_stm32f4xx.o(.text) referenced from startup_stm32f4xx.o(RESET)
 <LI><a href="#[3c]">TIM5_IRQHandler</a> from startup_stm32f4xx.o(.text) referenced from startup_stm32f4xx.o(RESET)
 <LI><a href="#[40]">TIM6_DAC_IRQHandler</a> from stm32f4xx_it.o(.text) referenced from startup_stm32f4xx.o(RESET)
 <LI><a href="#[41]">TIM7_IRQHandler</a> from startup_stm32f4xx.o(.text) referenced from startup_stm32f4xx.o(RESET)
 <LI><a href="#[35]">TIM8_BRK_TIM12_IRQHandler</a> from startup_stm32f4xx.o(.text) referenced from startup_stm32f4xx.o(RESET)
 <LI><a href="#[38]">TIM8_CC_IRQHandler</a> from startup_stm32f4xx.o(.text) referenced from startup_stm32f4xx.o(RESET)
 <LI><a href="#[37]">TIM8_TRG_COM_TIM14_IRQHandler</a> from startup_stm32f4xx.o(.text) referenced from startup_stm32f4xx.o(RESET)
 <LI><a href="#[36]">TIM8_UP_TIM13_IRQHandler</a> from startup_stm32f4xx.o(.text) referenced from startup_stm32f4xx.o(RESET)
 <LI><a href="#[3e]">UART4_IRQHandler</a> from startup_stm32f4xx.o(.text) referenced from startup_stm32f4xx.o(RESET)
 <LI><a href="#[3f]">UART5_IRQHandler</a> from startup_stm32f4xx.o(.text) referenced from startup_stm32f4xx.o(RESET)
 <LI><a href="#[2f]">USART1_IRQHandler</a> from stm32f4xx_it.o(.text) referenced from startup_stm32f4xx.o(RESET)
 <LI><a href="#[30]">USART2_IRQHandler</a> from startup_stm32f4xx.o(.text) referenced from startup_stm32f4xx.o(RESET)
 <LI><a href="#[31]">USART3_IRQHandler</a> from startup_stm32f4xx.o(.text) referenced from startup_stm32f4xx.o(RESET)
 <LI><a href="#[51]">USART6_IRQHandler</a> from startup_stm32f4xx.o(.text) referenced from startup_stm32f4xx.o(RESET)
 <LI><a href="#[5]">UsageFault_Handler</a> from stm32f4xx_it.o(.text) referenced from startup_stm32f4xx.o(RESET)
 <LI><a href="#[a]">WWDG_IRQHandler</a> from startup_stm32f4xx.o(.text) referenced from startup_stm32f4xx.o(RESET)
 <LI><a href="#[5e]">__main</a> from entry.o(.ARM.Collect$$$$00000000) referenced from startup_stm32f4xx.o(.text)
 <LI><a href="#[5f]">_sputc</a> from printf1.o(i._sputc) referenced from printf1.o(i.__0sprintf$1)
 <LI><a href="#[5c]">main</a> from main.o(.text) referenced from entry9a.o(.ARM.Collect$$$$0000000B)
</UL>
<P>
<H3>
Global Symbols
</H3>
<P><STRONG><a name="[5e]"></a>__main</STRONG> (Thumb, 0 bytes, Stack size unknown bytes, entry.o(.ARM.Collect$$$$00000000))
<BR>[Address Reference Count : 1]<UL><LI> startup_stm32f4xx.o(.text)
</UL>
<P><STRONG><a name="[137]"></a>_main_stk</STRONG> (Thumb, 0 bytes, Stack size unknown bytes, entry2.o(.ARM.Collect$$$$00000001))

<P><STRONG><a name="[60]"></a>_main_scatterload</STRONG> (Thumb, 0 bytes, Stack size unknown bytes, entry5.o(.ARM.Collect$$$$00000004))
<BR><BR>[Calls]<UL><LI><a href="#[61]">&gt;&gt;</a>&nbsp;&nbsp;&nbsp;__scatterload
</UL>

<P><STRONG><a name="[12d]"></a>__main_after_scatterload</STRONG> (Thumb, 0 bytes, Stack size unknown bytes, entry5.o(.ARM.Collect$$$$00000004))
<BR><BR>[Called By]<UL><LI><a href="#[61]">&gt;&gt;</a>&nbsp;&nbsp;&nbsp;__scatterload
</UL>

<P><STRONG><a name="[138]"></a>_main_clock</STRONG> (Thumb, 0 bytes, Stack size unknown bytes, entry7b.o(.ARM.Collect$$$$00000008))

<P><STRONG><a name="[139]"></a>_main_cpp_init</STRONG> (Thumb, 0 bytes, Stack size unknown bytes, entry8b.o(.ARM.Collect$$$$0000000A))

<P><STRONG><a name="[13a]"></a>_main_init</STRONG> (Thumb, 0 bytes, Stack size unknown bytes, entry9a.o(.ARM.Collect$$$$0000000B))

<P><STRONG><a name="[13b]"></a>__rt_final_cpp</STRONG> (Thumb, 0 bytes, Stack size unknown bytes, entry10a.o(.ARM.Collect$$$$0000000D))

<P><STRONG><a name="[13c]"></a>__rt_final_exit</STRONG> (Thumb, 0 bytes, Stack size unknown bytes, entry11a.o(.ARM.Collect$$$$0000000F))

<P><STRONG><a name="[1]"></a>NMI_Handler</STRONG> (Thumb, 2 bytes, Stack size 0 bytes, stm32f4xx_it.o(.text))
<BR>[Address Reference Count : 1]<UL><LI> startup_stm32f4xx.o(RESET)
</UL>
<P><STRONG><a name="[2]"></a>HardFault_Handler</STRONG> (Thumb, 2 bytes, Stack size 0 bytes, stm32f4xx_it.o(.text))
<BR><BR>[Calls]<UL><LI><a href="#[2]">&gt;&gt;</a>&nbsp;&nbsp;&nbsp;HardFault_Handler
</UL>
<BR>[Called By]<UL><LI><a href="#[2]">&gt;&gt;</a>&nbsp;&nbsp;&nbsp;HardFault_Handler
</UL>
<BR>[Address Reference Count : 1]<UL><LI> startup_stm32f4xx.o(RESET)
</UL>
<P><STRONG><a name="[3]"></a>MemManage_Handler</STRONG> (Thumb, 2 bytes, Stack size 0 bytes, stm32f4xx_it.o(.text))
<BR><BR>[Calls]<UL><LI><a href="#[3]">&gt;&gt;</a>&nbsp;&nbsp;&nbsp;MemManage_Handler
</UL>
<BR>[Called By]<UL><LI><a href="#[3]">&gt;&gt;</a>&nbsp;&nbsp;&nbsp;MemManage_Handler
</UL>
<BR>[Address Reference Count : 1]<UL><LI> startup_stm32f4xx.o(RESET)
</UL>
<P><STRONG><a name="[4]"></a>BusFault_Handler</STRONG> (Thumb, 2 bytes, Stack size 0 bytes, stm32f4xx_it.o(.text))
<BR><BR>[Calls]<UL><LI><a href="#[4]">&gt;&gt;</a>&nbsp;&nbsp;&nbsp;BusFault_Handler
</UL>
<BR>[Called By]<UL><LI><a href="#[4]">&gt;&gt;</a>&nbsp;&nbsp;&nbsp;BusFault_Handler
</UL>
<BR>[Address Reference Count : 1]<UL><LI> startup_stm32f4xx.o(RESET)
</UL>
<P><STRONG><a name="[5]"></a>UsageFault_Handler</STRONG> (Thumb, 2 bytes, Stack size 0 bytes, stm32f4xx_it.o(.text))
<BR><BR>[Calls]<UL><LI><a href="#[5]">&gt;&gt;</a>&nbsp;&nbsp;&nbsp;UsageFault_Handler
</UL>
<BR>[Called By]<UL><LI><a href="#[5]">&gt;&gt;</a>&nbsp;&nbsp;&nbsp;UsageFault_Handler
</UL>
<BR>[Address Reference Count : 1]<UL><LI> startup_stm32f4xx.o(RESET)
</UL>
<P><STRONG><a name="[7]"></a>DebugMon_Handler</STRONG> (Thumb, 2 bytes, Stack size 0 bytes, stm32f4xx_it.o(.text))
<BR>[Address Reference Count : 1]<UL><LI> startup_stm32f4xx.o(RESET)
</UL>
<P><STRONG><a name="[6]"></a>SVC_Handler</STRONG> (Thumb, 2 bytes, Stack size 0 bytes, stm32f4xx_it.o(.text))
<BR>[Address Reference Count : 1]<UL><LI> startup_stm32f4xx.o(RESET)
</UL>
<P><STRONG><a name="[8]"></a>PendSV_Handler</STRONG> (Thumb, 2 bytes, Stack size 0 bytes, stm32f4xx_it.o(.text))
<BR>[Address Reference Count : 1]<UL><LI> startup_stm32f4xx.o(RESET)
</UL>
<P><STRONG><a name="[9]"></a>SysTick_Handler</STRONG> (Thumb, 122 bytes, Stack size 8 bytes, stm32f4xx_it.o(.text))
<BR><BR>[Stack]<UL><LI>Max Depth = 8<LI>Call Chain = SysTick_Handler
</UL>
<BR>[Address Reference Count : 1]<UL><LI> startup_stm32f4xx.o(RESET)
</UL>
<P><STRONG><a name="[2f]"></a>USART1_IRQHandler</STRONG> (Thumb, 60 bytes, Stack size 8 bytes, stm32f4xx_it.o(.text))
<BR><BR>[Stack]<UL><LI>Max Depth = 20<LI>Call Chain = USART1_IRQHandler &rArr; USART_GetITStatus
</UL>
<BR>[Calls]<UL><LI><a href="#[62]">&gt;&gt;</a>&nbsp;&nbsp;&nbsp;USART_GetITStatus
<LI><a href="#[63]">&gt;&gt;</a>&nbsp;&nbsp;&nbsp;USART_ClearFlag
</UL>
<BR>[Address Reference Count : 1]<UL><LI> startup_stm32f4xx.o(RESET)
</UL>
<P><STRONG><a name="[4e]"></a>DMA2_Stream5_IRQHandler</STRONG> (Thumb, 34 bytes, Stack size 8 bytes, stm32f4xx_it.o(.text))
<BR><BR>[Stack]<UL><LI>Max Depth = 8<LI>Call Chain = DMA2_Stream5_IRQHandler
</UL>
<BR>[Calls]<UL><LI><a href="#[64]">&gt;&gt;</a>&nbsp;&nbsp;&nbsp;DMA_ClearITPendingBit
</UL>
<BR>[Address Reference Count : 1]<UL><LI> startup_stm32f4xx.o(RESET)
</UL>
<P><STRONG><a name="[40]"></a>TIM6_DAC_IRQHandler</STRONG> (Thumb, 22 bytes, Stack size 8 bytes, stm32f4xx_it.o(.text))
<BR><BR>[Stack]<UL><LI>Max Depth = 172<LI>Call Chain = TIM6_DAC_IRQHandler &rArr; robotAnalytics &rArr; robotDirectionAnalytics &rArr; calculateMotor &rArr; sinf &rArr; __mathlib_rredf2 &rArr; __aeabi_fsub &rArr; __aeabi_fadd &rArr; _float_epilogue
</UL>
<BR>[Calls]<UL><LI><a href="#[66]">&gt;&gt;</a>&nbsp;&nbsp;&nbsp;robotAnalytics
<LI><a href="#[67]">&gt;&gt;</a>&nbsp;&nbsp;&nbsp;colorSensorDetect
<LI><a href="#[65]">&gt;&gt;</a>&nbsp;&nbsp;&nbsp;TIM_ClearITPendingBit
</UL>
<BR>[Address Reference Count : 1]<UL><LI> startup_stm32f4xx.o(RESET)
</UL>
<P><STRONG><a name="[23]"></a>TIM1_UP_TIM10_IRQHandler</STRONG> (Thumb, 2 bytes, Stack size 0 bytes, stm32f4xx_it.o(.text))
<BR>[Address Reference Count : 1]<UL><LI> startup_stm32f4xx.o(RESET)
</UL>
<P><STRONG><a name="[24]"></a>TIM1_TRG_COM_TIM11_IRQHandler</STRONG> (Thumb, 2 bytes, Stack size 0 bytes, stm32f4xx_it.o(.text))
<BR>[Address Reference Count : 1]<UL><LI> startup_stm32f4xx.o(RESET)
</UL>
<P><STRONG><a name="[26]"></a>TIM2_IRQHandler</STRONG> (Thumb, 32 bytes, Stack size 8 bytes, stm32f4xx_it.o(.text))
<BR><BR>[Stack]<UL><LI>Max Depth = 8<LI>Call Chain = TIM2_IRQHandler
</UL>
<BR>[Calls]<UL><LI><a href="#[65]">&gt;&gt;</a>&nbsp;&nbsp;&nbsp;TIM_ClearITPendingBit
</UL>
<BR>[Address Reference Count : 1]<UL><LI> startup_stm32f4xx.o(RESET)
</UL>
<P><STRONG><a name="[27]"></a>TIM3_IRQHandler</STRONG> (Thumb, 32 bytes, Stack size 8 bytes, stm32f4xx_it.o(.text))
<BR><BR>[Stack]<UL><LI>Max Depth = 8<LI>Call Chain = TIM3_IRQHandler
</UL>
<BR>[Calls]<UL><LI><a href="#[65]">&gt;&gt;</a>&nbsp;&nbsp;&nbsp;TIM_ClearITPendingBit
</UL>
<BR>[Address Reference Count : 1]<UL><LI> startup_stm32f4xx.o(RESET)
</UL>
<P><STRONG><a name="[2d]"></a>SPI1_IRQHandler</STRONG> (Thumb, 2 bytes, Stack size 0 bytes, stm32f4xx_it.o(.text))
<BR>[Address Reference Count : 1]<UL><LI> startup_stm32f4xx.o(RESET)
</UL>
<P><STRONG><a name="[3d]"></a>SPI3_IRQHandler</STRONG> (Thumb, 2 bytes, Stack size 0 bytes, stm32f4xx_it.o(.text))
<BR>[Address Reference Count : 1]<UL><LI> startup_stm32f4xx.o(RESET)
</UL>
<P><STRONG><a name="[a7]"></a>delay_us</STRONG> (Thumb, 24 bytes, Stack size 12 bytes, main.o(.text))
<BR><BR>[Stack]<UL><LI>Max Depth = 12<LI>Call Chain = delay_us
</UL>
<BR>[Called By]<UL><LI><a href="#[e3]">&gt;&gt;</a>&nbsp;&nbsp;&nbsp;Kich_Xylanh
<LI><a href="#[a9]">&gt;&gt;</a>&nbsp;&nbsp;&nbsp;gp_get_mode
<LI><a href="#[a8]">&gt;&gt;</a>&nbsp;&nbsp;&nbsp;gp_update_btn
<LI><a href="#[a6]">&gt;&gt;</a>&nbsp;&nbsp;&nbsp;SPIxmit
</UL>

<P><STRONG><a name="[9d]"></a>delay_ms</STRONG> (Thumb, 24 bytes, Stack size 12 bytes, main.o(.text))
<BR><BR>[Stack]<UL><LI>Max Depth = 12<LI>Call Chain = delay_ms
</UL>
<BR>[Called By]<UL><LI><a href="#[101]">&gt;&gt;</a>&nbsp;&nbsp;&nbsp;LEO_COT_XANH_1
<LI><a href="#[100]">&gt;&gt;</a>&nbsp;&nbsp;&nbsp;LEO_COT_DO_1
<LI><a href="#[f6]">&gt;&gt;</a>&nbsp;&nbsp;&nbsp;THA_COT_XANH
<LI><a href="#[f5]">&gt;&gt;</a>&nbsp;&nbsp;&nbsp;CAUTHANG_XANH
<LI><a href="#[f4]">&gt;&gt;</a>&nbsp;&nbsp;&nbsp;LEO_COT_XANH
<LI><a href="#[f2]">&gt;&gt;</a>&nbsp;&nbsp;&nbsp;BAN_XICHDU_XANH
<LI><a href="#[f1]">&gt;&gt;</a>&nbsp;&nbsp;&nbsp;XICH_DU_XANH
<LI><a href="#[f0]">&gt;&gt;</a>&nbsp;&nbsp;&nbsp;XOAY_BAPBENH_XANH
<LI><a href="#[ed]">&gt;&gt;</a>&nbsp;&nbsp;&nbsp;THA_COT_DO
<LI><a href="#[ec]">&gt;&gt;</a>&nbsp;&nbsp;&nbsp;CAUTHANG_DO
<LI><a href="#[eb]">&gt;&gt;</a>&nbsp;&nbsp;&nbsp;LEO_COT_DO
<LI><a href="#[e9]">&gt;&gt;</a>&nbsp;&nbsp;&nbsp;BAN_XICHDU_DO_Timeout
<LI><a href="#[e8]">&gt;&gt;</a>&nbsp;&nbsp;&nbsp;BAN_XICHDU_DO
<LI><a href="#[e7]">&gt;&gt;</a>&nbsp;&nbsp;&nbsp;XICH_DU_DO
<LI><a href="#[e6]">&gt;&gt;</a>&nbsp;&nbsp;&nbsp;XOAY_BAPBENH_DO
<LI><a href="#[e3]">&gt;&gt;</a>&nbsp;&nbsp;&nbsp;Kich_Xylanh
<LI><a href="#[e0]">&gt;&gt;</a>&nbsp;&nbsp;&nbsp;Reset_Truot_ngang
<LI><a href="#[d0]">&gt;&gt;</a>&nbsp;&nbsp;&nbsp;robotLineDetect
<LI><a href="#[9c]">&gt;&gt;</a>&nbsp;&nbsp;&nbsp;run_read_gyro_uart1
</UL>

<P><STRONG><a name="[68]"></a>lcd_printStr</STRONG> (Thumb, 18 bytes, Stack size 8 bytes, main.o(.text), UNUSED)
<BR><BR>[Calls]<UL><LI><a href="#[6a]">&gt;&gt;</a>&nbsp;&nbsp;&nbsp;lcd_putsf
<LI><a href="#[69]">&gt;&gt;</a>&nbsp;&nbsp;&nbsp;lcd_gotoxy
</UL>

<P><STRONG><a name="[6b]"></a>lcd_printInt</STRONG> (Thumb, 34 bytes, Stack size 56 bytes, main.o(.text))
<BR><BR>[Stack]<UL><LI>Max Depth = 88<LI>Call Chain = lcd_printInt &rArr; lcd_putsf &rArr; lcd_Data_Write &rArr; lcd_data_line_write
</UL>
<BR>[Calls]<UL><LI><a href="#[6a]">&gt;&gt;</a>&nbsp;&nbsp;&nbsp;lcd_putsf
<LI><a href="#[69]">&gt;&gt;</a>&nbsp;&nbsp;&nbsp;lcd_gotoxy
<LI><a href="#[6c]">&gt;&gt;</a>&nbsp;&nbsp;&nbsp;__2sprintf
</UL>
<BR>[Called By]<UL><LI><a href="#[104]">&gt;&gt;</a>&nbsp;&nbsp;&nbsp;lcdViewer
<LI><a href="#[d5]">&gt;&gt;</a>&nbsp;&nbsp;&nbsp;robotLineRun_clockwise111
</UL>

<P><STRONG><a name="[6d]"></a>lcd_printInt_32</STRONG> (Thumb, 32 bytes, Stack size 56 bytes, main.o(.text), UNUSED)
<BR><BR>[Calls]<UL><LI><a href="#[6a]">&gt;&gt;</a>&nbsp;&nbsp;&nbsp;lcd_putsf
<LI><a href="#[69]">&gt;&gt;</a>&nbsp;&nbsp;&nbsp;lcd_gotoxy
<LI><a href="#[6c]">&gt;&gt;</a>&nbsp;&nbsp;&nbsp;__2sprintf
</UL>

<P><STRONG><a name="[6e]"></a>Config_out_mode</STRONG> (Thumb, 106 bytes, Stack size 16 bytes, main.o(.text))
<BR><BR>[Stack]<UL><LI>Max Depth = 36<LI>Call Chain = Config_out_mode &rArr; GPIO_Init
</UL>
<BR>[Calls]<UL><LI><a href="#[6f]">&gt;&gt;</a>&nbsp;&nbsp;&nbsp;RCC_AHB1PeriphClockCmd
<LI><a href="#[70]">&gt;&gt;</a>&nbsp;&nbsp;&nbsp;GPIO_Init
</UL>
<BR>[Called By]<UL><LI><a href="#[5c]">&gt;&gt;</a>&nbsp;&nbsp;&nbsp;main
</UL>

<P><STRONG><a name="[71]"></a>Config_in_mode</STRONG> (Thumb, 104 bytes, Stack size 16 bytes, main.o(.text))
<BR><BR>[Stack]<UL><LI>Max Depth = 36<LI>Call Chain = Config_in_mode &rArr; GPIO_Init
</UL>
<BR>[Calls]<UL><LI><a href="#[6f]">&gt;&gt;</a>&nbsp;&nbsp;&nbsp;RCC_AHB1PeriphClockCmd
<LI><a href="#[70]">&gt;&gt;</a>&nbsp;&nbsp;&nbsp;GPIO_Init
</UL>
<BR>[Called By]<UL><LI><a href="#[5c]">&gt;&gt;</a>&nbsp;&nbsp;&nbsp;main
</UL>

<P><STRONG><a name="[72]"></a>Config_int_time6</STRONG> (Thumb, 112 bytes, Stack size 24 bytes, main.o(.text))
<BR><BR>[Stack]<UL><LI>Max Depth = 40<LI>Call Chain = Config_int_time6 &rArr; NVIC_Init
</UL>
<BR>[Calls]<UL><LI><a href="#[76]">&gt;&gt;</a>&nbsp;&nbsp;&nbsp;TIM_TimeBaseInit
<LI><a href="#[78]">&gt;&gt;</a>&nbsp;&nbsp;&nbsp;TIM_SetCounter
<LI><a href="#[77]">&gt;&gt;</a>&nbsp;&nbsp;&nbsp;TIM_ITConfig
<LI><a href="#[79]">&gt;&gt;</a>&nbsp;&nbsp;&nbsp;TIM_Cmd
<LI><a href="#[75]">&gt;&gt;</a>&nbsp;&nbsp;&nbsp;RCC_APB1PeriphClockCmd
<LI><a href="#[73]">&gt;&gt;</a>&nbsp;&nbsp;&nbsp;NVIC_PriorityGroupConfig
<LI><a href="#[74]">&gt;&gt;</a>&nbsp;&nbsp;&nbsp;NVIC_Init
<LI><a href="#[65]">&gt;&gt;</a>&nbsp;&nbsp;&nbsp;TIM_ClearITPendingBit
</UL>
<BR>[Called By]<UL><LI><a href="#[5c]">&gt;&gt;</a>&nbsp;&nbsp;&nbsp;main
</UL>

<P><STRONG><a name="[7a]"></a>Config_int_time7</STRONG> (Thumb, 60 bytes, Stack size 24 bytes, main.o(.text), UNUSED)
<BR><BR>[Calls]<UL><LI><a href="#[76]">&gt;&gt;</a>&nbsp;&nbsp;&nbsp;TIM_TimeBaseInit
<LI><a href="#[78]">&gt;&gt;</a>&nbsp;&nbsp;&nbsp;TIM_SetCounter
<LI><a href="#[79]">&gt;&gt;</a>&nbsp;&nbsp;&nbsp;TIM_Cmd
<LI><a href="#[75]">&gt;&gt;</a>&nbsp;&nbsp;&nbsp;RCC_APB1PeriphClockCmd
</UL>

<P><STRONG><a name="[7b]"></a>Config_pwm_time_t1</STRONG> (Thumb, 194 bytes, Stack size 56 bytes, main.o(.text))
<BR><BR>[Stack]<UL><LI>Max Depth = 76<LI>Call Chain = Config_pwm_time_t1 &rArr; GPIO_Init
</UL>
<BR>[Calls]<UL><LI><a href="#[76]">&gt;&gt;</a>&nbsp;&nbsp;&nbsp;TIM_TimeBaseInit
<LI><a href="#[81]">&gt;&gt;</a>&nbsp;&nbsp;&nbsp;TIM_OC4Init
<LI><a href="#[80]">&gt;&gt;</a>&nbsp;&nbsp;&nbsp;TIM_OC3Init
<LI><a href="#[7f]">&gt;&gt;</a>&nbsp;&nbsp;&nbsp;TIM_OC2Init
<LI><a href="#[7e]">&gt;&gt;</a>&nbsp;&nbsp;&nbsp;TIM_OC1Init
<LI><a href="#[82]">&gt;&gt;</a>&nbsp;&nbsp;&nbsp;TIM_CtrlPWMOutputs
<LI><a href="#[79]">&gt;&gt;</a>&nbsp;&nbsp;&nbsp;TIM_Cmd
<LI><a href="#[7c]">&gt;&gt;</a>&nbsp;&nbsp;&nbsp;RCC_APB2PeriphClockCmd
<LI><a href="#[6f]">&gt;&gt;</a>&nbsp;&nbsp;&nbsp;RCC_AHB1PeriphClockCmd
<LI><a href="#[7d]">&gt;&gt;</a>&nbsp;&nbsp;&nbsp;GPIO_PinAFConfig
<LI><a href="#[70]">&gt;&gt;</a>&nbsp;&nbsp;&nbsp;GPIO_Init
</UL>
<BR>[Called By]<UL><LI><a href="#[5c]">&gt;&gt;</a>&nbsp;&nbsp;&nbsp;main
</UL>

<P><STRONG><a name="[83]"></a>Config_pwm_time_t4</STRONG> (Thumb, 228 bytes, Stack size 64 bytes, main.o(.text))
<BR><BR>[Stack]<UL><LI>Max Depth = 84<LI>Call Chain = Config_pwm_time_t4 &rArr; GPIO_Init
</UL>
<BR>[Calls]<UL><LI><a href="#[76]">&gt;&gt;</a>&nbsp;&nbsp;&nbsp;TIM_TimeBaseInit
<LI><a href="#[78]">&gt;&gt;</a>&nbsp;&nbsp;&nbsp;TIM_SetCounter
<LI><a href="#[81]">&gt;&gt;</a>&nbsp;&nbsp;&nbsp;TIM_OC4Init
<LI><a href="#[80]">&gt;&gt;</a>&nbsp;&nbsp;&nbsp;TIM_OC3Init
<LI><a href="#[7f]">&gt;&gt;</a>&nbsp;&nbsp;&nbsp;TIM_OC2Init
<LI><a href="#[7e]">&gt;&gt;</a>&nbsp;&nbsp;&nbsp;TIM_OC1Init
<LI><a href="#[79]">&gt;&gt;</a>&nbsp;&nbsp;&nbsp;TIM_Cmd
<LI><a href="#[75]">&gt;&gt;</a>&nbsp;&nbsp;&nbsp;RCC_APB1PeriphClockCmd
<LI><a href="#[6f]">&gt;&gt;</a>&nbsp;&nbsp;&nbsp;RCC_AHB1PeriphClockCmd
<LI><a href="#[7d]">&gt;&gt;</a>&nbsp;&nbsp;&nbsp;GPIO_PinAFConfig
<LI><a href="#[70]">&gt;&gt;</a>&nbsp;&nbsp;&nbsp;GPIO_Init
</UL>
<BR>[Called By]<UL><LI><a href="#[5c]">&gt;&gt;</a>&nbsp;&nbsp;&nbsp;main
</UL>

<P><STRONG><a name="[84]"></a>NVIC_Config_tim2_3</STRONG> (Thumb, 68 bytes, Stack size 16 bytes, main.o(.text))
<BR><BR>[Stack]<UL><LI>Max Depth = 32<LI>Call Chain = NVIC_Config_tim2_3 &rArr; NVIC_Init
</UL>
<BR>[Calls]<UL><LI><a href="#[73]">&gt;&gt;</a>&nbsp;&nbsp;&nbsp;NVIC_PriorityGroupConfig
<LI><a href="#[74]">&gt;&gt;</a>&nbsp;&nbsp;&nbsp;NVIC_Init
</UL>
<BR>[Called By]<UL><LI><a href="#[85]">&gt;&gt;</a>&nbsp;&nbsp;&nbsp;Config_encoder_timer2_timer3
</UL>

<P><STRONG><a name="[85]"></a>Config_encoder_timer2_timer3</STRONG> (Thumb, 378 bytes, Stack size 64 bytes, main.o(.text))
<BR><BR>[Stack]<UL><LI>Max Depth = 108<LI>Call Chain = Config_encoder_timer2_timer3 &rArr; TIM_ICInit &rArr; TI2_Config
</UL>
<BR>[Calls]<UL><LI><a href="#[76]">&gt;&gt;</a>&nbsp;&nbsp;&nbsp;TIM_TimeBaseInit
<LI><a href="#[78]">&gt;&gt;</a>&nbsp;&nbsp;&nbsp;TIM_SetCounter
<LI><a href="#[77]">&gt;&gt;</a>&nbsp;&nbsp;&nbsp;TIM_ITConfig
<LI><a href="#[86]">&gt;&gt;</a>&nbsp;&nbsp;&nbsp;TIM_ICInit
<LI><a href="#[87]">&gt;&gt;</a>&nbsp;&nbsp;&nbsp;TIM_EncoderInterfaceConfig
<LI><a href="#[79]">&gt;&gt;</a>&nbsp;&nbsp;&nbsp;TIM_Cmd
<LI><a href="#[75]">&gt;&gt;</a>&nbsp;&nbsp;&nbsp;RCC_APB1PeriphClockCmd
<LI><a href="#[6f]">&gt;&gt;</a>&nbsp;&nbsp;&nbsp;RCC_AHB1PeriphClockCmd
<LI><a href="#[7d]">&gt;&gt;</a>&nbsp;&nbsp;&nbsp;GPIO_PinAFConfig
<LI><a href="#[70]">&gt;&gt;</a>&nbsp;&nbsp;&nbsp;GPIO_Init
<LI><a href="#[84]">&gt;&gt;</a>&nbsp;&nbsp;&nbsp;NVIC_Config_tim2_3
<LI><a href="#[65]">&gt;&gt;</a>&nbsp;&nbsp;&nbsp;TIM_ClearITPendingBit
</UL>
<BR>[Called By]<UL><LI><a href="#[5c]">&gt;&gt;</a>&nbsp;&nbsp;&nbsp;main
</UL>

<P><STRONG><a name="[88]"></a>Config_ADC1_DMA</STRONG> (Thumb, 226 bytes, Stack size 128 bytes, main.o(.text))
<BR><BR>[Stack]<UL><LI>Max Depth = 148<LI>Call Chain = Config_ADC1_DMA &rArr; GPIO_Init
</UL>
<BR>[Calls]<UL><LI><a href="#[7c]">&gt;&gt;</a>&nbsp;&nbsp;&nbsp;RCC_APB2PeriphClockCmd
<LI><a href="#[6f]">&gt;&gt;</a>&nbsp;&nbsp;&nbsp;RCC_AHB1PeriphClockCmd
<LI><a href="#[70]">&gt;&gt;</a>&nbsp;&nbsp;&nbsp;GPIO_Init
<LI><a href="#[89]">&gt;&gt;</a>&nbsp;&nbsp;&nbsp;DMA_Init
<LI><a href="#[8a]">&gt;&gt;</a>&nbsp;&nbsp;&nbsp;DMA_Cmd
<LI><a href="#[91]">&gt;&gt;</a>&nbsp;&nbsp;&nbsp;ADC_SoftwareStartConv
<LI><a href="#[8d]">&gt;&gt;</a>&nbsp;&nbsp;&nbsp;ADC_RegularChannelConfig
<LI><a href="#[8c]">&gt;&gt;</a>&nbsp;&nbsp;&nbsp;ADC_Init
<LI><a href="#[8e]">&gt;&gt;</a>&nbsp;&nbsp;&nbsp;ADC_DMARequestAfterLastTransferCmd
<LI><a href="#[8f]">&gt;&gt;</a>&nbsp;&nbsp;&nbsp;ADC_DMACmd
<LI><a href="#[8b]">&gt;&gt;</a>&nbsp;&nbsp;&nbsp;ADC_CommonInit
<LI><a href="#[90]">&gt;&gt;</a>&nbsp;&nbsp;&nbsp;ADC_Cmd
</UL>
<BR>[Called By]<UL><LI><a href="#[5c]">&gt;&gt;</a>&nbsp;&nbsp;&nbsp;main
</UL>

<P><STRONG><a name="[92]"></a>Config_int_uart1_rx</STRONG> (Thumb, 40 bytes, Stack size 8 bytes, main.o(.text))
<BR><BR>[Stack]<UL><LI>Max Depth = 24<LI>Call Chain = Config_int_uart1_rx &rArr; NVIC_Init
</UL>
<BR>[Calls]<UL><LI><a href="#[73]">&gt;&gt;</a>&nbsp;&nbsp;&nbsp;NVIC_PriorityGroupConfig
<LI><a href="#[74]">&gt;&gt;</a>&nbsp;&nbsp;&nbsp;NVIC_Init
</UL>
<BR>[Called By]<UL><LI><a href="#[94]">&gt;&gt;</a>&nbsp;&nbsp;&nbsp;config_uart1
</UL>

<P><STRONG><a name="[93]"></a>Config_ngat_dma2_uart1_rx</STRONG> (Thumb, 34 bytes, Stack size 8 bytes, main.o(.text), UNUSED)
<BR><BR>[Calls]<UL><LI><a href="#[74]">&gt;&gt;</a>&nbsp;&nbsp;&nbsp;NVIC_Init
</UL>

<P><STRONG><a name="[94]"></a>config_uart1</STRONG> (Thumb, 162 bytes, Stack size 40 bytes, main.o(.text))
<BR><BR>[Stack]<UL><LI>Max Depth = 88<LI>Call Chain = config_uart1 &rArr; USART_Init &rArr; RCC_GetClocksFreq
</UL>
<BR>[Calls]<UL><LI><a href="#[95]">&gt;&gt;</a>&nbsp;&nbsp;&nbsp;USART_Init
<LI><a href="#[96]">&gt;&gt;</a>&nbsp;&nbsp;&nbsp;USART_ITConfig
<LI><a href="#[97]">&gt;&gt;</a>&nbsp;&nbsp;&nbsp;USART_Cmd
<LI><a href="#[7c]">&gt;&gt;</a>&nbsp;&nbsp;&nbsp;RCC_APB2PeriphClockCmd
<LI><a href="#[6f]">&gt;&gt;</a>&nbsp;&nbsp;&nbsp;RCC_AHB1PeriphClockCmd
<LI><a href="#[7d]">&gt;&gt;</a>&nbsp;&nbsp;&nbsp;GPIO_PinAFConfig
<LI><a href="#[70]">&gt;&gt;</a>&nbsp;&nbsp;&nbsp;GPIO_Init
<LI><a href="#[92]">&gt;&gt;</a>&nbsp;&nbsp;&nbsp;Config_int_uart1_rx
<LI><a href="#[63]">&gt;&gt;</a>&nbsp;&nbsp;&nbsp;USART_ClearFlag
</UL>
<BR>[Called By]<UL><LI><a href="#[5c]">&gt;&gt;</a>&nbsp;&nbsp;&nbsp;main
</UL>

<P><STRONG><a name="[98]"></a>putchar1</STRONG> (Thumb, 26 bytes, Stack size 8 bytes, main.o(.text))
<BR><BR>[Stack]<UL><LI>Max Depth = 8<LI>Call Chain = putchar1
</UL>
<BR>[Calls]<UL><LI><a href="#[99]">&gt;&gt;</a>&nbsp;&nbsp;&nbsp;USART_SendData
<LI><a href="#[9a]">&gt;&gt;</a>&nbsp;&nbsp;&nbsp;USART_GetFlagStatus
</UL>
<BR>[Called By]<UL><LI><a href="#[9c]">&gt;&gt;</a>&nbsp;&nbsp;&nbsp;run_read_gyro_uart1
</UL>

<P><STRONG><a name="[9b]"></a>Read_uart1</STRONG> (Thumb, 22 bytes, Stack size 8 bytes, main.o(.text), UNUSED)
<BR><BR>[Calls]<UL><LI><a href="#[9a]">&gt;&gt;</a>&nbsp;&nbsp;&nbsp;USART_GetFlagStatus
</UL>

<P><STRONG><a name="[9c]"></a>run_read_gyro_uart1</STRONG> (Thumb, 40 bytes, Stack size 16 bytes, main.o(.text))
<BR><BR>[Stack]<UL><LI>Max Depth = 28<LI>Call Chain = run_read_gyro_uart1 &rArr; delay_ms
</UL>
<BR>[Calls]<UL><LI><a href="#[98]">&gt;&gt;</a>&nbsp;&nbsp;&nbsp;putchar1
<LI><a href="#[9d]">&gt;&gt;</a>&nbsp;&nbsp;&nbsp;delay_ms
</UL>
<BR>[Called By]<UL><LI><a href="#[5c]">&gt;&gt;</a>&nbsp;&nbsp;&nbsp;main
</UL>

<P><STRONG><a name="[9e]"></a>Read_encoder</STRONG> (Thumb, 44 bytes, Stack size 8 bytes, main.o(.text), UNUSED)
<BR><BR>[Calls]<UL><LI><a href="#[9f]">&gt;&gt;</a>&nbsp;&nbsp;&nbsp;TIM_GetCounter
</UL>

<P><STRONG><a name="[a0]"></a>Encoder_doc</STRONG> (Thumb, 22 bytes, Stack size 8 bytes, main.o(.text))
<BR><BR>[Stack]<UL><LI>Max Depth = 8<LI>Call Chain = Encoder_doc
</UL>
<BR>[Calls]<UL><LI><a href="#[9f]">&gt;&gt;</a>&nbsp;&nbsp;&nbsp;TIM_GetCounter
</UL>
<BR>[Called By]<UL><LI><a href="#[104]">&gt;&gt;</a>&nbsp;&nbsp;&nbsp;lcdViewer
<LI><a href="#[101]">&gt;&gt;</a>&nbsp;&nbsp;&nbsp;LEO_COT_XANH_1
<LI><a href="#[100]">&gt;&gt;</a>&nbsp;&nbsp;&nbsp;LEO_COT_DO_1
<LI><a href="#[f7]">&gt;&gt;</a>&nbsp;&nbsp;&nbsp;THA_CAUTHANG_XANH
<LI><a href="#[f4]">&gt;&gt;</a>&nbsp;&nbsp;&nbsp;LEO_COT_XANH
<LI><a href="#[f2]">&gt;&gt;</a>&nbsp;&nbsp;&nbsp;BAN_XICHDU_XANH
<LI><a href="#[f1]">&gt;&gt;</a>&nbsp;&nbsp;&nbsp;XICH_DU_XANH
<LI><a href="#[ef]">&gt;&gt;</a>&nbsp;&nbsp;&nbsp;AUTO_BB_XANH
<LI><a href="#[ee]">&gt;&gt;</a>&nbsp;&nbsp;&nbsp;THA_CAUTHANG_DO
<LI><a href="#[eb]">&gt;&gt;</a>&nbsp;&nbsp;&nbsp;LEO_COT_DO
<LI><a href="#[e9]">&gt;&gt;</a>&nbsp;&nbsp;&nbsp;BAN_XICHDU_DO_Timeout
<LI><a href="#[e8]">&gt;&gt;</a>&nbsp;&nbsp;&nbsp;BAN_XICHDU_DO
<LI><a href="#[e7]">&gt;&gt;</a>&nbsp;&nbsp;&nbsp;XICH_DU_DO
<LI><a href="#[e5]">&gt;&gt;</a>&nbsp;&nbsp;&nbsp;AUTO_BB_DO
</UL>

<P><STRONG><a name="[a1]"></a>Encoder_ngang</STRONG> (Thumb, 20 bytes, Stack size 8 bytes, main.o(.text))
<BR><BR>[Stack]<UL><LI>Max Depth = 8<LI>Call Chain = Encoder_ngang
</UL>
<BR>[Calls]<UL><LI><a href="#[9f]">&gt;&gt;</a>&nbsp;&nbsp;&nbsp;TIM_GetCounter
</UL>
<BR>[Called By]<UL><LI><a href="#[104]">&gt;&gt;</a>&nbsp;&nbsp;&nbsp;lcdViewer
<LI><a href="#[101]">&gt;&gt;</a>&nbsp;&nbsp;&nbsp;LEO_COT_XANH_1
<LI><a href="#[100]">&gt;&gt;</a>&nbsp;&nbsp;&nbsp;LEO_COT_DO_1
<LI><a href="#[f9]">&gt;&gt;</a>&nbsp;&nbsp;&nbsp;fix_bapbenh_xanh
<LI><a href="#[f8]">&gt;&gt;</a>&nbsp;&nbsp;&nbsp;fix_bapbenh_do
<LI><a href="#[f7]">&gt;&gt;</a>&nbsp;&nbsp;&nbsp;THA_CAUTHANG_XANH
<LI><a href="#[f6]">&gt;&gt;</a>&nbsp;&nbsp;&nbsp;THA_COT_XANH
<LI><a href="#[f5]">&gt;&gt;</a>&nbsp;&nbsp;&nbsp;CAUTHANG_XANH
<LI><a href="#[f4]">&gt;&gt;</a>&nbsp;&nbsp;&nbsp;LEO_COT_XANH
<LI><a href="#[f1]">&gt;&gt;</a>&nbsp;&nbsp;&nbsp;XICH_DU_XANH
<LI><a href="#[f0]">&gt;&gt;</a>&nbsp;&nbsp;&nbsp;XOAY_BAPBENH_XANH
<LI><a href="#[ef]">&gt;&gt;</a>&nbsp;&nbsp;&nbsp;AUTO_BB_XANH
<LI><a href="#[ee]">&gt;&gt;</a>&nbsp;&nbsp;&nbsp;THA_CAUTHANG_DO
<LI><a href="#[ed]">&gt;&gt;</a>&nbsp;&nbsp;&nbsp;THA_COT_DO
<LI><a href="#[ec]">&gt;&gt;</a>&nbsp;&nbsp;&nbsp;CAUTHANG_DO
<LI><a href="#[eb]">&gt;&gt;</a>&nbsp;&nbsp;&nbsp;LEO_COT_DO
<LI><a href="#[e7]">&gt;&gt;</a>&nbsp;&nbsp;&nbsp;XICH_DU_DO
<LI><a href="#[e6]">&gt;&gt;</a>&nbsp;&nbsp;&nbsp;XOAY_BAPBENH_DO
<LI><a href="#[e5]">&gt;&gt;</a>&nbsp;&nbsp;&nbsp;AUTO_BB_DO
</UL>

<P><STRONG><a name="[a2]"></a>Vputchar</STRONG> (Thumb, 26 bytes, Stack size 8 bytes, main.o(.text), UNUSED)
<BR><BR>[Calls]<UL><LI><a href="#[99]">&gt;&gt;</a>&nbsp;&nbsp;&nbsp;USART_SendData
<LI><a href="#[9a]">&gt;&gt;</a>&nbsp;&nbsp;&nbsp;USART_GetFlagStatus
</UL>
<BR>[Called By]<UL><LI><a href="#[a4]">&gt;&gt;</a>&nbsp;&nbsp;&nbsp;Vprintf
</UL>

<P><STRONG><a name="[a3]"></a>Vputchar1</STRONG> (Thumb, 26 bytes, Stack size 8 bytes, main.o(.text), UNUSED)
<BR><BR>[Calls]<UL><LI><a href="#[99]">&gt;&gt;</a>&nbsp;&nbsp;&nbsp;USART_SendData
<LI><a href="#[9a]">&gt;&gt;</a>&nbsp;&nbsp;&nbsp;USART_GetFlagStatus
</UL>
<BR>[Called By]<UL><LI><a href="#[a5]">&gt;&gt;</a>&nbsp;&nbsp;&nbsp;Vprintf1
</UL>

<P><STRONG><a name="[a4]"></a>Vprintf</STRONG> (Thumb, 20 bytes, Stack size 8 bytes, main.o(.text), UNUSED)
<BR><BR>[Calls]<UL><LI><a href="#[a2]">&gt;&gt;</a>&nbsp;&nbsp;&nbsp;Vputchar
</UL>

<P><STRONG><a name="[a5]"></a>Vprintf1</STRONG> (Thumb, 20 bytes, Stack size 8 bytes, main.o(.text), UNUSED)
<BR><BR>[Calls]<UL><LI><a href="#[a3]">&gt;&gt;</a>&nbsp;&nbsp;&nbsp;Vputchar1
</UL>

<P><STRONG><a name="[e1]"></a>Reset_encoder_doc</STRONG> (Thumb, 16 bytes, Stack size 0 bytes, main.o(.text))
<BR><BR>[Called By]<UL><LI><a href="#[101]">&gt;&gt;</a>&nbsp;&nbsp;&nbsp;LEO_COT_XANH_1
<LI><a href="#[100]">&gt;&gt;</a>&nbsp;&nbsp;&nbsp;LEO_COT_DO_1
<LI><a href="#[fb]">&gt;&gt;</a>&nbsp;&nbsp;&nbsp;fix_xichdu_xanh
<LI><a href="#[fa]">&gt;&gt;</a>&nbsp;&nbsp;&nbsp;fix_xichdu_do
<LI><a href="#[f7]">&gt;&gt;</a>&nbsp;&nbsp;&nbsp;THA_CAUTHANG_XANH
<LI><a href="#[f4]">&gt;&gt;</a>&nbsp;&nbsp;&nbsp;LEO_COT_XANH
<LI><a href="#[f3]">&gt;&gt;</a>&nbsp;&nbsp;&nbsp;DON_XICHDU_XANH
<LI><a href="#[f2]">&gt;&gt;</a>&nbsp;&nbsp;&nbsp;BAN_XICHDU_XANH
<LI><a href="#[f1]">&gt;&gt;</a>&nbsp;&nbsp;&nbsp;XICH_DU_XANH
<LI><a href="#[ef]">&gt;&gt;</a>&nbsp;&nbsp;&nbsp;AUTO_BB_XANH
<LI><a href="#[ee]">&gt;&gt;</a>&nbsp;&nbsp;&nbsp;THA_CAUTHANG_DO
<LI><a href="#[eb]">&gt;&gt;</a>&nbsp;&nbsp;&nbsp;LEO_COT_DO
<LI><a href="#[ea]">&gt;&gt;</a>&nbsp;&nbsp;&nbsp;DON_XICHDU_DO
<LI><a href="#[e9]">&gt;&gt;</a>&nbsp;&nbsp;&nbsp;BAN_XICHDU_DO_Timeout
<LI><a href="#[e8]">&gt;&gt;</a>&nbsp;&nbsp;&nbsp;BAN_XICHDU_DO
<LI><a href="#[e7]">&gt;&gt;</a>&nbsp;&nbsp;&nbsp;XICH_DU_DO
<LI><a href="#[e5]">&gt;&gt;</a>&nbsp;&nbsp;&nbsp;AUTO_BB_DO
<LI><a href="#[e0]">&gt;&gt;</a>&nbsp;&nbsp;&nbsp;Reset_Truot_ngang
</UL>

<P><STRONG><a name="[e2]"></a>Reset_encoder_ngang</STRONG> (Thumb, 16 bytes, Stack size 0 bytes, main.o(.text))
<BR><BR>[Called By]<UL><LI><a href="#[101]">&gt;&gt;</a>&nbsp;&nbsp;&nbsp;LEO_COT_XANH_1
<LI><a href="#[100]">&gt;&gt;</a>&nbsp;&nbsp;&nbsp;LEO_COT_DO_1
<LI><a href="#[f9]">&gt;&gt;</a>&nbsp;&nbsp;&nbsp;fix_bapbenh_xanh
<LI><a href="#[f8]">&gt;&gt;</a>&nbsp;&nbsp;&nbsp;fix_bapbenh_do
<LI><a href="#[f7]">&gt;&gt;</a>&nbsp;&nbsp;&nbsp;THA_CAUTHANG_XANH
<LI><a href="#[f6]">&gt;&gt;</a>&nbsp;&nbsp;&nbsp;THA_COT_XANH
<LI><a href="#[f5]">&gt;&gt;</a>&nbsp;&nbsp;&nbsp;CAUTHANG_XANH
<LI><a href="#[f4]">&gt;&gt;</a>&nbsp;&nbsp;&nbsp;LEO_COT_XANH
<LI><a href="#[f1]">&gt;&gt;</a>&nbsp;&nbsp;&nbsp;XICH_DU_XANH
<LI><a href="#[f0]">&gt;&gt;</a>&nbsp;&nbsp;&nbsp;XOAY_BAPBENH_XANH
<LI><a href="#[ef]">&gt;&gt;</a>&nbsp;&nbsp;&nbsp;AUTO_BB_XANH
<LI><a href="#[ee]">&gt;&gt;</a>&nbsp;&nbsp;&nbsp;THA_CAUTHANG_DO
<LI><a href="#[ed]">&gt;&gt;</a>&nbsp;&nbsp;&nbsp;THA_COT_DO
<LI><a href="#[ec]">&gt;&gt;</a>&nbsp;&nbsp;&nbsp;CAUTHANG_DO
<LI><a href="#[eb]">&gt;&gt;</a>&nbsp;&nbsp;&nbsp;LEO_COT_DO
<LI><a href="#[e7]">&gt;&gt;</a>&nbsp;&nbsp;&nbsp;XICH_DU_DO
<LI><a href="#[e6]">&gt;&gt;</a>&nbsp;&nbsp;&nbsp;XOAY_BAPBENH_DO
<LI><a href="#[e5]">&gt;&gt;</a>&nbsp;&nbsp;&nbsp;AUTO_BB_DO
<LI><a href="#[e0]">&gt;&gt;</a>&nbsp;&nbsp;&nbsp;Reset_Truot_ngang
</UL>

<P><STRONG><a name="[a6]"></a>SPIxmit</STRONG> (Thumb, 78 bytes, Stack size 28 bytes, main.o(.text))
<BR><BR>[Stack]<UL><LI>Max Depth = 40<LI>Call Chain = SPIxmit &rArr; delay_us
</UL>
<BR>[Calls]<UL><LI><a href="#[a7]">&gt;&gt;</a>&nbsp;&nbsp;&nbsp;delay_us
</UL>
<BR>[Called By]<UL><LI><a href="#[a9]">&gt;&gt;</a>&nbsp;&nbsp;&nbsp;gp_get_mode
<LI><a href="#[a8]">&gt;&gt;</a>&nbsp;&nbsp;&nbsp;gp_update_btn
</UL>

<P><STRONG><a name="[a8]"></a>gp_update_btn</STRONG> (Thumb, 132 bytes, Stack size 16 bytes, main.o(.text))
<BR><BR>[Stack]<UL><LI>Max Depth = 56<LI>Call Chain = gp_update_btn &rArr; SPIxmit &rArr; delay_us
</UL>
<BR>[Calls]<UL><LI><a href="#[a6]">&gt;&gt;</a>&nbsp;&nbsp;&nbsp;SPIxmit
<LI><a href="#[a7]">&gt;&gt;</a>&nbsp;&nbsp;&nbsp;delay_us
</UL>
<BR>[Called By]<UL><LI><a href="#[5c]">&gt;&gt;</a>&nbsp;&nbsp;&nbsp;main
<LI><a href="#[101]">&gt;&gt;</a>&nbsp;&nbsp;&nbsp;LEO_COT_XANH_1
<LI><a href="#[100]">&gt;&gt;</a>&nbsp;&nbsp;&nbsp;LEO_COT_DO_1
<LI><a href="#[fd]">&gt;&gt;</a>&nbsp;&nbsp;&nbsp;fix_leocot_xanh
<LI><a href="#[fc]">&gt;&gt;</a>&nbsp;&nbsp;&nbsp;fix_leocot_do
<LI><a href="#[f5]">&gt;&gt;</a>&nbsp;&nbsp;&nbsp;CAUTHANG_XANH
<LI><a href="#[f4]">&gt;&gt;</a>&nbsp;&nbsp;&nbsp;LEO_COT_XANH
<LI><a href="#[ed]">&gt;&gt;</a>&nbsp;&nbsp;&nbsp;THA_COT_DO
<LI><a href="#[ec]">&gt;&gt;</a>&nbsp;&nbsp;&nbsp;CAUTHANG_DO
<LI><a href="#[eb]">&gt;&gt;</a>&nbsp;&nbsp;&nbsp;LEO_COT_DO
<LI><a href="#[e3]">&gt;&gt;</a>&nbsp;&nbsp;&nbsp;Kich_Xylanh
<LI><a href="#[cf]">&gt;&gt;</a>&nbsp;&nbsp;&nbsp;wantExit
</UL>

<P><STRONG><a name="[a9]"></a>gp_get_mode</STRONG> (Thumb, 42 bytes, Stack size 12 bytes, main.o(.text))
<BR><BR>[Stack]<UL><LI>Max Depth = 52<LI>Call Chain = gp_get_mode &rArr; SPIxmit &rArr; delay_us
</UL>
<BR>[Calls]<UL><LI><a href="#[a6]">&gt;&gt;</a>&nbsp;&nbsp;&nbsp;SPIxmit
<LI><a href="#[a7]">&gt;&gt;</a>&nbsp;&nbsp;&nbsp;delay_us
</UL>
<BR>[Called By]<UL><LI><a href="#[5c]">&gt;&gt;</a>&nbsp;&nbsp;&nbsp;main
</UL>

<P><STRONG><a name="[aa]"></a>Config_gamepad_PS2</STRONG> (Thumb, 108 bytes, Stack size 32 bytes, main.o(.text))
<BR><BR>[Stack]<UL><LI>Max Depth = 52<LI>Call Chain = Config_gamepad_PS2 &rArr; GPIO_Init
</UL>
<BR>[Calls]<UL><LI><a href="#[6f]">&gt;&gt;</a>&nbsp;&nbsp;&nbsp;RCC_AHB1PeriphClockCmd
<LI><a href="#[70]">&gt;&gt;</a>&nbsp;&nbsp;&nbsp;GPIO_Init
</UL>
<BR>[Called By]<UL><LI><a href="#[5c]">&gt;&gt;</a>&nbsp;&nbsp;&nbsp;main
</UL>

<P><STRONG><a name="[c8]"></a>setMotor</STRONG> (Thumb, 146 bytes, Stack size 20 bytes, main.o(.text))
<BR><BR>[Stack]<UL><LI>Max Depth = 20<LI>Call Chain = setMotor
</UL>
<BR>[Called By]<UL><LI><a href="#[66]">&gt;&gt;</a>&nbsp;&nbsp;&nbsp;robotAnalytics
</UL>

<P><STRONG><a name="[c5]"></a>setAllMotor</STRONG> (Thumb, 16 bytes, Stack size 0 bytes, main.o(.text))
<BR><BR>[Called By]<UL><LI><a href="#[c4]">&gt;&gt;</a>&nbsp;&nbsp;&nbsp;ac_Stop
</UL>

<P><STRONG><a name="[c6]"></a>robotAngle</STRONG> (Thumb, 12 bytes, Stack size 0 bytes, main.o(.text))
<BR><BR>[Called By]<UL><LI><a href="#[66]">&gt;&gt;</a>&nbsp;&nbsp;&nbsp;robotAnalytics
</UL>

<P><STRONG><a name="[ab]"></a>roundF</STRONG> (Thumb, 32 bytes, Stack size 8 bytes, main.o(.text))
<BR><BR>[Stack]<UL><LI>Max Depth = 28<LI>Call Chain = roundF &rArr; __aeabi_fsub &rArr; __aeabi_fadd &rArr; _float_epilogue
</UL>
<BR>[Calls]<UL><LI><a href="#[ac]">&gt;&gt;</a>&nbsp;&nbsp;&nbsp;__aeabi_fsub
<LI><a href="#[ad]">&gt;&gt;</a>&nbsp;&nbsp;&nbsp;__aeabi_fadd
<LI><a href="#[ae]">&gt;&gt;</a>&nbsp;&nbsp;&nbsp;__aeabi_f2iz
</UL>
<BR>[Called By]<UL><LI><a href="#[66]">&gt;&gt;</a>&nbsp;&nbsp;&nbsp;robotAnalytics
</UL>

<P><STRONG><a name="[c1]"></a>absI</STRONG> (Thumb, 8 bytes, Stack size 0 bytes, main.o(.text))
<BR><BR>[Called By]<UL><LI><a href="#[c2]">&gt;&gt;</a>&nbsp;&nbsp;&nbsp;robotDirectionAnalytics
<LI><a href="#[c0]">&gt;&gt;</a>&nbsp;&nbsp;&nbsp;robotFixAngle
</UL>

<P><STRONG><a name="[af]"></a>giaToc</STRONG> (Thumb, 44 bytes, Stack size 16 bytes, main.o(.text))
<BR><BR>[Stack]<UL><LI>Max Depth = 36<LI>Call Chain = giaToc &rArr; __aeabi_fadd &rArr; _float_epilogue
</UL>
<BR>[Calls]<UL><LI><a href="#[b0]">&gt;&gt;</a>&nbsp;&nbsp;&nbsp;__aeabi_i2f
<LI><a href="#[b2]">&gt;&gt;</a>&nbsp;&nbsp;&nbsp;__aeabi_fmul
<LI><a href="#[b1]">&gt;&gt;</a>&nbsp;&nbsp;&nbsp;__aeabi_fdiv
<LI><a href="#[ad]">&gt;&gt;</a>&nbsp;&nbsp;&nbsp;__aeabi_fadd
<LI><a href="#[ae]">&gt;&gt;</a>&nbsp;&nbsp;&nbsp;__aeabi_f2iz
</UL>
<BR>[Called By]<UL><LI><a href="#[66]">&gt;&gt;</a>&nbsp;&nbsp;&nbsp;robotAnalytics
</UL>

<P><STRONG><a name="[b3]"></a>maxF4</STRONG> (Thumb, 100 bytes, Stack size 24 bytes, main.o(.text))
<BR><BR>[Stack]<UL><LI>Max Depth = 24<LI>Call Chain = maxF4
</UL>
<BR>[Calls]<UL><LI><a href="#[b4]">&gt;&gt;</a>&nbsp;&nbsp;&nbsp;__aeabi_cfrcmple
</UL>
<BR>[Called By]<UL><LI><a href="#[b5]">&gt;&gt;</a>&nbsp;&nbsp;&nbsp;calculateMotor
</UL>

<P><STRONG><a name="[13d]"></a>robotIsRun</STRONG> (Thumb, 22 bytes, Stack size 0 bytes, main.o(.text), UNUSED)

<P><STRONG><a name="[13e]"></a>robotSpeed</STRONG> (Thumb, 8 bytes, Stack size 0 bytes, main.o(.text), UNUSED)

<P><STRONG><a name="[b5]"></a>calculateMotor</STRONG> (Thumb, 344 bytes, Stack size 24 bytes, main.o(.text))
<BR><BR>[Stack]<UL><LI>Max Depth = 108<LI>Call Chain = calculateMotor &rArr; sinf &rArr; __mathlib_rredf2 &rArr; __aeabi_fsub &rArr; __aeabi_fadd &rArr; _float_epilogue
</UL>
<BR>[Calls]<UL><LI><a href="#[b0]">&gt;&gt;</a>&nbsp;&nbsp;&nbsp;__aeabi_i2f
<LI><a href="#[ac]">&gt;&gt;</a>&nbsp;&nbsp;&nbsp;__aeabi_fsub
<LI><a href="#[b8]">&gt;&gt;</a>&nbsp;&nbsp;&nbsp;__aeabi_frsub
<LI><a href="#[b2]">&gt;&gt;</a>&nbsp;&nbsp;&nbsp;__aeabi_fmul
<LI><a href="#[b1]">&gt;&gt;</a>&nbsp;&nbsp;&nbsp;__aeabi_fdiv
<LI><a href="#[ad]">&gt;&gt;</a>&nbsp;&nbsp;&nbsp;__aeabi_fadd
<LI><a href="#[ae]">&gt;&gt;</a>&nbsp;&nbsp;&nbsp;__aeabi_f2iz
<LI><a href="#[b3]">&gt;&gt;</a>&nbsp;&nbsp;&nbsp;maxF4
<LI><a href="#[b6]">&gt;&gt;</a>&nbsp;&nbsp;&nbsp;sinf
<LI><a href="#[b7]">&gt;&gt;</a>&nbsp;&nbsp;&nbsp;cosf
</UL>
<BR>[Called By]<UL><LI><a href="#[c2]">&gt;&gt;</a>&nbsp;&nbsp;&nbsp;robotDirectionAnalytics
<LI><a href="#[be]">&gt;&gt;</a>&nbsp;&nbsp;&nbsp;robotRotate
<LI><a href="#[bb]">&gt;&gt;</a>&nbsp;&nbsp;&nbsp;robotCurve
<LI><a href="#[ba]">&gt;&gt;</a>&nbsp;&nbsp;&nbsp;robotRotateStop
<LI><a href="#[b9]">&gt;&gt;</a>&nbsp;&nbsp;&nbsp;robotStop
</UL>

<P><STRONG><a name="[b9]"></a>robotStop</STRONG> (Thumb, 44 bytes, Stack size 0 bytes, main.o(.text))
<BR><BR>[Stack]<UL><LI>Max Depth = 108<LI>Call Chain = robotStop &rArr; calculateMotor &rArr; sinf &rArr; __mathlib_rredf2 &rArr; __aeabi_fsub &rArr; __aeabi_fadd &rArr; _float_epilogue
</UL>
<BR>[Calls]<UL><LI><a href="#[b5]">&gt;&gt;</a>&nbsp;&nbsp;&nbsp;calculateMotor
</UL>
<BR>[Called By]<UL><LI><a href="#[5c]">&gt;&gt;</a>&nbsp;&nbsp;&nbsp;main
<LI><a href="#[103]">&gt;&gt;</a>&nbsp;&nbsp;&nbsp;robotGamePadControl
<LI><a href="#[101]">&gt;&gt;</a>&nbsp;&nbsp;&nbsp;LEO_COT_XANH_1
<LI><a href="#[100]">&gt;&gt;</a>&nbsp;&nbsp;&nbsp;LEO_COT_DO_1
<LI><a href="#[fd]">&gt;&gt;</a>&nbsp;&nbsp;&nbsp;fix_leocot_xanh
<LI><a href="#[fc]">&gt;&gt;</a>&nbsp;&nbsp;&nbsp;fix_leocot_do
<LI><a href="#[fb]">&gt;&gt;</a>&nbsp;&nbsp;&nbsp;fix_xichdu_xanh
<LI><a href="#[fa]">&gt;&gt;</a>&nbsp;&nbsp;&nbsp;fix_xichdu_do
<LI><a href="#[f9]">&gt;&gt;</a>&nbsp;&nbsp;&nbsp;fix_bapbenh_xanh
<LI><a href="#[f8]">&gt;&gt;</a>&nbsp;&nbsp;&nbsp;fix_bapbenh_do
<LI><a href="#[f7]">&gt;&gt;</a>&nbsp;&nbsp;&nbsp;THA_CAUTHANG_XANH
<LI><a href="#[f6]">&gt;&gt;</a>&nbsp;&nbsp;&nbsp;THA_COT_XANH
<LI><a href="#[f5]">&gt;&gt;</a>&nbsp;&nbsp;&nbsp;CAUTHANG_XANH
<LI><a href="#[f4]">&gt;&gt;</a>&nbsp;&nbsp;&nbsp;LEO_COT_XANH
<LI><a href="#[f3]">&gt;&gt;</a>&nbsp;&nbsp;&nbsp;DON_XICHDU_XANH
<LI><a href="#[f2]">&gt;&gt;</a>&nbsp;&nbsp;&nbsp;BAN_XICHDU_XANH
<LI><a href="#[f1]">&gt;&gt;</a>&nbsp;&nbsp;&nbsp;XICH_DU_XANH
<LI><a href="#[f0]">&gt;&gt;</a>&nbsp;&nbsp;&nbsp;XOAY_BAPBENH_XANH
<LI><a href="#[ef]">&gt;&gt;</a>&nbsp;&nbsp;&nbsp;AUTO_BB_XANH
<LI><a href="#[ee]">&gt;&gt;</a>&nbsp;&nbsp;&nbsp;THA_CAUTHANG_DO
<LI><a href="#[ed]">&gt;&gt;</a>&nbsp;&nbsp;&nbsp;THA_COT_DO
<LI><a href="#[ec]">&gt;&gt;</a>&nbsp;&nbsp;&nbsp;CAUTHANG_DO
<LI><a href="#[eb]">&gt;&gt;</a>&nbsp;&nbsp;&nbsp;LEO_COT_DO
<LI><a href="#[ea]">&gt;&gt;</a>&nbsp;&nbsp;&nbsp;DON_XICHDU_DO
<LI><a href="#[e9]">&gt;&gt;</a>&nbsp;&nbsp;&nbsp;BAN_XICHDU_DO_Timeout
<LI><a href="#[e8]">&gt;&gt;</a>&nbsp;&nbsp;&nbsp;BAN_XICHDU_DO
<LI><a href="#[e7]">&gt;&gt;</a>&nbsp;&nbsp;&nbsp;XICH_DU_DO
<LI><a href="#[e6]">&gt;&gt;</a>&nbsp;&nbsp;&nbsp;XOAY_BAPBENH_DO
<LI><a href="#[e5]">&gt;&gt;</a>&nbsp;&nbsp;&nbsp;AUTO_BB_DO
<LI><a href="#[d0]">&gt;&gt;</a>&nbsp;&nbsp;&nbsp;robotLineDetect
<LI><a href="#[c0]">&gt;&gt;</a>&nbsp;&nbsp;&nbsp;robotFixAngle
</UL>

<P><STRONG><a name="[ba]"></a>robotRotateStop</STRONG> (Thumb, 92 bytes, Stack size 0 bytes, main.o(.text))
<BR><BR>[Stack]<UL><LI>Max Depth = 108<LI>Call Chain = robotRotateStop &rArr; calculateMotor &rArr; sinf &rArr; __mathlib_rredf2 &rArr; __aeabi_fsub &rArr; __aeabi_fadd &rArr; _float_epilogue
</UL>
<BR>[Calls]<UL><LI><a href="#[b5]">&gt;&gt;</a>&nbsp;&nbsp;&nbsp;calculateMotor
</UL>
<BR>[Called By]<UL><LI><a href="#[103]">&gt;&gt;</a>&nbsp;&nbsp;&nbsp;robotGamePadControl
</UL>

<P><STRONG><a name="[13f]"></a>robotSetACC</STRONG> (Thumb, 6 bytes, Stack size 0 bytes, main.o(.text), UNUSED)

<P><STRONG><a name="[bb]"></a>robotCurve</STRONG> (Thumb, 72 bytes, Stack size 24 bytes, main.o(.text))
<BR><BR>[Stack]<UL><LI>Max Depth = 132<LI>Call Chain = robotCurve &rArr; calculateMotor &rArr; sinf &rArr; __mathlib_rredf2 &rArr; __aeabi_fsub &rArr; __aeabi_fadd &rArr; _float_epilogue
</UL>
<BR>[Calls]<UL><LI><a href="#[bc]">&gt;&gt;</a>&nbsp;&nbsp;&nbsp;__aeabi_cfcmpeq
<LI><a href="#[b5]">&gt;&gt;</a>&nbsp;&nbsp;&nbsp;calculateMotor
</UL>
<BR>[Called By]<UL><LI><a href="#[d5]">&gt;&gt;</a>&nbsp;&nbsp;&nbsp;robotLineRun_clockwise111
<LI><a href="#[d1]">&gt;&gt;</a>&nbsp;&nbsp;&nbsp;robotLineRun
<LI><a href="#[bd]">&gt;&gt;</a>&nbsp;&nbsp;&nbsp;robotRun
</UL>

<P><STRONG><a name="[bd]"></a>robotRun</STRONG> (Thumb, 4 bytes, Stack size 0 bytes, main.o(.text))
<BR><BR>[Stack]<UL><LI>Max Depth = 132<LI>Call Chain = robotRun &rArr; robotCurve &rArr; calculateMotor &rArr; sinf &rArr; __mathlib_rredf2 &rArr; __aeabi_fsub &rArr; __aeabi_fadd &rArr; _float_epilogue
</UL>
<BR>[Calls]<UL><LI><a href="#[bb]">&gt;&gt;</a>&nbsp;&nbsp;&nbsp;robotCurve
</UL>
<BR>[Called By]<UL><LI><a href="#[103]">&gt;&gt;</a>&nbsp;&nbsp;&nbsp;robotGamePadControl
<LI><a href="#[101]">&gt;&gt;</a>&nbsp;&nbsp;&nbsp;LEO_COT_XANH_1
<LI><a href="#[100]">&gt;&gt;</a>&nbsp;&nbsp;&nbsp;LEO_COT_DO_1
<LI><a href="#[fb]">&gt;&gt;</a>&nbsp;&nbsp;&nbsp;fix_xichdu_xanh
<LI><a href="#[fa]">&gt;&gt;</a>&nbsp;&nbsp;&nbsp;fix_xichdu_do
<LI><a href="#[f7]">&gt;&gt;</a>&nbsp;&nbsp;&nbsp;THA_CAUTHANG_XANH
<LI><a href="#[f5]">&gt;&gt;</a>&nbsp;&nbsp;&nbsp;CAUTHANG_XANH
<LI><a href="#[f4]">&gt;&gt;</a>&nbsp;&nbsp;&nbsp;LEO_COT_XANH
<LI><a href="#[f3]">&gt;&gt;</a>&nbsp;&nbsp;&nbsp;DON_XICHDU_XANH
<LI><a href="#[f2]">&gt;&gt;</a>&nbsp;&nbsp;&nbsp;BAN_XICHDU_XANH
<LI><a href="#[f1]">&gt;&gt;</a>&nbsp;&nbsp;&nbsp;XICH_DU_XANH
<LI><a href="#[ef]">&gt;&gt;</a>&nbsp;&nbsp;&nbsp;AUTO_BB_XANH
<LI><a href="#[ee]">&gt;&gt;</a>&nbsp;&nbsp;&nbsp;THA_CAUTHANG_DO
<LI><a href="#[ec]">&gt;&gt;</a>&nbsp;&nbsp;&nbsp;CAUTHANG_DO
<LI><a href="#[eb]">&gt;&gt;</a>&nbsp;&nbsp;&nbsp;LEO_COT_DO
<LI><a href="#[ea]">&gt;&gt;</a>&nbsp;&nbsp;&nbsp;DON_XICHDU_DO
<LI><a href="#[e9]">&gt;&gt;</a>&nbsp;&nbsp;&nbsp;BAN_XICHDU_DO_Timeout
<LI><a href="#[e8]">&gt;&gt;</a>&nbsp;&nbsp;&nbsp;BAN_XICHDU_DO
<LI><a href="#[e7]">&gt;&gt;</a>&nbsp;&nbsp;&nbsp;XICH_DU_DO
<LI><a href="#[e5]">&gt;&gt;</a>&nbsp;&nbsp;&nbsp;AUTO_BB_DO
<LI><a href="#[d0]">&gt;&gt;</a>&nbsp;&nbsp;&nbsp;robotLineDetect
</UL>

<P><STRONG><a name="[be]"></a>robotRotate</STRONG> (Thumb, 118 bytes, Stack size 24 bytes, main.o(.text))
<BR><BR>[Stack]<UL><LI>Max Depth = 132<LI>Call Chain = robotRotate &rArr; calculateMotor &rArr; sinf &rArr; __mathlib_rredf2 &rArr; __aeabi_fsub &rArr; __aeabi_fadd &rArr; _float_epilogue
</UL>
<BR>[Calls]<UL><LI><a href="#[bc]">&gt;&gt;</a>&nbsp;&nbsp;&nbsp;__aeabi_cfcmpeq
<LI><a href="#[b5]">&gt;&gt;</a>&nbsp;&nbsp;&nbsp;calculateMotor
</UL>
<BR>[Called By]<UL><LI><a href="#[101]">&gt;&gt;</a>&nbsp;&nbsp;&nbsp;LEO_COT_XANH_1
<LI><a href="#[100]">&gt;&gt;</a>&nbsp;&nbsp;&nbsp;LEO_COT_DO_1
<LI><a href="#[fb]">&gt;&gt;</a>&nbsp;&nbsp;&nbsp;fix_xichdu_xanh
<LI><a href="#[fa]">&gt;&gt;</a>&nbsp;&nbsp;&nbsp;fix_xichdu_do
<LI><a href="#[f7]">&gt;&gt;</a>&nbsp;&nbsp;&nbsp;THA_CAUTHANG_XANH
<LI><a href="#[f5]">&gt;&gt;</a>&nbsp;&nbsp;&nbsp;CAUTHANG_XANH
<LI><a href="#[f4]">&gt;&gt;</a>&nbsp;&nbsp;&nbsp;LEO_COT_XANH
<LI><a href="#[f3]">&gt;&gt;</a>&nbsp;&nbsp;&nbsp;DON_XICHDU_XANH
<LI><a href="#[f2]">&gt;&gt;</a>&nbsp;&nbsp;&nbsp;BAN_XICHDU_XANH
<LI><a href="#[f1]">&gt;&gt;</a>&nbsp;&nbsp;&nbsp;XICH_DU_XANH
<LI><a href="#[ef]">&gt;&gt;</a>&nbsp;&nbsp;&nbsp;AUTO_BB_XANH
<LI><a href="#[ee]">&gt;&gt;</a>&nbsp;&nbsp;&nbsp;THA_CAUTHANG_DO
<LI><a href="#[ec]">&gt;&gt;</a>&nbsp;&nbsp;&nbsp;CAUTHANG_DO
<LI><a href="#[eb]">&gt;&gt;</a>&nbsp;&nbsp;&nbsp;LEO_COT_DO
<LI><a href="#[ea]">&gt;&gt;</a>&nbsp;&nbsp;&nbsp;DON_XICHDU_DO
<LI><a href="#[e9]">&gt;&gt;</a>&nbsp;&nbsp;&nbsp;BAN_XICHDU_DO_Timeout
<LI><a href="#[e8]">&gt;&gt;</a>&nbsp;&nbsp;&nbsp;BAN_XICHDU_DO
<LI><a href="#[e7]">&gt;&gt;</a>&nbsp;&nbsp;&nbsp;XICH_DU_DO
<LI><a href="#[e5]">&gt;&gt;</a>&nbsp;&nbsp;&nbsp;AUTO_BB_DO
<LI><a href="#[bf]">&gt;&gt;</a>&nbsp;&nbsp;&nbsp;robotRotateFree
</UL>

<P><STRONG><a name="[bf]"></a>robotRotateFree</STRONG> (Thumb, 10 bytes, Stack size 0 bytes, main.o(.text))
<BR><BR>[Stack]<UL><LI>Max Depth = 132<LI>Call Chain = robotRotateFree &rArr; robotRotate &rArr; calculateMotor &rArr; sinf &rArr; __mathlib_rredf2 &rArr; __aeabi_fsub &rArr; __aeabi_fadd &rArr; _float_epilogue
</UL>
<BR>[Calls]<UL><LI><a href="#[be]">&gt;&gt;</a>&nbsp;&nbsp;&nbsp;robotRotate
</UL>
<BR>[Called By]<UL><LI><a href="#[103]">&gt;&gt;</a>&nbsp;&nbsp;&nbsp;robotGamePadControl
<LI><a href="#[101]">&gt;&gt;</a>&nbsp;&nbsp;&nbsp;LEO_COT_XANH_1
<LI><a href="#[100]">&gt;&gt;</a>&nbsp;&nbsp;&nbsp;LEO_COT_DO_1
<LI><a href="#[fd]">&gt;&gt;</a>&nbsp;&nbsp;&nbsp;fix_leocot_xanh
<LI><a href="#[fc]">&gt;&gt;</a>&nbsp;&nbsp;&nbsp;fix_leocot_do
<LI><a href="#[f9]">&gt;&gt;</a>&nbsp;&nbsp;&nbsp;fix_bapbenh_xanh
<LI><a href="#[f8]">&gt;&gt;</a>&nbsp;&nbsp;&nbsp;fix_bapbenh_do
<LI><a href="#[f6]">&gt;&gt;</a>&nbsp;&nbsp;&nbsp;THA_COT_XANH
<LI><a href="#[f4]">&gt;&gt;</a>&nbsp;&nbsp;&nbsp;LEO_COT_XANH
<LI><a href="#[f0]">&gt;&gt;</a>&nbsp;&nbsp;&nbsp;XOAY_BAPBENH_XANH
<LI><a href="#[ed]">&gt;&gt;</a>&nbsp;&nbsp;&nbsp;THA_COT_DO
<LI><a href="#[eb]">&gt;&gt;</a>&nbsp;&nbsp;&nbsp;LEO_COT_DO
<LI><a href="#[e6]">&gt;&gt;</a>&nbsp;&nbsp;&nbsp;XOAY_BAPBENH_DO
<LI><a href="#[d0]">&gt;&gt;</a>&nbsp;&nbsp;&nbsp;robotLineDetect
</UL>

<P><STRONG><a name="[c0]"></a>robotFixAngle</STRONG> (Thumb, 82 bytes, Stack size 8 bytes, main.o(.text), UNUSED)
<BR><BR>[Calls]<UL><LI><a href="#[b9]">&gt;&gt;</a>&nbsp;&nbsp;&nbsp;robotStop
<LI><a href="#[c1]">&gt;&gt;</a>&nbsp;&nbsp;&nbsp;absI
</UL>

<P><STRONG><a name="[c2]"></a>robotDirectionAnalytics</STRONG> (Thumb, 514 bytes, Stack size 32 bytes, main.o(.text))
<BR><BR>[Stack]<UL><LI>Max Depth = 140<LI>Call Chain = robotDirectionAnalytics &rArr; calculateMotor &rArr; sinf &rArr; __mathlib_rredf2 &rArr; __aeabi_fsub &rArr; __aeabi_fadd &rArr; _float_epilogue
</UL>
<BR>[Calls]<UL><LI><a href="#[b0]">&gt;&gt;</a>&nbsp;&nbsp;&nbsp;__aeabi_i2f
<LI><a href="#[ac]">&gt;&gt;</a>&nbsp;&nbsp;&nbsp;__aeabi_fsub
<LI><a href="#[b2]">&gt;&gt;</a>&nbsp;&nbsp;&nbsp;__aeabi_fmul
<LI><a href="#[b1]">&gt;&gt;</a>&nbsp;&nbsp;&nbsp;__aeabi_fdiv
<LI><a href="#[ad]">&gt;&gt;</a>&nbsp;&nbsp;&nbsp;__aeabi_fadd
<LI><a href="#[ae]">&gt;&gt;</a>&nbsp;&nbsp;&nbsp;__aeabi_f2iz
<LI><a href="#[b4]">&gt;&gt;</a>&nbsp;&nbsp;&nbsp;__aeabi_cfrcmple
<LI><a href="#[c3]">&gt;&gt;</a>&nbsp;&nbsp;&nbsp;__aeabi_cfcmple
<LI><a href="#[b5]">&gt;&gt;</a>&nbsp;&nbsp;&nbsp;calculateMotor
<LI><a href="#[c1]">&gt;&gt;</a>&nbsp;&nbsp;&nbsp;absI
</UL>
<BR>[Called By]<UL><LI><a href="#[66]">&gt;&gt;</a>&nbsp;&nbsp;&nbsp;robotAnalytics
</UL>

<P><STRONG><a name="[c4]"></a>ac_Stop</STRONG> (Thumb, 48 bytes, Stack size 0 bytes, main.o(.text))
<BR><BR>[Calls]<UL><LI><a href="#[c5]">&gt;&gt;</a>&nbsp;&nbsp;&nbsp;setAllMotor
</UL>
<BR>[Called By]<UL><LI><a href="#[66]">&gt;&gt;</a>&nbsp;&nbsp;&nbsp;robotAnalytics
</UL>

<P><STRONG><a name="[c7]"></a>ac_SpeedACC</STRONG> (Thumb, 26 bytes, Stack size 0 bytes, main.o(.text))
<BR><BR>[Called By]<UL><LI><a href="#[66]">&gt;&gt;</a>&nbsp;&nbsp;&nbsp;robotAnalytics
</UL>

<P><STRONG><a name="[66]"></a>robotAnalytics</STRONG> (Thumb, 192 bytes, Stack size 24 bytes, main.o(.text))
<BR><BR>[Stack]<UL><LI>Max Depth = 164<LI>Call Chain = robotAnalytics &rArr; robotDirectionAnalytics &rArr; calculateMotor &rArr; sinf &rArr; __mathlib_rredf2 &rArr; __aeabi_fsub &rArr; __aeabi_fadd &rArr; _float_epilogue
</UL>
<BR>[Calls]<UL><LI><a href="#[b0]">&gt;&gt;</a>&nbsp;&nbsp;&nbsp;__aeabi_i2f
<LI><a href="#[b2]">&gt;&gt;</a>&nbsp;&nbsp;&nbsp;__aeabi_fmul
<LI><a href="#[c7]">&gt;&gt;</a>&nbsp;&nbsp;&nbsp;ac_SpeedACC
<LI><a href="#[c4]">&gt;&gt;</a>&nbsp;&nbsp;&nbsp;ac_Stop
<LI><a href="#[c2]">&gt;&gt;</a>&nbsp;&nbsp;&nbsp;robotDirectionAnalytics
<LI><a href="#[af]">&gt;&gt;</a>&nbsp;&nbsp;&nbsp;giaToc
<LI><a href="#[ab]">&gt;&gt;</a>&nbsp;&nbsp;&nbsp;roundF
<LI><a href="#[c6]">&gt;&gt;</a>&nbsp;&nbsp;&nbsp;robotAngle
<LI><a href="#[c8]">&gt;&gt;</a>&nbsp;&nbsp;&nbsp;setMotor
</UL>
<BR>[Called By]<UL><LI><a href="#[40]">&gt;&gt;</a>&nbsp;&nbsp;&nbsp;TIM6_DAC_IRQHandler
</UL>

<P><STRONG><a name="[c9]"></a>cb_TT</STRONG> (Thumb, 58 bytes, Stack size 16 bytes, main.o(.text))
<BR><BR>[Stack]<UL><LI>Max Depth = 16<LI>Call Chain = cb_TT
</UL>
<BR>[Calls]<UL><LI><a href="#[ca]">&gt;&gt;</a>&nbsp;&nbsp;&nbsp;GPIO_ReadInputDataBit
</UL>
<BR>[Called By]<UL><LI><a href="#[67]">&gt;&gt;</a>&nbsp;&nbsp;&nbsp;colorSensorDetect
</UL>

<P><STRONG><a name="[cb]"></a>cb_TS</STRONG> (Thumb, 58 bytes, Stack size 16 bytes, main.o(.text))
<BR><BR>[Stack]<UL><LI>Max Depth = 16<LI>Call Chain = cb_TS
</UL>
<BR>[Calls]<UL><LI><a href="#[ca]">&gt;&gt;</a>&nbsp;&nbsp;&nbsp;GPIO_ReadInputDataBit
</UL>
<BR>[Called By]<UL><LI><a href="#[67]">&gt;&gt;</a>&nbsp;&nbsp;&nbsp;colorSensorDetect
</UL>

<P><STRONG><a name="[cc]"></a>cb_PT</STRONG> (Thumb, 54 bytes, Stack size 16 bytes, main.o(.text))
<BR><BR>[Stack]<UL><LI>Max Depth = 16<LI>Call Chain = cb_PT
</UL>
<BR>[Calls]<UL><LI><a href="#[ca]">&gt;&gt;</a>&nbsp;&nbsp;&nbsp;GPIO_ReadInputDataBit
</UL>
<BR>[Called By]<UL><LI><a href="#[67]">&gt;&gt;</a>&nbsp;&nbsp;&nbsp;colorSensorDetect
</UL>

<P><STRONG><a name="[cd]"></a>cb_PS</STRONG> (Thumb, 54 bytes, Stack size 16 bytes, main.o(.text))
<BR><BR>[Stack]<UL><LI>Max Depth = 16<LI>Call Chain = cb_PS
</UL>
<BR>[Calls]<UL><LI><a href="#[ca]">&gt;&gt;</a>&nbsp;&nbsp;&nbsp;GPIO_ReadInputDataBit
</UL>
<BR>[Called By]<UL><LI><a href="#[67]">&gt;&gt;</a>&nbsp;&nbsp;&nbsp;colorSensorDetect
</UL>

<P><STRONG><a name="[140]"></a>sensorDetectXXXXX</STRONG> (Thumb, 42 bytes, Stack size 0 bytes, main.o(.text), UNUSED)

<P><STRONG><a name="[ce]"></a>sensorDetect</STRONG> (Thumb, 26 bytes, Stack size 0 bytes, main.o(.text))
<BR><BR>[Called By]<UL><LI><a href="#[67]">&gt;&gt;</a>&nbsp;&nbsp;&nbsp;colorSensorDetect
</UL>

<P><STRONG><a name="[67]"></a>colorSensorDetect</STRONG> (Thumb, 162 bytes, Stack size 8 bytes, main.o(.text))
<BR><BR>[Stack]<UL><LI>Max Depth = 24<LI>Call Chain = colorSensorDetect &rArr; cb_PS
</UL>
<BR>[Calls]<UL><LI><a href="#[ce]">&gt;&gt;</a>&nbsp;&nbsp;&nbsp;sensorDetect
<LI><a href="#[cd]">&gt;&gt;</a>&nbsp;&nbsp;&nbsp;cb_PS
<LI><a href="#[cc]">&gt;&gt;</a>&nbsp;&nbsp;&nbsp;cb_PT
<LI><a href="#[cb]">&gt;&gt;</a>&nbsp;&nbsp;&nbsp;cb_TS
<LI><a href="#[c9]">&gt;&gt;</a>&nbsp;&nbsp;&nbsp;cb_TT
</UL>
<BR>[Called By]<UL><LI><a href="#[40]">&gt;&gt;</a>&nbsp;&nbsp;&nbsp;TIM6_DAC_IRQHandler
</UL>

<P><STRONG><a name="[cf]"></a>wantExit</STRONG> (Thumb, 42 bytes, Stack size 4 bytes, main.o(.text))
<BR><BR>[Stack]<UL><LI>Max Depth = 60<LI>Call Chain = wantExit &rArr; gp_update_btn &rArr; SPIxmit &rArr; delay_us
</UL>
<BR>[Calls]<UL><LI><a href="#[a8]">&gt;&gt;</a>&nbsp;&nbsp;&nbsp;gp_update_btn
</UL>
<BR>[Called By]<UL><LI><a href="#[101]">&gt;&gt;</a>&nbsp;&nbsp;&nbsp;LEO_COT_XANH_1
<LI><a href="#[100]">&gt;&gt;</a>&nbsp;&nbsp;&nbsp;LEO_COT_DO_1
<LI><a href="#[ff]">&gt;&gt;</a>&nbsp;&nbsp;&nbsp;fix_cauthang_xanh
<LI><a href="#[fe]">&gt;&gt;</a>&nbsp;&nbsp;&nbsp;fix_cauthang_do
<LI><a href="#[fd]">&gt;&gt;</a>&nbsp;&nbsp;&nbsp;fix_leocot_xanh
<LI><a href="#[fc]">&gt;&gt;</a>&nbsp;&nbsp;&nbsp;fix_leocot_do
<LI><a href="#[fb]">&gt;&gt;</a>&nbsp;&nbsp;&nbsp;fix_xichdu_xanh
<LI><a href="#[fa]">&gt;&gt;</a>&nbsp;&nbsp;&nbsp;fix_xichdu_do
<LI><a href="#[f9]">&gt;&gt;</a>&nbsp;&nbsp;&nbsp;fix_bapbenh_xanh
<LI><a href="#[f8]">&gt;&gt;</a>&nbsp;&nbsp;&nbsp;fix_bapbenh_do
<LI><a href="#[f7]">&gt;&gt;</a>&nbsp;&nbsp;&nbsp;THA_CAUTHANG_XANH
<LI><a href="#[f6]">&gt;&gt;</a>&nbsp;&nbsp;&nbsp;THA_COT_XANH
<LI><a href="#[f5]">&gt;&gt;</a>&nbsp;&nbsp;&nbsp;CAUTHANG_XANH
<LI><a href="#[f4]">&gt;&gt;</a>&nbsp;&nbsp;&nbsp;LEO_COT_XANH
<LI><a href="#[f3]">&gt;&gt;</a>&nbsp;&nbsp;&nbsp;DON_XICHDU_XANH
<LI><a href="#[f2]">&gt;&gt;</a>&nbsp;&nbsp;&nbsp;BAN_XICHDU_XANH
<LI><a href="#[f1]">&gt;&gt;</a>&nbsp;&nbsp;&nbsp;XICH_DU_XANH
<LI><a href="#[f0]">&gt;&gt;</a>&nbsp;&nbsp;&nbsp;XOAY_BAPBENH_XANH
<LI><a href="#[ef]">&gt;&gt;</a>&nbsp;&nbsp;&nbsp;AUTO_BB_XANH
<LI><a href="#[ee]">&gt;&gt;</a>&nbsp;&nbsp;&nbsp;THA_CAUTHANG_DO
<LI><a href="#[ed]">&gt;&gt;</a>&nbsp;&nbsp;&nbsp;THA_COT_DO
<LI><a href="#[ec]">&gt;&gt;</a>&nbsp;&nbsp;&nbsp;CAUTHANG_DO
<LI><a href="#[eb]">&gt;&gt;</a>&nbsp;&nbsp;&nbsp;LEO_COT_DO
<LI><a href="#[ea]">&gt;&gt;</a>&nbsp;&nbsp;&nbsp;DON_XICHDU_DO
<LI><a href="#[e9]">&gt;&gt;</a>&nbsp;&nbsp;&nbsp;BAN_XICHDU_DO_Timeout
<LI><a href="#[e8]">&gt;&gt;</a>&nbsp;&nbsp;&nbsp;BAN_XICHDU_DO
<LI><a href="#[e7]">&gt;&gt;</a>&nbsp;&nbsp;&nbsp;XICH_DU_DO
<LI><a href="#[e6]">&gt;&gt;</a>&nbsp;&nbsp;&nbsp;XOAY_BAPBENH_DO
<LI><a href="#[e5]">&gt;&gt;</a>&nbsp;&nbsp;&nbsp;AUTO_BB_DO
<LI><a href="#[e4]">&gt;&gt;</a>&nbsp;&nbsp;&nbsp;bap_benh_auto
<LI><a href="#[e0]">&gt;&gt;</a>&nbsp;&nbsp;&nbsp;Reset_Truot_ngang
<LI><a href="#[dd]">&gt;&gt;</a>&nbsp;&nbsp;&nbsp;Truot_Vao_While
<LI><a href="#[dc]">&gt;&gt;</a>&nbsp;&nbsp;&nbsp;Truot_Ra_While
<LI><a href="#[d9]">&gt;&gt;</a>&nbsp;&nbsp;&nbsp;Ha_Truc_While
<LI><a href="#[d8]">&gt;&gt;</a>&nbsp;&nbsp;&nbsp;Nang_Truc_While
<LI><a href="#[d0]">&gt;&gt;</a>&nbsp;&nbsp;&nbsp;robotLineDetect
</UL>

<P><STRONG><a name="[d0]"></a>robotLineDetect</STRONG> (Thumb, 172 bytes, Stack size 16 bytes, main.o(.text))
<BR><BR>[Stack]<UL><LI>Max Depth = 148<LI>Call Chain = robotLineDetect &rArr; robotRotateFree &rArr; robotRotate &rArr; calculateMotor &rArr; sinf &rArr; __mathlib_rredf2 &rArr; __aeabi_fsub &rArr; __aeabi_fadd &rArr; _float_epilogue
</UL>
<BR>[Calls]<UL><LI><a href="#[cf]">&gt;&gt;</a>&nbsp;&nbsp;&nbsp;wantExit
<LI><a href="#[bf]">&gt;&gt;</a>&nbsp;&nbsp;&nbsp;robotRotateFree
<LI><a href="#[bd]">&gt;&gt;</a>&nbsp;&nbsp;&nbsp;robotRun
<LI><a href="#[b9]">&gt;&gt;</a>&nbsp;&nbsp;&nbsp;robotStop
<LI><a href="#[9d]">&gt;&gt;</a>&nbsp;&nbsp;&nbsp;delay_ms
</UL>
<BR>[Called By]<UL><LI><a href="#[5c]">&gt;&gt;</a>&nbsp;&nbsp;&nbsp;main
<LI><a href="#[101]">&gt;&gt;</a>&nbsp;&nbsp;&nbsp;LEO_COT_XANH_1
<LI><a href="#[100]">&gt;&gt;</a>&nbsp;&nbsp;&nbsp;LEO_COT_DO_1
<LI><a href="#[ff]">&gt;&gt;</a>&nbsp;&nbsp;&nbsp;fix_cauthang_xanh
<LI><a href="#[fe]">&gt;&gt;</a>&nbsp;&nbsp;&nbsp;fix_cauthang_do
<LI><a href="#[fd]">&gt;&gt;</a>&nbsp;&nbsp;&nbsp;fix_leocot_xanh
<LI><a href="#[fc]">&gt;&gt;</a>&nbsp;&nbsp;&nbsp;fix_leocot_do
<LI><a href="#[f4]">&gt;&gt;</a>&nbsp;&nbsp;&nbsp;LEO_COT_XANH
<LI><a href="#[eb]">&gt;&gt;</a>&nbsp;&nbsp;&nbsp;LEO_COT_DO
</UL>

<P><STRONG><a name="[d1]"></a>robotLineRun</STRONG> (Thumb, 270 bytes, Stack size 48 bytes, main.o(.text))
<BR><BR>[Stack]<UL><LI>Max Depth = 180<LI>Call Chain = robotLineRun &rArr; robotCurve &rArr; calculateMotor &rArr; sinf &rArr; __mathlib_rredf2 &rArr; __aeabi_fsub &rArr; __aeabi_fadd &rArr; _float_epilogue
</UL>
<BR>[Calls]<UL><LI><a href="#[b0]">&gt;&gt;</a>&nbsp;&nbsp;&nbsp;__aeabi_i2f
<LI><a href="#[d2]">&gt;&gt;</a>&nbsp;&nbsp;&nbsp;__aeabi_i2d
<LI><a href="#[b2]">&gt;&gt;</a>&nbsp;&nbsp;&nbsp;__aeabi_fmul
<LI><a href="#[b1]">&gt;&gt;</a>&nbsp;&nbsp;&nbsp;__aeabi_fdiv
<LI><a href="#[ad]">&gt;&gt;</a>&nbsp;&nbsp;&nbsp;__aeabi_fadd
<LI><a href="#[d3]">&gt;&gt;</a>&nbsp;&nbsp;&nbsp;__aeabi_dmul
<LI><a href="#[d4]">&gt;&gt;</a>&nbsp;&nbsp;&nbsp;__aeabi_d2f
<LI><a href="#[bb]">&gt;&gt;</a>&nbsp;&nbsp;&nbsp;robotCurve
</UL>
<BR>[Called By]<UL><LI><a href="#[5c]">&gt;&gt;</a>&nbsp;&nbsp;&nbsp;main
<LI><a href="#[101]">&gt;&gt;</a>&nbsp;&nbsp;&nbsp;LEO_COT_XANH_1
<LI><a href="#[100]">&gt;&gt;</a>&nbsp;&nbsp;&nbsp;LEO_COT_DO_1
<LI><a href="#[fd]">&gt;&gt;</a>&nbsp;&nbsp;&nbsp;fix_leocot_xanh
<LI><a href="#[fc]">&gt;&gt;</a>&nbsp;&nbsp;&nbsp;fix_leocot_do
<LI><a href="#[f9]">&gt;&gt;</a>&nbsp;&nbsp;&nbsp;fix_bapbenh_xanh
<LI><a href="#[f8]">&gt;&gt;</a>&nbsp;&nbsp;&nbsp;fix_bapbenh_do
<LI><a href="#[f6]">&gt;&gt;</a>&nbsp;&nbsp;&nbsp;THA_COT_XANH
<LI><a href="#[f4]">&gt;&gt;</a>&nbsp;&nbsp;&nbsp;LEO_COT_XANH
<LI><a href="#[f0]">&gt;&gt;</a>&nbsp;&nbsp;&nbsp;XOAY_BAPBENH_XANH
<LI><a href="#[ed]">&gt;&gt;</a>&nbsp;&nbsp;&nbsp;THA_COT_DO
<LI><a href="#[eb]">&gt;&gt;</a>&nbsp;&nbsp;&nbsp;LEO_COT_DO
<LI><a href="#[e6]">&gt;&gt;</a>&nbsp;&nbsp;&nbsp;XOAY_BAPBENH_DO
</UL>

<P><STRONG><a name="[d5]"></a>robotLineRun_clockwise111</STRONG> (Thumb, 430 bytes, Stack size 40 bytes, main.o(.text), UNUSED)
<BR><BR>[Calls]<UL><LI><a href="#[b0]">&gt;&gt;</a>&nbsp;&nbsp;&nbsp;__aeabi_i2f
<LI><a href="#[b2]">&gt;&gt;</a>&nbsp;&nbsp;&nbsp;__aeabi_fmul
<LI><a href="#[b1]">&gt;&gt;</a>&nbsp;&nbsp;&nbsp;__aeabi_fdiv
<LI><a href="#[ad]">&gt;&gt;</a>&nbsp;&nbsp;&nbsp;__aeabi_fadd
<LI><a href="#[bb]">&gt;&gt;</a>&nbsp;&nbsp;&nbsp;robotCurve
<LI><a href="#[6b]">&gt;&gt;</a>&nbsp;&nbsp;&nbsp;lcd_printInt
</UL>

<P><STRONG><a name="[d6]"></a>Nang_Truc</STRONG> (Thumb, 106 bytes, Stack size 24 bytes, main.o(.text))
<BR><BR>[Stack]<UL><LI>Max Depth = 24<LI>Call Chain = Nang_Truc
</UL>
<BR>[Calls]<UL><LI><a href="#[ca]">&gt;&gt;</a>&nbsp;&nbsp;&nbsp;GPIO_ReadInputDataBit
</UL>
<BR>[Called By]<UL><LI><a href="#[101]">&gt;&gt;</a>&nbsp;&nbsp;&nbsp;LEO_COT_XANH_1
<LI><a href="#[100]">&gt;&gt;</a>&nbsp;&nbsp;&nbsp;LEO_COT_DO_1
<LI><a href="#[fb]">&gt;&gt;</a>&nbsp;&nbsp;&nbsp;fix_xichdu_xanh
<LI><a href="#[fa]">&gt;&gt;</a>&nbsp;&nbsp;&nbsp;fix_xichdu_do
<LI><a href="#[f9]">&gt;&gt;</a>&nbsp;&nbsp;&nbsp;fix_bapbenh_xanh
<LI><a href="#[f8]">&gt;&gt;</a>&nbsp;&nbsp;&nbsp;fix_bapbenh_do
<LI><a href="#[f6]">&gt;&gt;</a>&nbsp;&nbsp;&nbsp;THA_COT_XANH
<LI><a href="#[f5]">&gt;&gt;</a>&nbsp;&nbsp;&nbsp;CAUTHANG_XANH
<LI><a href="#[f4]">&gt;&gt;</a>&nbsp;&nbsp;&nbsp;LEO_COT_XANH
<LI><a href="#[f2]">&gt;&gt;</a>&nbsp;&nbsp;&nbsp;BAN_XICHDU_XANH
<LI><a href="#[f1]">&gt;&gt;</a>&nbsp;&nbsp;&nbsp;XICH_DU_XANH
<LI><a href="#[f0]">&gt;&gt;</a>&nbsp;&nbsp;&nbsp;XOAY_BAPBENH_XANH
<LI><a href="#[ef]">&gt;&gt;</a>&nbsp;&nbsp;&nbsp;AUTO_BB_XANH
<LI><a href="#[ed]">&gt;&gt;</a>&nbsp;&nbsp;&nbsp;THA_COT_DO
<LI><a href="#[ec]">&gt;&gt;</a>&nbsp;&nbsp;&nbsp;CAUTHANG_DO
<LI><a href="#[eb]">&gt;&gt;</a>&nbsp;&nbsp;&nbsp;LEO_COT_DO
<LI><a href="#[e9]">&gt;&gt;</a>&nbsp;&nbsp;&nbsp;BAN_XICHDU_DO_Timeout
<LI><a href="#[e8]">&gt;&gt;</a>&nbsp;&nbsp;&nbsp;BAN_XICHDU_DO
<LI><a href="#[e7]">&gt;&gt;</a>&nbsp;&nbsp;&nbsp;XICH_DU_DO
<LI><a href="#[e6]">&gt;&gt;</a>&nbsp;&nbsp;&nbsp;XOAY_BAPBENH_DO
<LI><a href="#[e5]">&gt;&gt;</a>&nbsp;&nbsp;&nbsp;AUTO_BB_DO
</UL>

<P><STRONG><a name="[d7]"></a>Ha_Truc</STRONG> (Thumb, 106 bytes, Stack size 24 bytes, main.o(.text))
<BR><BR>[Stack]<UL><LI>Max Depth = 24<LI>Call Chain = Ha_Truc
</UL>
<BR>[Calls]<UL><LI><a href="#[ca]">&gt;&gt;</a>&nbsp;&nbsp;&nbsp;GPIO_ReadInputDataBit
</UL>
<BR>[Called By]<UL><LI><a href="#[101]">&gt;&gt;</a>&nbsp;&nbsp;&nbsp;LEO_COT_XANH_1
<LI><a href="#[100]">&gt;&gt;</a>&nbsp;&nbsp;&nbsp;LEO_COT_DO_1
<LI><a href="#[f9]">&gt;&gt;</a>&nbsp;&nbsp;&nbsp;fix_bapbenh_xanh
<LI><a href="#[f8]">&gt;&gt;</a>&nbsp;&nbsp;&nbsp;fix_bapbenh_do
<LI><a href="#[f4]">&gt;&gt;</a>&nbsp;&nbsp;&nbsp;LEO_COT_XANH
<LI><a href="#[f0]">&gt;&gt;</a>&nbsp;&nbsp;&nbsp;XOAY_BAPBENH_XANH
<LI><a href="#[ef]">&gt;&gt;</a>&nbsp;&nbsp;&nbsp;AUTO_BB_XANH
<LI><a href="#[eb]">&gt;&gt;</a>&nbsp;&nbsp;&nbsp;LEO_COT_DO
<LI><a href="#[e6]">&gt;&gt;</a>&nbsp;&nbsp;&nbsp;XOAY_BAPBENH_DO
<LI><a href="#[e5]">&gt;&gt;</a>&nbsp;&nbsp;&nbsp;AUTO_BB_DO
</UL>

<P><STRONG><a name="[d8]"></a>Nang_Truc_While</STRONG> (Thumb, 282 bytes, Stack size 24 bytes, main.o(.text))
<BR><BR>[Stack]<UL><LI>Max Depth = 84<LI>Call Chain = Nang_Truc_While &rArr; wantExit &rArr; gp_update_btn &rArr; SPIxmit &rArr; delay_us
</UL>
<BR>[Calls]<UL><LI><a href="#[ca]">&gt;&gt;</a>&nbsp;&nbsp;&nbsp;GPIO_ReadInputDataBit
<LI><a href="#[cf]">&gt;&gt;</a>&nbsp;&nbsp;&nbsp;wantExit
</UL>
<BR>[Called By]<UL><LI><a href="#[101]">&gt;&gt;</a>&nbsp;&nbsp;&nbsp;LEO_COT_XANH_1
<LI><a href="#[100]">&gt;&gt;</a>&nbsp;&nbsp;&nbsp;LEO_COT_DO_1
<LI><a href="#[ff]">&gt;&gt;</a>&nbsp;&nbsp;&nbsp;fix_cauthang_xanh
<LI><a href="#[fe]">&gt;&gt;</a>&nbsp;&nbsp;&nbsp;fix_cauthang_do
<LI><a href="#[f4]">&gt;&gt;</a>&nbsp;&nbsp;&nbsp;LEO_COT_XANH
<LI><a href="#[f0]">&gt;&gt;</a>&nbsp;&nbsp;&nbsp;XOAY_BAPBENH_XANH
<LI><a href="#[eb]">&gt;&gt;</a>&nbsp;&nbsp;&nbsp;LEO_COT_DO
<LI><a href="#[e6]">&gt;&gt;</a>&nbsp;&nbsp;&nbsp;XOAY_BAPBENH_DO
</UL>

<P><STRONG><a name="[d9]"></a>Ha_Truc_While</STRONG> (Thumb, 284 bytes, Stack size 24 bytes, main.o(.text))
<BR><BR>[Stack]<UL><LI>Max Depth = 84<LI>Call Chain = Ha_Truc_While &rArr; wantExit &rArr; gp_update_btn &rArr; SPIxmit &rArr; delay_us
</UL>
<BR>[Calls]<UL><LI><a href="#[ca]">&gt;&gt;</a>&nbsp;&nbsp;&nbsp;GPIO_ReadInputDataBit
<LI><a href="#[cf]">&gt;&gt;</a>&nbsp;&nbsp;&nbsp;wantExit
</UL>
<BR>[Called By]<UL><LI><a href="#[fb]">&gt;&gt;</a>&nbsp;&nbsp;&nbsp;fix_xichdu_xanh
<LI><a href="#[fa]">&gt;&gt;</a>&nbsp;&nbsp;&nbsp;fix_xichdu_do
<LI><a href="#[f9]">&gt;&gt;</a>&nbsp;&nbsp;&nbsp;fix_bapbenh_xanh
<LI><a href="#[f8]">&gt;&gt;</a>&nbsp;&nbsp;&nbsp;fix_bapbenh_do
<LI><a href="#[f3]">&gt;&gt;</a>&nbsp;&nbsp;&nbsp;DON_XICHDU_XANH
<LI><a href="#[f1]">&gt;&gt;</a>&nbsp;&nbsp;&nbsp;XICH_DU_XANH
<LI><a href="#[f0]">&gt;&gt;</a>&nbsp;&nbsp;&nbsp;XOAY_BAPBENH_XANH
<LI><a href="#[ea]">&gt;&gt;</a>&nbsp;&nbsp;&nbsp;DON_XICHDU_DO
<LI><a href="#[e7]">&gt;&gt;</a>&nbsp;&nbsp;&nbsp;XICH_DU_DO
<LI><a href="#[e6]">&gt;&gt;</a>&nbsp;&nbsp;&nbsp;XOAY_BAPBENH_DO
</UL>

<P><STRONG><a name="[da]"></a>Truot_Ra</STRONG> (Thumb, 98 bytes, Stack size 24 bytes, main.o(.text))
<BR><BR>[Stack]<UL><LI>Max Depth = 24<LI>Call Chain = Truot_Ra
</UL>
<BR>[Calls]<UL><LI><a href="#[ca]">&gt;&gt;</a>&nbsp;&nbsp;&nbsp;GPIO_ReadInputDataBit
</UL>
<BR>[Called By]<UL><LI><a href="#[101]">&gt;&gt;</a>&nbsp;&nbsp;&nbsp;LEO_COT_XANH_1
<LI><a href="#[100]">&gt;&gt;</a>&nbsp;&nbsp;&nbsp;LEO_COT_DO_1
<LI><a href="#[ff]">&gt;&gt;</a>&nbsp;&nbsp;&nbsp;fix_cauthang_xanh
<LI><a href="#[fe]">&gt;&gt;</a>&nbsp;&nbsp;&nbsp;fix_cauthang_do
<LI><a href="#[fd]">&gt;&gt;</a>&nbsp;&nbsp;&nbsp;fix_leocot_xanh
<LI><a href="#[fc]">&gt;&gt;</a>&nbsp;&nbsp;&nbsp;fix_leocot_do
<LI><a href="#[f9]">&gt;&gt;</a>&nbsp;&nbsp;&nbsp;fix_bapbenh_xanh
<LI><a href="#[f8]">&gt;&gt;</a>&nbsp;&nbsp;&nbsp;fix_bapbenh_do
<LI><a href="#[f5]">&gt;&gt;</a>&nbsp;&nbsp;&nbsp;CAUTHANG_XANH
<LI><a href="#[f4]">&gt;&gt;</a>&nbsp;&nbsp;&nbsp;LEO_COT_XANH
<LI><a href="#[f3]">&gt;&gt;</a>&nbsp;&nbsp;&nbsp;DON_XICHDU_XANH
<LI><a href="#[f1]">&gt;&gt;</a>&nbsp;&nbsp;&nbsp;XICH_DU_XANH
<LI><a href="#[f0]">&gt;&gt;</a>&nbsp;&nbsp;&nbsp;XOAY_BAPBENH_XANH
<LI><a href="#[ef]">&gt;&gt;</a>&nbsp;&nbsp;&nbsp;AUTO_BB_XANH
<LI><a href="#[ec]">&gt;&gt;</a>&nbsp;&nbsp;&nbsp;CAUTHANG_DO
<LI><a href="#[eb]">&gt;&gt;</a>&nbsp;&nbsp;&nbsp;LEO_COT_DO
<LI><a href="#[ea]">&gt;&gt;</a>&nbsp;&nbsp;&nbsp;DON_XICHDU_DO
<LI><a href="#[e7]">&gt;&gt;</a>&nbsp;&nbsp;&nbsp;XICH_DU_DO
<LI><a href="#[e6]">&gt;&gt;</a>&nbsp;&nbsp;&nbsp;XOAY_BAPBENH_DO
<LI><a href="#[e5]">&gt;&gt;</a>&nbsp;&nbsp;&nbsp;AUTO_BB_DO
</UL>

<P><STRONG><a name="[db]"></a>Truot_Vao</STRONG> (Thumb, 118 bytes, Stack size 24 bytes, main.o(.text))
<BR><BR>[Stack]<UL><LI>Max Depth = 24<LI>Call Chain = Truot_Vao
</UL>
<BR>[Calls]<UL><LI><a href="#[ca]">&gt;&gt;</a>&nbsp;&nbsp;&nbsp;GPIO_ReadInputDataBit
</UL>
<BR>[Called By]<UL><LI><a href="#[101]">&gt;&gt;</a>&nbsp;&nbsp;&nbsp;LEO_COT_XANH_1
<LI><a href="#[100]">&gt;&gt;</a>&nbsp;&nbsp;&nbsp;LEO_COT_DO_1
<LI><a href="#[fb]">&gt;&gt;</a>&nbsp;&nbsp;&nbsp;fix_xichdu_xanh
<LI><a href="#[fa]">&gt;&gt;</a>&nbsp;&nbsp;&nbsp;fix_xichdu_do
<LI><a href="#[f9]">&gt;&gt;</a>&nbsp;&nbsp;&nbsp;fix_bapbenh_xanh
<LI><a href="#[f8]">&gt;&gt;</a>&nbsp;&nbsp;&nbsp;fix_bapbenh_do
<LI><a href="#[f7]">&gt;&gt;</a>&nbsp;&nbsp;&nbsp;THA_CAUTHANG_XANH
<LI><a href="#[f6]">&gt;&gt;</a>&nbsp;&nbsp;&nbsp;THA_COT_XANH
<LI><a href="#[f5]">&gt;&gt;</a>&nbsp;&nbsp;&nbsp;CAUTHANG_XANH
<LI><a href="#[f4]">&gt;&gt;</a>&nbsp;&nbsp;&nbsp;LEO_COT_XANH
<LI><a href="#[f2]">&gt;&gt;</a>&nbsp;&nbsp;&nbsp;BAN_XICHDU_XANH
<LI><a href="#[f1]">&gt;&gt;</a>&nbsp;&nbsp;&nbsp;XICH_DU_XANH
<LI><a href="#[f0]">&gt;&gt;</a>&nbsp;&nbsp;&nbsp;XOAY_BAPBENH_XANH
<LI><a href="#[ee]">&gt;&gt;</a>&nbsp;&nbsp;&nbsp;THA_CAUTHANG_DO
<LI><a href="#[ed]">&gt;&gt;</a>&nbsp;&nbsp;&nbsp;THA_COT_DO
<LI><a href="#[ec]">&gt;&gt;</a>&nbsp;&nbsp;&nbsp;CAUTHANG_DO
<LI><a href="#[eb]">&gt;&gt;</a>&nbsp;&nbsp;&nbsp;LEO_COT_DO
<LI><a href="#[e9]">&gt;&gt;</a>&nbsp;&nbsp;&nbsp;BAN_XICHDU_DO_Timeout
<LI><a href="#[e8]">&gt;&gt;</a>&nbsp;&nbsp;&nbsp;BAN_XICHDU_DO
<LI><a href="#[e7]">&gt;&gt;</a>&nbsp;&nbsp;&nbsp;XICH_DU_DO
<LI><a href="#[e6]">&gt;&gt;</a>&nbsp;&nbsp;&nbsp;XOAY_BAPBENH_DO
</UL>

<P><STRONG><a name="[dc]"></a>Truot_Ra_While</STRONG> (Thumb, 234 bytes, Stack size 24 bytes, main.o(.text))
<BR><BR>[Stack]<UL><LI>Max Depth = 84<LI>Call Chain = Truot_Ra_While &rArr; wantExit &rArr; gp_update_btn &rArr; SPIxmit &rArr; delay_us
</UL>
<BR>[Calls]<UL><LI><a href="#[ca]">&gt;&gt;</a>&nbsp;&nbsp;&nbsp;GPIO_ReadInputDataBit
<LI><a href="#[cf]">&gt;&gt;</a>&nbsp;&nbsp;&nbsp;wantExit
</UL>
<BR>[Called By]<UL><LI><a href="#[101]">&gt;&gt;</a>&nbsp;&nbsp;&nbsp;LEO_COT_XANH_1
<LI><a href="#[100]">&gt;&gt;</a>&nbsp;&nbsp;&nbsp;LEO_COT_DO_1
<LI><a href="#[fd]">&gt;&gt;</a>&nbsp;&nbsp;&nbsp;fix_leocot_xanh
<LI><a href="#[fc]">&gt;&gt;</a>&nbsp;&nbsp;&nbsp;fix_leocot_do
<LI><a href="#[fb]">&gt;&gt;</a>&nbsp;&nbsp;&nbsp;fix_xichdu_xanh
<LI><a href="#[fa]">&gt;&gt;</a>&nbsp;&nbsp;&nbsp;fix_xichdu_do
<LI><a href="#[f6]">&gt;&gt;</a>&nbsp;&nbsp;&nbsp;THA_COT_XANH
<LI><a href="#[f4]">&gt;&gt;</a>&nbsp;&nbsp;&nbsp;LEO_COT_XANH
<LI><a href="#[f1]">&gt;&gt;</a>&nbsp;&nbsp;&nbsp;XICH_DU_XANH
<LI><a href="#[ed]">&gt;&gt;</a>&nbsp;&nbsp;&nbsp;THA_COT_DO
<LI><a href="#[eb]">&gt;&gt;</a>&nbsp;&nbsp;&nbsp;LEO_COT_DO
<LI><a href="#[e7]">&gt;&gt;</a>&nbsp;&nbsp;&nbsp;XICH_DU_DO
</UL>

<P><STRONG><a name="[dd]"></a>Truot_Vao_While</STRONG> (Thumb, 236 bytes, Stack size 24 bytes, main.o(.text))
<BR><BR>[Stack]<UL><LI>Max Depth = 84<LI>Call Chain = Truot_Vao_While &rArr; wantExit &rArr; gp_update_btn &rArr; SPIxmit &rArr; delay_us
</UL>
<BR>[Calls]<UL><LI><a href="#[ca]">&gt;&gt;</a>&nbsp;&nbsp;&nbsp;GPIO_ReadInputDataBit
<LI><a href="#[cf]">&gt;&gt;</a>&nbsp;&nbsp;&nbsp;wantExit
</UL>
<BR>[Called By]<UL><LI><a href="#[fb]">&gt;&gt;</a>&nbsp;&nbsp;&nbsp;fix_xichdu_xanh
<LI><a href="#[fa]">&gt;&gt;</a>&nbsp;&nbsp;&nbsp;fix_xichdu_do
<LI><a href="#[f1]">&gt;&gt;</a>&nbsp;&nbsp;&nbsp;XICH_DU_XANH
<LI><a href="#[e7]">&gt;&gt;</a>&nbsp;&nbsp;&nbsp;XICH_DU_DO
</UL>

<P><STRONG><a name="[de]"></a>Nang_truc</STRONG> (Thumb, 96 bytes, Stack size 24 bytes, main.o(.text))
<BR><BR>[Stack]<UL><LI>Max Depth = 24<LI>Call Chain = Nang_truc
</UL>
<BR>[Calls]<UL><LI><a href="#[ca]">&gt;&gt;</a>&nbsp;&nbsp;&nbsp;GPIO_ReadInputDataBit
</UL>
<BR>[Called By]<UL><LI><a href="#[5c]">&gt;&gt;</a>&nbsp;&nbsp;&nbsp;main
<LI><a href="#[f6]">&gt;&gt;</a>&nbsp;&nbsp;&nbsp;THA_COT_XANH
<LI><a href="#[f5]">&gt;&gt;</a>&nbsp;&nbsp;&nbsp;CAUTHANG_XANH
<LI><a href="#[ed]">&gt;&gt;</a>&nbsp;&nbsp;&nbsp;THA_COT_DO
<LI><a href="#[ec]">&gt;&gt;</a>&nbsp;&nbsp;&nbsp;CAUTHANG_DO
</UL>

<P><STRONG><a name="[df]"></a>Truot_ngang</STRONG> (Thumb, 102 bytes, Stack size 24 bytes, main.o(.text))
<BR><BR>[Stack]<UL><LI>Max Depth = 24<LI>Call Chain = Truot_ngang
</UL>
<BR>[Calls]<UL><LI><a href="#[ca]">&gt;&gt;</a>&nbsp;&nbsp;&nbsp;GPIO_ReadInputDataBit
</UL>
<BR>[Called By]<UL><LI><a href="#[5c]">&gt;&gt;</a>&nbsp;&nbsp;&nbsp;main
</UL>

<P><STRONG><a name="[e0]"></a>Reset_Truot_ngang</STRONG> (Thumb, 154 bytes, Stack size 32 bytes, main.o(.text))
<BR><BR>[Stack]<UL><LI>Max Depth = 92<LI>Call Chain = Reset_Truot_ngang &rArr; wantExit &rArr; gp_update_btn &rArr; SPIxmit &rArr; delay_us
</UL>
<BR>[Calls]<UL><LI><a href="#[ca]">&gt;&gt;</a>&nbsp;&nbsp;&nbsp;GPIO_ReadInputDataBit
<LI><a href="#[cf]">&gt;&gt;</a>&nbsp;&nbsp;&nbsp;wantExit
<LI><a href="#[e2]">&gt;&gt;</a>&nbsp;&nbsp;&nbsp;Reset_encoder_ngang
<LI><a href="#[e1]">&gt;&gt;</a>&nbsp;&nbsp;&nbsp;Reset_encoder_doc
<LI><a href="#[9d]">&gt;&gt;</a>&nbsp;&nbsp;&nbsp;delay_ms
</UL>
<BR>[Called By]<UL><LI><a href="#[5c]">&gt;&gt;</a>&nbsp;&nbsp;&nbsp;main
</UL>

<P><STRONG><a name="[e3]"></a>Kich_Xylanh</STRONG> (Thumb, 256 bytes, Stack size 20 bytes, main.o(.text))
<BR><BR>[Stack]<UL><LI>Max Depth = 76<LI>Call Chain = Kich_Xylanh &rArr; gp_update_btn &rArr; SPIxmit &rArr; delay_us
</UL>
<BR>[Calls]<UL><LI><a href="#[a8]">&gt;&gt;</a>&nbsp;&nbsp;&nbsp;gp_update_btn
<LI><a href="#[9d]">&gt;&gt;</a>&nbsp;&nbsp;&nbsp;delay_ms
<LI><a href="#[a7]">&gt;&gt;</a>&nbsp;&nbsp;&nbsp;delay_us
</UL>
<BR>[Called By]<UL><LI><a href="#[5c]">&gt;&gt;</a>&nbsp;&nbsp;&nbsp;main
</UL>

<P><STRONG><a name="[e4]"></a>bap_benh_auto</STRONG> (Thumb, 126 bytes, Stack size 40 bytes, main.o(.text))
<BR><BR>[Stack]<UL><LI>Max Depth = 100<LI>Call Chain = bap_benh_auto &rArr; wantExit &rArr; gp_update_btn &rArr; SPIxmit &rArr; delay_us
</UL>
<BR>[Calls]<UL><LI><a href="#[ca]">&gt;&gt;</a>&nbsp;&nbsp;&nbsp;GPIO_ReadInputDataBit
<LI><a href="#[cf]">&gt;&gt;</a>&nbsp;&nbsp;&nbsp;wantExit
</UL>
<BR>[Called By]<UL><LI><a href="#[f9]">&gt;&gt;</a>&nbsp;&nbsp;&nbsp;fix_bapbenh_xanh
<LI><a href="#[f8]">&gt;&gt;</a>&nbsp;&nbsp;&nbsp;fix_bapbenh_do
<LI><a href="#[f0]">&gt;&gt;</a>&nbsp;&nbsp;&nbsp;XOAY_BAPBENH_XANH
<LI><a href="#[e6]">&gt;&gt;</a>&nbsp;&nbsp;&nbsp;XOAY_BAPBENH_DO
</UL>

<P><STRONG><a name="[e5]"></a>AUTO_BB_DO</STRONG> (Thumb, 768 bytes, Stack size 40 bytes, main.o(.text))
<BR><BR>[Stack]<UL><LI>Max Depth = 172<LI>Call Chain = AUTO_BB_DO &rArr; robotRotate &rArr; calculateMotor &rArr; sinf &rArr; __mathlib_rredf2 &rArr; __aeabi_fsub &rArr; __aeabi_fadd &rArr; _float_epilogue
</UL>
<BR>[Calls]<UL><LI><a href="#[ca]">&gt;&gt;</a>&nbsp;&nbsp;&nbsp;GPIO_ReadInputDataBit
<LI><a href="#[da]">&gt;&gt;</a>&nbsp;&nbsp;&nbsp;Truot_Ra
<LI><a href="#[d7]">&gt;&gt;</a>&nbsp;&nbsp;&nbsp;Ha_Truc
<LI><a href="#[d6]">&gt;&gt;</a>&nbsp;&nbsp;&nbsp;Nang_Truc
<LI><a href="#[cf]">&gt;&gt;</a>&nbsp;&nbsp;&nbsp;wantExit
<LI><a href="#[be]">&gt;&gt;</a>&nbsp;&nbsp;&nbsp;robotRotate
<LI><a href="#[bd]">&gt;&gt;</a>&nbsp;&nbsp;&nbsp;robotRun
<LI><a href="#[b9]">&gt;&gt;</a>&nbsp;&nbsp;&nbsp;robotStop
<LI><a href="#[e2]">&gt;&gt;</a>&nbsp;&nbsp;&nbsp;Reset_encoder_ngang
<LI><a href="#[e1]">&gt;&gt;</a>&nbsp;&nbsp;&nbsp;Reset_encoder_doc
<LI><a href="#[a1]">&gt;&gt;</a>&nbsp;&nbsp;&nbsp;Encoder_ngang
<LI><a href="#[a0]">&gt;&gt;</a>&nbsp;&nbsp;&nbsp;Encoder_doc
</UL>
<BR>[Called By]<UL><LI><a href="#[105]">&gt;&gt;</a>&nbsp;&nbsp;&nbsp;Auto_program
<LI><a href="#[102]">&gt;&gt;</a>&nbsp;&nbsp;&nbsp;Auto_program_analoge
</UL>

<P><STRONG><a name="[e6]"></a>XOAY_BAPBENH_DO</STRONG> (Thumb, 1244 bytes, Stack size 40 bytes, main.o(.text))
<BR><BR>[Stack]<UL><LI>Max Depth = 220<LI>Call Chain = XOAY_BAPBENH_DO &rArr; robotLineRun &rArr; robotCurve &rArr; calculateMotor &rArr; sinf &rArr; __mathlib_rredf2 &rArr; __aeabi_fsub &rArr; __aeabi_fadd &rArr; _float_epilogue
</UL>
<BR>[Calls]<UL><LI><a href="#[ca]">&gt;&gt;</a>&nbsp;&nbsp;&nbsp;GPIO_ReadInputDataBit
<LI><a href="#[e4]">&gt;&gt;</a>&nbsp;&nbsp;&nbsp;bap_benh_auto
<LI><a href="#[db]">&gt;&gt;</a>&nbsp;&nbsp;&nbsp;Truot_Vao
<LI><a href="#[da]">&gt;&gt;</a>&nbsp;&nbsp;&nbsp;Truot_Ra
<LI><a href="#[d9]">&gt;&gt;</a>&nbsp;&nbsp;&nbsp;Ha_Truc_While
<LI><a href="#[d8]">&gt;&gt;</a>&nbsp;&nbsp;&nbsp;Nang_Truc_While
<LI><a href="#[d7]">&gt;&gt;</a>&nbsp;&nbsp;&nbsp;Ha_Truc
<LI><a href="#[d6]">&gt;&gt;</a>&nbsp;&nbsp;&nbsp;Nang_Truc
<LI><a href="#[d1]">&gt;&gt;</a>&nbsp;&nbsp;&nbsp;robotLineRun
<LI><a href="#[cf]">&gt;&gt;</a>&nbsp;&nbsp;&nbsp;wantExit
[...]
</UL>
<BR>[Called By]<UL><LI><a href="#[94]">&gt;&gt;</a>&nbsp;&nbsp;&nbsp;config_uart1
</UL>

<P><STRONG><a name="[9a]"></a>USART_GetFlagStatus</STRONG> (Thumb, 14 bytes, Stack size 0 bytes, stm32f4xx_usart.o(.text))
<BR><BR>[Called By]<UL><LI><a href="#[a3]">&gt;&gt;</a>&nbsp;&nbsp;&nbsp;Vputchar1
<LI><a href="#[a2]">&gt;&gt;</a>&nbsp;&nbsp;&nbsp;Vputchar
<LI><a href="#[9b]">&gt;&gt;</a>&nbsp;&nbsp;&nbsp;Read_uart1
<LI><a href="#[98]">&gt;&gt;</a>&nbsp;&nbsp;&nbsp;putchar1
</UL>

<P><STRONG><a name="[63]"></a>USART_ClearFlag</STRONG> (Thumb, 6 bytes, Stack size 0 bytes, stm32f4xx_usart.o(.text))
<BR><BR>[Called By]<UL><LI><a href="#[94]">&gt;&gt;</a>&nbsp;&nbsp;&nbsp;config_uart1
<LI><a href="#[2f]">&gt;&gt;</a>&nbsp;&nbsp;&nbsp;USART1_IRQHandler
</UL>

<P><STRONG><a name="[62]"></a>USART_GetITStatus</STRONG> (Thumb, 62 bytes, Stack size 12 bytes, stm32f4xx_usart.o(.text))
<BR><BR>[Stack]<UL><LI>Max Depth = 12<LI>Call Chain = USART_GetITStatus
</UL>
<BR>[Called By]<UL><LI><a href="#[2f]">&gt;&gt;</a>&nbsp;&nbsp;&nbsp;USART1_IRQHandler
</UL>

<P><STRONG><a name="[1f3]"></a>USART_ClearITPendingBit</STRONG> (Thumb, 12 bytes, Stack size 0 bytes, stm32f4xx_usart.o(.text), UNUSED)

<P><STRONG><a name="[ad]"></a>__aeabi_fadd</STRONG> (Thumb, 164 bytes, Stack size 16 bytes, fadd.o(.text))
<BR><BR>[Stack]<UL><LI>Max Depth = 20<LI>Call Chain = __aeabi_fadd &rArr; _float_epilogue
</UL>
<BR>[Calls]<UL><LI><a href="#[127]">&gt;&gt;</a>&nbsp;&nbsp;&nbsp;_float_round
<LI><a href="#[126]">&gt;&gt;</a>&nbsp;&nbsp;&nbsp;_float_epilogue
</UL>
<BR>[Called By]<UL><LI><a href="#[ac]">&gt;&gt;</a>&nbsp;&nbsp;&nbsp;__aeabi_fsub
<LI><a href="#[b8]">&gt;&gt;</a>&nbsp;&nbsp;&nbsp;__aeabi_frsub
<LI><a href="#[d5]">&gt;&gt;</a>&nbsp;&nbsp;&nbsp;robotLineRun_clockwise111
<LI><a href="#[d1]">&gt;&gt;</a>&nbsp;&nbsp;&nbsp;robotLineRun
<LI><a href="#[c2]">&gt;&gt;</a>&nbsp;&nbsp;&nbsp;robotDirectionAnalytics
<LI><a href="#[b5]">&gt;&gt;</a>&nbsp;&nbsp;&nbsp;calculateMotor
<LI><a href="#[af]">&gt;&gt;</a>&nbsp;&nbsp;&nbsp;giaToc
<LI><a href="#[ab]">&gt;&gt;</a>&nbsp;&nbsp;&nbsp;roundF
<LI><a href="#[b6]">&gt;&gt;</a>&nbsp;&nbsp;&nbsp;sinf
<LI><a href="#[b7]">&gt;&gt;</a>&nbsp;&nbsp;&nbsp;cosf
<LI><a href="#[133]">&gt;&gt;</a>&nbsp;&nbsp;&nbsp;__mathlib_rredf2
</UL>

<P><STRONG><a name="[ac]"></a>__aeabi_fsub</STRONG> (Thumb, 6 bytes, Stack size 0 bytes, fadd.o(.text))
<BR><BR>[Stack]<UL><LI>Max Depth = 20<LI>Call Chain = __aeabi_fsub &rArr; __aeabi_fadd &rArr; _float_epilogue
</UL>
<BR>[Calls]<UL><LI><a href="#[ad]">&gt;&gt;</a>&nbsp;&nbsp;&nbsp;__aeabi_fadd
</UL>
<BR>[Called By]<UL><LI><a href="#[c2]">&gt;&gt;</a>&nbsp;&nbsp;&nbsp;robotDirectionAnalytics
<LI><a href="#[b5]">&gt;&gt;</a>&nbsp;&nbsp;&nbsp;calculateMotor
<LI><a href="#[ab]">&gt;&gt;</a>&nbsp;&nbsp;&nbsp;roundF
<LI><a href="#[b6]">&gt;&gt;</a>&nbsp;&nbsp;&nbsp;sinf
<LI><a href="#[b7]">&gt;&gt;</a>&nbsp;&nbsp;&nbsp;cosf
<LI><a href="#[133]">&gt;&gt;</a>&nbsp;&nbsp;&nbsp;__mathlib_rredf2
</UL>

<P><STRONG><a name="[b8]"></a>__aeabi_frsub</STRONG> (Thumb, 6 bytes, Stack size 0 bytes, fadd.o(.text))
<BR><BR>[Stack]<UL><LI>Max Depth = 20<LI>Call Chain = __aeabi_frsub &rArr; __aeabi_fadd &rArr; _float_epilogue
</UL>
<BR>[Calls]<UL><LI><a href="#[ad]">&gt;&gt;</a>&nbsp;&nbsp;&nbsp;__aeabi_fadd
</UL>
<BR>[Called By]<UL><LI><a href="#[b5]">&gt;&gt;</a>&nbsp;&nbsp;&nbsp;calculateMotor
<LI><a href="#[b6]">&gt;&gt;</a>&nbsp;&nbsp;&nbsp;sinf
<LI><a href="#[b7]">&gt;&gt;</a>&nbsp;&nbsp;&nbsp;cosf
<LI><a href="#[133]">&gt;&gt;</a>&nbsp;&nbsp;&nbsp;__mathlib_rredf2
</UL>

<P><STRONG><a name="[b2]"></a>__aeabi_fmul</STRONG> (Thumb, 108 bytes, Stack size 8 bytes, fmul.o(.text))
<BR><BR>[Stack]<UL><LI>Max Depth = 8<LI>Call Chain = __aeabi_fmul
</UL>
<BR>[Called By]<UL><LI><a href="#[d5]">&gt;&gt;</a>&nbsp;&nbsp;&nbsp;robotLineRun_clockwise111
<LI><a href="#[d1]">&gt;&gt;</a>&nbsp;&nbsp;&nbsp;robotLineRun
<LI><a href="#[c2]">&gt;&gt;</a>&nbsp;&nbsp;&nbsp;robotDirectionAnalytics
<LI><a href="#[b5]">&gt;&gt;</a>&nbsp;&nbsp;&nbsp;calculateMotor
<LI><a href="#[af]">&gt;&gt;</a>&nbsp;&nbsp;&nbsp;giaToc
<LI><a href="#[66]">&gt;&gt;</a>&nbsp;&nbsp;&nbsp;robotAnalytics
<LI><a href="#[b6]">&gt;&gt;</a>&nbsp;&nbsp;&nbsp;sinf
<LI><a href="#[b7]">&gt;&gt;</a>&nbsp;&nbsp;&nbsp;cosf
<LI><a href="#[133]">&gt;&gt;</a>&nbsp;&nbsp;&nbsp;__mathlib_rredf2
</UL>

<P><STRONG><a name="[b1]"></a>__aeabi_fdiv</STRONG> (Thumb, 128 bytes, Stack size 8 bytes, fdiv.o(.text))
<BR><BR>[Stack]<UL><LI>Max Depth = 8<LI>Call Chain = __aeabi_fdiv
</UL>
<BR>[Calls]<UL><LI><a href="#[127]">&gt;&gt;</a>&nbsp;&nbsp;&nbsp;_float_round
</UL>
<BR>[Called By]<UL><LI><a href="#[d5]">&gt;&gt;</a>&nbsp;&nbsp;&nbsp;robotLineRun_clockwise111
<LI><a href="#[d1]">&gt;&gt;</a>&nbsp;&nbsp;&nbsp;robotLineRun
<LI><a href="#[c2]">&gt;&gt;</a>&nbsp;&nbsp;&nbsp;robotDirectionAnalytics
<LI><a href="#[b5]">&gt;&gt;</a>&nbsp;&nbsp;&nbsp;calculateMotor
<LI><a href="#[af]">&gt;&gt;</a>&nbsp;&nbsp;&nbsp;giaToc
<LI><a href="#[b6]">&gt;&gt;</a>&nbsp;&nbsp;&nbsp;sinf
<LI><a href="#[b7]">&gt;&gt;</a>&nbsp;&nbsp;&nbsp;cosf
</UL>

<P><STRONG><a name="[d3]"></a>__aeabi_dmul</STRONG> (Thumb, 228 bytes, Stack size 48 bytes, dmul.o(.text))
<BR><BR>[Stack]<UL><LI>Max Depth = 88<LI>Call Chain = __aeabi_dmul &rArr; _double_epilogue &rArr; _double_round
</UL>
<BR>[Calls]<UL><LI><a href="#[128]">&gt;&gt;</a>&nbsp;&nbsp;&nbsp;_double_epilogue
</UL>
<BR>[Called By]<UL><LI><a href="#[d1]">&gt;&gt;</a>&nbsp;&nbsp;&nbsp;robotLineRun
</UL>

<P><STRONG><a name="[b0]"></a>__aeabi_i2f</STRONG> (Thumb, 18 bytes, Stack size 0 bytes, fflti.o(.text))
<BR><BR>[Stack]<UL><LI>Max Depth = 4<LI>Call Chain = __aeabi_i2f &rArr; _float_epilogue
</UL>
<BR>[Calls]<UL><LI><a href="#[126]">&gt;&gt;</a>&nbsp;&nbsp;&nbsp;_float_epilogue
</UL>
<BR>[Called By]<UL><LI><a href="#[d5]">&gt;&gt;</a>&nbsp;&nbsp;&nbsp;robotLineRun_clockwise111
<LI><a href="#[d1]">&gt;&gt;</a>&nbsp;&nbsp;&nbsp;robotLineRun
<LI><a href="#[c2]">&gt;&gt;</a>&nbsp;&nbsp;&nbsp;robotDirectionAnalytics
<LI><a href="#[b5]">&gt;&gt;</a>&nbsp;&nbsp;&nbsp;calculateMotor
<LI><a href="#[af]">&gt;&gt;</a>&nbsp;&nbsp;&nbsp;giaToc
<LI><a href="#[66]">&gt;&gt;</a>&nbsp;&nbsp;&nbsp;robotAnalytics
<LI><a href="#[133]">&gt;&gt;</a>&nbsp;&nbsp;&nbsp;__mathlib_rredf2
</UL>

<P><STRONG><a name="[d2]"></a>__aeabi_i2d</STRONG> (Thumb, 34 bytes, Stack size 16 bytes, dflti.o(.text))
<BR><BR>[Stack]<UL><LI>Max Depth = 56<LI>Call Chain = __aeabi_i2d &rArr; _double_epilogue &rArr; _double_round
</UL>
<BR>[Calls]<UL><LI><a href="#[128]">&gt;&gt;</a>&nbsp;&nbsp;&nbsp;_double_epilogue
</UL>
<BR>[Called By]<UL><LI><a href="#[d1]">&gt;&gt;</a>&nbsp;&nbsp;&nbsp;robotLineRun
</UL>

<P><STRONG><a name="[ae]"></a>__aeabi_f2iz</STRONG> (Thumb, 50 bytes, Stack size 0 bytes, ffixi.o(.text))
<BR><BR>[Called By]<UL><LI><a href="#[c2]">&gt;&gt;</a>&nbsp;&nbsp;&nbsp;robotDirectionAnalytics
<LI><a href="#[b5]">&gt;&gt;</a>&nbsp;&nbsp;&nbsp;calculateMotor
<LI><a href="#[af]">&gt;&gt;</a>&nbsp;&nbsp;&nbsp;giaToc
<LI><a href="#[ab]">&gt;&gt;</a>&nbsp;&nbsp;&nbsp;roundF
<LI><a href="#[b6]">&gt;&gt;</a>&nbsp;&nbsp;&nbsp;sinf
<LI><a href="#[b7]">&gt;&gt;</a>&nbsp;&nbsp;&nbsp;cosf
</UL>

<P><STRONG><a name="[d4]"></a>__aeabi_d2f</STRONG> (Thumb, 56 bytes, Stack size 8 bytes, d2f.o(.text))
<BR><BR>[Stack]<UL><LI>Max Depth = 8<LI>Call Chain = __aeabi_d2f
</UL>
<BR>[Calls]<UL><LI><a href="#[127]">&gt;&gt;</a>&nbsp;&nbsp;&nbsp;_float_round
</UL>
<BR>[Called By]<UL><LI><a href="#[d1]">&gt;&gt;</a>&nbsp;&nbsp;&nbsp;robotLineRun
</UL>

<P><STRONG><a name="[bc]"></a>__aeabi_cfcmpeq</STRONG> (Thumb, 0 bytes, Stack size 0 bytes, cfcmple.o(.text))
<BR><BR>[Called By]<UL><LI><a href="#[be]">&gt;&gt;</a>&nbsp;&nbsp;&nbsp;robotRotate
<LI><a href="#[bb]">&gt;&gt;</a>&nbsp;&nbsp;&nbsp;robotCurve
</UL>

<P><STRONG><a name="[c3]"></a>__aeabi_cfcmple</STRONG> (Thumb, 20 bytes, Stack size 0 bytes, cfcmple.o(.text))
<BR><BR>[Called By]<UL><LI><a href="#[c2]">&gt;&gt;</a>&nbsp;&nbsp;&nbsp;robotDirectionAnalytics
</UL>

<P><STRONG><a name="[b4]"></a>__aeabi_cfrcmple</STRONG> (Thumb, 20 bytes, Stack size 0 bytes, cfrcmple.o(.text))
<BR><BR>[Called By]<UL><LI><a href="#[c2]">&gt;&gt;</a>&nbsp;&nbsp;&nbsp;robotDirectionAnalytics
<LI><a href="#[b3]">&gt;&gt;</a>&nbsp;&nbsp;&nbsp;maxF4
</UL>

<P><STRONG><a name="[1f4]"></a>__aeabi_uidiv</STRONG> (Thumb, 0 bytes, Stack size 12 bytes, uidiv.o(.text), UNUSED)

<P><STRONG><a name="[134]"></a>__aeabi_uidivmod</STRONG> (Thumb, 44 bytes, Stack size 12 bytes, uidiv.o(.text), UNUSED)
<BR><BR>[Called By]<UL><LI><a href="#[130]">&gt;&gt;</a>&nbsp;&nbsp;&nbsp;_printf_core
</UL>

<P><STRONG><a name="[1f5]"></a>__I$use$fp</STRONG> (Thumb, 0 bytes, Stack size 0 bytes, iusefp.o(.text), UNUSED)

<P><STRONG><a name="[127]"></a>_float_round</STRONG> (Thumb, 18 bytes, Stack size 0 bytes, fepilogue.o(.text))
<BR><BR>[Called By]<UL><LI><a href="#[b1]">&gt;&gt;</a>&nbsp;&nbsp;&nbsp;__aeabi_fdiv
<LI><a href="#[ad]">&gt;&gt;</a>&nbsp;&nbsp;&nbsp;__aeabi_fadd
<LI><a href="#[d4]">&gt;&gt;</a>&nbsp;&nbsp;&nbsp;__aeabi_d2f
<LI><a href="#[129]">&gt;&gt;</a>&nbsp;&nbsp;&nbsp;_frnd
</UL>

<P><STRONG><a name="[126]"></a>_float_epilogue</STRONG> (Thumb, 90 bytes, Stack size 4 bytes, fepilogue.o(.text))
<BR><BR>[Stack]<UL><LI>Max Depth = 4<LI>Call Chain = _float_epilogue
</UL>
<BR>[Called By]<UL><LI><a href="#[b0]">&gt;&gt;</a>&nbsp;&nbsp;&nbsp;__aeabi_i2f
<LI><a href="#[ad]">&gt;&gt;</a>&nbsp;&nbsp;&nbsp;__aeabi_fadd
<LI><a href="#[12e]">&gt;&gt;</a>&nbsp;&nbsp;&nbsp;__aeabi_ui2f
</UL>

<P><STRONG><a name="[132]"></a>__ARM_scalbnf</STRONG> (Thumb, 24 bytes, Stack size 0 bytes, fscalb.o(.text))
<BR><BR>[Called By]<UL><LI><a href="#[b6]">&gt;&gt;</a>&nbsp;&nbsp;&nbsp;sinf
<LI><a href="#[b7]">&gt;&gt;</a>&nbsp;&nbsp;&nbsp;cosf
<LI><a href="#[133]">&gt;&gt;</a>&nbsp;&nbsp;&nbsp;__mathlib_rredf2
<LI><a href="#[131]">&gt;&gt;</a>&nbsp;&nbsp;&nbsp;__mathlib_flt_underflow
</UL>

<P><STRONG><a name="[1f6]"></a>scalbnf</STRONG> (Thumb, 0 bytes, Stack size 0 bytes, fscalb.o(.text), UNUSED)

<P><STRONG><a name="[129]"></a>_frnd</STRONG> (Thumb, 60 bytes, Stack size 8 bytes, frnd.o(.text))
<BR><BR>[Stack]<UL><LI>Max Depth = 8<LI>Call Chain = _frnd
</UL>
<BR>[Calls]<UL><LI><a href="#[127]">&gt;&gt;</a>&nbsp;&nbsp;&nbsp;_float_round
</UL>
<BR>[Called By]<UL><LI><a href="#[b6]">&gt;&gt;</a>&nbsp;&nbsp;&nbsp;sinf
<LI><a href="#[b7]">&gt;&gt;</a>&nbsp;&nbsp;&nbsp;cosf
</UL>

<P><STRONG><a name="[12c]"></a>_double_round</STRONG> (Thumb, 26 bytes, Stack size 8 bytes, depilogue.o(.text))
<BR><BR>[Stack]<UL><LI>Max Depth = 8<LI>Call Chain = _double_round
</UL>
<BR>[Called By]<UL><LI><a href="#[128]">&gt;&gt;</a>&nbsp;&nbsp;&nbsp;_double_epilogue
</UL>

<P><STRONG><a name="[128]"></a>_double_epilogue</STRONG> (Thumb, 164 bytes, Stack size 32 bytes, depilogue.o(.text))
<BR><BR>[Stack]<UL><LI>Max Depth = 40<LI>Call Chain = _double_epilogue &rArr; _double_round
</UL>
<BR>[Calls]<UL><LI><a href="#[12b]">&gt;&gt;</a>&nbsp;&nbsp;&nbsp;__aeabi_llsr
<LI><a href="#[12a]">&gt;&gt;</a>&nbsp;&nbsp;&nbsp;__aeabi_llsl
<LI><a href="#[12c]">&gt;&gt;</a>&nbsp;&nbsp;&nbsp;_double_round
</UL>
<BR>[Called By]<UL><LI><a href="#[d2]">&gt;&gt;</a>&nbsp;&nbsp;&nbsp;__aeabi_i2d
<LI><a href="#[d3]">&gt;&gt;</a>&nbsp;&nbsp;&nbsp;__aeabi_dmul
</UL>

<P><STRONG><a name="[61]"></a>__scatterload</STRONG> (Thumb, 28 bytes, Stack size 0 bytes, init.o(.text))
<BR><BR>[Calls]<UL><LI><a href="#[12d]">&gt;&gt;</a>&nbsp;&nbsp;&nbsp;__main_after_scatterload
</UL>
<BR>[Called By]<UL><LI><a href="#[60]">&gt;&gt;</a>&nbsp;&nbsp;&nbsp;_main_scatterload
</UL>

<P><STRONG><a name="[1f7]"></a>__scatterload_rt2</STRONG> (Thumb, 0 bytes, Stack size 0 bytes, init.o(.text), UNUSED)

<P><STRONG><a name="[12a]"></a>__aeabi_llsl</STRONG> (Thumb, 30 bytes, Stack size 0 bytes, llshl.o(.text))
<BR><BR>[Called By]<UL><LI><a href="#[128]">&gt;&gt;</a>&nbsp;&nbsp;&nbsp;_double_epilogue
</UL>

<P><STRONG><a name="[1f8]"></a>_ll_shift_l</STRONG> (Thumb, 0 bytes, Stack size 0 bytes, llshl.o(.text), UNUSED)

<P><STRONG><a name="[12b]"></a>__aeabi_llsr</STRONG> (Thumb, 32 bytes, Stack size 0 bytes, llushr.o(.text))
<BR><BR>[Called By]<UL><LI><a href="#[128]">&gt;&gt;</a>&nbsp;&nbsp;&nbsp;_double_epilogue
</UL>

<P><STRONG><a name="[1f9]"></a>_ll_ushift_r</STRONG> (Thumb, 0 bytes, Stack size 0 bytes, llushr.o(.text), UNUSED)

<P><STRONG><a name="[12e]"></a>__aeabi_ui2f</STRONG> (Thumb, 10 bytes, Stack size 0 bytes, ffltui.o(.text))
<BR><BR>[Stack]<UL><LI>Max Depth = 4<LI>Call Chain = __aeabi_ui2f &rArr; _float_epilogue
</UL>
<BR>[Calls]<UL><LI><a href="#[126]">&gt;&gt;</a>&nbsp;&nbsp;&nbsp;_float_epilogue
</UL>
<BR>[Called By]<UL><LI><a href="#[133]">&gt;&gt;</a>&nbsp;&nbsp;&nbsp;__mathlib_rredf2
</UL>

<P><STRONG><a name="[12f]"></a>__0sprintf$1</STRONG> (Thumb, 34 bytes, Stack size 24 bytes, printf1.o(i.__0sprintf$1), UNUSED)
<BR><BR>[Calls]<UL><LI><a href="#[5f]">&gt;&gt;</a>&nbsp;&nbsp;&nbsp;_sputc
<LI><a href="#[130]">&gt;&gt;</a>&nbsp;&nbsp;&nbsp;_printf_core
</UL>

<P><STRONG><a name="[1fa]"></a>__1sprintf$1</STRONG> (Thumb, 0 bytes, Stack size 24 bytes, printf1.o(i.__0sprintf$1), UNUSED)

<P><STRONG><a name="[6c]"></a>__2sprintf</STRONG> (Thumb, 0 bytes, Stack size 24 bytes, printf1.o(i.__0sprintf$1))
<BR><BR>[Stack]<UL><LI>Max Depth = 24<LI>Call Chain = __2sprintf
</UL>
<BR>[Called By]<UL><LI><a href="#[6d]">&gt;&gt;</a>&nbsp;&nbsp;&nbsp;lcd_printInt_32
<LI><a href="#[6b]">&gt;&gt;</a>&nbsp;&nbsp;&nbsp;lcd_printInt
</UL>

<P><STRONG><a name="[136]"></a>__ARM_fpclassifyf</STRONG> (Thumb, 38 bytes, Stack size 0 bytes, fpclassifyf.o(i.__ARM_fpclassifyf))
<BR><BR>[Called By]<UL><LI><a href="#[b6]">&gt;&gt;</a>&nbsp;&nbsp;&nbsp;sinf
</UL>

<P><STRONG><a name="[131]"></a>__mathlib_flt_underflow</STRONG> (Thumb, 10 bytes, Stack size 0 bytes, funder.o(i.__mathlib_flt_underflow))
<BR><BR>[Calls]<UL><LI><a href="#[132]">&gt;&gt;</a>&nbsp;&nbsp;&nbsp;__ARM_scalbnf
</UL>
<BR>[Called By]<UL><LI><a href="#[b6]">&gt;&gt;</a>&nbsp;&nbsp;&nbsp;sinf
</UL>

<P><STRONG><a name="[133]"></a>__mathlib_rredf2</STRONG> (Thumb, 326 bytes, Stack size 32 bytes, rredf.o(i.__mathlib_rredf2))
<BR><BR>[Stack]<UL><LI>Max Depth = 52<LI>Call Chain = __mathlib_rredf2 &rArr; __aeabi_fsub &rArr; __aeabi_fadd &rArr; _float_epilogue
</UL>
<BR>[Calls]<UL><LI><a href="#[b0]">&gt;&gt;</a>&nbsp;&nbsp;&nbsp;__aeabi_i2f
<LI><a href="#[ac]">&gt;&gt;</a>&nbsp;&nbsp;&nbsp;__aeabi_fsub
<LI><a href="#[b8]">&gt;&gt;</a>&nbsp;&nbsp;&nbsp;__aeabi_frsub
<LI><a href="#[b2]">&gt;&gt;</a>&nbsp;&nbsp;&nbsp;__aeabi_fmul
<LI><a href="#[ad]">&gt;&gt;</a>&nbsp;&nbsp;&nbsp;__aeabi_fadd
<LI><a href="#[132]">&gt;&gt;</a>&nbsp;&nbsp;&nbsp;__ARM_scalbnf
<LI><a href="#[12e]">&gt;&gt;</a>&nbsp;&nbsp;&nbsp;__aeabi_ui2f
</UL>
<BR>[Called By]<UL><LI><a href="#[b6]">&gt;&gt;</a>&nbsp;&nbsp;&nbsp;sinf
<LI><a href="#[b7]">&gt;&gt;</a>&nbsp;&nbsp;&nbsp;cosf
</UL>

<P><STRONG><a name="[1fb]"></a>__scatterload_copy</STRONG> (Thumb, 14 bytes, Stack size unknown bytes, handlers.o(i.__scatterload_copy), UNUSED)

<P><STRONG><a name="[1fc]"></a>__scatterload_null</STRONG> (Thumb, 2 bytes, Stack size unknown bytes, handlers.o(i.__scatterload_null), UNUSED)

<P><STRONG><a name="[1fd]"></a>__scatterload_zeroinit</STRONG> (Thumb, 14 bytes, Stack size unknown bytes, handlers.o(i.__scatterload_zeroinit), UNUSED)

<P><STRONG><a name="[135]"></a>__set_errno</STRONG> (Thumb, 6 bytes, Stack size 0 bytes, errno.o(i.__set_errno))
<BR><BR>[Called By]<UL><LI><a href="#[b6]">&gt;&gt;</a>&nbsp;&nbsp;&nbsp;sinf
<LI><a href="#[b7]">&gt;&gt;</a>&nbsp;&nbsp;&nbsp;cosf
</UL>

<P><STRONG><a name="[b7]"></a>cosf</STRONG> (Thumb, 332 bytes, Stack size 32 bytes, cosf.o(i.cosf))
<BR><BR>[Stack]<UL><LI>Max Depth = 84<LI>Call Chain = cosf &rArr; __mathlib_rredf2 &rArr; __aeabi_fsub &rArr; __aeabi_fadd &rArr; _float_epilogue
</UL>
<BR>[Calls]<UL><LI><a href="#[ac]">&gt;&gt;</a>&nbsp;&nbsp;&nbsp;__aeabi_fsub
<LI><a href="#[b8]">&gt;&gt;</a>&nbsp;&nbsp;&nbsp;__aeabi_frsub
<LI><a href="#[b2]">&gt;&gt;</a>&nbsp;&nbsp;&nbsp;__aeabi_fmul
<LI><a href="#[b1]">&gt;&gt;</a>&nbsp;&nbsp;&nbsp;__aeabi_fdiv
<LI><a href="#[ad]">&gt;&gt;</a>&nbsp;&nbsp;&nbsp;__aeabi_fadd
<LI><a href="#[ae]">&gt;&gt;</a>&nbsp;&nbsp;&nbsp;__aeabi_f2iz
<LI><a href="#[129]">&gt;&gt;</a>&nbsp;&nbsp;&nbsp;_frnd
<LI><a href="#[132]">&gt;&gt;</a>&nbsp;&nbsp;&nbsp;__ARM_scalbnf
<LI><a href="#[135]">&gt;&gt;</a>&nbsp;&nbsp;&nbsp;__set_errno
<LI><a href="#[133]">&gt;&gt;</a>&nbsp;&nbsp;&nbsp;__mathlib_rredf2
</UL>
<BR>[Called By]<UL><LI><a href="#[b5]">&gt;&gt;</a>&nbsp;&nbsp;&nbsp;calculateMotor
</UL>

<P><STRONG><a name="[b6]"></a>sinf</STRONG> (Thumb, 342 bytes, Stack size 32 bytes, sinf.o(i.sinf))
<BR><BR>[Stack]<UL><LI>Max Depth = 84<LI>Call Chain = sinf &rArr; __mathlib_rredf2 &rArr; __aeabi_fsub &rArr; __aeabi_fadd &rArr; _float_epilogue
</UL>
<BR>[Calls]<UL><LI><a href="#[ac]">&gt;&gt;</a>&nbsp;&nbsp;&nbsp;__aeabi_fsub
<LI><a href="#[b8]">&gt;&gt;</a>&nbsp;&nbsp;&nbsp;__aeabi_frsub
<LI><a href="#[b2]">&gt;&gt;</a>&nbsp;&nbsp;&nbsp;__aeabi_fmul
<LI><a href="#[b1]">&gt;&gt;</a>&nbsp;&nbsp;&nbsp;__aeabi_fdiv
<LI><a href="#[ad]">&gt;&gt;</a>&nbsp;&nbsp;&nbsp;__aeabi_fadd
<LI><a href="#[ae]">&gt;&gt;</a>&nbsp;&nbsp;&nbsp;__aeabi_f2iz
<LI><a href="#[129]">&gt;&gt;</a>&nbsp;&nbsp;&nbsp;_frnd
<LI><a href="#[132]">&gt;&gt;</a>&nbsp;&nbsp;&nbsp;__ARM_scalbnf
<LI><a href="#[135]">&gt;&gt;</a>&nbsp;&nbsp;&nbsp;__set_errno
<LI><a href="#[133]">&gt;&gt;</a>&nbsp;&nbsp;&nbsp;__mathlib_rredf2
<LI><a href="#[131]">&gt;&gt;</a>&nbsp;&nbsp;&nbsp;__mathlib_flt_underflow
<LI><a href="#[136]">&gt;&gt;</a>&nbsp;&nbsp;&nbsp;__ARM_fpclassifyf
</UL>
<BR>[Called By]<UL><LI><a href="#[b5]">&gt;&gt;</a>&nbsp;&nbsp;&nbsp;calculateMotor
</UL>
<P>
<H3>
Local Symbols
</H3>
<P><STRONG><a name="[109]"></a>delay</STRONG> (Thumb, 14 bytes, Stack size 0 bytes, lcd.o(.text))
<BR><BR>[Called By]<UL><LI><a href="#[10d]">&gt;&gt;</a>&nbsp;&nbsp;&nbsp;lcd_Home
<LI><a href="#[10c]">&gt;&gt;</a>&nbsp;&nbsp;&nbsp;lcd_Data_Write
<LI><a href="#[108]">&gt;&gt;</a>&nbsp;&nbsp;&nbsp;lcd_data_line_write
<LI><a href="#[69]">&gt;&gt;</a>&nbsp;&nbsp;&nbsp;lcd_gotoxy
<LI><a href="#[106]">&gt;&gt;</a>&nbsp;&nbsp;&nbsp;lcd_Init
<LI><a href="#[107]">&gt;&gt;</a>&nbsp;&nbsp;&nbsp;lcd_Clear
</UL>

<P><STRONG><a name="[10e]"></a>SetSysClock</STRONG> (Thumb, 162 bytes, Stack size 12 bytes, system_stm32f4xx.o(.text))
<BR><BR>[Stack]<UL><LI>Max Depth = 12<LI>Call Chain = SetSysClock
</UL>
<BR>[Called By]<UL><LI><a href="#[5d]">&gt;&gt;</a>&nbsp;&nbsp;&nbsp;SystemInit
</UL>

<P><STRONG><a name="[11a]"></a>TI2_Config</STRONG> (Thumb, 54 bytes, Stack size 20 bytes, stm32f4xx_tim.o(.text))
<BR><BR>[Stack]<UL><LI>Max Depth = 20<LI>Call Chain = TI2_Config
</UL>
<BR>[Called By]<UL><LI><a href="#[86]">&gt;&gt;</a>&nbsp;&nbsp;&nbsp;TIM_ICInit
<LI><a href="#[120]">&gt;&gt;</a>&nbsp;&nbsp;&nbsp;TIM_TIxExternalClockConfig
<LI><a href="#[11d]">&gt;&gt;</a>&nbsp;&nbsp;&nbsp;TIM_PWMIConfig
</UL>

<P><STRONG><a name="[118]"></a>TI1_Config</STRONG> (Thumb, 46 bytes, Stack size 16 bytes, stm32f4xx_tim.o(.text))
<BR><BR>[Stack]<UL><LI>Max Depth = 16<LI>Call Chain = TI1_Config
</UL>
<BR>[Called By]<UL><LI><a href="#[86]">&gt;&gt;</a>&nbsp;&nbsp;&nbsp;TIM_ICInit
<LI><a href="#[120]">&gt;&gt;</a>&nbsp;&nbsp;&nbsp;TIM_TIxExternalClockConfig
<LI><a href="#[11d]">&gt;&gt;</a>&nbsp;&nbsp;&nbsp;TIM_PWMIConfig
</UL>

<P><STRONG><a name="[130]"></a>_printf_core</STRONG> (Thumb, 334 bytes, Stack size 88 bytes, printf1.o(i._printf_core), UNUSED)
<BR><BR>[Calls]<UL><LI><a href="#[134]">&gt;&gt;</a>&nbsp;&nbsp;&nbsp;__aeabi_uidivmod
</UL>
<BR>[Called By]<UL><LI><a href="#[12f]">&gt;&gt;</a>&nbsp;&nbsp;&nbsp;__0sprintf$1
</UL>

<P><STRONG><a name="[5f]"></a>_sputc</STRONG> (Thumb, 10 bytes, Stack size 0 bytes, printf1.o(i._sputc))
<BR><BR>[Called By]<UL><LI><a href="#[12f]">&gt;&gt;</a>&nbsp;&nbsp;&nbsp;__0sprintf$1
</UL>
<BR>[Address Reference Count : 1]<UL><LI> printf1.o(i.__0sprintf$1)
</UL><P>
<H3>
Undefined Global Symbols
</H3><HR></body></html>
