<html>
<body>
<pre>
<h1>µVision Build Log</h1>
<h2>Project:</h2>
E:\Code\Manual ABU 2014\GPIO\MDK-ARM\Project.uvproj
Project File Date:  04/27/2015

<h2>Output:</h2>
Build target 'Project'
linking...
Program Size: Code=39640 RO-data=456 RW-data=268 ZI-data=1028  
".\Project\Project.axf" - 0 Error(s), 0 Warning(s).
Load "E:\\Code\\Manual ABU 2014\\GPIO\\MDK-ARM\\Project\\Project.axf" 
Set JLink Project File to "E:\Code\Manual ABU 2014\GPIO\MDK-ARM\JLinkSettings.ini"
* JLink Info: Device "STM32F427ZG" selected (1024 KB flash, 192 KB RAM).
 
JLink info:
------------
DLL: V4.80g, compiled Feb 13 2014 20:50:02
Firmware: J-Link ARM-OB STM32 compiled Aug 22 2012 19:52:04
Hardware: V7.00
S/N : 20090928 
Feature(s) : RDI,FlashDL,FlashBP,JFlash,GDBFull 
 
* JLink Info: Found SWD-DP with ID 0x2BA01477
* JLink Info: Found SWD-DP with ID 0x2BA01477
* JLink Info: Found Cortex-M4 r0p1, Little endian.
* JLink Info: FPUnit: 6 code (BP) slots and 2 literal slots
* JLink Info: TPIU fitted.
* JLink Info: ETM fitted.
ROMTableAddr = 0xE00FF003
 
Target info:
------------
Device: STM32F427ZG
VTarget = 3.300V
State of Pins: 
TCK: 0, TDI: 0, TDO: 1, TMS: 0, TRES: 1, TRST: 1
Hardware-Breakpoints: 6
Software-Breakpoints: 8192
Watchpoints:          4
JTAG speed: 2000 kHz
 
Erase Failed!
Error: Flash Download failed  -  "Cortex-M4"
</pre>
</body>
</html>
